******************************************************************************
             TMS320C2000 Linker PC v6.2.7                      
******************************************************************************
>> Linked Wed Aug 03 09:14:50 2016

OUTPUT FILE NAME:   <proj_lab09a.out>
ENTRY POINT SYMBOL: "_c_int00"  address: 0000b109


MEMORY CONFIGURATION

         name            origin    length      used     unused   attr    fill
----------------------  --------  ---------  --------  --------  ----  --------
PAGE 0:
  BEGIN                 00000000   00000002  00000002  00000000  RWIX
  RAMM0                 00000050   000003b0  000000f3  000002bd  RWIX
  RAML0_L8              00008000   0000b800  00003745  000080bb  RWIX
  FPUTABLES             003fd590   000006a0  00000000  000006a0  RWIX
  IQTABLES              003fdc30   00000b50  00000b50  00000000  RWIX
  IQTABLES2             003fe780   0000008c  00000000  0000008c  RWIX
  IQTABLES3             003fe80c   000000aa  00000000  000000aa  RWIX
  BOOTROM               003ff3b0   00000c10  00000000  00000c10  RWIX
  RESET                 003fffc0   00000002  00000000  00000002  RWIX

PAGE 1:
  BOOT_RSVD             00000002   0000004e  00000000  0000004e  RWIX
  RAMM1                 00000400   00000400  000003b0  00000050  RWIX
  USB_RAM               00040000   00000800  00000000  00000800  RWIX


SECTION ALLOCATION MAP

 output                                  attributes/
section   page    origin      length       input sections
--------  ----  ----------  ----------   ----------------
codestart 
*          0    00000000    00000002     
                  00000000    00000002     CodeStartBranch.obj (codestart)

.pinit     0    00000050    00000000     UNINITIALIZED

.cinit     0    00000050    000000bd     
                  00000050    0000009f     proj_lab09a.obj (.cinit)
                  000000ef    0000000a     rts2800_fpu32.lib : _lock.obj (.cinit)
                  000000f9    0000000a                       : exit.obj (.cinit)
                  00000103    00000004     drv8301.obj (.cinit)
                  00000107    00000004     rts2800_fpu32.lib : errno.obj (.cinit)
                  0000010b    00000002     --HOLE-- [fill = 0]

ramfuncs   0    0000010d    00000036     
                  0000010d    00000032     flash.obj (ramfuncs)
                  0000013f    00000004     usDelay.obj (ramfuncs)

.text      0    00008000    000033d7     
                  00008000    00000b1a     hal.obj (.text)
                  00008b1a    00000a00     ctrl.obj (.text)
                  0000951a    0000055e     user.obj (.text)
                  00009a78    00000370     proj_lab09a.obj (.text)
                  00009de8    000002f0     pwm.obj (.text)
                  0000a0d8    000002bd     drv8301.obj (.text)
                  0000a395    00000001     --HOLE-- [fill = 0]
                  0000a396    00000282     proj_lab09a.obj (.text:retain)
                  0000a618    00000200     adc.obj (.text)
                  0000a818    00000194     gpio.obj (.text)
                  0000a9ac    0000018a     clk.obj (.text)
                  0000ab36    0000010a     pie.obj (.text)
                  0000ac40    00000100     sci.obj (.text)
                  0000ad40    000000a9     spi.obj (.text)
                  0000ade9    00000088     rts2800_fpu32.lib : fs_div.obj (.text)
                  0000ae71    00000083                       : fd_mpy.obj (.text)
                  0000aef4    00000068                       : exp.obj (.text)
                  0000af5c    00000061                       : log.obj (.text)
                  0000afbd    0000005b     pll.obj (.text)
                  0000b018    0000005a     rts2800_fpu32.lib : pow.obj (.text)
                  0000b072    00000050                       : _log.obj (.text)
                  0000b0c2    00000047     pwr.obj (.text)
                  0000b109    00000046     rts2800_fpu32.lib : boot.obj (.text)
                  0000b14f    00000046     wdog.obj (.text)
                  0000b195    00000045     offset.obj (.text)
                  0000b1da    00000032     timer.obj (.text)
                  0000b20c    00000031     rts2800_fpu32.lib : ldexp.obj (.text)
                  0000b23d    0000002d     osc.obj (.text)
                  0000b26a    00000027     cpu.obj (.text)
                  0000b291    00000023     filter_fo.obj (.text)
                  0000b2b4    00000023     rts2800_fpu32.lib : sqrt.obj (.text)
                  0000b2d7    00000022                       : i_div.obj (.text)
                  0000b2f9    00000020     flash.obj (.text)
                  0000b319    0000001f     rts2800_fpu32.lib : fd_tol.obj (.text)
                  0000b338    0000001c                       : fs_tofd.obj (.text)
                  0000b354    0000001a                       : modf.obj (.text)
                  0000b36e    00000019                       : args_main.obj (.text)
                  0000b387    00000019                       : exit.obj (.text)
                  0000b3a0    00000016                       : frexp.obj (.text)
                  0000b3b6    0000000a     pie.obj (.text:retain)
                  0000b3c0    00000009     rts2800_fpu32.lib : _lock.obj (.text)
                  0000b3c9    00000008     CodeStartBranch.obj (.text)
                  0000b3d1    00000006     fw.obj (.text)

.ebss      0    0000b3d8    00000292     UNINITIALIZED
                  0000b3d8    00000004     rts2800_fpu32.lib : _lock.obj (.ebss)
                  0000b3dc    00000004                       : exit.obj (.ebss)
                  0000b3e0    00000002     drv8301.obj (.ebss)
                  0000b3e2    00000001     cpu.obj (.ebss)
                  0000b3e3    00000001     rts2800_fpu32.lib : errno.obj (.ebss)
                  0000b3e4    0000001c     --HOLE--
                  0000b400    000001ac     proj_lab09a.obj (.ebss)
                  0000b5ac    00000014     --HOLE--
                  0000b5c0    000000aa     hal.obj (.ebss)

IQmath     0    0000b66a    000000a8     
                  0000b66a    00000042     IQmath_fpu32.lib : IQ24sqrt.obj (IQmath)
                  0000b6ac    00000029                      : IQ24sinPU.obj (IQmath)
                  0000b6d5    00000027                      : IQ24cosPU.obj (IQmath)
                  0000b6fc    00000016                      : IQ30toF.obj (IQmath)

.econst    0    0000b712    00000034     
                  0000b712    0000001c     ctrl.obj (.econst)
                  0000b72e    00000008     proj_lab09a.obj (.econst:.string)
                  0000b736    00000008     user.obj (.econst)
                  0000b73e    00000004     hal.obj (.econst)
                  0000b742    00000004     proj_lab09a.obj (.econst)

IQmathTables 
*          0    003fdc30    00000b50     NOLOAD SECTION
                  003fdc30    00000b50     IQmath_fpu32.lib : IQmathTables.obj (IQmathTables)

.reset     0    003fffc0    00000002     DSECT
                  003fffc0    00000002     rts2800_fpu32.lib : boot.obj (.reset)

.stack     1    00000400    000003b0     UNINITIALIZED
                  00000400    000003b0     --HOLE--


GLOBAL DATA SYMBOLS: SORTED BY DATA PAGE

address     data page           name
--------    ----------------    ----
00000400      10 (00000400)     __stack

0000b3d8     2cf (0000b3c0)     __unlock
0000b3da     2cf (0000b3c0)     __lock
0000b3dc     2cf (0000b3c0)     ___TI_cleanup_ptr
0000b3de     2cf (0000b3c0)     ___TI_dtors_ptr
0000b3e2     2cf (0000b3c0)     _cpu
0000b3e3     2cf (0000b3c0)     _errno

0000b400     2d0 (0000b400)     _gLEDcnt
0000b401     2d0 (0000b400)     _Flag_Latch_softwareUpdate
0000b402     2d0 (0000b400)     _gBuzzcnt
0000b403     2d0 (0000b400)     _n
0000b404     2d0 (0000b400)     _i
0000b405     2d0 (0000b400)     _Wrten
0000b406     2d0 (0000b400)     _gCounter_updateGlobals
0000b408     2d0 (0000b400)     _halHandle
0000b40a     2d0 (0000b400)     _gMaxCurrentSlope
0000b40c     2d0 (0000b400)     _ctrlHandle
0000b40e     2d0 (0000b400)     _Iq_Max_pu
0000b410     2d0 (0000b400)     _fwHandle
0000b412     2d0 (0000b400)     _gFlux_pu_to_Wb_sf
0000b414     2d0 (0000b400)     _gTorque_Ls_Id_Iq_pu_to_Nm_sf
0000b416     2d0 (0000b400)     _gFlux_pu_to_VpHz_sf
0000b418     2d0 (0000b400)     _gTorque_Flux_Iq_pu_to_Nm_sf
0000b41a     2d0 (0000b400)     _controller_obj
0000b41c     2d0 (0000b400)     _STA
0000b41e     2d0 (0000b400)     _STO
0000b420     2d0 (0000b400)     _m
0000b422     2d0 (0000b400)     _data
0000b426     2d0 (0000b400)     _gPwmData
0000b42c     2d0 (0000b400)     _gAdcData

0000b440     2d1 (0000b440)     _fw
0000b454     2d1 (0000b440)     _gDrvSpi8301Vars

0000b480     2d2 (0000b480)     _gMotorVars

0000b500     2d4 (0000b500)     _gUserParams

0000b5c0     2d7 (0000b5c0)     _hal

003fdc30    ff70 (003fdc00)     _IQsinTable

003fdd30    ff74 (003fdd00)     _IQcosTable

003fe030    ff80 (003fe000)     _IQsinTableEnd

003fe132    ff84 (003fe100)     _IQcosTableEnd
003fe132    ff84 (003fe100)     _IQdivRoundSatTable

003fe140    ff85 (003fe140)     _IQdivTable

003fe342    ff8d (003fe340)     _IQdivTableEnd
003fe342    ff8d (003fe340)     _IQisqrtRoundSatTable
003fe342    ff8d (003fe340)     _IQsqrtRoundSatTable
003fe352    ff8d (003fe340)     _IQisqrtTable
003fe352    ff8d (003fe340)     _IQsqrtTable

003fe454    ff91 (003fe440)     _IQatan2HalfPITable
003fe454    ff91 (003fe440)     _IQisqrtTableEnd
003fe454    ff91 (003fe440)     _IQsqrtTableEnd

003fe492    ff92 (003fe480)     _IQatan2Table

003fe618    ff98 (003fe600)     _IQ30mpyRndSatTable
003fe618    ff98 (003fe600)     _IQatan2TableEnd
003fe618    ff98 (003fe600)     _IQmpyRndSatTable
003fe624    ff98 (003fe600)     _IQ29mpyRndSatTable
003fe630    ff98 (003fe600)     _IQ28mpyRndSatTable
003fe63c    ff98 (003fe600)     _IQ27mpyRndSatTable

003fe648    ff99 (003fe640)     _IQ26mpyRndSatTable
003fe654    ff99 (003fe640)     _IQ25mpyRndSatTable
003fe660    ff99 (003fe640)     _IQ24mpyRndSatTable
003fe66c    ff99 (003fe640)     _IQ23mpyRndSatTable
003fe678    ff99 (003fe640)     _IQ22mpyRndSatTable

003fe684    ff9a (003fe680)     _IQ21mpyRndSatTable
003fe690    ff9a (003fe680)     _IQ20mpyRndSatTable
003fe69c    ff9a (003fe680)     _IQ19mpyRndSatTable
003fe6a8    ff9a (003fe680)     _IQ18mpyRndSatTable
003fe6b4    ff9a (003fe680)     _IQ17mpyRndSatTable

003fe6c0    ff9b (003fe6c0)     _IQ16mpyRndSatTable
003fe6cc    ff9b (003fe6c0)     _IQ15mpyRndSatTable
003fe6d8    ff9b (003fe6c0)     _IQ14mpyRndSatTable
003fe6e4    ff9b (003fe6c0)     _IQ13mpyRndSatTable
003fe6f0    ff9b (003fe6c0)     _IQ12mpyRndSatTable
003fe6fc    ff9b (003fe6c0)     _IQ11mpyRndSatTable

003fe708    ff9c (003fe700)     _IQ10mpyRndSatTable
003fe714    ff9c (003fe700)     _IQ9mpyRndSatTable
003fe720    ff9c (003fe700)     _IQ8mpyRndSatTable
003fe72c    ff9c (003fe700)     _IQ7mpyRndSatTable
003fe738    ff9c (003fe700)     _IQ6mpyRndSatTable

003fe744    ff9d (003fe740)     _IQ5mpyRndSatTable
003fe750    ff9d (003fe740)     _IQ4mpyRndSatTable
003fe75c    ff9d (003fe740)     _IQ3mpyRndSatTable
003fe768    ff9d (003fe740)     _IQ2mpyRndSatTable
003fe774    ff9d (003fe740)     _IQ1mpyRndSatTable

003fe780    ff9e (003fe780)     _IQmpyRndSatTableEnd


GLOBAL SYMBOLS: SORTED ALPHABETICALLY BY Name 

address    name
--------   ----
00008000   .text
0000b387   C$$EXIT
0000ae71   FD$$MPY
0000b319   FD$$TOL
0000ade9   FS$$DIV
0000b338   FS$$TOFD
0000b2d7   I$$DIV
0000b2e8   I$$MOD
0000a80d   _ADC_disable
0000a802   _ADC_disableBandGap
0000a7e7   _ADC_disableInt
0000a7dc   _ADC_disableNoOverlapMode
0000a7d1   _ADC_disableRefBuffers
0000a7c6   _ADC_disableVoltRefLoConv
0000a7bb   _ADC_enable
0000a7b0   _ADC_enableBandGap
0000a799   _ADC_enableInt
0000a78e   _ADC_enableNoOverlapMode
0000a783   _ADC_enableRefBuffers
0000a778   _ADC_enableVoltRefLoConv
0000a770   _ADC_getDivideSelect
0000a769   _ADC_init
0000a75e   _ADC_powerDown
0000a753   _ADC_powerUp
0000a748   _ADC_reset
0000a736   _ADC_setDivideSelect
0000a719   _ADC_setIntMode
0000a707   _ADC_setIntPulseGenMode
0000a6ea   _ADC_setIntSrc
0000a6e3   _ADC_setOffTrim
0000a6cb   _ADC_setSampleMode
0000a6b6   _ADC_setSampleOverlapMode
0000a6a3   _ADC_setSocChanNumber
0000a699   _ADC_setSocFrc
0000a692   _ADC_setSocFrcWord
0000a67f   _ADC_setSocSampleDelay
0000a66c   _ADC_setSocTrigSrc
0000a65a   _ADC_setTempSensorSrc
0000a648   _ADC_setVoltRefSrc
0000a618   _ADC_setupSocTrigSrc
0000ab2f   _CLK_disableAdcClock
0000ab28   _CLK_disableClaClock
0000ab22   _CLK_disableClkIn
0000ab1e   _CLK_disableCompClock
0000ab17   _CLK_disableCpuTimerClock
0000ab11   _CLK_disableCrystalOsc
0000ab0a   _CLK_disableEcanaClock
0000ab03   _CLK_disableEcap1Clock
0000aafc   _CLK_disableEqep1Clock
0000aaf5   _CLK_disableEqep2Clock
0000aaee   _CLK_disableGpioInputClock
0000aae7   _CLK_disableHrPwmClock
0000aae0   _CLK_disableI2cClock
0000aad9   _CLK_disableLinAClock
0000aad3   _CLK_disableOsc1
0000aacd   _CLK_disableOsc1HaltMode
0000aac7   _CLK_disableOsc2
0000aac1   _CLK_disableOsc2HaltMode
0000aab7   _CLK_disablePwmClock
0000aab0   _CLK_disableSciaClock
0000aaa9   _CLK_disableScibClock
0000aaa2   _CLK_disableSpiaClock
0000aa9e   _CLK_disableSpibClock
0000aa97   _CLK_disableTbClockSync
0000aa91   _CLK_disableWatchDogHaltMode
0000aa8a   _CLK_enableAdcClock
0000aa83   _CLK_enableClaClock
0000aa7d   _CLK_enableClkIn
0000aa77   _CLK_enableCompClock
0000aa71   _CLK_enableCpuTimerClock
0000aa6b   _CLK_enableCrystalOsc
0000aa64   _CLK_enableEcanaClock
0000aa5d   _CLK_enableEcap1Clock
0000aa56   _CLK_enableEqep1Clock
0000aa4f   _CLK_enableEqep2Clock
0000aa48   _CLK_enableGpioInputClock
0000aa41   _CLK_enableHrPwmClock
0000aa3a   _CLK_enableI2cClock
0000aa33   _CLK_enableLinAClock
0000aa2d   _CLK_enableOsc1
0000aa27   _CLK_enableOsc1HaltMode
0000aa21   _CLK_enableOsc2
0000aa1b   _CLK_enableOsc2HaltMode
0000aa12   _CLK_enablePwmClock
0000aa0b   _CLK_enableSciaClock
0000aa04   _CLK_enableScibClock
0000a9fd   _CLK_enableSpiaClock
0000a9f6   _CLK_enableSpibClock
0000a9ef   _CLK_enableTbClockSync
0000a9e9   _CLK_enableWatchDogHaltMode
0000a9e3   _CLK_init
0000a9dc   _CLK_setClkOutPreScaler
0000a9d6   _CLK_setLowSpdPreScaler
0000a9cf   _CLK_setOsc2Src
0000a9c8   _CLK_setOscSrc
0000a9c1   _CLK_setTimer2PreScale
0000a9ba   _CLK_setTimer2Src
0000a9b3   _CLK_setWatchDogSrc
0000a9ac   _CLK_setXClkInSrc
0000b28e   _CPU_clearIntFlags
0000b28b   _CPU_disableDebugInt
0000b288   _CPU_disableGlobalInts
0000b283   _CPU_disableInt
0000b280   _CPU_disableInts
0000b27d   _CPU_disableProtectedRegisterWrite
0000b27a   _CPU_enableDebugInt
0000b277   _CPU_enableGlobalInts
0000b273   _CPU_enableInt
0000b270   _CPU_enableProtectedRegisterWrite
0000b26a   _CPU_init
000094dc   _CTRL_getGains
000094d4   _CTRL_getIab_filt_pu
000094cc   _CTRL_getIab_in_pu
000094c4   _CTRL_getIdq_in_pu
000094bc   _CTRL_getIdq_ref_pu
00009517   _CTRL_getMagCurrent_pu
00009514   _CTRL_getMaximumSpeed_pu
000094b4   _CTRL_getVab_in_pu
000094ac   _CTRL_getVab_out_pu
000094a4   _CTRL_getVdq_out_pu
003fa721   _CTRL_getVersion
0000949b   _CTRL_getWaitTimes
003fa6fb   _CTRL_initCtrl
00008f30   _CTRL_run
003fa5d1   _CTRL_runTraj
003f9e64   _CTRL_setEstParams
00008ca7   _CTRL_setGains
0000950e   _CTRL_setMagCurrent_pu
00009511   _CTRL_setMaximumSpeed_pu
00008cd1   _CTRL_setParams
00008c94   _CTRL_setSpd_ref_krpm
00008c91   _CTRL_setSpd_ref_pu
003f9d31   _CTRL_setUserMotorParams
00008c88   _CTRL_setWaitTimes
00008c7e   _CTRL_setup
00008c61   _CTRL_setupClarke_I
00008c4a   _CTRL_setupClarke_V
003f9b43   _CTRL_setupCtrl
003f99a5   _CTRL_setupEstIdleState
003f996a   _CTRL_setupEstOnLineState
003f9806   _CTRL_setupTraj
00008bcb   _CTRL_setup_user
00008b1a   _CTRL_updateState
0000a373   _DRV8301_enable
0000a361   _DRV8301_getDcCalMode
0000a346   _DRV8301_getFaultType
0000a340   _DRV8301_getId
0000a339   _DRV8301_getOcLevel
0000a332   _DRV8301_getOcMode
0000a32b   _DRV8301_getOcOffTimeMode
0000a324   _DRV8301_getOcTwMode
0000a31d   _DRV8301_getPeakCurrent
0000a316   _DRV8301_getPwmMode
0000a30f   _DRV8301_getShuntAmpGain
0000a306   _DRV8301_init
0000a300   _DRV8301_isFault
0000a2f9   _DRV8301_isReset
0000a28e   _DRV8301_readData
0000a118   _DRV8301_readSpi
0000a27f   _DRV8301_reset
0000a260   _DRV8301_setDcCalMode
0000a25e   _DRV8301_setGpioHandle
0000a25c   _DRV8301_setGpioNumber
0000a248   _DRV8301_setOcLevel
0000a234   _DRV8301_setOcMode
0000a220   _DRV8301_setOcOffTimeMode
0000a20c   _DRV8301_setOcTwMode
0000a1f8   _DRV8301_setPeakCurrent
0000a1e4   _DRV8301_setPwmMode
0000a1d0   _DRV8301_setShuntAmpGain
0000a1ce   _DRV8301_setSpiHandle
0000a150   _DRV8301_setupSpi
0000a0ef   _DRV8301_writeData
0000a0d8   _DRV8301_writeSpi
003f9760   _EST_doCurrentCtrl
003f9758   _EST_doSpeedCtrl
003f8c0d   _EST_getAngle_pu
003f96be   _EST_getFlux_VpHz
003f96ab   _EST_getFlux_pu
003f968e   _EST_getFm_pu
003f9632   _EST_getIdRated
003f95ff   _EST_getLs_coarse_max_pu
003f95f5   _EST_getLs_d_H
003f95f0   _EST_getLs_d_pu
003f95ce   _EST_getLs_q_H
003f95c9   _EST_getLs_q_pu
003f95bd   _EST_getMaxCurrentSlope_pu
003f95b3   _EST_getOneOverDcBus_pu
003f95ad   _EST_getRr_Ohm
003f9513   _EST_getRs_Ohm
003f94c6   _EST_getSpeed_krpm
003f861b   _EST_getState
003f9458   _EST_get_krpm_to_pu_sf
003f9453   _EST_get_pu_to_krpm_sf
003f938d   _EST_isError
003f9386   _EST_isIdle
003f937f   _EST_isLockRotor
003f8679   _EST_isMotorIdentified
003f9378   _EST_isOnLine
003f927b   _EST_run
003f8bdb   _EST_setFlag_enableForceAngle
003f8bd3   _EST_setFlag_enableRsRecalc
003f8b80   _EST_setId_ref_pu
003f8b7a   _EST_setIdle
003f8b67   _EST_setIdle_all
003f8b63   _EST_setIq_ref_pu
003f8b45   _EST_setLs_d_pu
003f8af1   _EST_setLs_qFmt
003f8ae7   _EST_setLs_q_pu
003f8adb   _EST_setMaxCurrentSlope_pu
003f8a18   _EST_setRs_pu
003f89f5   _EST_updateId_ref_pu
003f8713   _EST_updateState
003f861d   _EST_useZeroIq_ref
0000b2b1   _FILTER_FO_getDenCoeffs
0000b2aa   _FILTER_FO_getInitialConditions
0000b2a4   _FILTER_FO_getNumCoeffs
0000b29e   _FILTER_FO_init
0000b29c   _FILTER_FO_setDenCoeffs
0000b295   _FILTER_FO_setInitialConditions
0000b291   _FILTER_FO_setNumCoeffs
0000b313   _FLASH_clear3VStatus
00000139   _FLASH_disablePipelineMode
00000133   _FLASH_enablePipelineMode
0000b310   _FLASH_get3VStatus
0000b30d   _FLASH_getActiveWaitCount
0000b309   _FLASH_getActiveWaitStatus
0000b306   _FLASH_getPowerMode
0000b303   _FLASH_getStandbyWaitCount
0000b2ff   _FLASH_getStandbyWaitStatus
0000b2f9   _FLASH_init
0000012e   _FLASH_setActiveWaitCount
00000127   _FLASH_setNumPagedReadWaitStates
00000120   _FLASH_setNumRandomReadWaitStates
00000119   _FLASH_setOtpWaitStates
00000112   _FLASH_setPowerMode
0000010d   _FLASH_setStandbyWaitCount
0000b3d1   _FW_init
0000b401   _Flag_Latch_softwareUpdate
0000a99c   _GPIO_getData
0000a995   _GPIO_getPortData
0000a98f   _GPIO_init
0000a985   _GPIO_lpmSelect
0000a95f   _GPIO_read
0000a944   _GPIO_setDirection
0000a938   _GPIO_setExtInt
0000a925   _GPIO_setHigh
0000a912   _GPIO_setLow
0000a8d8   _GPIO_setMode
0000a8cd   _GPIO_setPortData
0000a8b2   _GPIO_setPullup
0000a872   _GPIO_setQualification
0000a82b   _GPIO_setQualificationPeriod
0000a818   _GPIO_toggle
000085dd   _HAL_AdcCalChanSelect
00008634   _HAL_AdcCalConversion
0000879a   _HAL_AdcOffsetSelfCal
00008863   _HAL_OscTempComp
000088b6   _HAL_cal
00008b16   _HAL_disableGlobalInts
000089ed   _HAL_disableWdog
00008b04   _HAL_enableAdcInts
00008b00   _HAL_enableDebugInt
00008afb   _HAL_enableDrv
00008af7   _HAL_enableGlobalInts
00008ae6   _HAL_enablePwmInt
00008ad6   _HAL_enableTimer0Int
000087cd   _HAL_getOscTrimValue
000089f2   _HAL_init
000087e1   _HAL_osc1Comp
00008822   _HAL_osc2Comp
000089e8   _HAL_readDrvData
000088cd   _HAL_setParams
00008525   _HAL_setupAdcs
00008509   _HAL_setupClks
00008504   _HAL_setupDrvSpi
000084e5   _HAL_setupFaults
000084c1   _HAL_setupFlash
000084ac   _HAL_setupGate
00008307   _HAL_setupGpios
000082ba   _HAL_setupPeripheralClks
0000829e   _HAL_setupPie
00008260   _HAL_setupPll
000081d5   _HAL_setupPwmDacs
00008106   _HAL_setupPwms
000080bb   _HAL_setupSCI
00008075   _HAL_setupSpiA
0000803f   _HAL_setupSpiB
00008005   _HAL_setupTimers
00008000   _HAL_writeDrvData
003fe708   _IQ10mpyRndSatTable
003fe6fc   _IQ11mpyRndSatTable
003fe6f0   _IQ12mpyRndSatTable
003fe6e4   _IQ13mpyRndSatTable
003fe6d8   _IQ14mpyRndSatTable
003fe6cc   _IQ15mpyRndSatTable
003fe6c0   _IQ16mpyRndSatTable
003fe6b4   _IQ17mpyRndSatTable
003fe6a8   _IQ18mpyRndSatTable
003fe69c   _IQ19mpyRndSatTable
003fe774   _IQ1mpyRndSatTable
003fe690   _IQ20mpyRndSatTable
003fe684   _IQ21mpyRndSatTable
003fe678   _IQ22mpyRndSatTable
003fe66c   _IQ23mpyRndSatTable
003fe660   _IQ24mpyRndSatTable
003fe654   _IQ25mpyRndSatTable
003fe648   _IQ26mpyRndSatTable
003fe63c   _IQ27mpyRndSatTable
003fe630   _IQ28mpyRndSatTable
003fe624   _IQ29mpyRndSatTable
003fe768   _IQ2mpyRndSatTable
003fe618   _IQ30mpyRndSatTable
003fe75c   _IQ3mpyRndSatTable
003fe750   _IQ4mpyRndSatTable
003fe744   _IQ5mpyRndSatTable
003fe738   _IQ6mpyRndSatTable
003fe72c   _IQ7mpyRndSatTable
003fe720   _IQ8mpyRndSatTable
003fe714   _IQ9mpyRndSatTable
003fe454   _IQatan2HalfPITable
003fe492   _IQatan2Table
003fe618   _IQatan2TableEnd
003fdd30   _IQcosTable
003fe132   _IQcosTableEnd
003fe132   _IQdivRoundSatTable
003fe140   _IQdivTable
003fe342   _IQdivTableEnd
003fe342   _IQisqrtRoundSatTable
003fe352   _IQisqrtTable
003fe454   _IQisqrtTableEnd
003fe618   _IQmpyRndSatTable
003fe780   _IQmpyRndSatTableEnd
003fdc30   _IQsinTable
003fe030   _IQsinTableEnd
003fe342   _IQsqrtRoundSatTable
003fe352   _IQsqrtTable
003fe454   _IQsqrtTableEnd
0000b40e   _Iq_Max_pu
0000b1cd   _OFFSET_getBeta
0000b1bc   _OFFSET_init
0000b1a6   _OFFSET_setBeta
0000b197   _OFFSET_setInitCond
0000b195   _OFFSET_setOffset
0000b264   _OSC_init
0000b257   _OSC_setCoarseTrim
0000b246   _OSC_setFineTrim
0000b23d   _OSC_setTrim
0000ac34   _PIE_clearAllFlags
0000ac31   _PIE_clearAllInts
0000ac2e   _PIE_disable
0000ac22   _PIE_disableAllInts
0000ac1e   _PIE_disableCaptureInt
0000ac15   _PIE_disableExtInt
0000ac0a   _PIE_disableInt
0000ac07   _PIE_enable
0000abec   _PIE_enableAdcInt
0000abe8   _PIE_enableCaptureInt
0000abca   _PIE_enableExtInt
0000abc0   _PIE_enableInt
0000abbb   _PIE_enablePwmInt
0000abb6   _PIE_enablePwmTzInt
0000abb3   _PIE_enableTimer0Int
0000aba9   _PIE_forceInt
0000aba1   _PIE_getExtIntCount
0000ab99   _PIE_getIntEnables
0000ab91   _PIE_getIntFlags
0000b3b6   _PIE_illegalIsr
0000ab8a   _PIE_init
0000ab7b   _PIE_registerPieIntHandler
0000ab70   _PIE_registerSystemIntHandler
0000ab64   _PIE_setDefaultIntVectorTable
0000ab54   _PIE_setExtIntPolarity
0000ab43   _PIE_unregisterPieIntHandler
0000ab36   _PIE_unregisterSystemIntHandler
0000b012   _PLL_disable
0000b00c   _PLL_disableClkDetect
0000b006   _PLL_disableNormRdy
0000b000   _PLL_disableOsc
0000affa   _PLL_enable
0000aff4   _PLL_enableClkDetect
0000afee   _PLL_enableNormRdy
0000afe8   _PLL_enableOsc
0000afe4   _PLL_getClkFreq
0000afe1   _PLL_getClkStatus
0000afde   _PLL_getDivideSelect
0000afdb   _PLL_getLockStatus
0000afd5   _PLL_init
0000afcf   _PLL_resetClkDetect
0000afc9   _PLL_setClkFreq
0000afc2   _PLL_setDivideSelect
0000afbd   _PLL_setLockPeriod
0000a0d2   _PWM_clearTripZone
0000a0cf   _PWM_decrementDeadBandFallingEdgeDelay
0000a0cc   _PWM_decrementDeadBandRisingEdgeDelay
0000a0c5   _PWM_disableAutoConvert
0000a0c1   _PWM_disableChopping
0000a0be   _PWM_disableCounterLoad
0000a0bb   _PWM_disableDeadBand
0000a0b7   _PWM_disableDeadBandHalfCycle
0000a0b0   _PWM_disableDigitalCompareBlankingWindow
0000a0a9   _PWM_disableDigitalCompareBlankingWindowInversion
0000a0a2   _PWM_disableHrPeriod
0000a09b   _PWM_disableHrPhaseSync
0000a097   _PWM_disableInt
0000a093   _PWM_disableSocAPulse
0000a08f   _PWM_disableSocBPulse
0000a088   _PWM_disableTripZoneInt
0000a081   _PWM_disableTripZoneSrc
0000a07b   _PWM_disableTripZones
0000a074   _PWM_enableAutoConvert
0000a070   _PWM_enableChopping
0000a06d   _PWM_enableCounterLoad
0000a069   _PWM_enableDeadBandHalfCycle
0000a062   _PWM_enableDigitalCompareBlankingWindow
0000a05b   _PWM_enableDigitalCompareBlankingWindowInversion
0000a054   _PWM_enableHrPeriod
0000a04d   _PWM_enableHrPhaseSync
0000a049   _PWM_enableInt
0000a045   _PWM_enableSocAPulse
0000a041   _PWM_enableSocBPulse
0000a03b   _PWM_enableTripZoneInt
0000a035   _PWM_enableTripZoneSrc
0000a032   _PWM_getDeadBandFallingEdgeDelay
0000a02f   _PWM_getDeadBandRisingEdgeDelay
0000a02b   _PWM_getIntCount
0000a027   _PWM_getShadowStatus_CmpA
0000a023   _PWM_getShadowStatus_CmpB
0000a01e   _PWM_getSocACount
0000a019   _PWM_getSocBCount
0000a016   _PWM_incrementDeadBandFallingEdgeDelay
0000a013   _PWM_incrementDeadBandRisingEdgeDelay
0000a00d   _PWM_init
0000a006   _PWM_setActionQualContSWForce_PwmA
00009ffd   _PWM_setActionQualContSWForce_PwmB
00009ff4   _PWM_setActionQual_CntDown_CmpA_PwmA
00009feb   _PWM_setActionQual_CntDown_CmpA_PwmB
00009fe2   _PWM_setActionQual_CntDown_CmpB_PwmA
00009fd9   _PWM_setActionQual_CntDown_CmpB_PwmB
00009fd0   _PWM_setActionQual_CntUp_CmpA_PwmA
00009fc7   _PWM_setActionQual_CntUp_CmpA_PwmB
00009fbe   _PWM_setActionQual_CntUp_CmpB_PwmA
00009fb5   _PWM_setActionQual_CntUp_CmpB_PwmB
00009fac   _PWM_setActionQual_Period_PwmA
00009fa3   _PWM_setActionQual_Period_PwmB
00009f9c   _PWM_setActionQual_Zero_PwmA
00009f95   _PWM_setActionQual_Zero_PwmB
00009f8e   _PWM_setChoppingClkFreq
00009f87   _PWM_setChoppingDutyCycle
00009f80   _PWM_setChoppingPulseWidth
00009f7c   _PWM_setClkDiv
00009f7a   _PWM_setCount
00009f76   _PWM_setCounterMode
00009f73   _PWM_setDeadBandFallingEdgeDelay
00009f6c   _PWM_setDeadBandInputMode
00009f65   _PWM_setDeadBandOutputMode
00009f5e   _PWM_setDeadBandPolarity
00009f5b   _PWM_setDeadBandRisingEdgeDelay
00009f44   _PWM_setDigitalCompareAEvent1
00009f34   _PWM_setDigitalCompareAEvent2
00009f1d   _PWM_setDigitalCompareBEvent1
00009f0d   _PWM_setDigitalCompareBEvent2
00009f01   _PWM_setDigitalCompareBlankingPulse
00009efe   _PWM_setDigitalCompareFilterOffset
00009ef4   _PWM_setDigitalCompareFilterSource
00009ef1   _PWM_setDigitalCompareFilterWindow
00009ee2   _PWM_setDigitalCompareInput
00009ede   _PWM_setHighSpeedClkDiv
00009ed4   _PWM_setHrControlMode
00009eca   _PWM_setHrEdgeMode
00009ec0   _PWM_setHrShadowMode
00009eb9   _PWM_setIntMode
00009eb2   _PWM_setIntPeriod
00009eae   _PWM_setLoadMode_CmpA
00009ea8   _PWM_setLoadMode_CmpB
00009ea6   _PWM_setPeriod
00009ea1   _PWM_setPeriodHr
00009e9d   _PWM_setPeriodLoad
00009e9b   _PWM_setPhase
00009e97   _PWM_setPhaseDir
00009e93   _PWM_setRunMode
00009e8d   _PWM_setShadowMode_CmpA
00009e87   _PWM_setShadowMode_CmpB
00009e7e   _PWM_setSocAPeriod
00009e75   _PWM_setSocAPulseSrc
00009e6c   _PWM_setSocBPeriod
00009e63   _PWM_setSocBPulseSrc
00009e60   _PWM_setSwSync
00009e5c   _PWM_setSyncMode
00009e52   _PWM_setTripZoneDCEventSelect_DCAEVT1
00009e46   _PWM_setTripZoneDCEventSelect_DCAEVT2
00009e3a   _PWM_setTripZoneDCEventSelect_DCBEVT1
00009e2e   _PWM_setTripZoneDCEventSelect_DCBEVT2
00009e22   _PWM_setTripZoneState_DCAEVT1
00009e16   _PWM_setTripZoneState_DCAEVT2
00009e0a   _PWM_setTripZoneState_DCBEVT1
00009dfe   _PWM_setTripZoneState_DCBEVT2
00009df4   _PWM_setTripZoneState_TZA
00009de8   _PWM_setTripZoneState_TZB
0000b106   _PWR_disableBrownOutReset
0000b0fb   _PWR_disableWatchDogInt
0000b0f8   _PWR_enableBrownOutReset
0000b0ed   _PWR_enableWatchDogInt
0000b0e6   _PWR_init
0000b0d4   _PWR_setLowPowerMode
0000b0c2   _PWR_setNumStandByClocks
00000143   _RamfuncsLoadEnd
00000036   _RamfuncsLoadSize
0000010d   _RamfuncsLoadStart
0000010d   _RamfuncsRunStart
0000a51e   _SCI_RX_ISR
0000ad3c   _SCI_clearAutoBaudDetect
0000ad38   _SCI_clearRxFifoInt
0000ad34   _SCI_clearRxFifoOvf
0000ad30   _SCI_clearTxFifoInt
0000ad2d   _SCI_disable
0000ad29   _SCI_disableAutoBaudAlign
0000ad26   _SCI_disableLoopBack
0000ad23   _SCI_disableParity
0000ad20   _SCI_disableRx
0000ad1d   _SCI_disableRxErrorInt
0000ad19   _SCI_disableRxFifoInt
0000ad16   _SCI_disableRxInt
0000ad13   _SCI_disableSleep
0000ad10   _SCI_disableTx
0000ad0c   _SCI_disableTxFifoEnh
0000ad08   _SCI_disableTxFifoInt
0000ad05   _SCI_disableTxInt
0000ad02   _SCI_disableTxWake
0000acff   _SCI_enable
0000acfb   _SCI_enableAutoBaudAlign
0000acf7   _SCI_enableChannels
0000acf4   _SCI_enableLoopBack
0000acf1   _SCI_enableParity
0000acee   _SCI_enableRx
0000aceb   _SCI_enableRxErrorInt
0000ace7   _SCI_enableRxFifo
0000ace3   _SCI_enableRxFifoInt
0000ace0   _SCI_enableRxInt
0000acdd   _SCI_enableSleep
0000acda   _SCI_enableTx
0000acd6   _SCI_enableTxFifo
0000acd2   _SCI_enableTxFifoEnh
0000acce   _SCI_enableTxFifoInt
0000accb   _SCI_enableTxInt
0000acc8   _SCI_enableTxWake
0000acc4   _SCI_getDataBlocking
0000acbb   _SCI_getDataNonBlocking
0000acb7   _SCI_getRxFifoStatus
0000ac40   _SCI_getTxFifoStatus
0000acb1   _SCI_init
0000acac   _SCI_putDataBlocking
0000aca3   _SCI_putDataNonBlocking
0000aca0   _SCI_reset
0000ac96   _SCI_resetChannels
0000ac8c   _SCI_resetRxFifo
0000ac82   _SCI_resetTxFifo
0000ac7c   _SCI_setBaudRate
0000ac78   _SCI_setCharLength
0000ac74   _SCI_setMode
0000ac70   _SCI_setNumStopBits
0000ac6c   _SCI_setParity
0000ac69   _SCI_setPriority
0000ac62   _SCI_setRxFifoIntLevel
0000ac5b   _SCI_setTxDelay
0000ac54   _SCI_setTxFifoIntLevel
0000ac44   _SCI_write_char
0000ac4d   _SCI_write_str
0000ade5   _SPI_clearRxFifoInt
0000ade1   _SPI_clearRxFifoOvf
0000addd   _SPI_clearTxFifoInt
0000adda   _SPI_disableInt
0000add7   _SPI_disableLoopBack
0000add4   _SPI_disableOverRunInt
0000add0   _SPI_disableRxFifoInt
0000adcd   _SPI_disableTx
0000adc9   _SPI_disableTxFifoEnh
0000adc5   _SPI_disableTxFifoInt
0000adc2   _SPI_enable
0000adbe   _SPI_enableChannels
0000adbb   _SPI_enableInt
0000adb8   _SPI_enableLoopBack
0000adb5   _SPI_enableOverRunInt
0000adb1   _SPI_enableRxFifo
0000adad   _SPI_enableRxFifoInt
0000adaa   _SPI_enableTx
0000ada6   _SPI_enableTxFifo
0000ada2   _SPI_enableTxFifoEnh
0000ad9e   _SPI_enableTxFifoInt
0000ad9b   _SPI_getIntFlagStatus
0000ad97   _SPI_getRxFifoStatus
0000ad94   _SPI_getTxBufferStatus
0000ad90   _SPI_getTxFifoStatus
0000ad8a   _SPI_init
0000ad87   _SPI_reset
0000ad83   _SPI_resetChannels
0000ad7f   _SPI_resetRxFifo
0000ad7b   _SPI_resetTxFifo
0000ad79   _SPI_setBaudRate
0000ad75   _SPI_setCharLength
0000ad73   _SPI_setClkPhase
0000ad6f   _SPI_setClkPolarity
0000ad6d   _SPI_setMode
0000ad66   _SPI_setPriority
0000ad5f   _SPI_setRxFifoIntLevel
0000ad58   _SPI_setSteInv
0000ad51   _SPI_setSuspend
0000ad4a   _SPI_setTriWire
0000ad47   _SPI_setTxDelay
0000ad40   _SPI_setTxFifoIntLevel
0000b41c   _STA
0000b41e   _STO
0000b209   _TIMER_clearFlag
0000b206   _TIMER_disableInt
0000b203   _TIMER_enableInt
0000b200   _TIMER_getStatus
0000b1fa   _TIMER_init
0000b1ec   _TIMER_setDecimationFactor
0000b1e8   _TIMER_setEmulationMode
0000b1da   _TIMER_setPreScaler
000099c7   _USER_calcPIgains
000099c3   _USER_checkForErrors
000099b5   _USER_computeFlux
00009974   _USER_computeFlux_pu_to_VpHz_sf
00009933   _USER_computeFlux_pu_to_Wb_sf
000098f2   _USER_computeTorque_Flux_Iq_pu_to_Nm_sf
000098b3   _USER_computeTorque_Ls_Id_Iq_pu_to_Nm_sf
00009854   _USER_computeTorque_Nm
000097e9   _USER_computeTorque_lbin
000097e6   _USER_getErrorCode
000097e3   _USER_setErrorCode
000095b0   _USER_setParams
0000951a   _USER_softwareUpdate1p6
0000b18d   _WDOG_clearCounter
0000b185   _WDOG_disable
0000b17f   _WDOG_disableInt
0000b179   _WDOG_disableOverRide
0000b170   _WDOG_enable
0000b16a   _WDOG_enableInt
0000b164   _WDOG_enableOverRide
0000b161   _WDOG_getIntStatus
0000b15b   _WDOG_init
0000b159   _WDOG_setCount
0000b14f   _WDOG_setPreScaler
0000b405   _Wrten
0000b6d5   __IQ24cosPU
0000b6ac   __IQ24sinPU
0000b66a   __IQ24sqrt
0000b6fc   __IQ30toF
000007b0   __STACK_END
000003b0   __STACK_SIZE
00000001   __TI_args_main
0000b3dc   ___TI_cleanup_ptr
0000b3de   ___TI_dtors_ptr
ffffffff   ___binit__
ffffffff   ___c_args__
00000050   ___cinit__
0000b3d7   ___etext__
ffffffff   ___pinit__
00008000   ___text__
0000b36e   __args_main
0000b3da   __lock
0000b072   __log
0000b3c8   __nop
0000b3c4   __register_lock
0000b3c0   __register_unlock
00000400   __stack
0000b3d8   __unlock
0000b387   _abort
0000b109   _c_int00
0000b41a   _controller_obj
0000b3e2   _cpu
0000b40c   _ctrlHandle
0000b422   _data
0000b3e3   _errno
0000b389   _exit
0000aef4   _exp
0000b3a0   _frexp
0000b440   _fw
0000b410   _fwHandle
0000b42c   _gAdcData
0000b402   _gBuzzcnt
0000b406   _gCounter_updateGlobals
0000b454   _gDrvSpi8301Vars
0000b416   _gFlux_pu_to_VpHz_sf
0000b412   _gFlux_pu_to_Wb_sf
0000b400   _gLEDcnt
0000b40a   _gMaxCurrentSlope
0000b480   _gMotorVars
0000b426   _gPwmData
0000b418   _gTorque_Flux_Iq_pu_to_Nm_sf
0000b414   _gTorque_Ls_Id_Iq_pu_to_Nm_sf
0000b500   _gUserParams
0000b5c0   _hal
0000b408   _halHandle
0000b404   _i
0000b20c   _ldexp
0000af5c   _log
0000b420   _m
00009b60   _main
0000a396   _mainISR
0000b354   _modf
0000b403   _n
0000b018   _pow
0000b2b4   _sqrt
00009a9b   _updateGlobalVariables_motor
00009a78   _updateKpKiGains
0000013f   _usDelay
ffffffff   binit
00000050   cinit
00000000   code_start
0000b3d7   etext
ffffffff   pinit


GLOBAL SYMBOLS: SORTED BY Symbol Address 

address    name
--------   ----
00000000   code_start
00000001   __TI_args_main
00000036   _RamfuncsLoadSize
00000050   ___cinit__
00000050   cinit
0000010d   _FLASH_setStandbyWaitCount
0000010d   _RamfuncsLoadStart
0000010d   _RamfuncsRunStart
00000112   _FLASH_setPowerMode
00000119   _FLASH_setOtpWaitStates
00000120   _FLASH_setNumRandomReadWaitStates
00000127   _FLASH_setNumPagedReadWaitStates
0000012e   _FLASH_setActiveWaitCount
00000133   _FLASH_enablePipelineMode
00000139   _FLASH_disablePipelineMode
0000013f   _usDelay
00000143   _RamfuncsLoadEnd
000003b0   __STACK_SIZE
00000400   __stack
000007b0   __STACK_END
00008000   .text
00008000   _HAL_writeDrvData
00008000   ___text__
00008005   _HAL_setupTimers
0000803f   _HAL_setupSpiB
00008075   _HAL_setupSpiA
000080bb   _HAL_setupSCI
00008106   _HAL_setupPwms
000081d5   _HAL_setupPwmDacs
00008260   _HAL_setupPll
0000829e   _HAL_setupPie
000082ba   _HAL_setupPeripheralClks
00008307   _HAL_setupGpios
000084ac   _HAL_setupGate
000084c1   _HAL_setupFlash
000084e5   _HAL_setupFaults
00008504   _HAL_setupDrvSpi
00008509   _HAL_setupClks
00008525   _HAL_setupAdcs
000085dd   _HAL_AdcCalChanSelect
00008634   _HAL_AdcCalConversion
0000879a   _HAL_AdcOffsetSelfCal
000087cd   _HAL_getOscTrimValue
000087e1   _HAL_osc1Comp
00008822   _HAL_osc2Comp
00008863   _HAL_OscTempComp
000088b6   _HAL_cal
000088cd   _HAL_setParams
000089e8   _HAL_readDrvData
000089ed   _HAL_disableWdog
000089f2   _HAL_init
00008ad6   _HAL_enableTimer0Int
00008ae6   _HAL_enablePwmInt
00008af7   _HAL_enableGlobalInts
00008afb   _HAL_enableDrv
00008b00   _HAL_enableDebugInt
00008b04   _HAL_enableAdcInts
00008b16   _HAL_disableGlobalInts
00008b1a   _CTRL_updateState
00008bcb   _CTRL_setup_user
00008c4a   _CTRL_setupClarke_V
00008c61   _CTRL_setupClarke_I
00008c7e   _CTRL_setup
00008c88   _CTRL_setWaitTimes
00008c91   _CTRL_setSpd_ref_pu
00008c94   _CTRL_setSpd_ref_krpm
00008ca7   _CTRL_setGains
00008cd1   _CTRL_setParams
00008f30   _CTRL_run
0000949b   _CTRL_getWaitTimes
000094a4   _CTRL_getVdq_out_pu
000094ac   _CTRL_getVab_out_pu
000094b4   _CTRL_getVab_in_pu
000094bc   _CTRL_getIdq_ref_pu
000094c4   _CTRL_getIdq_in_pu
000094cc   _CTRL_getIab_in_pu
000094d4   _CTRL_getIab_filt_pu
000094dc   _CTRL_getGains
0000950e   _CTRL_setMagCurrent_pu
00009511   _CTRL_setMaximumSpeed_pu
00009514   _CTRL_getMaximumSpeed_pu
00009517   _CTRL_getMagCurrent_pu
0000951a   _USER_softwareUpdate1p6
000095b0   _USER_setParams
000097e3   _USER_setErrorCode
000097e6   _USER_getErrorCode
000097e9   _USER_computeTorque_lbin
00009854   _USER_computeTorque_Nm
000098b3   _USER_computeTorque_Ls_Id_Iq_pu_to_Nm_sf
000098f2   _USER_computeTorque_Flux_Iq_pu_to_Nm_sf
00009933   _USER_computeFlux_pu_to_Wb_sf
00009974   _USER_computeFlux_pu_to_VpHz_sf
000099b5   _USER_computeFlux
000099c3   _USER_checkForErrors
000099c7   _USER_calcPIgains
00009a78   _updateKpKiGains
00009a9b   _updateGlobalVariables_motor
00009b60   _main
00009de8   _PWM_setTripZoneState_TZB
00009df4   _PWM_setTripZoneState_TZA
00009dfe   _PWM_setTripZoneState_DCBEVT2
00009e0a   _PWM_setTripZoneState_DCBEVT1
00009e16   _PWM_setTripZoneState_DCAEVT2
00009e22   _PWM_setTripZoneState_DCAEVT1
00009e2e   _PWM_setTripZoneDCEventSelect_DCBEVT2
00009e3a   _PWM_setTripZoneDCEventSelect_DCBEVT1
00009e46   _PWM_setTripZoneDCEventSelect_DCAEVT2
00009e52   _PWM_setTripZoneDCEventSelect_DCAEVT1
00009e5c   _PWM_setSyncMode
00009e60   _PWM_setSwSync
00009e63   _PWM_setSocBPulseSrc
00009e6c   _PWM_setSocBPeriod
00009e75   _PWM_setSocAPulseSrc
00009e7e   _PWM_setSocAPeriod
00009e87   _PWM_setShadowMode_CmpB
00009e8d   _PWM_setShadowMode_CmpA
00009e93   _PWM_setRunMode
00009e97   _PWM_setPhaseDir
00009e9b   _PWM_setPhase
00009e9d   _PWM_setPeriodLoad
00009ea1   _PWM_setPeriodHr
00009ea6   _PWM_setPeriod
00009ea8   _PWM_setLoadMode_CmpB
00009eae   _PWM_setLoadMode_CmpA
00009eb2   _PWM_setIntPeriod
00009eb9   _PWM_setIntMode
00009ec0   _PWM_setHrShadowMode
00009eca   _PWM_setHrEdgeMode
00009ed4   _PWM_setHrControlMode
00009ede   _PWM_setHighSpeedClkDiv
00009ee2   _PWM_setDigitalCompareInput
00009ef1   _PWM_setDigitalCompareFilterWindow
00009ef4   _PWM_setDigitalCompareFilterSource
00009efe   _PWM_setDigitalCompareFilterOffset
00009f01   _PWM_setDigitalCompareBlankingPulse
00009f0d   _PWM_setDigitalCompareBEvent2
00009f1d   _PWM_setDigitalCompareBEvent1
00009f34   _PWM_setDigitalCompareAEvent2
00009f44   _PWM_setDigitalCompareAEvent1
00009f5b   _PWM_setDeadBandRisingEdgeDelay
00009f5e   _PWM_setDeadBandPolarity
00009f65   _PWM_setDeadBandOutputMode
00009f6c   _PWM_setDeadBandInputMode
00009f73   _PWM_setDeadBandFallingEdgeDelay
00009f76   _PWM_setCounterMode
00009f7a   _PWM_setCount
00009f7c   _PWM_setClkDiv
00009f80   _PWM_setChoppingPulseWidth
00009f87   _PWM_setChoppingDutyCycle
00009f8e   _PWM_setChoppingClkFreq
00009f95   _PWM_setActionQual_Zero_PwmB
00009f9c   _PWM_setActionQual_Zero_PwmA
00009fa3   _PWM_setActionQual_Period_PwmB
00009fac   _PWM_setActionQual_Period_PwmA
00009fb5   _PWM_setActionQual_CntUp_CmpB_PwmB
00009fbe   _PWM_setActionQual_CntUp_CmpB_PwmA
00009fc7   _PWM_setActionQual_CntUp_CmpA_PwmB
00009fd0   _PWM_setActionQual_CntUp_CmpA_PwmA
00009fd9   _PWM_setActionQual_CntDown_CmpB_PwmB
00009fe2   _PWM_setActionQual_CntDown_CmpB_PwmA
00009feb   _PWM_setActionQual_CntDown_CmpA_PwmB
00009ff4   _PWM_setActionQual_CntDown_CmpA_PwmA
00009ffd   _PWM_setActionQualContSWForce_PwmB
0000a006   _PWM_setActionQualContSWForce_PwmA
0000a00d   _PWM_init
0000a013   _PWM_incrementDeadBandRisingEdgeDelay
0000a016   _PWM_incrementDeadBandFallingEdgeDelay
0000a019   _PWM_getSocBCount
0000a01e   _PWM_getSocACount
0000a023   _PWM_getShadowStatus_CmpB
0000a027   _PWM_getShadowStatus_CmpA
0000a02b   _PWM_getIntCount
0000a02f   _PWM_getDeadBandRisingEdgeDelay
0000a032   _PWM_getDeadBandFallingEdgeDelay
0000a035   _PWM_enableTripZoneSrc
0000a03b   _PWM_enableTripZoneInt
0000a041   _PWM_enableSocBPulse
0000a045   _PWM_enableSocAPulse
0000a049   _PWM_enableInt
0000a04d   _PWM_enableHrPhaseSync
0000a054   _PWM_enableHrPeriod
0000a05b   _PWM_enableDigitalCompareBlankingWindowInversion
0000a062   _PWM_enableDigitalCompareBlankingWindow
0000a069   _PWM_enableDeadBandHalfCycle
0000a06d   _PWM_enableCounterLoad
0000a070   _PWM_enableChopping
0000a074   _PWM_enableAutoConvert
0000a07b   _PWM_disableTripZones
0000a081   _PWM_disableTripZoneSrc
0000a088   _PWM_disableTripZoneInt
0000a08f   _PWM_disableSocBPulse
0000a093   _PWM_disableSocAPulse
0000a097   _PWM_disableInt
0000a09b   _PWM_disableHrPhaseSync
0000a0a2   _PWM_disableHrPeriod
0000a0a9   _PWM_disableDigitalCompareBlankingWindowInversion
0000a0b0   _PWM_disableDigitalCompareBlankingWindow
0000a0b7   _PWM_disableDeadBandHalfCycle
0000a0bb   _PWM_disableDeadBand
0000a0be   _PWM_disableCounterLoad
0000a0c1   _PWM_disableChopping
0000a0c5   _PWM_disableAutoConvert
0000a0cc   _PWM_decrementDeadBandRisingEdgeDelay
0000a0cf   _PWM_decrementDeadBandFallingEdgeDelay
0000a0d2   _PWM_clearTripZone
0000a0d8   _DRV8301_writeSpi
0000a0ef   _DRV8301_writeData
0000a118   _DRV8301_readSpi
0000a150   _DRV8301_setupSpi
0000a1ce   _DRV8301_setSpiHandle
0000a1d0   _DRV8301_setShuntAmpGain
0000a1e4   _DRV8301_setPwmMode
0000a1f8   _DRV8301_setPeakCurrent
0000a20c   _DRV8301_setOcTwMode
0000a220   _DRV8301_setOcOffTimeMode
0000a234   _DRV8301_setOcMode
0000a248   _DRV8301_setOcLevel
0000a25c   _DRV8301_setGpioNumber
0000a25e   _DRV8301_setGpioHandle
0000a260   _DRV8301_setDcCalMode
0000a27f   _DRV8301_reset
0000a28e   _DRV8301_readData
0000a2f9   _DRV8301_isReset
0000a300   _DRV8301_isFault
0000a306   _DRV8301_init
0000a30f   _DRV8301_getShuntAmpGain
0000a316   _DRV8301_getPwmMode
0000a31d   _DRV8301_getPeakCurrent
0000a324   _DRV8301_getOcTwMode
0000a32b   _DRV8301_getOcOffTimeMode
0000a332   _DRV8301_getOcMode
0000a339   _DRV8301_getOcLevel
0000a340   _DRV8301_getId
0000a346   _DRV8301_getFaultType
0000a361   _DRV8301_getDcCalMode
0000a373   _DRV8301_enable
0000a396   _mainISR
0000a51e   _SCI_RX_ISR
0000a618   _ADC_setupSocTrigSrc
0000a648   _ADC_setVoltRefSrc
0000a65a   _ADC_setTempSensorSrc
0000a66c   _ADC_setSocTrigSrc
0000a67f   _ADC_setSocSampleDelay
0000a692   _ADC_setSocFrcWord
0000a699   _ADC_setSocFrc
0000a6a3   _ADC_setSocChanNumber
0000a6b6   _ADC_setSampleOverlapMode
0000a6cb   _ADC_setSampleMode
0000a6e3   _ADC_setOffTrim
0000a6ea   _ADC_setIntSrc
0000a707   _ADC_setIntPulseGenMode
0000a719   _ADC_setIntMode
0000a736   _ADC_setDivideSelect
0000a748   _ADC_reset
0000a753   _ADC_powerUp
0000a75e   _ADC_powerDown
0000a769   _ADC_init
0000a770   _ADC_getDivideSelect
0000a778   _ADC_enableVoltRefLoConv
0000a783   _ADC_enableRefBuffers
0000a78e   _ADC_enableNoOverlapMode
0000a799   _ADC_enableInt
0000a7b0   _ADC_enableBandGap
0000a7bb   _ADC_enable
0000a7c6   _ADC_disableVoltRefLoConv
0000a7d1   _ADC_disableRefBuffers
0000a7dc   _ADC_disableNoOverlapMode
0000a7e7   _ADC_disableInt
0000a802   _ADC_disableBandGap
0000a80d   _ADC_disable
0000a818   _GPIO_toggle
0000a82b   _GPIO_setQualificationPeriod
0000a872   _GPIO_setQualification
0000a8b2   _GPIO_setPullup
0000a8cd   _GPIO_setPortData
0000a8d8   _GPIO_setMode
0000a912   _GPIO_setLow
0000a925   _GPIO_setHigh
0000a938   _GPIO_setExtInt
0000a944   _GPIO_setDirection
0000a95f   _GPIO_read
0000a985   _GPIO_lpmSelect
0000a98f   _GPIO_init
0000a995   _GPIO_getPortData
0000a99c   _GPIO_getData
0000a9ac   _CLK_setXClkInSrc
0000a9b3   _CLK_setWatchDogSrc
0000a9ba   _CLK_setTimer2Src
0000a9c1   _CLK_setTimer2PreScale
0000a9c8   _CLK_setOscSrc
0000a9cf   _CLK_setOsc2Src
0000a9d6   _CLK_setLowSpdPreScaler
0000a9dc   _CLK_setClkOutPreScaler
0000a9e3   _CLK_init
0000a9e9   _CLK_enableWatchDogHaltMode
0000a9ef   _CLK_enableTbClockSync
0000a9f6   _CLK_enableSpibClock
0000a9fd   _CLK_enableSpiaClock
0000aa04   _CLK_enableScibClock
0000aa0b   _CLK_enableSciaClock
0000aa12   _CLK_enablePwmClock
0000aa1b   _CLK_enableOsc2HaltMode
0000aa21   _CLK_enableOsc2
0000aa27   _CLK_enableOsc1HaltMode
0000aa2d   _CLK_enableOsc1
0000aa33   _CLK_enableLinAClock
0000aa3a   _CLK_enableI2cClock
0000aa41   _CLK_enableHrPwmClock
0000aa48   _CLK_enableGpioInputClock
0000aa4f   _CLK_enableEqep2Clock
0000aa56   _CLK_enableEqep1Clock
0000aa5d   _CLK_enableEcap1Clock
0000aa64   _CLK_enableEcanaClock
0000aa6b   _CLK_enableCrystalOsc
0000aa71   _CLK_enableCpuTimerClock
0000aa77   _CLK_enableCompClock
0000aa7d   _CLK_enableClkIn
0000aa83   _CLK_enableClaClock
0000aa8a   _CLK_enableAdcClock
0000aa91   _CLK_disableWatchDogHaltMode
0000aa97   _CLK_disableTbClockSync
0000aa9e   _CLK_disableSpibClock
0000aaa2   _CLK_disableSpiaClock
0000aaa9   _CLK_disableScibClock
0000aab0   _CLK_disableSciaClock
0000aab7   _CLK_disablePwmClock
0000aac1   _CLK_disableOsc2HaltMode
0000aac7   _CLK_disableOsc2
0000aacd   _CLK_disableOsc1HaltMode
0000aad3   _CLK_disableOsc1
0000aad9   _CLK_disableLinAClock
0000aae0   _CLK_disableI2cClock
0000aae7   _CLK_disableHrPwmClock
0000aaee   _CLK_disableGpioInputClock
0000aaf5   _CLK_disableEqep2Clock
0000aafc   _CLK_disableEqep1Clock
0000ab03   _CLK_disableEcap1Clock
0000ab0a   _CLK_disableEcanaClock
0000ab11   _CLK_disableCrystalOsc
0000ab17   _CLK_disableCpuTimerClock
0000ab1e   _CLK_disableCompClock
0000ab22   _CLK_disableClkIn
0000ab28   _CLK_disableClaClock
0000ab2f   _CLK_disableAdcClock
0000ab36   _PIE_unregisterSystemIntHandler
0000ab43   _PIE_unregisterPieIntHandler
0000ab54   _PIE_setExtIntPolarity
0000ab64   _PIE_setDefaultIntVectorTable
0000ab70   _PIE_registerSystemIntHandler
0000ab7b   _PIE_registerPieIntHandler
0000ab8a   _PIE_init
0000ab91   _PIE_getIntFlags
0000ab99   _PIE_getIntEnables
0000aba1   _PIE_getExtIntCount
0000aba9   _PIE_forceInt
0000abb3   _PIE_enableTimer0Int
0000abb6   _PIE_enablePwmTzInt
0000abbb   _PIE_enablePwmInt
0000abc0   _PIE_enableInt
0000abca   _PIE_enableExtInt
0000abe8   _PIE_enableCaptureInt
0000abec   _PIE_enableAdcInt
0000ac07   _PIE_enable
0000ac0a   _PIE_disableInt
0000ac15   _PIE_disableExtInt
0000ac1e   _PIE_disableCaptureInt
0000ac22   _PIE_disableAllInts
0000ac2e   _PIE_disable
0000ac31   _PIE_clearAllInts
0000ac34   _PIE_clearAllFlags
0000ac40   _SCI_getTxFifoStatus
0000ac44   _SCI_write_char
0000ac4d   _SCI_write_str
0000ac54   _SCI_setTxFifoIntLevel
0000ac5b   _SCI_setTxDelay
0000ac62   _SCI_setRxFifoIntLevel
0000ac69   _SCI_setPriority
0000ac6c   _SCI_setParity
0000ac70   _SCI_setNumStopBits
0000ac74   _SCI_setMode
0000ac78   _SCI_setCharLength
0000ac7c   _SCI_setBaudRate
0000ac82   _SCI_resetTxFifo
0000ac8c   _SCI_resetRxFifo
0000ac96   _SCI_resetChannels
0000aca0   _SCI_reset
0000aca3   _SCI_putDataNonBlocking
0000acac   _SCI_putDataBlocking
0000acb1   _SCI_init
0000acb7   _SCI_getRxFifoStatus
0000acbb   _SCI_getDataNonBlocking
0000acc4   _SCI_getDataBlocking
0000acc8   _SCI_enableTxWake
0000accb   _SCI_enableTxInt
0000acce   _SCI_enableTxFifoInt
0000acd2   _SCI_enableTxFifoEnh
0000acd6   _SCI_enableTxFifo
0000acda   _SCI_enableTx
0000acdd   _SCI_enableSleep
0000ace0   _SCI_enableRxInt
0000ace3   _SCI_enableRxFifoInt
0000ace7   _SCI_enableRxFifo
0000aceb   _SCI_enableRxErrorInt
0000acee   _SCI_enableRx
0000acf1   _SCI_enableParity
0000acf4   _SCI_enableLoopBack
0000acf7   _SCI_enableChannels
0000acfb   _SCI_enableAutoBaudAlign
0000acff   _SCI_enable
0000ad02   _SCI_disableTxWake
0000ad05   _SCI_disableTxInt
0000ad08   _SCI_disableTxFifoInt
0000ad0c   _SCI_disableTxFifoEnh
0000ad10   _SCI_disableTx
0000ad13   _SCI_disableSleep
0000ad16   _SCI_disableRxInt
0000ad19   _SCI_disableRxFifoInt
0000ad1d   _SCI_disableRxErrorInt
0000ad20   _SCI_disableRx
0000ad23   _SCI_disableParity
0000ad26   _SCI_disableLoopBack
0000ad29   _SCI_disableAutoBaudAlign
0000ad2d   _SCI_disable
0000ad30   _SCI_clearTxFifoInt
0000ad34   _SCI_clearRxFifoOvf
0000ad38   _SCI_clearRxFifoInt
0000ad3c   _SCI_clearAutoBaudDetect
0000ad40   _SPI_setTxFifoIntLevel
0000ad47   _SPI_setTxDelay
0000ad4a   _SPI_setTriWire
0000ad51   _SPI_setSuspend
0000ad58   _SPI_setSteInv
0000ad5f   _SPI_setRxFifoIntLevel
0000ad66   _SPI_setPriority
0000ad6d   _SPI_setMode
0000ad6f   _SPI_setClkPolarity
0000ad73   _SPI_setClkPhase
0000ad75   _SPI_setCharLength
0000ad79   _SPI_setBaudRate
0000ad7b   _SPI_resetTxFifo
0000ad7f   _SPI_resetRxFifo
0000ad83   _SPI_resetChannels
0000ad87   _SPI_reset
0000ad8a   _SPI_init
0000ad90   _SPI_getTxFifoStatus
0000ad94   _SPI_getTxBufferStatus
0000ad97   _SPI_getRxFifoStatus
0000ad9b   _SPI_getIntFlagStatus
0000ad9e   _SPI_enableTxFifoInt
0000ada2   _SPI_enableTxFifoEnh
0000ada6   _SPI_enableTxFifo
0000adaa   _SPI_enableTx
0000adad   _SPI_enableRxFifoInt
0000adb1   _SPI_enableRxFifo
0000adb5   _SPI_enableOverRunInt
0000adb8   _SPI_enableLoopBack
0000adbb   _SPI_enableInt
0000adbe   _SPI_enableChannels
0000adc2   _SPI_enable
0000adc5   _SPI_disableTxFifoInt
0000adc9   _SPI_disableTxFifoEnh
0000adcd   _SPI_disableTx
0000add0   _SPI_disableRxFifoInt
0000add4   _SPI_disableOverRunInt
0000add7   _SPI_disableLoopBack
0000adda   _SPI_disableInt
0000addd   _SPI_clearTxFifoInt
0000ade1   _SPI_clearRxFifoOvf
0000ade5   _SPI_clearRxFifoInt
0000ade9   FS$$DIV
0000ae71   FD$$MPY
0000aef4   _exp
0000af5c   _log
0000afbd   _PLL_setLockPeriod
0000afc2   _PLL_setDivideSelect
0000afc9   _PLL_setClkFreq
0000afcf   _PLL_resetClkDetect
0000afd5   _PLL_init
0000afdb   _PLL_getLockStatus
0000afde   _PLL_getDivideSelect
0000afe1   _PLL_getClkStatus
0000afe4   _PLL_getClkFreq
0000afe8   _PLL_enableOsc
0000afee   _PLL_enableNormRdy
0000aff4   _PLL_enableClkDetect
0000affa   _PLL_enable
0000b000   _PLL_disableOsc
0000b006   _PLL_disableNormRdy
0000b00c   _PLL_disableClkDetect
0000b012   _PLL_disable
0000b018   _pow
0000b072   __log
0000b0c2   _PWR_setNumStandByClocks
0000b0d4   _PWR_setLowPowerMode
0000b0e6   _PWR_init
0000b0ed   _PWR_enableWatchDogInt
0000b0f8   _PWR_enableBrownOutReset
0000b0fb   _PWR_disableWatchDogInt
0000b106   _PWR_disableBrownOutReset
0000b109   _c_int00
0000b14f   _WDOG_setPreScaler
0000b159   _WDOG_setCount
0000b15b   _WDOG_init
0000b161   _WDOG_getIntStatus
0000b164   _WDOG_enableOverRide
0000b16a   _WDOG_enableInt
0000b170   _WDOG_enable
0000b179   _WDOG_disableOverRide
0000b17f   _WDOG_disableInt
0000b185   _WDOG_disable
0000b18d   _WDOG_clearCounter
0000b195   _OFFSET_setOffset
0000b197   _OFFSET_setInitCond
0000b1a6   _OFFSET_setBeta
0000b1bc   _OFFSET_init
0000b1cd   _OFFSET_getBeta
0000b1da   _TIMER_setPreScaler
0000b1e8   _TIMER_setEmulationMode
0000b1ec   _TIMER_setDecimationFactor
0000b1fa   _TIMER_init
0000b200   _TIMER_getStatus
0000b203   _TIMER_enableInt
0000b206   _TIMER_disableInt
0000b209   _TIMER_clearFlag
0000b20c   _ldexp
0000b23d   _OSC_setTrim
0000b246   _OSC_setFineTrim
0000b257   _OSC_setCoarseTrim
0000b264   _OSC_init
0000b26a   _CPU_init
0000b270   _CPU_enableProtectedRegisterWrite
0000b273   _CPU_enableInt
0000b277   _CPU_enableGlobalInts
0000b27a   _CPU_enableDebugInt
0000b27d   _CPU_disableProtectedRegisterWrite
0000b280   _CPU_disableInts
0000b283   _CPU_disableInt
0000b288   _CPU_disableGlobalInts
0000b28b   _CPU_disableDebugInt
0000b28e   _CPU_clearIntFlags
0000b291   _FILTER_FO_setNumCoeffs
0000b295   _FILTER_FO_setInitialConditions
0000b29c   _FILTER_FO_setDenCoeffs
0000b29e   _FILTER_FO_init
0000b2a4   _FILTER_FO_getNumCoeffs
0000b2aa   _FILTER_FO_getInitialConditions
0000b2b1   _FILTER_FO_getDenCoeffs
0000b2b4   _sqrt
0000b2d7   I$$DIV
0000b2e8   I$$MOD
0000b2f9   _FLASH_init
0000b2ff   _FLASH_getStandbyWaitStatus
0000b303   _FLASH_getStandbyWaitCount
0000b306   _FLASH_getPowerMode
0000b309   _FLASH_getActiveWaitStatus
0000b30d   _FLASH_getActiveWaitCount
0000b310   _FLASH_get3VStatus
0000b313   _FLASH_clear3VStatus
0000b319   FD$$TOL
0000b338   FS$$TOFD
0000b354   _modf
0000b36e   __args_main
0000b387   C$$EXIT
0000b387   _abort
0000b389   _exit
0000b3a0   _frexp
0000b3b6   _PIE_illegalIsr
0000b3c0   __register_unlock
0000b3c4   __register_lock
0000b3c8   __nop
0000b3d1   _FW_init
0000b3d7   ___etext__
0000b3d7   etext
0000b3d8   __unlock
0000b3da   __lock
0000b3dc   ___TI_cleanup_ptr
0000b3de   ___TI_dtors_ptr
0000b3e2   _cpu
0000b3e3   _errno
0000b400   _gLEDcnt
0000b401   _Flag_Latch_softwareUpdate
0000b402   _gBuzzcnt
0000b403   _n
0000b404   _i
0000b405   _Wrten
0000b406   _gCounter_updateGlobals
0000b408   _halHandle
0000b40a   _gMaxCurrentSlope
0000b40c   _ctrlHandle
0000b40e   _Iq_Max_pu
0000b410   _fwHandle
0000b412   _gFlux_pu_to_Wb_sf
0000b414   _gTorque_Ls_Id_Iq_pu_to_Nm_sf
0000b416   _gFlux_pu_to_VpHz_sf
0000b418   _gTorque_Flux_Iq_pu_to_Nm_sf
0000b41a   _controller_obj
0000b41c   _STA
0000b41e   _STO
0000b420   _m
0000b422   _data
0000b426   _gPwmData
0000b42c   _gAdcData
0000b440   _fw
0000b454   _gDrvSpi8301Vars
0000b480   _gMotorVars
0000b500   _gUserParams
0000b5c0   _hal
0000b66a   __IQ24sqrt
0000b6ac   __IQ24sinPU
0000b6d5   __IQ24cosPU
0000b6fc   __IQ30toF
003f861b   _EST_getState
003f861d   _EST_useZeroIq_ref
003f8679   _EST_isMotorIdentified
003f8713   _EST_updateState
003f89f5   _EST_updateId_ref_pu
003f8a18   _EST_setRs_pu
003f8adb   _EST_setMaxCurrentSlope_pu
003f8ae7   _EST_setLs_q_pu
003f8af1   _EST_setLs_qFmt
003f8b45   _EST_setLs_d_pu
003f8b63   _EST_setIq_ref_pu
003f8b67   _EST_setIdle_all
003f8b7a   _EST_setIdle
003f8b80   _EST_setId_ref_pu
003f8bd3   _EST_setFlag_enableRsRecalc
003f8bdb   _EST_setFlag_enableForceAngle
003f8c0d   _EST_getAngle_pu
003f927b   _EST_run
003f9378   _EST_isOnLine
003f937f   _EST_isLockRotor
003f9386   _EST_isIdle
003f938d   _EST_isError
003f9453   _EST_get_pu_to_krpm_sf
003f9458   _EST_get_krpm_to_pu_sf
003f94c6   _EST_getSpeed_krpm
003f9513   _EST_getRs_Ohm
003f95ad   _EST_getRr_Ohm
003f95b3   _EST_getOneOverDcBus_pu
003f95bd   _EST_getMaxCurrentSlope_pu
003f95c9   _EST_getLs_q_pu
003f95ce   _EST_getLs_q_H
003f95f0   _EST_getLs_d_pu
003f95f5   _EST_getLs_d_H
003f95ff   _EST_getLs_coarse_max_pu
003f9632   _EST_getIdRated
003f968e   _EST_getFm_pu
003f96ab   _EST_getFlux_pu
003f96be   _EST_getFlux_VpHz
003f9758   _EST_doSpeedCtrl
003f9760   _EST_doCurrentCtrl
003f9806   _CTRL_setupTraj
003f996a   _CTRL_setupEstOnLineState
003f99a5   _CTRL_setupEstIdleState
003f9b43   _CTRL_setupCtrl
003f9d31   _CTRL_setUserMotorParams
003f9e64   _CTRL_setEstParams
003fa5d1   _CTRL_runTraj
003fa6fb   _CTRL_initCtrl
003fa721   _CTRL_getVersion
003fdc30   _IQsinTable
003fdd30   _IQcosTable
003fe030   _IQsinTableEnd
003fe132   _IQcosTableEnd
003fe132   _IQdivRoundSatTable
003fe140   _IQdivTable
003fe342   _IQdivTableEnd
003fe342   _IQisqrtRoundSatTable
003fe342   _IQsqrtRoundSatTable
003fe352   _IQisqrtTable
003fe352   _IQsqrtTable
003fe454   _IQatan2HalfPITable
003fe454   _IQisqrtTableEnd
003fe454   _IQsqrtTableEnd
003fe492   _IQatan2Table
003fe618   _IQ30mpyRndSatTable
003fe618   _IQatan2TableEnd
003fe618   _IQmpyRndSatTable
003fe624   _IQ29mpyRndSatTable
003fe630   _IQ28mpyRndSatTable
003fe63c   _IQ27mpyRndSatTable
003fe648   _IQ26mpyRndSatTable
003fe654   _IQ25mpyRndSatTable
003fe660   _IQ24mpyRndSatTable
003fe66c   _IQ23mpyRndSatTable
003fe678   _IQ22mpyRndSatTable
003fe684   _IQ21mpyRndSatTable
003fe690   _IQ20mpyRndSatTable
003fe69c   _IQ19mpyRndSatTable
003fe6a8   _IQ18mpyRndSatTable
003fe6b4   _IQ17mpyRndSatTable
003fe6c0   _IQ16mpyRndSatTable
003fe6cc   _IQ15mpyRndSatTable
003fe6d8   _IQ14mpyRndSatTable
003fe6e4   _IQ13mpyRndSatTable
003fe6f0   _IQ12mpyRndSatTable
003fe6fc   _IQ11mpyRndSatTable
003fe708   _IQ10mpyRndSatTable
003fe714   _IQ9mpyRndSatTable
003fe720   _IQ8mpyRndSatTable
003fe72c   _IQ7mpyRndSatTable
003fe738   _IQ6mpyRndSatTable
003fe744   _IQ5mpyRndSatTable
003fe750   _IQ4mpyRndSatTable
003fe75c   _IQ3mpyRndSatTable
003fe768   _IQ2mpyRndSatTable
003fe774   _IQ1mpyRndSatTable
003fe780   _IQmpyRndSatTableEnd
ffffffff   ___binit__
ffffffff   ___c_args__
ffffffff   ___pinit__
ffffffff   binit
ffffffff   pinit

[713 symbols]
