******************************************************************************
             TMS320C2000 Linker PC v6.2.7                      
******************************************************************************
>> Linked Tue Jul 12 14:45:56 2016

OUTPUT FILE NAME:   <proj_lab11a.out>
ENTRY POINT SYMBOL: "_c_int00"  address: 0000ad52


MEMORY CONFIGURATION

         name            origin    length      used     unused   attr    fill
----------------------  --------  ---------  --------  --------  ----  --------
PAGE 0:
  BEGIN                 00000000   00000002  00000002  00000000  RWIX
  RAMM0                 00000050   000003b0  0000013e  00000272  RWIX
  RAML0_L8              00008000   0000b800  00003563  0000829d  RWIX
  FPUTABLES             003fd590   000006a0  00000000  000006a0  RWIX
  IQTABLES              003fdc30   00000b50  00000b50  00000000  RWIX
  IQTABLES2             003fe780   0000008c  00000000  0000008c  RWIX
  IQTABLES3             003fe80c   000000aa  00000000  000000aa  RWIX
  BOOTROM               003ff3b0   00000c10  00000000  00000c10  RWIX
  RESET                 003fffc0   00000002  00000000  00000002  RWIX

PAGE 1:
  BOOT_RSVD             00000002   0000004e  00000000  0000004e  RWIX
  RAMM1                 00000400   00000400  000003b0  00000050  RWIX
  USB_RAM               00040000   00000800  00000000  00000800  RWIX


SECTION ALLOCATION MAP

 output                                  attributes/
section   page    origin      length       input sections
--------  ----  ----------  ----------   ----------------
codestart 
*          0    00000000    00000002     
                  00000000    00000002     CodeStartBranch.obj (codestart)

.pinit     0    00000050    00000000     UNINITIALIZED

.cinit     0    00000050    00000108     
                  00000050    000000ea     proj_lab11a.obj (.cinit)
                  0000013a    0000000a     rts2800_ml.lib : _lock.obj (.cinit)
                  00000144    0000000a                    : exit.obj (.cinit)
                  0000014e    00000004     drv8301.obj (.cinit)
                  00000152    00000004     rts2800_ml.lib : errno.obj (.cinit)
                  00000156    00000002     --HOLE-- [fill = 0]

ramfuncs   0    00000158    00000036     
                  00000158    00000032     flash.obj (ramfuncs)
                  0000018a    00000004     usDelay.obj (ramfuncs)

.text      0    00008000    000030e1     
                  00008000    00000ad5     hal.obj (.text)
                  00008ad5    0000078e     proj_lab11a.obj (.text)
                  00009263    0000048a     user.obj (.text)
                  000096ed    00000384     proj_lab11a.obj (.text:retain)
                  00009a71    000002f0     pwm.obj (.text)
                  00009d61    000002b8     drv8301.obj (.text)
                  0000a019    000001fb     adc.obj (.text)
                  0000a214    00000193     gpio.obj (.text)
                  0000a3a7    0000018a     clk.obj (.text)
                  0000a531    0000010e     pie.obj (.text)
                  0000a63f    000000ff     sci.obj (.text)
                  0000a73e    000000aa     rts2800_ml.lib : log.obj (.text)
                  0000a7e8    000000a9     spi.obj (.text)
                  0000a891    0000009d     rts2800_ml.lib : exp.obj (.text)
                  0000a92e    0000008d                    : _log.obj (.text)
                  0000a9bb    00000087                    : pow.obj (.text)
                  0000aa42    00000083                    : fd_mpy.obj (.text)
                  0000aac5    00000083                    : fs_div.obj (.text)
                  0000ab48    00000078                    : fs_add.obj (.text)
                  0000abc0    0000005b     pll.obj (.text)
                  0000ac1b    0000005a     rts2800_ml.lib : fs_mpy.obj (.text)
                  0000ac75    00000050                    : sqrt.obj (.text)
                  0000acc5    00000047     pwr.obj (.text)
                  0000ad0c    00000046     wdog.obj (.text)
                  0000ad52    00000044     rts2800_ml.lib : boot.obj (.text)
                  0000ad96    0000003f                    : ldexp.obj (.text)
                  0000add5    00000032     timer.obj (.text)
                  0000ae07    00000031     rts2800_ml.lib : modf.obj (.text)
                  0000ae38    0000002d     osc.obj (.text)
                  0000ae65    00000029     rts2800_ml.lib : fs_tol.obj (.text)
                  0000ae8e    00000027     cpu.obj (.text)
                  0000aeb5    00000025     rts2800_ml.lib : fs_toi.obj (.text)
                  0000aeda    00000022                    : i_div.obj (.text)
                  0000aefc    00000021     filter_fo.obj (.text)
                  0000af1d    00000021     rts2800_ml.lib : fs_toul.obj (.text)
                  0000af3e    00000020     flash.obj (.text)
                  0000af5e    0000001f     rts2800_ml.lib : fd_tol.obj (.text)
                  0000af7d    0000001d                    : fs_tou.obj (.text)
                  0000af9a    0000001c     cpu_usage.obj (.text)
                  0000afb6    0000001c     rts2800_ml.lib : fs_tofd.obj (.text)
                  0000afd2    0000001a                    : i_tofs.obj (.text)
                  0000afec    0000001a                    : l_tofs.obj (.text)
                  0000b006    00000019                    : args_main.obj (.text)
                  0000b01f    00000019                    : exit.obj (.text)
                  0000b038    00000017                    : fs_cmp.obj (.text)
                  0000b04f    00000014                    : frexp.obj (.text)
                  0000b063    00000013                    : ul_tofs.obj (.text)
                  0000b076    00000010                    : u_tofs.obj (.text)
                  0000b086    0000000e     EST_getIdq_pu.lib : EST_getIdq_pu.obj (.text)
                  0000b094    0000000d     pid.obj (.text)
                  0000b0a1    00000009     rts2800_ml.lib : _lock.obj (.text)
                  0000b0aa    00000008     CodeStartBranch.obj (.text)
                  0000b0b2    00000007     svgen.obj (.text)
                  0000b0b9    00000006     clarke.obj (.text)
                  0000b0bf    00000006     fw.obj (.text)
                  0000b0c5    00000006     ipark.obj (.text)
                  0000b0cb    00000006     svgen_current.obj (.text)
                  0000b0d1    00000006     traj.obj (.text)
                  0000b0d7    00000005     pie.obj (.text:retain)
                  0000b0dc    00000005     rts2800_ml.lib : fs_neg.obj (.text)

.ebss      0    0000b0e2    000003c8     UNINITIALIZED
                  0000b0e2    00000004     rts2800_ml.lib : _lock.obj (.ebss)
                  0000b0e6    00000004                    : exit.obj (.ebss)
                  0000b0ea    00000002     drv8301.obj (.ebss)
                  0000b0ec    00000001     cpu.obj (.ebss)
                  0000b0ed    00000001     rts2800_ml.lib : errno.obj (.ebss)
                  0000b0ee    00000012     --HOLE--
                  0000b100    000002ec     proj_lab11a.obj (.ebss)
                  0000b3ec    00000014     --HOLE--
                  0000b400    000000aa     hal.obj (.ebss)

IQmath     0    0000b4aa    000000a6     
                  0000b4aa    00000042     IQmath.lib : IQ24sqrt.obj (IQmath)
                  0000b4ec    00000029                : IQ24sinPU.obj (IQmath)
                  0000b515    00000027                : IQ24cosPU.obj (IQmath)
                  0000b53c    00000014                : IQ30toF.obj (IQmath)

.econst    0    0000b550    00000014     
                  0000b550    00000008     proj_lab11a.obj (.econst)
                  0000b558    00000008     user.obj (.econst)
                  0000b560    00000004     hal.obj (.econst)

IQmathTables 
*          0    003fdc30    00000b50     NOLOAD SECTION
                  003fdc30    00000b50     IQmath.lib : IQmathTables.obj (IQmathTables)

.reset     0    003fffc0    00000002     DSECT
                  003fffc0    00000002     rts2800_ml.lib : boot.obj (.reset)

.stack     1    00000400    000003b0     UNINITIALIZED
                  00000400    000003b0     --HOLE--


GLOBAL DATA SYMBOLS: SORTED BY DATA PAGE

address     data page           name
--------    ----------------    ----
00000400      10 (00000400)     __stack

0000b0e2     2c3 (0000b0c0)     __unlock
0000b0e4     2c3 (0000b0c0)     __lock
0000b0e6     2c3 (0000b0c0)     ___TI_cleanup_ptr
0000b0e8     2c3 (0000b0c0)     ___TI_dtors_ptr
0000b0ec     2c3 (0000b0c0)     _cpu
0000b0ed     2c3 (0000b0c0)     _errno

0000b100     2c4 (0000b100)     _i
0000b101     2c4 (0000b100)     _gCmpOffset
0000b102     2c4 (0000b100)     _gIavg_shift
0000b103     2c4 (0000b100)     _gFlag_enableRsOnLine
0000b104     2c4 (0000b100)     _pidCntSpeed
0000b105     2c4 (0000b100)     _gFlag_updateRs
0000b106     2c4 (0000b100)     _gOffsetCalcCount
0000b108     2c4 (0000b100)     _gRsOnLineFreq_Hz
0000b10a     2c4 (0000b100)     _gRsOnLinePole_Hz
0000b10c     2c4 (0000b100)     _gRsOnLineId_mag_A
0000b10e     2c4 (0000b100)     _trajHandle_Id
0000b110     2c4 (0000b100)     _svgen
0000b112     2c4 (0000b100)     _trajHandle_spd
0000b114     2c4 (0000b100)     _cpu_usageHandle
0000b116     2c4 (0000b100)     _halHandle
0000b118     2c4 (0000b100)     _gFlux_pu_to_Wb_sf
0000b11a     2c4 (0000b100)     _iparkHandle
0000b11c     2c4 (0000b100)     _fwHandle
0000b11e     2c4 (0000b100)     _estHandle
0000b120     2c4 (0000b100)     _svgencurrentHandle
0000b122     2c4 (0000b100)     _svgencurrent
0000b124     2c4 (0000b100)     _svgenHandle
0000b126     2c4 (0000b100)     _clarkeHandle_I
0000b128     2c4 (0000b100)     _clarkeHandle_V
0000b12a     2c4 (0000b100)     _gCpuUsagePercentageMin
0000b12c     2c4 (0000b100)     _gCpuUsagePercentageAvg
0000b12e     2c4 (0000b100)     _gCpuUsagePercentageMax
0000b130     2c4 (0000b100)     _gTorque_Ls_Id_Iq_pu_to_Nm_sf
0000b132     2c4 (0000b100)     _gFlux_pu_to_VpHz_sf
0000b134     2c4 (0000b100)     _gTorque_Flux_Iq_pu_to_Nm_sf
0000b136     2c4 (0000b100)     _gSpeed_hz_to_krpm_sf
0000b138     2c4 (0000b100)     _gSpeed_krpm_to_pu_sf
0000b13a     2c4 (0000b100)     _gIs_Max_squared_pu
0000b13c     2c4 (0000b100)     _data

0000b140     2c5 (0000b140)     _gIdq_pu
0000b144     2c5 (0000b140)     _gVdq_out_pu
0000b148     2c5 (0000b140)     _gIdq_ref_pu
0000b14c     2c5 (0000b140)     _ipark
0000b150     2c5 (0000b140)     _gOffsets_V_pu
0000b156     2c5 (0000b140)     _clarke_I
0000b15c     2c5 (0000b140)     _gOffsets_I_pu
0000b162     2c5 (0000b140)     _gIavg
0000b168     2c5 (0000b140)     _pidHandle
0000b16e     2c5 (0000b140)     _gPwmData
0000b174     2c5 (0000b140)     _clarke_V

0000b180     2c6 (0000b180)     _traj_spd
0000b18a     2c6 (0000b180)     _traj_Id
0000b194     2c6 (0000b180)     _filterHandle
0000b1a0     2c6 (0000b180)     _gAdcData

0000b1c0     2c7 (0000b1c0)     _fw
0000b1d4     2c7 (0000b1c0)     _cpu_usage

0000b200     2c8 (0000b200)     _gDrvSpi8301Vars

0000b240     2c9 (0000b240)     _pid

0000b280     2ca (0000b280)     _filter

0000b2c0     2cb (0000b2c0)     _gMotorVars

0000b340     2cd (0000b340)     _gUserParams

0000b400     2d0 (0000b400)     _hal

0000b4aa     2d2 (0000b480)     __IQ24sqrt

0000b4ec     2d3 (0000b4c0)     __IQ24sinPU

0000b515     2d4 (0000b500)     __IQ24cosPU
0000b53c     2d4 (0000b500)     __IQ30toF

003fdc30    ff70 (003fdc00)     _IQsinTable

003fdd30    ff74 (003fdd00)     _IQcosTable

003fe030    ff80 (003fe000)     _IQsinTableEnd

003fe132    ff84 (003fe100)     _IQcosTableEnd
003fe132    ff84 (003fe100)     _IQdivRoundSatTable

003fe140    ff85 (003fe140)     _IQdivTable

003fe342    ff8d (003fe340)     _IQdivTableEnd
003fe342    ff8d (003fe340)     _IQisqrtRoundSatTable
003fe342    ff8d (003fe340)     _IQsqrtRoundSatTable
003fe352    ff8d (003fe340)     _IQisqrtTable
003fe352    ff8d (003fe340)     _IQsqrtTable

003fe454    ff91 (003fe440)     _IQatan2HalfPITable
003fe454    ff91 (003fe440)     _IQisqrtTableEnd
003fe454    ff91 (003fe440)     _IQsqrtTableEnd

003fe492    ff92 (003fe480)     _IQatan2Table

003fe618    ff98 (003fe600)     _IQ30mpyRndSatTable
003fe618    ff98 (003fe600)     _IQatan2TableEnd
003fe618    ff98 (003fe600)     _IQmpyRndSatTable
003fe624    ff98 (003fe600)     _IQ29mpyRndSatTable
003fe630    ff98 (003fe600)     _IQ28mpyRndSatTable
003fe63c    ff98 (003fe600)     _IQ27mpyRndSatTable

003fe648    ff99 (003fe640)     _IQ26mpyRndSatTable
003fe654    ff99 (003fe640)     _IQ25mpyRndSatTable
003fe660    ff99 (003fe640)     _IQ24mpyRndSatTable
003fe66c    ff99 (003fe640)     _IQ23mpyRndSatTable
003fe678    ff99 (003fe640)     _IQ22mpyRndSatTable

003fe684    ff9a (003fe680)     _IQ21mpyRndSatTable
003fe690    ff9a (003fe680)     _IQ20mpyRndSatTable
003fe69c    ff9a (003fe680)     _IQ19mpyRndSatTable
003fe6a8    ff9a (003fe680)     _IQ18mpyRndSatTable
003fe6b4    ff9a (003fe680)     _IQ17mpyRndSatTable

003fe6c0    ff9b (003fe6c0)     _IQ16mpyRndSatTable
003fe6cc    ff9b (003fe6c0)     _IQ15mpyRndSatTable
003fe6d8    ff9b (003fe6c0)     _IQ14mpyRndSatTable
003fe6e4    ff9b (003fe6c0)     _IQ13mpyRndSatTable
003fe6f0    ff9b (003fe6c0)     _IQ12mpyRndSatTable
003fe6fc    ff9b (003fe6c0)     _IQ11mpyRndSatTable

003fe708    ff9c (003fe700)     _IQ10mpyRndSatTable
003fe714    ff9c (003fe700)     _IQ9mpyRndSatTable
003fe720    ff9c (003fe700)     _IQ8mpyRndSatTable
003fe72c    ff9c (003fe700)     _IQ7mpyRndSatTable
003fe738    ff9c (003fe700)     _IQ6mpyRndSatTable

003fe744    ff9d (003fe740)     _IQ5mpyRndSatTable
003fe750    ff9d (003fe740)     _IQ4mpyRndSatTable
003fe75c    ff9d (003fe740)     _IQ3mpyRndSatTable
003fe768    ff9d (003fe740)     _IQ2mpyRndSatTable
003fe774    ff9d (003fe740)     _IQ1mpyRndSatTable

003fe780    ff9e (003fe780)     _IQmpyRndSatTableEnd


GLOBAL SYMBOLS: SORTED ALPHABETICALLY BY Name 

address    name
--------   ----
00008000   .text
0000b01f   C$$EXIT
0000aa42   FD$$MPY
0000af5e   FD$$TOL
0000ab4d   FS$$ADD
0000b038   FS$$CMP
0000aac5   FS$$DIV
0000ac1b   FS$$MPY
0000b0dc   FS$$NEG
0000ab48   FS$$SUB
0000afb6   FS$$TOFD
0000aeb5   FS$$TOI
0000ae65   FS$$TOL
0000af7d   FS$$TOU
0000af1d   FS$$TOUL
0000aeda   I$$DIV
0000aeeb   I$$MOD
0000afd2   I$$TOFS
0000afec   L$$TOFS
0000b076   U$$TOFS
0000b063   UL$$TOFS
0000a209   _ADC_disable
0000a1fe   _ADC_disableBandGap
0000a1e3   _ADC_disableInt
0000a1d8   _ADC_disableNoOverlapMode
0000a1cd   _ADC_disableRefBuffers
0000a1c2   _ADC_disableVoltRefLoConv
0000a1b7   _ADC_enable
0000a1ac   _ADC_enableBandGap
0000a195   _ADC_enableInt
0000a18a   _ADC_enableNoOverlapMode
0000a17f   _ADC_enableRefBuffers
0000a174   _ADC_enableVoltRefLoConv
0000a16c   _ADC_getDivideSelect
0000a165   _ADC_init
0000a15a   _ADC_powerDown
0000a14f   _ADC_powerUp
0000a144   _ADC_reset
0000a132   _ADC_setDivideSelect
0000a115   _ADC_setIntMode
0000a103   _ADC_setIntPulseGenMode
0000a0e6   _ADC_setIntSrc
0000a0df   _ADC_setOffTrim
0000a0c7   _ADC_setSampleMode
0000a0b2   _ADC_setSampleOverlapMode
0000a09f   _ADC_setSocChanNumber
0000a095   _ADC_setSocFrc
0000a08e   _ADC_setSocFrcWord
0000a07b   _ADC_setSocSampleDelay
0000a068   _ADC_setSocTrigSrc
0000a056   _ADC_setTempSensorSrc
0000a044   _ADC_setVoltRefSrc
0000a019   _ADC_setupSocTrigSrc
0000b0b9   _CLARKE_init
0000a52a   _CLK_disableAdcClock
0000a523   _CLK_disableClaClock
0000a51d   _CLK_disableClkIn
0000a519   _CLK_disableCompClock
0000a512   _CLK_disableCpuTimerClock
0000a50c   _CLK_disableCrystalOsc
0000a505   _CLK_disableEcanaClock
0000a4fe   _CLK_disableEcap1Clock
0000a4f7   _CLK_disableEqep1Clock
0000a4f0   _CLK_disableEqep2Clock
0000a4e9   _CLK_disableGpioInputClock
0000a4e2   _CLK_disableHrPwmClock
0000a4db   _CLK_disableI2cClock
0000a4d4   _CLK_disableLinAClock
0000a4ce   _CLK_disableOsc1
0000a4c8   _CLK_disableOsc1HaltMode
0000a4c2   _CLK_disableOsc2
0000a4bc   _CLK_disableOsc2HaltMode
0000a4b2   _CLK_disablePwmClock
0000a4ab   _CLK_disableSciaClock
0000a4a4   _CLK_disableScibClock
0000a49d   _CLK_disableSpiaClock
0000a499   _CLK_disableSpibClock
0000a492   _CLK_disableTbClockSync
0000a48c   _CLK_disableWatchDogHaltMode
0000a485   _CLK_enableAdcClock
0000a47e   _CLK_enableClaClock
0000a478   _CLK_enableClkIn
0000a472   _CLK_enableCompClock
0000a46c   _CLK_enableCpuTimerClock
0000a466   _CLK_enableCrystalOsc
0000a45f   _CLK_enableEcanaClock
0000a458   _CLK_enableEcap1Clock
0000a451   _CLK_enableEqep1Clock
0000a44a   _CLK_enableEqep2Clock
0000a443   _CLK_enableGpioInputClock
0000a43c   _CLK_enableHrPwmClock
0000a435   _CLK_enableI2cClock
0000a42e   _CLK_enableLinAClock
0000a428   _CLK_enableOsc1
0000a422   _CLK_enableOsc1HaltMode
0000a41c   _CLK_enableOsc2
0000a416   _CLK_enableOsc2HaltMode
0000a40d   _CLK_enablePwmClock
0000a406   _CLK_enableSciaClock
0000a3ff   _CLK_enableScibClock
0000a3f8   _CLK_enableSpiaClock
0000a3f1   _CLK_enableSpibClock
0000a3ea   _CLK_enableTbClockSync
0000a3e4   _CLK_enableWatchDogHaltMode
0000a3de   _CLK_init
0000a3d7   _CLK_setClkOutPreScaler
0000a3d1   _CLK_setLowSpdPreScaler
0000a3ca   _CLK_setOsc2Src
0000a3c3   _CLK_setOscSrc
0000a3bc   _CLK_setTimer2PreScale
0000a3b5   _CLK_setTimer2Src
0000a3ae   _CLK_setWatchDogSrc
0000a3a7   _CLK_setXClkInSrc
0000afb0   _CPU_USAGE_init
0000af9a   _CPU_USAGE_setParams
0000aeb2   _CPU_clearIntFlags
0000aeaf   _CPU_disableDebugInt
0000aeac   _CPU_disableGlobalInts
0000aea7   _CPU_disableInt
0000aea4   _CPU_disableInts
0000aea1   _CPU_disableProtectedRegisterWrite
0000ae9e   _CPU_enableDebugInt
0000ae9b   _CPU_enableGlobalInts
0000ae97   _CPU_enableInt
0000ae94   _CPU_enableProtectedRegisterWrite
0000ae8e   _CPU_init
003fa69d   _CTRL_init
003fa83e   _CTRL_setGains
003fa866   _CTRL_setParams
003f9d31   _CTRL_setUserMotorParams
003f99a5   _CTRL_setupEstIdleState
00009ff7   _DRV8301_enable
00009fe5   _DRV8301_getDcCalMode
00009fca   _DRV8301_getFaultType
00009fc4   _DRV8301_getId
00009fbd   _DRV8301_getOcLevel
00009fb6   _DRV8301_getOcMode
00009faf   _DRV8301_getOcOffTimeMode
00009fa8   _DRV8301_getOcTwMode
00009fa1   _DRV8301_getPeakCurrent
00009f9a   _DRV8301_getPwmMode
00009f93   _DRV8301_getShuntAmpGain
00009f8a   _DRV8301_init
00009f84   _DRV8301_isFault
00009f7d   _DRV8301_isReset
00009f12   _DRV8301_readData
00009da0   _DRV8301_readSpi
00009f03   _DRV8301_reset
00009ee4   _DRV8301_setDcCalMode
00009ee2   _DRV8301_setGpioHandle
00009ee0   _DRV8301_setGpioNumber
00009ecc   _DRV8301_setOcLevel
00009eb8   _DRV8301_setOcMode
00009ea4   _DRV8301_setOcOffTimeMode
00009e90   _DRV8301_setOcTwMode
00009e7c   _DRV8301_setPeakCurrent
00009e68   _DRV8301_setPwmMode
00009e54   _DRV8301_setShuntAmpGain
00009e52   _DRV8301_setSpiHandle
00009dd6   _DRV8301_setupSpi
00009d77   _DRV8301_writeData
00009d61   _DRV8301_writeSpi
003f8c0d   _EST_getAngle_pu
003f96be   _EST_getFlux_VpHz
003f96ab   _EST_getFlux_pu
003f968e   _EST_getFm_pu
003f9632   _EST_getIdRated
0000b086   _EST_getIdq_pu
003f95ff   _EST_getLs_coarse_max_pu
003f95f5   _EST_getLs_d_H
003f95f0   _EST_getLs_d_pu
003f95ce   _EST_getLs_q_H
003f95c9   _EST_getLs_q_pu
003f95b3   _EST_getOneOverDcBus_pu
003f95ad   _EST_getRr_Ohm
003f9549   _EST_getRsOnLineId_pu
003f953d   _EST_getRsOnLine_Ohm
003f9513   _EST_getRs_Ohm
003f94c6   _EST_getSpeed_krpm
003f861b   _EST_getState
003f9393   _EST_init
003f927b   _EST_run
003f8c04   _EST_setAngle_pu
003f8bdb   _EST_setFlag_enableForceAngle
003f8bd7   _EST_setFlag_enableRsOnLine
003f8bd3   _EST_setFlag_enableRsRecalc
003f8bcb   _EST_setFlag_updateRs
003f8b7a   _EST_setIdle
003f8b45   _EST_setLs_d_pu
003f8af1   _EST_setLs_qFmt
003f8ae7   _EST_setLs_q_pu
003f8aa5   _EST_setRsOnLineAngleDelta_pu
003f8a84   _EST_setRsOnLineFilterParams
003f8a78   _EST_setRsOnLineId_mag_pu
003f8a72   _EST_setRsOnLineId_pu
003f8713   _EST_updateState
0000af1a   _FILTER_FO_getDenCoeffs
0000af13   _FILTER_FO_getInitialConditions
0000af0d   _FILTER_FO_getNumCoeffs
0000af07   _FILTER_FO_init
0000af05   _FILTER_FO_setDenCoeffs
0000af00   _FILTER_FO_setInitialConditions
0000aefc   _FILTER_FO_setNumCoeffs
0000af58   _FLASH_clear3VStatus
00000184   _FLASH_disablePipelineMode
0000017e   _FLASH_enablePipelineMode
0000af55   _FLASH_get3VStatus
0000af52   _FLASH_getActiveWaitCount
0000af4e   _FLASH_getActiveWaitStatus
0000af4b   _FLASH_getPowerMode
0000af48   _FLASH_getStandbyWaitCount
0000af44   _FLASH_getStandbyWaitStatus
0000af3e   _FLASH_init
00000179   _FLASH_setActiveWaitCount
00000172   _FLASH_setNumPagedReadWaitStates
0000016b   _FLASH_setNumRandomReadWaitStates
00000164   _FLASH_setOtpWaitStates
0000015d   _FLASH_setPowerMode
00000158   _FLASH_setStandbyWaitCount
0000b0bf   _FW_init
0000a397   _GPIO_getData
0000a390   _GPIO_getPortData
0000a38a   _GPIO_init
0000a380   _GPIO_lpmSelect
0000a35a   _GPIO_read
0000a33f   _GPIO_setDirection
0000a334   _GPIO_setExtInt
0000a321   _GPIO_setHigh
0000a30e   _GPIO_setLow
0000a2d4   _GPIO_setMode
0000a2c9   _GPIO_setPortData
0000a2ae   _GPIO_setPullup
0000a26e   _GPIO_setQualification
0000a227   _GPIO_setQualificationPeriod
0000a214   _GPIO_toggle
000085cd   _HAL_AdcCalChanSelect
00008624   _HAL_AdcCalConversion
0000877b   _HAL_AdcOffsetSelfCal
00008840   _HAL_OscTempComp
00008893   _HAL_cal
00008ad1   _HAL_disableGlobalInts
000089b8   _HAL_disableWdog
00008abf   _HAL_enableAdcInts
00008abb   _HAL_enableDebugInt
00008ab6   _HAL_enableDrv
00008ab2   _HAL_enableGlobalInts
00008aa1   _HAL_enablePwmInt
00008a91   _HAL_enableTimer0Int
000087ae   _HAL_getOscTrimValue
000089bd   _HAL_init
000087c2   _HAL_osc1Comp
00008801   _HAL_osc2Comp
000089b3   _HAL_readDrvData
000088aa   _HAL_setParams
00008515   _HAL_setupAdcs
000084f9   _HAL_setupClks
000084f4   _HAL_setupDrvSpi
000084d5   _HAL_setupFaults
000084b1   _HAL_setupFlash
0000849c   _HAL_setupGate
000082fd   _HAL_setupGpios
000082b0   _HAL_setupPeripheralClks
00008294   _HAL_setupPie
00008256   _HAL_setupPll
000081cb   _HAL_setupPwmDacs
00008103   _HAL_setupPwms
000080b8   _HAL_setupSCI
00008072   _HAL_setupSpiA
0000803c   _HAL_setupSpiB
00008005   _HAL_setupTimers
00008000   _HAL_writeDrvData
0000b0c5   _IPARK_init
003fe708   _IQ10mpyRndSatTable
003fe6fc   _IQ11mpyRndSatTable
003fe6f0   _IQ12mpyRndSatTable
003fe6e4   _IQ13mpyRndSatTable
003fe6d8   _IQ14mpyRndSatTable
003fe6cc   _IQ15mpyRndSatTable
003fe6c0   _IQ16mpyRndSatTable
003fe6b4   _IQ17mpyRndSatTable
003fe6a8   _IQ18mpyRndSatTable
003fe69c   _IQ19mpyRndSatTable
003fe774   _IQ1mpyRndSatTable
003fe690   _IQ20mpyRndSatTable
003fe684   _IQ21mpyRndSatTable
003fe678   _IQ22mpyRndSatTable
003fe66c   _IQ23mpyRndSatTable
003fe660   _IQ24mpyRndSatTable
003fe654   _IQ25mpyRndSatTable
003fe648   _IQ26mpyRndSatTable
003fe63c   _IQ27mpyRndSatTable
003fe630   _IQ28mpyRndSatTable
003fe624   _IQ29mpyRndSatTable
003fe768   _IQ2mpyRndSatTable
003fe618   _IQ30mpyRndSatTable
003fe75c   _IQ3mpyRndSatTable
003fe750   _IQ4mpyRndSatTable
003fe744   _IQ5mpyRndSatTable
003fe738   _IQ6mpyRndSatTable
003fe72c   _IQ7mpyRndSatTable
003fe720   _IQ8mpyRndSatTable
003fe714   _IQ9mpyRndSatTable
003fe454   _IQatan2HalfPITable
003fe492   _IQatan2Table
003fe618   _IQatan2TableEnd
003fdd30   _IQcosTable
003fe132   _IQcosTableEnd
003fe132   _IQdivRoundSatTable
003fe140   _IQdivTable
003fe342   _IQdivTableEnd
003fe342   _IQisqrtRoundSatTable
003fe352   _IQisqrtTable
003fe454   _IQisqrtTableEnd
003fe618   _IQmpyRndSatTable
003fe780   _IQmpyRndSatTableEnd
003fdc30   _IQsinTable
003fe030   _IQsinTableEnd
003fe342   _IQsqrtRoundSatTable
003fe352   _IQsqrtTable
003fe454   _IQsqrtTableEnd
003fb4dc   _OFFSET_init
003fb4c6   _OFFSET_setBeta
003fb4bd   _OFFSET_setInitCond
003fb4bb   _OFFSET_setOffset
0000ae5f   _OSC_init
0000ae52   _OSC_setCoarseTrim
0000ae41   _OSC_setFineTrim
0000ae38   _OSC_setTrim
0000b094   _PID_init
0000a635   _PIE_clearAllFlags
0000a632   _PIE_clearAllInts
0000a62f   _PIE_disable
0000a625   _PIE_disableAllInts
0000a621   _PIE_disableCaptureInt
0000a614   _PIE_disableExtInt
0000a609   _PIE_disableInt
0000a606   _PIE_enable
0000a5ea   _PIE_enableAdcInt
0000a5e6   _PIE_enableCaptureInt
0000a5c3   _PIE_enableExtInt
0000a5b9   _PIE_enableInt
0000a5b4   _PIE_enablePwmInt
0000a5af   _PIE_enablePwmTzInt
0000a5ac   _PIE_enableTimer0Int
0000a5a2   _PIE_forceInt
0000a59a   _PIE_getExtIntCount
0000a593   _PIE_getIntEnables
0000a58c   _PIE_getIntFlags
0000b0d7   _PIE_illegalIsr
0000a585   _PIE_init
0000a576   _PIE_registerPieIntHandler
0000a56b   _PIE_registerSystemIntHandler
0000a55f   _PIE_setDefaultIntVectorTable
0000a54f   _PIE_setExtIntPolarity
0000a53e   _PIE_unregisterPieIntHandler
0000a531   _PIE_unregisterSystemIntHandler
0000ac15   _PLL_disable
0000ac0f   _PLL_disableClkDetect
0000ac09   _PLL_disableNormRdy
0000ac03   _PLL_disableOsc
0000abfd   _PLL_enable
0000abf7   _PLL_enableClkDetect
0000abf1   _PLL_enableNormRdy
0000abeb   _PLL_enableOsc
0000abe7   _PLL_getClkFreq
0000abe4   _PLL_getClkStatus
0000abe1   _PLL_getDivideSelect
0000abde   _PLL_getLockStatus
0000abd8   _PLL_init
0000abd2   _PLL_resetClkDetect
0000abcc   _PLL_setClkFreq
0000abc5   _PLL_setDivideSelect
0000abc0   _PLL_setLockPeriod
00009d5b   _PWM_clearTripZone
00009d58   _PWM_decrementDeadBandFallingEdgeDelay
00009d55   _PWM_decrementDeadBandRisingEdgeDelay
00009d4e   _PWM_disableAutoConvert
00009d4a   _PWM_disableChopping
00009d47   _PWM_disableCounterLoad
00009d44   _PWM_disableDeadBand
00009d40   _PWM_disableDeadBandHalfCycle
00009d39   _PWM_disableDigitalCompareBlankingWindow
00009d32   _PWM_disableDigitalCompareBlankingWindowInversion
00009d2b   _PWM_disableHrPeriod
00009d24   _PWM_disableHrPhaseSync
00009d20   _PWM_disableInt
00009d1c   _PWM_disableSocAPulse
00009d18   _PWM_disableSocBPulse
00009d11   _PWM_disableTripZoneInt
00009d0a   _PWM_disableTripZoneSrc
00009d04   _PWM_disableTripZones
00009cfd   _PWM_enableAutoConvert
00009cf9   _PWM_enableChopping
00009cf6   _PWM_enableCounterLoad
00009cf2   _PWM_enableDeadBandHalfCycle
00009ceb   _PWM_enableDigitalCompareBlankingWindow
00009ce4   _PWM_enableDigitalCompareBlankingWindowInversion
00009cdd   _PWM_enableHrPeriod
00009cd6   _PWM_enableHrPhaseSync
00009cd2   _PWM_enableInt
00009cce   _PWM_enableSocAPulse
00009cca   _PWM_enableSocBPulse
00009cc4   _PWM_enableTripZoneInt
00009cbe   _PWM_enableTripZoneSrc
00009cbb   _PWM_getDeadBandFallingEdgeDelay
00009cb8   _PWM_getDeadBandRisingEdgeDelay
00009cb4   _PWM_getIntCount
00009cb0   _PWM_getShadowStatus_CmpA
00009cac   _PWM_getShadowStatus_CmpB
00009ca7   _PWM_getSocACount
00009ca2   _PWM_getSocBCount
00009c9f   _PWM_incrementDeadBandFallingEdgeDelay
00009c9c   _PWM_incrementDeadBandRisingEdgeDelay
00009c96   _PWM_init
00009c8f   _PWM_setActionQualContSWForce_PwmA
00009c86   _PWM_setActionQualContSWForce_PwmB
00009c7d   _PWM_setActionQual_CntDown_CmpA_PwmA
00009c74   _PWM_setActionQual_CntDown_CmpA_PwmB
00009c6b   _PWM_setActionQual_CntDown_CmpB_PwmA
00009c62   _PWM_setActionQual_CntDown_CmpB_PwmB
00009c59   _PWM_setActionQual_CntUp_CmpA_PwmA
00009c50   _PWM_setActionQual_CntUp_CmpA_PwmB
00009c47   _PWM_setActionQual_CntUp_CmpB_PwmA
00009c3e   _PWM_setActionQual_CntUp_CmpB_PwmB
00009c35   _PWM_setActionQual_Period_PwmA
00009c2c   _PWM_setActionQual_Period_PwmB
00009c25   _PWM_setActionQual_Zero_PwmA
00009c1e   _PWM_setActionQual_Zero_PwmB
00009c17   _PWM_setChoppingClkFreq
00009c10   _PWM_setChoppingDutyCycle
00009c09   _PWM_setChoppingPulseWidth
00009c05   _PWM_setClkDiv
00009c03   _PWM_setCount
00009bff   _PWM_setCounterMode
00009bfc   _PWM_setDeadBandFallingEdgeDelay
00009bf5   _PWM_setDeadBandInputMode
00009bee   _PWM_setDeadBandOutputMode
00009be7   _PWM_setDeadBandPolarity
00009be4   _PWM_setDeadBandRisingEdgeDelay
00009bcd   _PWM_setDigitalCompareAEvent1
00009bbd   _PWM_setDigitalCompareAEvent2
00009ba6   _PWM_setDigitalCompareBEvent1
00009b96   _PWM_setDigitalCompareBEvent2
00009b8a   _PWM_setDigitalCompareBlankingPulse
00009b87   _PWM_setDigitalCompareFilterOffset
00009b7d   _PWM_setDigitalCompareFilterSource
00009b7a   _PWM_setDigitalCompareFilterWindow
00009b6b   _PWM_setDigitalCompareInput
00009b67   _PWM_setHighSpeedClkDiv
00009b5d   _PWM_setHrControlMode
00009b53   _PWM_setHrEdgeMode
00009b49   _PWM_setHrShadowMode
00009b42   _PWM_setIntMode
00009b3b   _PWM_setIntPeriod
00009b37   _PWM_setLoadMode_CmpA
00009b31   _PWM_setLoadMode_CmpB
00009b2f   _PWM_setPeriod
00009b2a   _PWM_setPeriodHr
00009b26   _PWM_setPeriodLoad
00009b24   _PWM_setPhase
00009b20   _PWM_setPhaseDir
00009b1c   _PWM_setRunMode
00009b16   _PWM_setShadowMode_CmpA
00009b10   _PWM_setShadowMode_CmpB
00009b07   _PWM_setSocAPeriod
00009afe   _PWM_setSocAPulseSrc
00009af5   _PWM_setSocBPeriod
00009aec   _PWM_setSocBPulseSrc
00009ae9   _PWM_setSwSync
00009ae5   _PWM_setSyncMode
00009adb   _PWM_setTripZoneDCEventSelect_DCAEVT1
00009acf   _PWM_setTripZoneDCEventSelect_DCAEVT2
00009ac3   _PWM_setTripZoneDCEventSelect_DCBEVT1
00009ab7   _PWM_setTripZoneDCEventSelect_DCBEVT2
00009aab   _PWM_setTripZoneState_DCAEVT1
00009a9f   _PWM_setTripZoneState_DCAEVT2
00009a93   _PWM_setTripZoneState_DCBEVT1
00009a87   _PWM_setTripZoneState_DCBEVT2
00009a7d   _PWM_setTripZoneState_TZA
00009a71   _PWM_setTripZoneState_TZB
0000ad09   _PWR_disableBrownOutReset
0000acfe   _PWR_disableWatchDogInt
0000acfb   _PWR_enableBrownOutReset
0000acf0   _PWR_enableWatchDogInt
0000ace9   _PWR_init
0000acd7   _PWR_setLowPowerMode
0000acc5   _PWR_setNumStandByClocks
0000018e   _RamfuncsLoadEnd
00000036   _RamfuncsLoadSize
00000158   _RamfuncsLoadStart
00000158   _RamfuncsRunStart
00009a16   _SCI_RX_ISR
0000a73a   _SCI_clearAutoBaudDetect
0000a736   _SCI_clearRxFifoInt
0000a732   _SCI_clearRxFifoOvf
0000a72e   _SCI_clearTxFifoInt
0000a72b   _SCI_disable
0000a727   _SCI_disableAutoBaudAlign
0000a724   _SCI_disableLoopBack
0000a721   _SCI_disableParity
0000a71e   _SCI_disableRx
0000a71b   _SCI_disableRxErrorInt
0000a717   _SCI_disableRxFifoInt
0000a714   _SCI_disableRxInt
0000a711   _SCI_disableSleep
0000a70e   _SCI_disableTx
0000a70a   _SCI_disableTxFifoEnh
0000a706   _SCI_disableTxFifoInt
0000a703   _SCI_disableTxInt
0000a700   _SCI_disableTxWake
0000a6fd   _SCI_enable
0000a6f9   _SCI_enableAutoBaudAlign
0000a6f5   _SCI_enableChannels
0000a6f2   _SCI_enableLoopBack
0000a6ef   _SCI_enableParity
0000a6ec   _SCI_enableRx
0000a6e9   _SCI_enableRxErrorInt
0000a6e5   _SCI_enableRxFifo
0000a6e1   _SCI_enableRxFifoInt
0000a6de   _SCI_enableRxInt
0000a6db   _SCI_enableSleep
0000a6d8   _SCI_enableTx
0000a6d4   _SCI_enableTxFifo
0000a6d0   _SCI_enableTxFifoEnh
0000a6cc   _SCI_enableTxFifoInt
0000a6c9   _SCI_enableTxInt
0000a6c6   _SCI_enableTxWake
0000a6c2   _SCI_getDataBlocking
0000a6b9   _SCI_getDataNonBlocking
0000a6b5   _SCI_getRxFifoStatus
0000a63f   _SCI_getTxFifoStatus
0000a6af   _SCI_init
0000a6aa   _SCI_putDataBlocking
0000a6a2   _SCI_putDataNonBlocking
0000a69f   _SCI_reset
0000a695   _SCI_resetChannels
0000a68b   _SCI_resetRxFifo
0000a681   _SCI_resetTxFifo
0000a67b   _SCI_setBaudRate
0000a677   _SCI_setCharLength
0000a673   _SCI_setMode
0000a66f   _SCI_setNumStopBits
0000a66b   _SCI_setParity
0000a668   _SCI_setPriority
0000a661   _SCI_setRxFifoIntLevel
0000a65a   _SCI_setTxDelay
0000a653   _SCI_setTxFifoIntLevel
0000a643   _SCI_write_char
0000a64c   _SCI_write_str
0000a88d   _SPI_clearRxFifoInt
0000a889   _SPI_clearRxFifoOvf
0000a885   _SPI_clearTxFifoInt
0000a882   _SPI_disableInt
0000a87f   _SPI_disableLoopBack
0000a87c   _SPI_disableOverRunInt
0000a878   _SPI_disableRxFifoInt
0000a875   _SPI_disableTx
0000a871   _SPI_disableTxFifoEnh
0000a86d   _SPI_disableTxFifoInt
0000a86a   _SPI_enable
0000a866   _SPI_enableChannels
0000a863   _SPI_enableInt
0000a860   _SPI_enableLoopBack
0000a85d   _SPI_enableOverRunInt
0000a859   _SPI_enableRxFifo
0000a855   _SPI_enableRxFifoInt
0000a852   _SPI_enableTx
0000a84e   _SPI_enableTxFifo
0000a84a   _SPI_enableTxFifoEnh
0000a846   _SPI_enableTxFifoInt
0000a843   _SPI_getIntFlagStatus
0000a83f   _SPI_getRxFifoStatus
0000a83c   _SPI_getTxBufferStatus
0000a838   _SPI_getTxFifoStatus
0000a832   _SPI_init
0000a82f   _SPI_reset
0000a82b   _SPI_resetChannels
0000a827   _SPI_resetRxFifo
0000a823   _SPI_resetTxFifo
0000a821   _SPI_setBaudRate
0000a81d   _SPI_setCharLength
0000a81b   _SPI_setClkPhase
0000a817   _SPI_setClkPolarity
0000a815   _SPI_setMode
0000a80e   _SPI_setPriority
0000a807   _SPI_setRxFifoIntLevel
0000a800   _SPI_setSteInv
0000a7f9   _SPI_setSuspend
0000a7f2   _SPI_setTriWire
0000a7ef   _SPI_setTxDelay
0000a7e8   _SPI_setTxFifoIntLevel
0000b0cb   _SVGENCURRENT_init
0000b0b3   _SVGEN_init
0000b0b2   _SVGEN_setup
0000ae04   _TIMER_clearFlag
0000ae01   _TIMER_disableInt
0000adfe   _TIMER_enableInt
0000adfb   _TIMER_getStatus
0000adf5   _TIMER_init
0000ade7   _TIMER_setDecimationFactor
0000ade3   _TIMER_setEmulationMode
0000add5   _TIMER_setPreScaler
0000b0d1   _TRAJ_init
0000963c   _USER_calcPIgains
00009638   _USER_checkForErrors
0000962a   _USER_computeFlux
000095df   _USER_computeFlux_pu_to_VpHz_sf
00009594   _USER_computeFlux_pu_to_Wb_sf
00009549   _USER_computeTorque_Flux_Iq_pu_to_Nm_sf
00009500   _USER_computeTorque_Ls_Id_Iq_pu_to_Nm_sf
000094b4   _USER_computeTorque_Nm
0000945d   _USER_computeTorque_lbin
0000945a   _USER_getErrorCode
00009457   _USER_setErrorCode
000092f1   _USER_setParams
00009263   _USER_softwareUpdate1p6
0000ad4a   _WDOG_clearCounter
0000ad42   _WDOG_disable
0000ad3c   _WDOG_disableInt
0000ad36   _WDOG_disableOverRide
0000ad2d   _WDOG_enable
0000ad27   _WDOG_enableInt
0000ad21   _WDOG_enableOverRide
0000ad1e   _WDOG_getIntStatus
0000ad18   _WDOG_init
0000ad16   _WDOG_setCount
0000ad0c   _WDOG_setPreScaler
0000b515   __IQ24cosPU
0000b4ec   __IQ24sinPU
0000b4aa   __IQ24sqrt
0000b53c   __IQ30toF
000007b0   __STACK_END
000003b0   __STACK_SIZE
00000001   __TI_args_main
0000b0e6   ___TI_cleanup_ptr
0000b0e8   ___TI_dtors_ptr
ffffffff   ___binit__
ffffffff   ___c_args__
00000050   ___cinit__
0000b0e1   ___etext__
ffffffff   ___pinit__
00008000   ___text__
0000b006   __args_main
0000b0e4   __lock
0000a92e   __log
0000b0a9   __nop
0000b0a5   __register_lock
0000b0a1   __register_unlock
00000400   __stack
0000b0e2   __unlock
0000b01f   _abort
00008edb   _angleDelayComp
0000ad52   _c_int00
0000b126   _clarkeHandle_I
0000b128   _clarkeHandle_V
0000b156   _clarke_I
0000b174   _clarke_V
0000b0ec   _cpu
0000b1d4   _cpu_usage
0000b114   _cpu_usageHandle
0000b13c   _data
0000b0ed   _errno
0000b11e   _estHandle
0000b021   _exit
0000a891   _exp
0000b280   _filter
0000b194   _filterHandle
0000b04f   _frexp
0000b1c0   _fw
0000b11c   _fwHandle
0000b1a0   _gAdcData
0000b101   _gCmpOffset
0000b12c   _gCpuUsagePercentageAvg
0000b12e   _gCpuUsagePercentageMax
0000b12a   _gCpuUsagePercentageMin
0000b200   _gDrvSpi8301Vars
0000b103   _gFlag_enableRsOnLine
0000b105   _gFlag_updateRs
0000b132   _gFlux_pu_to_VpHz_sf
0000b118   _gFlux_pu_to_Wb_sf
0000b162   _gIavg
0000b102   _gIavg_shift
0000b140   _gIdq_pu
0000b148   _gIdq_ref_pu
0000b13a   _gIs_Max_squared_pu
0000b2c0   _gMotorVars
0000b106   _gOffsetCalcCount
0000b15c   _gOffsets_I_pu
0000b150   _gOffsets_V_pu
0000b16e   _gPwmData
0000b108   _gRsOnLineFreq_Hz
0000b10c   _gRsOnLineId_mag_A
0000b10a   _gRsOnLinePole_Hz
0000b136   _gSpeed_hz_to_krpm_sf
0000b138   _gSpeed_krpm_to_pu_sf
0000b134   _gTorque_Flux_Iq_pu_to_Nm_sf
0000b130   _gTorque_Ls_Id_Iq_pu_to_Nm_sf
0000b340   _gUserParams
0000b144   _gVdq_out_pu
0000b400   _hal
0000b116   _halHandle
0000b100   _i
0000b14c   _ipark
0000b11a   _iparkHandle
0000ad96   _ldexp
0000a73e   _log
00008ef8   _main
000096ed   _mainISR
0000ae07   _modf
0000b240   _pid
0000b104   _pidCntSpeed
0000b168   _pidHandle
0000a9bb   _pow
00008e7d   _runCurrentIgnore
00008e1b   _runCurrentReconstruction
00008dcb   _runFieldWeakening
00008d1b   _runOffsetsCalculation
00008c9f   _runSetTrigger
00008c86   _setupClarke_I
00008c73   _setupClarke_V
00008bfc   _softwareUpdate1p6
0000ac75   _sqrt
0000b110   _svgen
0000b124   _svgenHandle
0000b122   _svgencurrent
0000b120   _svgencurrentHandle
0000b10e   _trajHandle_Id
0000b112   _trajHandle_spd
0000b18a   _traj_Id
0000b180   _traj_spd
00008bad   _updateCPUusage
00008ad5   _updateGlobalVariables
0000018a   _usDelay
ffffffff   binit
00000050   cinit
00000000   code_start
0000b0e1   etext
ffffffff   pinit


GLOBAL SYMBOLS: SORTED BY Symbol Address 

address    name
--------   ----
00000000   code_start
00000001   __TI_args_main
00000036   _RamfuncsLoadSize
00000050   ___cinit__
00000050   cinit
00000158   _FLASH_setStandbyWaitCount
00000158   _RamfuncsLoadStart
00000158   _RamfuncsRunStart
0000015d   _FLASH_setPowerMode
00000164   _FLASH_setOtpWaitStates
0000016b   _FLASH_setNumRandomReadWaitStates
00000172   _FLASH_setNumPagedReadWaitStates
00000179   _FLASH_setActiveWaitCount
0000017e   _FLASH_enablePipelineMode
00000184   _FLASH_disablePipelineMode
0000018a   _usDelay
0000018e   _RamfuncsLoadEnd
000003b0   __STACK_SIZE
00000400   __stack
000007b0   __STACK_END
00008000   .text
00008000   _HAL_writeDrvData
00008000   ___text__
00008005   _HAL_setupTimers
0000803c   _HAL_setupSpiB
00008072   _HAL_setupSpiA
000080b8   _HAL_setupSCI
00008103   _HAL_setupPwms
000081cb   _HAL_setupPwmDacs
00008256   _HAL_setupPll
00008294   _HAL_setupPie
000082b0   _HAL_setupPeripheralClks
000082fd   _HAL_setupGpios
0000849c   _HAL_setupGate
000084b1   _HAL_setupFlash
000084d5   _HAL_setupFaults
000084f4   _HAL_setupDrvSpi
000084f9   _HAL_setupClks
00008515   _HAL_setupAdcs
000085cd   _HAL_AdcCalChanSelect
00008624   _HAL_AdcCalConversion
0000877b   _HAL_AdcOffsetSelfCal
000087ae   _HAL_getOscTrimValue
000087c2   _HAL_osc1Comp
00008801   _HAL_osc2Comp
00008840   _HAL_OscTempComp
00008893   _HAL_cal
000088aa   _HAL_setParams
000089b3   _HAL_readDrvData
000089b8   _HAL_disableWdog
000089bd   _HAL_init
00008a91   _HAL_enableTimer0Int
00008aa1   _HAL_enablePwmInt
00008ab2   _HAL_enableGlobalInts
00008ab6   _HAL_enableDrv
00008abb   _HAL_enableDebugInt
00008abf   _HAL_enableAdcInts
00008ad1   _HAL_disableGlobalInts
00008ad5   _updateGlobalVariables
00008bad   _updateCPUusage
00008bfc   _softwareUpdate1p6
00008c73   _setupClarke_V
00008c86   _setupClarke_I
00008c9f   _runSetTrigger
00008d1b   _runOffsetsCalculation
00008dcb   _runFieldWeakening
00008e1b   _runCurrentReconstruction
00008e7d   _runCurrentIgnore
00008edb   _angleDelayComp
00008ef8   _main
00009263   _USER_softwareUpdate1p6
000092f1   _USER_setParams
00009457   _USER_setErrorCode
0000945a   _USER_getErrorCode
0000945d   _USER_computeTorque_lbin
000094b4   _USER_computeTorque_Nm
00009500   _USER_computeTorque_Ls_Id_Iq_pu_to_Nm_sf
00009549   _USER_computeTorque_Flux_Iq_pu_to_Nm_sf
00009594   _USER_computeFlux_pu_to_Wb_sf
000095df   _USER_computeFlux_pu_to_VpHz_sf
0000962a   _USER_computeFlux
00009638   _USER_checkForErrors
0000963c   _USER_calcPIgains
000096ed   _mainISR
00009a16   _SCI_RX_ISR
00009a71   _PWM_setTripZoneState_TZB
00009a7d   _PWM_setTripZoneState_TZA
00009a87   _PWM_setTripZoneState_DCBEVT2
00009a93   _PWM_setTripZoneState_DCBEVT1
00009a9f   _PWM_setTripZoneState_DCAEVT2
00009aab   _PWM_setTripZoneState_DCAEVT1
00009ab7   _PWM_setTripZoneDCEventSelect_DCBEVT2
00009ac3   _PWM_setTripZoneDCEventSelect_DCBEVT1
00009acf   _PWM_setTripZoneDCEventSelect_DCAEVT2
00009adb   _PWM_setTripZoneDCEventSelect_DCAEVT1
00009ae5   _PWM_setSyncMode
00009ae9   _PWM_setSwSync
00009aec   _PWM_setSocBPulseSrc
00009af5   _PWM_setSocBPeriod
00009afe   _PWM_setSocAPulseSrc
00009b07   _PWM_setSocAPeriod
00009b10   _PWM_setShadowMode_CmpB
00009b16   _PWM_setShadowMode_CmpA
00009b1c   _PWM_setRunMode
00009b20   _PWM_setPhaseDir
00009b24   _PWM_setPhase
00009b26   _PWM_setPeriodLoad
00009b2a   _PWM_setPeriodHr
00009b2f   _PWM_setPeriod
00009b31   _PWM_setLoadMode_CmpB
00009b37   _PWM_setLoadMode_CmpA
00009b3b   _PWM_setIntPeriod
00009b42   _PWM_setIntMode
00009b49   _PWM_setHrShadowMode
00009b53   _PWM_setHrEdgeMode
00009b5d   _PWM_setHrControlMode
00009b67   _PWM_setHighSpeedClkDiv
00009b6b   _PWM_setDigitalCompareInput
00009b7a   _PWM_setDigitalCompareFilterWindow
00009b7d   _PWM_setDigitalCompareFilterSource
00009b87   _PWM_setDigitalCompareFilterOffset
00009b8a   _PWM_setDigitalCompareBlankingPulse
00009b96   _PWM_setDigitalCompareBEvent2
00009ba6   _PWM_setDigitalCompareBEvent1
00009bbd   _PWM_setDigitalCompareAEvent2
00009bcd   _PWM_setDigitalCompareAEvent1
00009be4   _PWM_setDeadBandRisingEdgeDelay
00009be7   _PWM_setDeadBandPolarity
00009bee   _PWM_setDeadBandOutputMode
00009bf5   _PWM_setDeadBandInputMode
00009bfc   _PWM_setDeadBandFallingEdgeDelay
00009bff   _PWM_setCounterMode
00009c03   _PWM_setCount
00009c05   _PWM_setClkDiv
00009c09   _PWM_setChoppingPulseWidth
00009c10   _PWM_setChoppingDutyCycle
00009c17   _PWM_setChoppingClkFreq
00009c1e   _PWM_setActionQual_Zero_PwmB
00009c25   _PWM_setActionQual_Zero_PwmA
00009c2c   _PWM_setActionQual_Period_PwmB
00009c35   _PWM_setActionQual_Period_PwmA
00009c3e   _PWM_setActionQual_CntUp_CmpB_PwmB
00009c47   _PWM_setActionQual_CntUp_CmpB_PwmA
00009c50   _PWM_setActionQual_CntUp_CmpA_PwmB
00009c59   _PWM_setActionQual_CntUp_CmpA_PwmA
00009c62   _PWM_setActionQual_CntDown_CmpB_PwmB
00009c6b   _PWM_setActionQual_CntDown_CmpB_PwmA
00009c74   _PWM_setActionQual_CntDown_CmpA_PwmB
00009c7d   _PWM_setActionQual_CntDown_CmpA_PwmA
00009c86   _PWM_setActionQualContSWForce_PwmB
00009c8f   _PWM_setActionQualContSWForce_PwmA
00009c96   _PWM_init
00009c9c   _PWM_incrementDeadBandRisingEdgeDelay
00009c9f   _PWM_incrementDeadBandFallingEdgeDelay
00009ca2   _PWM_getSocBCount
00009ca7   _PWM_getSocACount
00009cac   _PWM_getShadowStatus_CmpB
00009cb0   _PWM_getShadowStatus_CmpA
00009cb4   _PWM_getIntCount
00009cb8   _PWM_getDeadBandRisingEdgeDelay
00009cbb   _PWM_getDeadBandFallingEdgeDelay
00009cbe   _PWM_enableTripZoneSrc
00009cc4   _PWM_enableTripZoneInt
00009cca   _PWM_enableSocBPulse
00009cce   _PWM_enableSocAPulse
00009cd2   _PWM_enableInt
00009cd6   _PWM_enableHrPhaseSync
00009cdd   _PWM_enableHrPeriod
00009ce4   _PWM_enableDigitalCompareBlankingWindowInversion
00009ceb   _PWM_enableDigitalCompareBlankingWindow
00009cf2   _PWM_enableDeadBandHalfCycle
00009cf6   _PWM_enableCounterLoad
00009cf9   _PWM_enableChopping
00009cfd   _PWM_enableAutoConvert
00009d04   _PWM_disableTripZones
00009d0a   _PWM_disableTripZoneSrc
00009d11   _PWM_disableTripZoneInt
00009d18   _PWM_disableSocBPulse
00009d1c   _PWM_disableSocAPulse
00009d20   _PWM_disableInt
00009d24   _PWM_disableHrPhaseSync
00009d2b   _PWM_disableHrPeriod
00009d32   _PWM_disableDigitalCompareBlankingWindowInversion
00009d39   _PWM_disableDigitalCompareBlankingWindow
00009d40   _PWM_disableDeadBandHalfCycle
00009d44   _PWM_disableDeadBand
00009d47   _PWM_disableCounterLoad
00009d4a   _PWM_disableChopping
00009d4e   _PWM_disableAutoConvert
00009d55   _PWM_decrementDeadBandRisingEdgeDelay
00009d58   _PWM_decrementDeadBandFallingEdgeDelay
00009d5b   _PWM_clearTripZone
00009d61   _DRV8301_writeSpi
00009d77   _DRV8301_writeData
00009da0   _DRV8301_readSpi
00009dd6   _DRV8301_setupSpi
00009e52   _DRV8301_setSpiHandle
00009e54   _DRV8301_setShuntAmpGain
00009e68   _DRV8301_setPwmMode
00009e7c   _DRV8301_setPeakCurrent
00009e90   _DRV8301_setOcTwMode
00009ea4   _DRV8301_setOcOffTimeMode
00009eb8   _DRV8301_setOcMode
00009ecc   _DRV8301_setOcLevel
00009ee0   _DRV8301_setGpioNumber
00009ee2   _DRV8301_setGpioHandle
00009ee4   _DRV8301_setDcCalMode
00009f03   _DRV8301_reset
00009f12   _DRV8301_readData
00009f7d   _DRV8301_isReset
00009f84   _DRV8301_isFault
00009f8a   _DRV8301_init
00009f93   _DRV8301_getShuntAmpGain
00009f9a   _DRV8301_getPwmMode
00009fa1   _DRV8301_getPeakCurrent
00009fa8   _DRV8301_getOcTwMode
00009faf   _DRV8301_getOcOffTimeMode
00009fb6   _DRV8301_getOcMode
00009fbd   _DRV8301_getOcLevel
00009fc4   _DRV8301_getId
00009fca   _DRV8301_getFaultType
00009fe5   _DRV8301_getDcCalMode
00009ff7   _DRV8301_enable
0000a019   _ADC_setupSocTrigSrc
0000a044   _ADC_setVoltRefSrc
0000a056   _ADC_setTempSensorSrc
0000a068   _ADC_setSocTrigSrc
0000a07b   _ADC_setSocSampleDelay
0000a08e   _ADC_setSocFrcWord
0000a095   _ADC_setSocFrc
0000a09f   _ADC_setSocChanNumber
0000a0b2   _ADC_setSampleOverlapMode
0000a0c7   _ADC_setSampleMode
0000a0df   _ADC_setOffTrim
0000a0e6   _ADC_setIntSrc
0000a103   _ADC_setIntPulseGenMode
0000a115   _ADC_setIntMode
0000a132   _ADC_setDivideSelect
0000a144   _ADC_reset
0000a14f   _ADC_powerUp
0000a15a   _ADC_powerDown
0000a165   _ADC_init
0000a16c   _ADC_getDivideSelect
0000a174   _ADC_enableVoltRefLoConv
0000a17f   _ADC_enableRefBuffers
0000a18a   _ADC_enableNoOverlapMode
0000a195   _ADC_enableInt
0000a1ac   _ADC_enableBandGap
0000a1b7   _ADC_enable
0000a1c2   _ADC_disableVoltRefLoConv
0000a1cd   _ADC_disableRefBuffers
0000a1d8   _ADC_disableNoOverlapMode
0000a1e3   _ADC_disableInt
0000a1fe   _ADC_disableBandGap
0000a209   _ADC_disable
0000a214   _GPIO_toggle
0000a227   _GPIO_setQualificationPeriod
0000a26e   _GPIO_setQualification
0000a2ae   _GPIO_setPullup
0000a2c9   _GPIO_setPortData
0000a2d4   _GPIO_setMode
0000a30e   _GPIO_setLow
0000a321   _GPIO_setHigh
0000a334   _GPIO_setExtInt
0000a33f   _GPIO_setDirection
0000a35a   _GPIO_read
0000a380   _GPIO_lpmSelect
0000a38a   _GPIO_init
0000a390   _GPIO_getPortData
0000a397   _GPIO_getData
0000a3a7   _CLK_setXClkInSrc
0000a3ae   _CLK_setWatchDogSrc
0000a3b5   _CLK_setTimer2Src
0000a3bc   _CLK_setTimer2PreScale
0000a3c3   _CLK_setOscSrc
0000a3ca   _CLK_setOsc2Src
0000a3d1   _CLK_setLowSpdPreScaler
0000a3d7   _CLK_setClkOutPreScaler
0000a3de   _CLK_init
0000a3e4   _CLK_enableWatchDogHaltMode
0000a3ea   _CLK_enableTbClockSync
0000a3f1   _CLK_enableSpibClock
0000a3f8   _CLK_enableSpiaClock
0000a3ff   _CLK_enableScibClock
0000a406   _CLK_enableSciaClock
0000a40d   _CLK_enablePwmClock
0000a416   _CLK_enableOsc2HaltMode
0000a41c   _CLK_enableOsc2
0000a422   _CLK_enableOsc1HaltMode
0000a428   _CLK_enableOsc1
0000a42e   _CLK_enableLinAClock
0000a435   _CLK_enableI2cClock
0000a43c   _CLK_enableHrPwmClock
0000a443   _CLK_enableGpioInputClock
0000a44a   _CLK_enableEqep2Clock
0000a451   _CLK_enableEqep1Clock
0000a458   _CLK_enableEcap1Clock
0000a45f   _CLK_enableEcanaClock
0000a466   _CLK_enableCrystalOsc
0000a46c   _CLK_enableCpuTimerClock
0000a472   _CLK_enableCompClock
0000a478   _CLK_enableClkIn
0000a47e   _CLK_enableClaClock
0000a485   _CLK_enableAdcClock
0000a48c   _CLK_disableWatchDogHaltMode
0000a492   _CLK_disableTbClockSync
0000a499   _CLK_disableSpibClock
0000a49d   _CLK_disableSpiaClock
0000a4a4   _CLK_disableScibClock
0000a4ab   _CLK_disableSciaClock
0000a4b2   _CLK_disablePwmClock
0000a4bc   _CLK_disableOsc2HaltMode
0000a4c2   _CLK_disableOsc2
0000a4c8   _CLK_disableOsc1HaltMode
0000a4ce   _CLK_disableOsc1
0000a4d4   _CLK_disableLinAClock
0000a4db   _CLK_disableI2cClock
0000a4e2   _CLK_disableHrPwmClock
0000a4e9   _CLK_disableGpioInputClock
0000a4f0   _CLK_disableEqep2Clock
0000a4f7   _CLK_disableEqep1Clock
0000a4fe   _CLK_disableEcap1Clock
0000a505   _CLK_disableEcanaClock
0000a50c   _CLK_disableCrystalOsc
0000a512   _CLK_disableCpuTimerClock
0000a519   _CLK_disableCompClock
0000a51d   _CLK_disableClkIn
0000a523   _CLK_disableClaClock
0000a52a   _CLK_disableAdcClock
0000a531   _PIE_unregisterSystemIntHandler
0000a53e   _PIE_unregisterPieIntHandler
0000a54f   _PIE_setExtIntPolarity
0000a55f   _PIE_setDefaultIntVectorTable
0000a56b   _PIE_registerSystemIntHandler
0000a576   _PIE_registerPieIntHandler
0000a585   _PIE_init
0000a58c   _PIE_getIntFlags
0000a593   _PIE_getIntEnables
0000a59a   _PIE_getExtIntCount
0000a5a2   _PIE_forceInt
0000a5ac   _PIE_enableTimer0Int
0000a5af   _PIE_enablePwmTzInt
0000a5b4   _PIE_enablePwmInt
0000a5b9   _PIE_enableInt
0000a5c3   _PIE_enableExtInt
0000a5e6   _PIE_enableCaptureInt
0000a5ea   _PIE_enableAdcInt
0000a606   _PIE_enable
0000a609   _PIE_disableInt
0000a614   _PIE_disableExtInt
0000a621   _PIE_disableCaptureInt
0000a625   _PIE_disableAllInts
0000a62f   _PIE_disable
0000a632   _PIE_clearAllInts
0000a635   _PIE_clearAllFlags
0000a63f   _SCI_getTxFifoStatus
0000a643   _SCI_write_char
0000a64c   _SCI_write_str
0000a653   _SCI_setTxFifoIntLevel
0000a65a   _SCI_setTxDelay
0000a661   _SCI_setRxFifoIntLevel
0000a668   _SCI_setPriority
0000a66b   _SCI_setParity
0000a66f   _SCI_setNumStopBits
0000a673   _SCI_setMode
0000a677   _SCI_setCharLength
0000a67b   _SCI_setBaudRate
0000a681   _SCI_resetTxFifo
0000a68b   _SCI_resetRxFifo
0000a695   _SCI_resetChannels
0000a69f   _SCI_reset
0000a6a2   _SCI_putDataNonBlocking
0000a6aa   _SCI_putDataBlocking
0000a6af   _SCI_init
0000a6b5   _SCI_getRxFifoStatus
0000a6b9   _SCI_getDataNonBlocking
0000a6c2   _SCI_getDataBlocking
0000a6c6   _SCI_enableTxWake
0000a6c9   _SCI_enableTxInt
0000a6cc   _SCI_enableTxFifoInt
0000a6d0   _SCI_enableTxFifoEnh
0000a6d4   _SCI_enableTxFifo
0000a6d8   _SCI_enableTx
0000a6db   _SCI_enableSleep
0000a6de   _SCI_enableRxInt
0000a6e1   _SCI_enableRxFifoInt
0000a6e5   _SCI_enableRxFifo
0000a6e9   _SCI_enableRxErrorInt
0000a6ec   _SCI_enableRx
0000a6ef   _SCI_enableParity
0000a6f2   _SCI_enableLoopBack
0000a6f5   _SCI_enableChannels
0000a6f9   _SCI_enableAutoBaudAlign
0000a6fd   _SCI_enable
0000a700   _SCI_disableTxWake
0000a703   _SCI_disableTxInt
0000a706   _SCI_disableTxFifoInt
0000a70a   _SCI_disableTxFifoEnh
0000a70e   _SCI_disableTx
0000a711   _SCI_disableSleep
0000a714   _SCI_disableRxInt
0000a717   _SCI_disableRxFifoInt
0000a71b   _SCI_disableRxErrorInt
0000a71e   _SCI_disableRx
0000a721   _SCI_disableParity
0000a724   _SCI_disableLoopBack
0000a727   _SCI_disableAutoBaudAlign
0000a72b   _SCI_disable
0000a72e   _SCI_clearTxFifoInt
0000a732   _SCI_clearRxFifoOvf
0000a736   _SCI_clearRxFifoInt
0000a73a   _SCI_clearAutoBaudDetect
0000a73e   _log
0000a7e8   _SPI_setTxFifoIntLevel
0000a7ef   _SPI_setTxDelay
0000a7f2   _SPI_setTriWire
0000a7f9   _SPI_setSuspend
0000a800   _SPI_setSteInv
0000a807   _SPI_setRxFifoIntLevel
0000a80e   _SPI_setPriority
0000a815   _SPI_setMode
0000a817   _SPI_setClkPolarity
0000a81b   _SPI_setClkPhase
0000a81d   _SPI_setCharLength
0000a821   _SPI_setBaudRate
0000a823   _SPI_resetTxFifo
0000a827   _SPI_resetRxFifo
0000a82b   _SPI_resetChannels
0000a82f   _SPI_reset
0000a832   _SPI_init
0000a838   _SPI_getTxFifoStatus
0000a83c   _SPI_getTxBufferStatus
0000a83f   _SPI_getRxFifoStatus
0000a843   _SPI_getIntFlagStatus
0000a846   _SPI_enableTxFifoInt
0000a84a   _SPI_enableTxFifoEnh
0000a84e   _SPI_enableTxFifo
0000a852   _SPI_enableTx
0000a855   _SPI_enableRxFifoInt
0000a859   _SPI_enableRxFifo
0000a85d   _SPI_enableOverRunInt
0000a860   _SPI_enableLoopBack
0000a863   _SPI_enableInt
0000a866   _SPI_enableChannels
0000a86a   _SPI_enable
0000a86d   _SPI_disableTxFifoInt
0000a871   _SPI_disableTxFifoEnh
0000a875   _SPI_disableTx
0000a878   _SPI_disableRxFifoInt
0000a87c   _SPI_disableOverRunInt
0000a87f   _SPI_disableLoopBack
0000a882   _SPI_disableInt
0000a885   _SPI_clearTxFifoInt
0000a889   _SPI_clearRxFifoOvf
0000a88d   _SPI_clearRxFifoInt
0000a891   _exp
0000a92e   __log
0000a9bb   _pow
0000aa42   FD$$MPY
0000aac5   FS$$DIV
0000ab48   FS$$SUB
0000ab4d   FS$$ADD
0000abc0   _PLL_setLockPeriod
0000abc5   _PLL_setDivideSelect
0000abcc   _PLL_setClkFreq
0000abd2   _PLL_resetClkDetect
0000abd8   _PLL_init
0000abde   _PLL_getLockStatus
0000abe1   _PLL_getDivideSelect
0000abe4   _PLL_getClkStatus
0000abe7   _PLL_getClkFreq
0000abeb   _PLL_enableOsc
0000abf1   _PLL_enableNormRdy
0000abf7   _PLL_enableClkDetect
0000abfd   _PLL_enable
0000ac03   _PLL_disableOsc
0000ac09   _PLL_disableNormRdy
0000ac0f   _PLL_disableClkDetect
0000ac15   _PLL_disable
0000ac1b   FS$$MPY
0000ac75   _sqrt
0000acc5   _PWR_setNumStandByClocks
0000acd7   _PWR_setLowPowerMode
0000ace9   _PWR_init
0000acf0   _PWR_enableWatchDogInt
0000acfb   _PWR_enableBrownOutReset
0000acfe   _PWR_disableWatchDogInt
0000ad09   _PWR_disableBrownOutReset
0000ad0c   _WDOG_setPreScaler
0000ad16   _WDOG_setCount
0000ad18   _WDOG_init
0000ad1e   _WDOG_getIntStatus
0000ad21   _WDOG_enableOverRide
0000ad27   _WDOG_enableInt
0000ad2d   _WDOG_enable
0000ad36   _WDOG_disableOverRide
0000ad3c   _WDOG_disableInt
0000ad42   _WDOG_disable
0000ad4a   _WDOG_clearCounter
0000ad52   _c_int00
0000ad96   _ldexp
0000add5   _TIMER_setPreScaler
0000ade3   _TIMER_setEmulationMode
0000ade7   _TIMER_setDecimationFactor
0000adf5   _TIMER_init
0000adfb   _TIMER_getStatus
0000adfe   _TIMER_enableInt
0000ae01   _TIMER_disableInt
0000ae04   _TIMER_clearFlag
0000ae07   _modf
0000ae38   _OSC_setTrim
0000ae41   _OSC_setFineTrim
0000ae52   _OSC_setCoarseTrim
0000ae5f   _OSC_init
0000ae65   FS$$TOL
0000ae8e   _CPU_init
0000ae94   _CPU_enableProtectedRegisterWrite
0000ae97   _CPU_enableInt
0000ae9b   _CPU_enableGlobalInts
0000ae9e   _CPU_enableDebugInt
0000aea1   _CPU_disableProtectedRegisterWrite
0000aea4   _CPU_disableInts
0000aea7   _CPU_disableInt
0000aeac   _CPU_disableGlobalInts
0000aeaf   _CPU_disableDebugInt
0000aeb2   _CPU_clearIntFlags
0000aeb5   FS$$TOI
0000aeda   I$$DIV
0000aeeb   I$$MOD
0000aefc   _FILTER_FO_setNumCoeffs
0000af00   _FILTER_FO_setInitialConditions
0000af05   _FILTER_FO_setDenCoeffs
0000af07   _FILTER_FO_init
0000af0d   _FILTER_FO_getNumCoeffs
0000af13   _FILTER_FO_getInitialConditions
0000af1a   _FILTER_FO_getDenCoeffs
0000af1d   FS$$TOUL
0000af3e   _FLASH_init
0000af44   _FLASH_getStandbyWaitStatus
0000af48   _FLASH_getStandbyWaitCount
0000af4b   _FLASH_getPowerMode
0000af4e   _FLASH_getActiveWaitStatus
0000af52   _FLASH_getActiveWaitCount
0000af55   _FLASH_get3VStatus
0000af58   _FLASH_clear3VStatus
0000af5e   FD$$TOL
0000af7d   FS$$TOU
0000af9a   _CPU_USAGE_setParams
0000afb0   _CPU_USAGE_init
0000afb6   FS$$TOFD
0000afd2   I$$TOFS
0000afec   L$$TOFS
0000b006   __args_main
0000b01f   C$$EXIT
0000b01f   _abort
0000b021   _exit
0000b038   FS$$CMP
0000b04f   _frexp
0000b063   UL$$TOFS
0000b076   U$$TOFS
0000b086   _EST_getIdq_pu
0000b094   _PID_init
0000b0a1   __register_unlock
0000b0a5   __register_lock
0000b0a9   __nop
0000b0b2   _SVGEN_setup
0000b0b3   _SVGEN_init
0000b0b9   _CLARKE_init
0000b0bf   _FW_init
0000b0c5   _IPARK_init
0000b0cb   _SVGENCURRENT_init
0000b0d1   _TRAJ_init
0000b0d7   _PIE_illegalIsr
0000b0dc   FS$$NEG
0000b0e1   ___etext__
0000b0e1   etext
0000b0e2   __unlock
0000b0e4   __lock
0000b0e6   ___TI_cleanup_ptr
0000b0e8   ___TI_dtors_ptr
0000b0ec   _cpu
0000b0ed   _errno
0000b100   _i
0000b101   _gCmpOffset
0000b102   _gIavg_shift
0000b103   _gFlag_enableRsOnLine
0000b104   _pidCntSpeed
0000b105   _gFlag_updateRs
0000b106   _gOffsetCalcCount
0000b108   _gRsOnLineFreq_Hz
0000b10a   _gRsOnLinePole_Hz
0000b10c   _gRsOnLineId_mag_A
0000b10e   _trajHandle_Id
0000b110   _svgen
0000b112   _trajHandle_spd
0000b114   _cpu_usageHandle
0000b116   _halHandle
0000b118   _gFlux_pu_to_Wb_sf
0000b11a   _iparkHandle
0000b11c   _fwHandle
0000b11e   _estHandle
0000b120   _svgencurrentHandle
0000b122   _svgencurrent
0000b124   _svgenHandle
0000b126   _clarkeHandle_I
0000b128   _clarkeHandle_V
0000b12a   _gCpuUsagePercentageMin
0000b12c   _gCpuUsagePercentageAvg
0000b12e   _gCpuUsagePercentageMax
0000b130   _gTorque_Ls_Id_Iq_pu_to_Nm_sf
0000b132   _gFlux_pu_to_VpHz_sf
0000b134   _gTorque_Flux_Iq_pu_to_Nm_sf
0000b136   _gSpeed_hz_to_krpm_sf
0000b138   _gSpeed_krpm_to_pu_sf
0000b13a   _gIs_Max_squared_pu
0000b13c   _data
0000b140   _gIdq_pu
0000b144   _gVdq_out_pu
0000b148   _gIdq_ref_pu
0000b14c   _ipark
0000b150   _gOffsets_V_pu
0000b156   _clarke_I
0000b15c   _gOffsets_I_pu
0000b162   _gIavg
0000b168   _pidHandle
0000b16e   _gPwmData
0000b174   _clarke_V
0000b180   _traj_spd
0000b18a   _traj_Id
0000b194   _filterHandle
0000b1a0   _gAdcData
0000b1c0   _fw
0000b1d4   _cpu_usage
0000b200   _gDrvSpi8301Vars
0000b240   _pid
0000b280   _filter
0000b2c0   _gMotorVars
0000b340   _gUserParams
0000b400   _hal
0000b4aa   __IQ24sqrt
0000b4ec   __IQ24sinPU
0000b515   __IQ24cosPU
0000b53c   __IQ30toF
003f861b   _EST_getState
003f8713   _EST_updateState
003f8a72   _EST_setRsOnLineId_pu
003f8a78   _EST_setRsOnLineId_mag_pu
003f8a84   _EST_setRsOnLineFilterParams
003f8aa5   _EST_setRsOnLineAngleDelta_pu
003f8ae7   _EST_setLs_q_pu
003f8af1   _EST_setLs_qFmt
003f8b45   _EST_setLs_d_pu
003f8b7a   _EST_setIdle
003f8bcb   _EST_setFlag_updateRs
003f8bd3   _EST_setFlag_enableRsRecalc
003f8bd7   _EST_setFlag_enableRsOnLine
003f8bdb   _EST_setFlag_enableForceAngle
003f8c04   _EST_setAngle_pu
003f8c0d   _EST_getAngle_pu
003f927b   _EST_run
003f9393   _EST_init
003f94c6   _EST_getSpeed_krpm
003f9513   _EST_getRs_Ohm
003f953d   _EST_getRsOnLine_Ohm
003f9549   _EST_getRsOnLineId_pu
003f95ad   _EST_getRr_Ohm
003f95b3   _EST_getOneOverDcBus_pu
003f95c9   _EST_getLs_q_pu
003f95ce   _EST_getLs_q_H
003f95f0   _EST_getLs_d_pu
003f95f5   _EST_getLs_d_H
003f95ff   _EST_getLs_coarse_max_pu
003f9632   _EST_getIdRated
003f968e   _EST_getFm_pu
003f96ab   _EST_getFlux_pu
003f96be   _EST_getFlux_VpHz
003f99a5   _CTRL_setupEstIdleState
003f9d31   _CTRL_setUserMotorParams
003fa69d   _CTRL_init
003fa83e   _CTRL_setGains
003fa866   _CTRL_setParams
003fb4bb   _OFFSET_setOffset
003fb4bd   _OFFSET_setInitCond
003fb4c6   _OFFSET_setBeta
003fb4dc   _OFFSET_init
003fdc30   _IQsinTable
003fdd30   _IQcosTable
003fe030   _IQsinTableEnd
003fe132   _IQcosTableEnd
003fe132   _IQdivRoundSatTable
003fe140   _IQdivTable
003fe342   _IQdivTableEnd
003fe342   _IQisqrtRoundSatTable
003fe342   _IQsqrtRoundSatTable
003fe352   _IQisqrtTable
003fe352   _IQsqrtTable
003fe454   _IQatan2HalfPITable
003fe454   _IQisqrtTableEnd
003fe454   _IQsqrtTableEnd
003fe492   _IQatan2Table
003fe618   _IQ30mpyRndSatTable
003fe618   _IQatan2TableEnd
003fe618   _IQmpyRndSatTable
003fe624   _IQ29mpyRndSatTable
003fe630   _IQ28mpyRndSatTable
003fe63c   _IQ27mpyRndSatTable
003fe648   _IQ26mpyRndSatTable
003fe654   _IQ25mpyRndSatTable
003fe660   _IQ24mpyRndSatTable
003fe66c   _IQ23mpyRndSatTable
003fe678   _IQ22mpyRndSatTable
003fe684   _IQ21mpyRndSatTable
003fe690   _IQ20mpyRndSatTable
003fe69c   _IQ19mpyRndSatTable
003fe6a8   _IQ18mpyRndSatTable
003fe6b4   _IQ17mpyRndSatTable
003fe6c0   _IQ16mpyRndSatTable
003fe6cc   _IQ15mpyRndSatTable
003fe6d8   _IQ14mpyRndSatTable
003fe6e4   _IQ13mpyRndSatTable
003fe6f0   _IQ12mpyRndSatTable
003fe6fc   _IQ11mpyRndSatTable
003fe708   _IQ10mpyRndSatTable
003fe714   _IQ9mpyRndSatTable
003fe720   _IQ8mpyRndSatTable
003fe72c   _IQ7mpyRndSatTable
003fe738   _IQ6mpyRndSatTable
003fe744   _IQ5mpyRndSatTable
003fe750   _IQ4mpyRndSatTable
003fe75c   _IQ3mpyRndSatTable
003fe768   _IQ2mpyRndSatTable
003fe774   _IQ1mpyRndSatTable
003fe780   _IQmpyRndSatTableEnd
ffffffff   ___binit__
ffffffff   ___c_args__
ffffffff   ___pinit__
ffffffff   binit
ffffffff   pinit

[738 symbols]
