******************************************************************************
             TMS320C2000 Linker PC v6.2.7                      
******************************************************************************
>> Linked Mon Jul 11 15:45:10 2016

OUTPUT FILE NAME:   <proj_lab07.out>
ENTRY POINT SYMBOL: "_c_int00"  address: 0000b15f


MEMORY CONFIGURATION

         name            origin    length      used     unused   attr    fill
----------------------  --------  ---------  --------  --------  ----  --------
PAGE 0:
  BEGIN                 00000000   00000002  00000002  00000000  RWIX
  RAMM0                 00000050   000003b0  000000f6  000002ba  RWIX
  RAML0_L8              00008000   0000b800  00003838  00007fc8  RWIX
  FPUTABLES             003fd590   000006a0  00000000  000006a0  RWIX
  IQTABLES              003fdc30   00000b50  00000b50  00000000  RWIX
  IQTABLES2             003fe780   0000008c  00000000  0000008c  RWIX
  IQTABLES3             003fe80c   000000aa  00000000  000000aa  RWIX
  BOOTROM               003ff3b0   00000c10  00000000  00000c10  RWIX
  RESET                 003fffc0   00000002  00000000  00000002  RWIX

PAGE 1:
  BOOT_RSVD             00000002   0000004e  00000000  0000004e  RWIX
  RAMM1                 00000400   00000400  000003b0  00000050  RWIX
  USB_RAM               00040000   00000800  00000000  00000800  RWIX


SECTION ALLOCATION MAP

 output                                  attributes/
section   page    origin      length       input sections
--------  ----  ----------  ----------   ----------------
codestart 
*          0    00000000    00000002     
                  00000000    00000002     CodeStartBranch.obj (codestart)

.pinit     0    00000050    00000000     UNINITIALIZED

.cinit     0    00000050    000000c0     
                  00000050    000000a2     proj_lab07.obj (.cinit)
                  000000f2    0000000a     rts2800_ml.lib : _lock.obj (.cinit)
                  000000fc    0000000a                    : exit.obj (.cinit)
                  00000106    00000004     drv8301.obj (.cinit)
                  0000010a    00000004     rts2800_ml.lib : errno.obj (.cinit)
                  0000010e    00000002     --HOLE-- [fill = 0]

ramfuncs   0    00000110    00000036     
                  00000110    00000032     flash.obj (ramfuncs)
                  00000142    00000004     usDelay.obj (ramfuncs)

.text      0    00008000    000034e6     
                  00008000    00000ad5     hal.obj (.text)
                  00008ad5    0000095d     ctrl.obj (.text)
                  00009432    0000048a     user.obj (.text)
                  000098bc    000003d2     proj_lab07.obj (.text)
                  00009c8e    000002f0     pwm.obj (.text)
                  00009f7e    000002b8     drv8301.obj (.text)
                  0000a236    000001fb     adc.obj (.text)
                  0000a431    000001ab     proj_lab07.obj (.text:retain)
                  0000a5dc    00000193     gpio.obj (.text)
                  0000a76f    0000018a     clk.obj (.text)
                  0000a8f9    0000010e     pie.obj (.text)
                  0000aa07    000000ff     sci.obj (.text)
                  0000ab06    000000aa     rts2800_ml.lib : log.obj (.text)
                  0000abb0    000000a9     spi.obj (.text)
                  0000ac59    0000009d     rts2800_ml.lib : exp.obj (.text)
                  0000acf6    0000008d                    : _log.obj (.text)
                  0000ad83    00000087                    : pow.obj (.text)
                  0000ae0a    00000083                    : fd_mpy.obj (.text)
                  0000ae8d    00000083                    : fs_div.obj (.text)
                  0000af10    00000078                    : fs_add.obj (.text)
                  0000af88    0000005b     pll.obj (.text)
                  0000afe3    0000005a     rts2800_ml.lib : fs_mpy.obj (.text)
                  0000b03d    00000050                    : sqrt.obj (.text)
                  0000b08d    00000047     pwr.obj (.text)
                  0000b0d4    00000046     wdog.obj (.text)
                  0000b11a    00000045     offset.obj (.text)
                  0000b15f    00000044     rts2800_ml.lib : boot.obj (.text)
                  0000b1a3    0000003f                    : ldexp.obj (.text)
                  0000b1e2    00000038     fem.obj (.text)
                  0000b21a    00000032     timer.obj (.text)
                  0000b24c    00000031     rts2800_ml.lib : modf.obj (.text)
                  0000b27d    0000002d     osc.obj (.text)
                  0000b2aa    00000029     rts2800_ml.lib : fs_tol.obj (.text)
                  0000b2d3    00000027     cpu.obj (.text)
                  0000b2fa    00000025     rts2800_ml.lib : fs_toi.obj (.text)
                  0000b31f    00000022                    : i_div.obj (.text)
                  0000b341    00000021     filter_fo.obj (.text)
                  0000b362    00000021     rts2800_ml.lib : fs_toul.obj (.text)
                  0000b383    00000020     flash.obj (.text)
                  0000b3a3    0000001f     rts2800_ml.lib : fd_tol.obj (.text)
                  0000b3c2    0000001d                    : fs_tou.obj (.text)
                  0000b3df    0000001c     cpu_usage.obj (.text)
                  0000b3fb    0000001c     rts2800_ml.lib : fs_tofd.obj (.text)
                  0000b417    0000001a                    : i_tofs.obj (.text)
                  0000b431    0000001a                    : l_tofs.obj (.text)
                  0000b44b    00000019                    : args_main.obj (.text)
                  0000b464    00000019                    : exit.obj (.text)
                  0000b47d    00000017                    : fs_cmp.obj (.text)
                  0000b494    00000014                    : frexp.obj (.text)
                  0000b4a8    00000013                    : ul_tofs.obj (.text)
                  0000b4bb    00000010                    : u_tofs.obj (.text)
                  0000b4cb    00000009                    : _lock.obj (.text)
                  0000b4d4    00000008     CodeStartBranch.obj (.text)
                  0000b4dc    00000005     pie.obj (.text:retain)
                  0000b4e1    00000005     rts2800_ml.lib : fs_neg.obj (.text)

.ebss      0    0000b4e6    00000284     UNINITIALIZED
                  0000b4e6    00000004     rts2800_ml.lib : _lock.obj (.ebss)
                  0000b4ea    00000004                    : exit.obj (.ebss)
                  0000b4ee    00000002     drv8301.obj (.ebss)
                  0000b4f0    00000001     cpu.obj (.ebss)
                  0000b4f1    00000001     rts2800_ml.lib : errno.obj (.ebss)
                  0000b4f2    0000000e     --HOLE--
                  0000b500    000001ac     proj_lab07.obj (.ebss)
                  0000b6ac    00000014     --HOLE--
                  0000b6c0    000000aa     hal.obj (.ebss)

IQmath     0    0000b76a    000000a6     
                  0000b76a    00000042     IQmath.lib : IQ24sqrt.obj (IQmath)
                  0000b7ac    00000029                : IQ24sinPU.obj (IQmath)
                  0000b7d5    00000027                : IQ24cosPU.obj (IQmath)
                  0000b7fc    00000014                : IQ30toF.obj (IQmath)

.econst    0    0000b810    00000028     
                  0000b810    0000001c     ctrl.obj (.econst)
                  0000b82c    00000008     user.obj (.econst)
                  0000b834    00000004     hal.obj (.econst)

IQmathTables 
*          0    003fdc30    00000b50     NOLOAD SECTION
                  003fdc30    00000b50     IQmath.lib : IQmathTables.obj (IQmathTables)

.reset     0    003fffc0    00000002     DSECT
                  003fffc0    00000002     rts2800_ml.lib : boot.obj (.reset)

.stack     1    00000400    000003b0     UNINITIALIZED
                  00000400    000003b0     --HOLE--


GLOBAL DATA SYMBOLS: SORTED BY DATA PAGE

address     data page           name
--------    ----------------    ----
00000400      10 (00000400)     __stack

0000b4e6     2d3 (0000b4c0)     __unlock
0000b4e8     2d3 (0000b4c0)     __lock
0000b4ea     2d3 (0000b4c0)     ___TI_cleanup_ptr
0000b4ec     2d3 (0000b4c0)     ___TI_dtors_ptr
0000b4f0     2d3 (0000b4c0)     _cpu
0000b4f1     2d3 (0000b4c0)     _errno

0000b500     2d4 (0000b500)     _i
0000b501     2d4 (0000b500)     _gLEDcnt
0000b502     2d4 (0000b500)     _gCounter_updateGlobals
0000b503     2d4 (0000b500)     _Flag_Latch_softwareUpdate
0000b504     2d4 (0000b500)     _gCpuUsagePercentageMax
0000b506     2d4 (0000b500)     _controller_obj
0000b508     2d4 (0000b500)     _gMaxCurrentSlope
0000b50a     2d4 (0000b500)     _gTorque_Flux_Iq_pu_to_Nm_sf
0000b50c     2d4 (0000b500)     _gFlux_pu_to_VpHz_sf
0000b50e     2d4 (0000b500)     _gTorque_Ls_Id_Iq_pu_to_Nm_sf
0000b510     2d4 (0000b500)     _gMaxDeltaCntObserved
0000b512     2d4 (0000b500)     _gNumFreqErrors
0000b514     2d4 (0000b500)     _halHandle
0000b516     2d4 (0000b500)     _femHandle
0000b518     2d4 (0000b500)     _ctrlHandle
0000b51a     2d4 (0000b500)     _gCpuUsagePercentageAvg
0000b51c     2d4 (0000b500)     _gFlux_pu_to_Wb_sf
0000b51e     2d4 (0000b500)     _gCpuUsagePercentageMin
0000b520     2d4 (0000b500)     _cpu_usageHandle
0000b522     2d4 (0000b500)     _data
0000b526     2d4 (0000b500)     _gPwmData
0000b52c     2d4 (0000b500)     _gAdcData

0000b540     2d5 (0000b540)     _fem
0000b552     2d5 (0000b540)     _cpu_usage
0000b568     2d5 (0000b540)     _gDrvSpi8301Vars

0000b580     2d6 (0000b580)     _gMotorVars

0000b600     2d8 (0000b600)     _gUserParams

0000b6c0     2db (0000b6c0)     _hal

0000b76a     2dd (0000b740)     __IQ24sqrt

0000b7ac     2de (0000b780)     __IQ24sinPU

0000b7d5     2df (0000b7c0)     __IQ24cosPU
0000b7fc     2df (0000b7c0)     __IQ30toF

003fdc30    ff70 (003fdc00)     _IQsinTable

003fdd30    ff74 (003fdd00)     _IQcosTable

003fe030    ff80 (003fe000)     _IQsinTableEnd

003fe132    ff84 (003fe100)     _IQcosTableEnd
003fe132    ff84 (003fe100)     _IQdivRoundSatTable

003fe140    ff85 (003fe140)     _IQdivTable

003fe342    ff8d (003fe340)     _IQdivTableEnd
003fe342    ff8d (003fe340)     _IQisqrtRoundSatTable
003fe342    ff8d (003fe340)     _IQsqrtRoundSatTable
003fe352    ff8d (003fe340)     _IQisqrtTable
003fe352    ff8d (003fe340)     _IQsqrtTable

003fe454    ff91 (003fe440)     _IQatan2HalfPITable
003fe454    ff91 (003fe440)     _IQisqrtTableEnd
003fe454    ff91 (003fe440)     _IQsqrtTableEnd

003fe492    ff92 (003fe480)     _IQatan2Table

003fe618    ff98 (003fe600)     _IQ30mpyRndSatTable
003fe618    ff98 (003fe600)     _IQatan2TableEnd
003fe618    ff98 (003fe600)     _IQmpyRndSatTable
003fe624    ff98 (003fe600)     _IQ29mpyRndSatTable
003fe630    ff98 (003fe600)     _IQ28mpyRndSatTable
003fe63c    ff98 (003fe600)     _IQ27mpyRndSatTable

003fe648    ff99 (003fe640)     _IQ26mpyRndSatTable
003fe654    ff99 (003fe640)     _IQ25mpyRndSatTable
003fe660    ff99 (003fe640)     _IQ24mpyRndSatTable
003fe66c    ff99 (003fe640)     _IQ23mpyRndSatTable
003fe678    ff99 (003fe640)     _IQ22mpyRndSatTable

003fe684    ff9a (003fe680)     _IQ21mpyRndSatTable
003fe690    ff9a (003fe680)     _IQ20mpyRndSatTable
003fe69c    ff9a (003fe680)     _IQ19mpyRndSatTable
003fe6a8    ff9a (003fe680)     _IQ18mpyRndSatTable
003fe6b4    ff9a (003fe680)     _IQ17mpyRndSatTable

003fe6c0    ff9b (003fe6c0)     _IQ16mpyRndSatTable
003fe6cc    ff9b (003fe6c0)     _IQ15mpyRndSatTable
003fe6d8    ff9b (003fe6c0)     _IQ14mpyRndSatTable
003fe6e4    ff9b (003fe6c0)     _IQ13mpyRndSatTable
003fe6f0    ff9b (003fe6c0)     _IQ12mpyRndSatTable
003fe6fc    ff9b (003fe6c0)     _IQ11mpyRndSatTable

003fe708    ff9c (003fe700)     _IQ10mpyRndSatTable
003fe714    ff9c (003fe700)     _IQ9mpyRndSatTable
003fe720    ff9c (003fe700)     _IQ8mpyRndSatTable
003fe72c    ff9c (003fe700)     _IQ7mpyRndSatTable
003fe738    ff9c (003fe700)     _IQ6mpyRndSatTable

003fe744    ff9d (003fe740)     _IQ5mpyRndSatTable
003fe750    ff9d (003fe740)     _IQ4mpyRndSatTable
003fe75c    ff9d (003fe740)     _IQ3mpyRndSatTable
003fe768    ff9d (003fe740)     _IQ2mpyRndSatTable
003fe774    ff9d (003fe740)     _IQ1mpyRndSatTable

003fe780    ff9e (003fe780)     _IQmpyRndSatTableEnd


GLOBAL SYMBOLS: SORTED ALPHABETICALLY BY Name 

address    name
--------   ----
00008000   .text
0000b464   C$$EXIT
0000ae0a   FD$$MPY
0000b3a3   FD$$TOL
0000af15   FS$$ADD
0000b47d   FS$$CMP
0000ae8d   FS$$DIV
0000afe3   FS$$MPY
0000b4e1   FS$$NEG
0000af10   FS$$SUB
0000b3fb   FS$$TOFD
0000b2fa   FS$$TOI
0000b2aa   FS$$TOL
0000b3c2   FS$$TOU
0000b362   FS$$TOUL
0000b31f   I$$DIV
0000b330   I$$MOD
0000b417   I$$TOFS
0000b431   L$$TOFS
0000b4bb   U$$TOFS
0000b4a8   UL$$TOFS
0000a426   _ADC_disable
0000a41b   _ADC_disableBandGap
0000a400   _ADC_disableInt
0000a3f5   _ADC_disableNoOverlapMode
0000a3ea   _ADC_disableRefBuffers
0000a3df   _ADC_disableVoltRefLoConv
0000a3d4   _ADC_enable
0000a3c9   _ADC_enableBandGap
0000a3b2   _ADC_enableInt
0000a3a7   _ADC_enableNoOverlapMode
0000a39c   _ADC_enableRefBuffers
0000a391   _ADC_enableVoltRefLoConv
0000a389   _ADC_getDivideSelect
0000a382   _ADC_init
0000a377   _ADC_powerDown
0000a36c   _ADC_powerUp
0000a361   _ADC_reset
0000a34f   _ADC_setDivideSelect
0000a332   _ADC_setIntMode
0000a320   _ADC_setIntPulseGenMode
0000a303   _ADC_setIntSrc
0000a2fc   _ADC_setOffTrim
0000a2e4   _ADC_setSampleMode
0000a2cf   _ADC_setSampleOverlapMode
0000a2bc   _ADC_setSocChanNumber
0000a2b2   _ADC_setSocFrc
0000a2ab   _ADC_setSocFrcWord
0000a298   _ADC_setSocSampleDelay
0000a285   _ADC_setSocTrigSrc
0000a273   _ADC_setTempSensorSrc
0000a261   _ADC_setVoltRefSrc
0000a236   _ADC_setupSocTrigSrc
0000a8f2   _CLK_disableAdcClock
0000a8eb   _CLK_disableClaClock
0000a8e5   _CLK_disableClkIn
0000a8e1   _CLK_disableCompClock
0000a8da   _CLK_disableCpuTimerClock
0000a8d4   _CLK_disableCrystalOsc
0000a8cd   _CLK_disableEcanaClock
0000a8c6   _CLK_disableEcap1Clock
0000a8bf   _CLK_disableEqep1Clock
0000a8b8   _CLK_disableEqep2Clock
0000a8b1   _CLK_disableGpioInputClock
0000a8aa   _CLK_disableHrPwmClock
0000a8a3   _CLK_disableI2cClock
0000a89c   _CLK_disableLinAClock
0000a896   _CLK_disableOsc1
0000a890   _CLK_disableOsc1HaltMode
0000a88a   _CLK_disableOsc2
0000a884   _CLK_disableOsc2HaltMode
0000a87a   _CLK_disablePwmClock
0000a873   _CLK_disableSciaClock
0000a86c   _CLK_disableScibClock
0000a865   _CLK_disableSpiaClock
0000a861   _CLK_disableSpibClock
0000a85a   _CLK_disableTbClockSync
0000a854   _CLK_disableWatchDogHaltMode
0000a84d   _CLK_enableAdcClock
0000a846   _CLK_enableClaClock
0000a840   _CLK_enableClkIn
0000a83a   _CLK_enableCompClock
0000a834   _CLK_enableCpuTimerClock
0000a82e   _CLK_enableCrystalOsc
0000a827   _CLK_enableEcanaClock
0000a820   _CLK_enableEcap1Clock
0000a819   _CLK_enableEqep1Clock
0000a812   _CLK_enableEqep2Clock
0000a80b   _CLK_enableGpioInputClock
0000a804   _CLK_enableHrPwmClock
0000a7fd   _CLK_enableI2cClock
0000a7f6   _CLK_enableLinAClock
0000a7f0   _CLK_enableOsc1
0000a7ea   _CLK_enableOsc1HaltMode
0000a7e4   _CLK_enableOsc2
0000a7de   _CLK_enableOsc2HaltMode
0000a7d5   _CLK_enablePwmClock
0000a7ce   _CLK_enableSciaClock
0000a7c7   _CLK_enableScibClock
0000a7c0   _CLK_enableSpiaClock
0000a7b9   _CLK_enableSpibClock
0000a7b2   _CLK_enableTbClockSync
0000a7ac   _CLK_enableWatchDogHaltMode
0000a7a6   _CLK_init
0000a79f   _CLK_setClkOutPreScaler
0000a799   _CLK_setLowSpdPreScaler
0000a792   _CLK_setOsc2Src
0000a78b   _CLK_setOscSrc
0000a784   _CLK_setTimer2PreScale
0000a77d   _CLK_setTimer2Src
0000a776   _CLK_setWatchDogSrc
0000a76f   _CLK_setXClkInSrc
0000b3f5   _CPU_USAGE_init
0000b3df   _CPU_USAGE_setParams
0000b2f7   _CPU_clearIntFlags
0000b2f4   _CPU_disableDebugInt
0000b2f1   _CPU_disableGlobalInts
0000b2ec   _CPU_disableInt
0000b2e9   _CPU_disableInts
0000b2e6   _CPU_disableProtectedRegisterWrite
0000b2e3   _CPU_enableDebugInt
0000b2e0   _CPU_enableGlobalInts
0000b2dc   _CPU_enableInt
0000b2d9   _CPU_enableProtectedRegisterWrite
0000b2d3   _CPU_init
000093f6   _CTRL_getGains
000093ee   _CTRL_getIab_filt_pu
000093e6   _CTRL_getIab_in_pu
000093de   _CTRL_getIdq_in_pu
000093d6   _CTRL_getIdq_ref_pu
0000942f   _CTRL_getMagCurrent_pu
0000942c   _CTRL_getMaximumSpeed_pu
000093ce   _CTRL_getVab_in_pu
000093c6   _CTRL_getVab_out_pu
000093be   _CTRL_getVdq_out_pu
003fa721   _CTRL_getVersion
000093b5   _CTRL_getWaitTimes
003fa6fb   _CTRL_initCtrl
00008ea3   _CTRL_run
003fa5d1   _CTRL_runTraj
003f9e64   _CTRL_setEstParams
00008c3f   _CTRL_setGains
00009426   _CTRL_setMagCurrent_pu
00009429   _CTRL_setMaximumSpeed_pu
00008c67   _CTRL_setParams
00008c2c   _CTRL_setSpd_ref_krpm
00008c29   _CTRL_setSpd_ref_pu
003f9d31   _CTRL_setUserMotorParams
00008c20   _CTRL_setWaitTimes
00008c16   _CTRL_setup
00008bfa   _CTRL_setupClarke_I
00008be4   _CTRL_setupClarke_V
003f9b43   _CTRL_setupCtrl
003f99a5   _CTRL_setupEstIdleState
003f996a   _CTRL_setupEstOnLineState
003f9806   _CTRL_setupTraj
00008b87   _CTRL_setup_user
00008ad5   _CTRL_updateState
0000a214   _DRV8301_enable
0000a202   _DRV8301_getDcCalMode
0000a1e7   _DRV8301_getFaultType
0000a1e1   _DRV8301_getId
0000a1da   _DRV8301_getOcLevel
0000a1d3   _DRV8301_getOcMode
0000a1cc   _DRV8301_getOcOffTimeMode
0000a1c5   _DRV8301_getOcTwMode
0000a1be   _DRV8301_getPeakCurrent
0000a1b7   _DRV8301_getPwmMode
0000a1b0   _DRV8301_getShuntAmpGain
0000a1a7   _DRV8301_init
0000a1a1   _DRV8301_isFault
0000a19a   _DRV8301_isReset
0000a12f   _DRV8301_readData
00009fbd   _DRV8301_readSpi
0000a120   _DRV8301_reset
0000a101   _DRV8301_setDcCalMode
0000a0ff   _DRV8301_setGpioHandle
0000a0fd   _DRV8301_setGpioNumber
0000a0e9   _DRV8301_setOcLevel
0000a0d5   _DRV8301_setOcMode
0000a0c1   _DRV8301_setOcOffTimeMode
0000a0ad   _DRV8301_setOcTwMode
0000a099   _DRV8301_setPeakCurrent
0000a085   _DRV8301_setPwmMode
0000a071   _DRV8301_setShuntAmpGain
0000a06f   _DRV8301_setSpiHandle
00009ff3   _DRV8301_setupSpi
00009f94   _DRV8301_writeData
00009f7e   _DRV8301_writeSpi
003f9760   _EST_doCurrentCtrl
003f9758   _EST_doSpeedCtrl
003f8c0d   _EST_getAngle_pu
003f96be   _EST_getFlux_VpHz
003f96ab   _EST_getFlux_pu
003f968e   _EST_getFm_pu
003f9632   _EST_getIdRated
003f95ff   _EST_getLs_coarse_max_pu
003f95f5   _EST_getLs_d_H
003f95f0   _EST_getLs_d_pu
003f95ce   _EST_getLs_q_H
003f95c9   _EST_getLs_q_pu
003f95bd   _EST_getMaxCurrentSlope_pu
003f95b3   _EST_getOneOverDcBus_pu
003f95ad   _EST_getRr_Ohm
003f953d   _EST_getRsOnLine_Ohm
003f9513   _EST_getRs_Ohm
003f94dd   _EST_getRs_qFmt
003f94c6   _EST_getSpeed_krpm
003f861b   _EST_getState
003f9458   _EST_get_krpm_to_pu_sf
003f9453   _EST_get_pu_to_krpm_sf
003f938d   _EST_isError
003f9386   _EST_isIdle
003f937f   _EST_isLockRotor
003f8679   _EST_isMotorIdentified
003f9378   _EST_isOnLine
003f927b   _EST_run
003f8bdb   _EST_setFlag_enableForceAngle
003f8bd7   _EST_setFlag_enableRsOnLine
003f8bd3   _EST_setFlag_enableRsRecalc
003f8bcb   _EST_setFlag_updateRs
003f8b80   _EST_setId_ref_pu
003f8b7a   _EST_setIdle
003f8b67   _EST_setIdle_all
003f8b63   _EST_setIq_ref_pu
003f8b45   _EST_setLs_d_pu
003f8af1   _EST_setLs_qFmt
003f8ae7   _EST_setLs_q_pu
003f8adb   _EST_setMaxCurrentSlope_pu
003f8a78   _EST_setRsOnLineId_mag_pu
003f8a72   _EST_setRsOnLineId_pu
003f8a4e   _EST_setRsOnLine_pu
003f8a48   _EST_setRsOnLine_qFmt
003f8a18   _EST_setRs_pu
003f89f5   _EST_updateId_ref_pu
003f8713   _EST_updateState
003f861d   _EST_useZeroIq_ref
0000b214   _FEM_init
0000b1e2   _FEM_setParams
0000b35f   _FILTER_FO_getDenCoeffs
0000b358   _FILTER_FO_getInitialConditions
0000b352   _FILTER_FO_getNumCoeffs
0000b34c   _FILTER_FO_init
0000b34a   _FILTER_FO_setDenCoeffs
0000b345   _FILTER_FO_setInitialConditions
0000b341   _FILTER_FO_setNumCoeffs
0000b39d   _FLASH_clear3VStatus
0000013c   _FLASH_disablePipelineMode
00000136   _FLASH_enablePipelineMode
0000b39a   _FLASH_get3VStatus
0000b397   _FLASH_getActiveWaitCount
0000b393   _FLASH_getActiveWaitStatus
0000b390   _FLASH_getPowerMode
0000b38d   _FLASH_getStandbyWaitCount
0000b389   _FLASH_getStandbyWaitStatus
0000b383   _FLASH_init
00000131   _FLASH_setActiveWaitCount
0000012a   _FLASH_setNumPagedReadWaitStates
00000123   _FLASH_setNumRandomReadWaitStates
0000011c   _FLASH_setOtpWaitStates
00000115   _FLASH_setPowerMode
00000110   _FLASH_setStandbyWaitCount
0000b503   _Flag_Latch_softwareUpdate
0000a75f   _GPIO_getData
0000a758   _GPIO_getPortData
0000a752   _GPIO_init
0000a748   _GPIO_lpmSelect
0000a722   _GPIO_read
0000a707   _GPIO_setDirection
0000a6fc   _GPIO_setExtInt
0000a6e9   _GPIO_setHigh
0000a6d6   _GPIO_setLow
0000a69c   _GPIO_setMode
0000a691   _GPIO_setPortData
0000a676   _GPIO_setPullup
0000a636   _GPIO_setQualification
0000a5ef   _GPIO_setQualificationPeriod
0000a5dc   _GPIO_toggle
000085cd   _HAL_AdcCalChanSelect
00008624   _HAL_AdcCalConversion
0000877b   _HAL_AdcOffsetSelfCal
00008840   _HAL_OscTempComp
00008893   _HAL_cal
00008ad1   _HAL_disableGlobalInts
000089b8   _HAL_disableWdog
00008abf   _HAL_enableAdcInts
00008abb   _HAL_enableDebugInt
00008ab6   _HAL_enableDrv
00008ab2   _HAL_enableGlobalInts
00008aa1   _HAL_enablePwmInt
00008a91   _HAL_enableTimer0Int
000087ae   _HAL_getOscTrimValue
000089bd   _HAL_init
000087c2   _HAL_osc1Comp
00008801   _HAL_osc2Comp
000089b3   _HAL_readDrvData
000088aa   _HAL_setParams
00008515   _HAL_setupAdcs
000084f9   _HAL_setupClks
000084f4   _HAL_setupDrvSpi
000084d5   _HAL_setupFaults
000084b1   _HAL_setupFlash
0000849c   _HAL_setupGate
000082fd   _HAL_setupGpios
000082b0   _HAL_setupPeripheralClks
00008294   _HAL_setupPie
00008256   _HAL_setupPll
000081cb   _HAL_setupPwmDacs
00008103   _HAL_setupPwms
000080b8   _HAL_setupSCI
00008072   _HAL_setupSpiA
0000803c   _HAL_setupSpiB
00008005   _HAL_setupTimers
00008000   _HAL_writeDrvData
003fe708   _IQ10mpyRndSatTable
003fe6fc   _IQ11mpyRndSatTable
003fe6f0   _IQ12mpyRndSatTable
003fe6e4   _IQ13mpyRndSatTable
003fe6d8   _IQ14mpyRndSatTable
003fe6cc   _IQ15mpyRndSatTable
003fe6c0   _IQ16mpyRndSatTable
003fe6b4   _IQ17mpyRndSatTable
003fe6a8   _IQ18mpyRndSatTable
003fe69c   _IQ19mpyRndSatTable
003fe774   _IQ1mpyRndSatTable
003fe690   _IQ20mpyRndSatTable
003fe684   _IQ21mpyRndSatTable
003fe678   _IQ22mpyRndSatTable
003fe66c   _IQ23mpyRndSatTable
003fe660   _IQ24mpyRndSatTable
003fe654   _IQ25mpyRndSatTable
003fe648   _IQ26mpyRndSatTable
003fe63c   _IQ27mpyRndSatTable
003fe630   _IQ28mpyRndSatTable
003fe624   _IQ29mpyRndSatTable
003fe768   _IQ2mpyRndSatTable
003fe618   _IQ30mpyRndSatTable
003fe75c   _IQ3mpyRndSatTable
003fe750   _IQ4mpyRndSatTable
003fe744   _IQ5mpyRndSatTable
003fe738   _IQ6mpyRndSatTable
003fe72c   _IQ7mpyRndSatTable
003fe720   _IQ8mpyRndSatTable
003fe714   _IQ9mpyRndSatTable
003fe454   _IQatan2HalfPITable
003fe492   _IQatan2Table
003fe618   _IQatan2TableEnd
003fdd30   _IQcosTable
003fe132   _IQcosTableEnd
003fe132   _IQdivRoundSatTable
003fe140   _IQdivTable
003fe342   _IQdivTableEnd
003fe342   _IQisqrtRoundSatTable
003fe352   _IQisqrtTable
003fe454   _IQisqrtTableEnd
003fe618   _IQmpyRndSatTable
003fe780   _IQmpyRndSatTableEnd
003fdc30   _IQsinTable
003fe030   _IQsinTableEnd
003fe342   _IQsqrtRoundSatTable
003fe352   _IQsqrtTable
003fe454   _IQsqrtTableEnd
0000b152   _OFFSET_getBeta
0000b141   _OFFSET_init
0000b12b   _OFFSET_setBeta
0000b11c   _OFFSET_setInitCond
0000b11a   _OFFSET_setOffset
0000b2a4   _OSC_init
0000b297   _OSC_setCoarseTrim
0000b286   _OSC_setFineTrim
0000b27d   _OSC_setTrim
0000a9fd   _PIE_clearAllFlags
0000a9fa   _PIE_clearAllInts
0000a9f7   _PIE_disable
0000a9ed   _PIE_disableAllInts
0000a9e9   _PIE_disableCaptureInt
0000a9dc   _PIE_disableExtInt
0000a9d1   _PIE_disableInt
0000a9ce   _PIE_enable
0000a9b2   _PIE_enableAdcInt
0000a9ae   _PIE_enableCaptureInt
0000a98b   _PIE_enableExtInt
0000a981   _PIE_enableInt
0000a97c   _PIE_enablePwmInt
0000a977   _PIE_enablePwmTzInt
0000a974   _PIE_enableTimer0Int
0000a96a   _PIE_forceInt
0000a962   _PIE_getExtIntCount
0000a95b   _PIE_getIntEnables
0000a954   _PIE_getIntFlags
0000b4dc   _PIE_illegalIsr
0000a94d   _PIE_init
0000a93e   _PIE_registerPieIntHandler
0000a933   _PIE_registerSystemIntHandler
0000a927   _PIE_setDefaultIntVectorTable
0000a917   _PIE_setExtIntPolarity
0000a906   _PIE_unregisterPieIntHandler
0000a8f9   _PIE_unregisterSystemIntHandler
0000afdd   _PLL_disable
0000afd7   _PLL_disableClkDetect
0000afd1   _PLL_disableNormRdy
0000afcb   _PLL_disableOsc
0000afc5   _PLL_enable
0000afbf   _PLL_enableClkDetect
0000afb9   _PLL_enableNormRdy
0000afb3   _PLL_enableOsc
0000afaf   _PLL_getClkFreq
0000afac   _PLL_getClkStatus
0000afa9   _PLL_getDivideSelect
0000afa6   _PLL_getLockStatus
0000afa0   _PLL_init
0000af9a   _PLL_resetClkDetect
0000af94   _PLL_setClkFreq
0000af8d   _PLL_setDivideSelect
0000af88   _PLL_setLockPeriod
00009f78   _PWM_clearTripZone
00009f75   _PWM_decrementDeadBandFallingEdgeDelay
00009f72   _PWM_decrementDeadBandRisingEdgeDelay
00009f6b   _PWM_disableAutoConvert
00009f67   _PWM_disableChopping
00009f64   _PWM_disableCounterLoad
00009f61   _PWM_disableDeadBand
00009f5d   _PWM_disableDeadBandHalfCycle
00009f56   _PWM_disableDigitalCompareBlankingWindow
00009f4f   _PWM_disableDigitalCompareBlankingWindowInversion
00009f48   _PWM_disableHrPeriod
00009f41   _PWM_disableHrPhaseSync
00009f3d   _PWM_disableInt
00009f39   _PWM_disableSocAPulse
00009f35   _PWM_disableSocBPulse
00009f2e   _PWM_disableTripZoneInt
00009f27   _PWM_disableTripZoneSrc
00009f21   _PWM_disableTripZones
00009f1a   _PWM_enableAutoConvert
00009f16   _PWM_enableChopping
00009f13   _PWM_enableCounterLoad
00009f0f   _PWM_enableDeadBandHalfCycle
00009f08   _PWM_enableDigitalCompareBlankingWindow
00009f01   _PWM_enableDigitalCompareBlankingWindowInversion
00009efa   _PWM_enableHrPeriod
00009ef3   _PWM_enableHrPhaseSync
00009eef   _PWM_enableInt
00009eeb   _PWM_enableSocAPulse
00009ee7   _PWM_enableSocBPulse
00009ee1   _PWM_enableTripZoneInt
00009edb   _PWM_enableTripZoneSrc
00009ed8   _PWM_getDeadBandFallingEdgeDelay
00009ed5   _PWM_getDeadBandRisingEdgeDelay
00009ed1   _PWM_getIntCount
00009ecd   _PWM_getShadowStatus_CmpA
00009ec9   _PWM_getShadowStatus_CmpB
00009ec4   _PWM_getSocACount
00009ebf   _PWM_getSocBCount
00009ebc   _PWM_incrementDeadBandFallingEdgeDelay
00009eb9   _PWM_incrementDeadBandRisingEdgeDelay
00009eb3   _PWM_init
00009eac   _PWM_setActionQualContSWForce_PwmA
00009ea3   _PWM_setActionQualContSWForce_PwmB
00009e9a   _PWM_setActionQual_CntDown_CmpA_PwmA
00009e91   _PWM_setActionQual_CntDown_CmpA_PwmB
00009e88   _PWM_setActionQual_CntDown_CmpB_PwmA
00009e7f   _PWM_setActionQual_CntDown_CmpB_PwmB
00009e76   _PWM_setActionQual_CntUp_CmpA_PwmA
00009e6d   _PWM_setActionQual_CntUp_CmpA_PwmB
00009e64   _PWM_setActionQual_CntUp_CmpB_PwmA
00009e5b   _PWM_setActionQual_CntUp_CmpB_PwmB
00009e52   _PWM_setActionQual_Period_PwmA
00009e49   _PWM_setActionQual_Period_PwmB
00009e42   _PWM_setActionQual_Zero_PwmA
00009e3b   _PWM_setActionQual_Zero_PwmB
00009e34   _PWM_setChoppingClkFreq
00009e2d   _PWM_setChoppingDutyCycle
00009e26   _PWM_setChoppingPulseWidth
00009e22   _PWM_setClkDiv
00009e20   _PWM_setCount
00009e1c   _PWM_setCounterMode
00009e19   _PWM_setDeadBandFallingEdgeDelay
00009e12   _PWM_setDeadBandInputMode
00009e0b   _PWM_setDeadBandOutputMode
00009e04   _PWM_setDeadBandPolarity
00009e01   _PWM_setDeadBandRisingEdgeDelay
00009dea   _PWM_setDigitalCompareAEvent1
00009dda   _PWM_setDigitalCompareAEvent2
00009dc3   _PWM_setDigitalCompareBEvent1
00009db3   _PWM_setDigitalCompareBEvent2
00009da7   _PWM_setDigitalCompareBlankingPulse
00009da4   _PWM_setDigitalCompareFilterOffset
00009d9a   _PWM_setDigitalCompareFilterSource
00009d97   _PWM_setDigitalCompareFilterWindow
00009d88   _PWM_setDigitalCompareInput
00009d84   _PWM_setHighSpeedClkDiv
00009d7a   _PWM_setHrControlMode
00009d70   _PWM_setHrEdgeMode
00009d66   _PWM_setHrShadowMode
00009d5f   _PWM_setIntMode
00009d58   _PWM_setIntPeriod
00009d54   _PWM_setLoadMode_CmpA
00009d4e   _PWM_setLoadMode_CmpB
00009d4c   _PWM_setPeriod
00009d47   _PWM_setPeriodHr
00009d43   _PWM_setPeriodLoad
00009d41   _PWM_setPhase
00009d3d   _PWM_setPhaseDir
00009d39   _PWM_setRunMode
00009d33   _PWM_setShadowMode_CmpA
00009d2d   _PWM_setShadowMode_CmpB
00009d24   _PWM_setSocAPeriod
00009d1b   _PWM_setSocAPulseSrc
00009d12   _PWM_setSocBPeriod
00009d09   _PWM_setSocBPulseSrc
00009d06   _PWM_setSwSync
00009d02   _PWM_setSyncMode
00009cf8   _PWM_setTripZoneDCEventSelect_DCAEVT1
00009cec   _PWM_setTripZoneDCEventSelect_DCAEVT2
00009ce0   _PWM_setTripZoneDCEventSelect_DCBEVT1
00009cd4   _PWM_setTripZoneDCEventSelect_DCBEVT2
00009cc8   _PWM_setTripZoneState_DCAEVT1
00009cbc   _PWM_setTripZoneState_DCAEVT2
00009cb0   _PWM_setTripZoneState_DCBEVT1
00009ca4   _PWM_setTripZoneState_DCBEVT2
00009c9a   _PWM_setTripZoneState_TZA
00009c8e   _PWM_setTripZoneState_TZB
0000b0d1   _PWR_disableBrownOutReset
0000b0c6   _PWR_disableWatchDogInt
0000b0c3   _PWR_enableBrownOutReset
0000b0b8   _PWR_enableWatchDogInt
0000b0b1   _PWR_init
0000b09f   _PWR_setLowPowerMode
0000b08d   _PWR_setNumStandByClocks
00000146   _RamfuncsLoadEnd
00000036   _RamfuncsLoadSize
00000110   _RamfuncsLoadStart
00000110   _RamfuncsRunStart
0000a581   _SCI_RX_ISR
0000ab02   _SCI_clearAutoBaudDetect
0000aafe   _SCI_clearRxFifoInt
0000aafa   _SCI_clearRxFifoOvf
0000aaf6   _SCI_clearTxFifoInt
0000aaf3   _SCI_disable
0000aaef   _SCI_disableAutoBaudAlign
0000aaec   _SCI_disableLoopBack
0000aae9   _SCI_disableParity
0000aae6   _SCI_disableRx
0000aae3   _SCI_disableRxErrorInt
0000aadf   _SCI_disableRxFifoInt
0000aadc   _SCI_disableRxInt
0000aad9   _SCI_disableSleep
0000aad6   _SCI_disableTx
0000aad2   _SCI_disableTxFifoEnh
0000aace   _SCI_disableTxFifoInt
0000aacb   _SCI_disableTxInt
0000aac8   _SCI_disableTxWake
0000aac5   _SCI_enable
0000aac1   _SCI_enableAutoBaudAlign
0000aabd   _SCI_enableChannels
0000aaba   _SCI_enableLoopBack
0000aab7   _SCI_enableParity
0000aab4   _SCI_enableRx
0000aab1   _SCI_enableRxErrorInt
0000aaad   _SCI_enableRxFifo
0000aaa9   _SCI_enableRxFifoInt
0000aaa6   _SCI_enableRxInt
0000aaa3   _SCI_enableSleep
0000aaa0   _SCI_enableTx
0000aa9c   _SCI_enableTxFifo
0000aa98   _SCI_enableTxFifoEnh
0000aa94   _SCI_enableTxFifoInt
0000aa91   _SCI_enableTxInt
0000aa8e   _SCI_enableTxWake
0000aa8a   _SCI_getDataBlocking
0000aa81   _SCI_getDataNonBlocking
0000aa7d   _SCI_getRxFifoStatus
0000aa07   _SCI_getTxFifoStatus
0000aa77   _SCI_init
0000aa72   _SCI_putDataBlocking
0000aa6a   _SCI_putDataNonBlocking
0000aa67   _SCI_reset
0000aa5d   _SCI_resetChannels
0000aa53   _SCI_resetRxFifo
0000aa49   _SCI_resetTxFifo
0000aa43   _SCI_setBaudRate
0000aa3f   _SCI_setCharLength
0000aa3b   _SCI_setMode
0000aa37   _SCI_setNumStopBits
0000aa33   _SCI_setParity
0000aa30   _SCI_setPriority
0000aa29   _SCI_setRxFifoIntLevel
0000aa22   _SCI_setTxDelay
0000aa1b   _SCI_setTxFifoIntLevel
0000aa0b   _SCI_write_char
0000aa14   _SCI_write_str
0000ac55   _SPI_clearRxFifoInt
0000ac51   _SPI_clearRxFifoOvf
0000ac4d   _SPI_clearTxFifoInt
0000ac4a   _SPI_disableInt
0000ac47   _SPI_disableLoopBack
0000ac44   _SPI_disableOverRunInt
0000ac40   _SPI_disableRxFifoInt
0000ac3d   _SPI_disableTx
0000ac39   _SPI_disableTxFifoEnh
0000ac35   _SPI_disableTxFifoInt
0000ac32   _SPI_enable
0000ac2e   _SPI_enableChannels
0000ac2b   _SPI_enableInt
0000ac28   _SPI_enableLoopBack
0000ac25   _SPI_enableOverRunInt
0000ac21   _SPI_enableRxFifo
0000ac1d   _SPI_enableRxFifoInt
0000ac1a   _SPI_enableTx
0000ac16   _SPI_enableTxFifo
0000ac12   _SPI_enableTxFifoEnh
0000ac0e   _SPI_enableTxFifoInt
0000ac0b   _SPI_getIntFlagStatus
0000ac07   _SPI_getRxFifoStatus
0000ac04   _SPI_getTxBufferStatus
0000ac00   _SPI_getTxFifoStatus
0000abfa   _SPI_init
0000abf7   _SPI_reset
0000abf3   _SPI_resetChannels
0000abef   _SPI_resetRxFifo
0000abeb   _SPI_resetTxFifo
0000abe9   _SPI_setBaudRate
0000abe5   _SPI_setCharLength
0000abe3   _SPI_setClkPhase
0000abdf   _SPI_setClkPolarity
0000abdd   _SPI_setMode
0000abd6   _SPI_setPriority
0000abcf   _SPI_setRxFifoIntLevel
0000abc8   _SPI_setSteInv
0000abc1   _SPI_setSuspend
0000abba   _SPI_setTriWire
0000abb7   _SPI_setTxDelay
0000abb0   _SPI_setTxFifoIntLevel
0000b249   _TIMER_clearFlag
0000b246   _TIMER_disableInt
0000b243   _TIMER_enableInt
0000b240   _TIMER_getStatus
0000b23a   _TIMER_init
0000b22c   _TIMER_setDecimationFactor
0000b228   _TIMER_setEmulationMode
0000b21a   _TIMER_setPreScaler
0000980b   _USER_calcPIgains
00009807   _USER_checkForErrors
000097f9   _USER_computeFlux
000097ae   _USER_computeFlux_pu_to_VpHz_sf
00009763   _USER_computeFlux_pu_to_Wb_sf
00009718   _USER_computeTorque_Flux_Iq_pu_to_Nm_sf
000096cf   _USER_computeTorque_Ls_Id_Iq_pu_to_Nm_sf
00009683   _USER_computeTorque_Nm
0000962c   _USER_computeTorque_lbin
00009629   _USER_getErrorCode
00009626   _USER_setErrorCode
000094c0   _USER_setParams
00009432   _USER_softwareUpdate1p6
0000b112   _WDOG_clearCounter
0000b10a   _WDOG_disable
0000b104   _WDOG_disableInt
0000b0fe   _WDOG_disableOverRide
0000b0f5   _WDOG_enable
0000b0ef   _WDOG_enableInt
0000b0e9   _WDOG_enableOverRide
0000b0e6   _WDOG_getIntStatus
0000b0e0   _WDOG_init
0000b0de   _WDOG_setCount
0000b0d4   _WDOG_setPreScaler
0000b7d5   __IQ24cosPU
0000b7ac   __IQ24sinPU
0000b76a   __IQ24sqrt
0000b7fc   __IQ30toF
000007b0   __STACK_END
000003b0   __STACK_SIZE
00000001   __TI_args_main
0000b4ea   ___TI_cleanup_ptr
0000b4ec   ___TI_dtors_ptr
ffffffff   ___binit__
ffffffff   ___c_args__
00000050   ___cinit__
0000b4e6   ___etext__
ffffffff   ___pinit__
00008000   ___text__
0000b44b   __args_main
0000b4e8   __lock
0000acf6   __log
0000b4d3   __nop
0000b4cf   __register_lock
0000b4cb   __register_unlock
00000400   __stack
0000b4e6   __unlock
0000b464   _abort
0000b15f   _c_int00
0000b506   _controller_obj
0000b4f0   _cpu
0000b552   _cpu_usage
0000b520   _cpu_usageHandle
0000b518   _ctrlHandle
0000b522   _data
0000b4f1   _errno
0000b466   _exit
0000ac59   _exp
0000b540   _fem
0000b516   _femHandle
0000b494   _frexp
0000b52c   _gAdcData
0000b502   _gCounter_updateGlobals
0000b51a   _gCpuUsagePercentageAvg
0000b504   _gCpuUsagePercentageMax
0000b51e   _gCpuUsagePercentageMin
0000b568   _gDrvSpi8301Vars
0000b50c   _gFlux_pu_to_VpHz_sf
0000b51c   _gFlux_pu_to_Wb_sf
0000b501   _gLEDcnt
0000b508   _gMaxCurrentSlope
0000b510   _gMaxDeltaCntObserved
0000b580   _gMotorVars
0000b512   _gNumFreqErrors
0000b526   _gPwmData
0000b50a   _gTorque_Flux_Iq_pu_to_Nm_sf
0000b50e   _gTorque_Ls_Id_Iq_pu_to_Nm_sf
0000b600   _gUserParams
0000b6c0   _hal
0000b514   _halHandle
0000b500   _i
0000b1a3   _ldexp
0000ab06   _log
00009a19   _main
0000a431   _mainISR
0000b24c   _modf
0000ad83   _pow
000099a6   _runRsOnLine
0000b03d   _sqrt
00009957   _updateCPUusage
000098dd   _updateGlobalVariables_motor
000098bc   _updateKpKiGains
00000142   _usDelay
ffffffff   binit
00000050   cinit
00000000   code_start
0000b4e6   etext
ffffffff   pinit


GLOBAL SYMBOLS: SORTED BY Symbol Address 

address    name
--------   ----
00000000   code_start
00000001   __TI_args_main
00000036   _RamfuncsLoadSize
00000050   ___cinit__
00000050   cinit
00000110   _FLASH_setStandbyWaitCount
00000110   _RamfuncsLoadStart
00000110   _RamfuncsRunStart
00000115   _FLASH_setPowerMode
0000011c   _FLASH_setOtpWaitStates
00000123   _FLASH_setNumRandomReadWaitStates
0000012a   _FLASH_setNumPagedReadWaitStates
00000131   _FLASH_setActiveWaitCount
00000136   _FLASH_enablePipelineMode
0000013c   _FLASH_disablePipelineMode
00000142   _usDelay
00000146   _RamfuncsLoadEnd
000003b0   __STACK_SIZE
00000400   __stack
000007b0   __STACK_END
00008000   .text
00008000   _HAL_writeDrvData
00008000   ___text__
00008005   _HAL_setupTimers
0000803c   _HAL_setupSpiB
00008072   _HAL_setupSpiA
000080b8   _HAL_setupSCI
00008103   _HAL_setupPwms
000081cb   _HAL_setupPwmDacs
00008256   _HAL_setupPll
00008294   _HAL_setupPie
000082b0   _HAL_setupPeripheralClks
000082fd   _HAL_setupGpios
0000849c   _HAL_setupGate
000084b1   _HAL_setupFlash
000084d5   _HAL_setupFaults
000084f4   _HAL_setupDrvSpi
000084f9   _HAL_setupClks
00008515   _HAL_setupAdcs
000085cd   _HAL_AdcCalChanSelect
00008624   _HAL_AdcCalConversion
0000877b   _HAL_AdcOffsetSelfCal
000087ae   _HAL_getOscTrimValue
000087c2   _HAL_osc1Comp
00008801   _HAL_osc2Comp
00008840   _HAL_OscTempComp
00008893   _HAL_cal
000088aa   _HAL_setParams
000089b3   _HAL_readDrvData
000089b8   _HAL_disableWdog
000089bd   _HAL_init
00008a91   _HAL_enableTimer0Int
00008aa1   _HAL_enablePwmInt
00008ab2   _HAL_enableGlobalInts
00008ab6   _HAL_enableDrv
00008abb   _HAL_enableDebugInt
00008abf   _HAL_enableAdcInts
00008ad1   _HAL_disableGlobalInts
00008ad5   _CTRL_updateState
00008b87   _CTRL_setup_user
00008be4   _CTRL_setupClarke_V
00008bfa   _CTRL_setupClarke_I
00008c16   _CTRL_setup
00008c20   _CTRL_setWaitTimes
00008c29   _CTRL_setSpd_ref_pu
00008c2c   _CTRL_setSpd_ref_krpm
00008c3f   _CTRL_setGains
00008c67   _CTRL_setParams
00008ea3   _CTRL_run
000093b5   _CTRL_getWaitTimes
000093be   _CTRL_getVdq_out_pu
000093c6   _CTRL_getVab_out_pu
000093ce   _CTRL_getVab_in_pu
000093d6   _CTRL_getIdq_ref_pu
000093de   _CTRL_getIdq_in_pu
000093e6   _CTRL_getIab_in_pu
000093ee   _CTRL_getIab_filt_pu
000093f6   _CTRL_getGains
00009426   _CTRL_setMagCurrent_pu
00009429   _CTRL_setMaximumSpeed_pu
0000942c   _CTRL_getMaximumSpeed_pu
0000942f   _CTRL_getMagCurrent_pu
00009432   _USER_softwareUpdate1p6
000094c0   _USER_setParams
00009626   _USER_setErrorCode
00009629   _USER_getErrorCode
0000962c   _USER_computeTorque_lbin
00009683   _USER_computeTorque_Nm
000096cf   _USER_computeTorque_Ls_Id_Iq_pu_to_Nm_sf
00009718   _USER_computeTorque_Flux_Iq_pu_to_Nm_sf
00009763   _USER_computeFlux_pu_to_Wb_sf
000097ae   _USER_computeFlux_pu_to_VpHz_sf
000097f9   _USER_computeFlux
00009807   _USER_checkForErrors
0000980b   _USER_calcPIgains
000098bc   _updateKpKiGains
000098dd   _updateGlobalVariables_motor
00009957   _updateCPUusage
000099a6   _runRsOnLine
00009a19   _main
00009c8e   _PWM_setTripZoneState_TZB
00009c9a   _PWM_setTripZoneState_TZA
00009ca4   _PWM_setTripZoneState_DCBEVT2
00009cb0   _PWM_setTripZoneState_DCBEVT1
00009cbc   _PWM_setTripZoneState_DCAEVT2
00009cc8   _PWM_setTripZoneState_DCAEVT1
00009cd4   _PWM_setTripZoneDCEventSelect_DCBEVT2
00009ce0   _PWM_setTripZoneDCEventSelect_DCBEVT1
00009cec   _PWM_setTripZoneDCEventSelect_DCAEVT2
00009cf8   _PWM_setTripZoneDCEventSelect_DCAEVT1
00009d02   _PWM_setSyncMode
00009d06   _PWM_setSwSync
00009d09   _PWM_setSocBPulseSrc
00009d12   _PWM_setSocBPeriod
00009d1b   _PWM_setSocAPulseSrc
00009d24   _PWM_setSocAPeriod
00009d2d   _PWM_setShadowMode_CmpB
00009d33   _PWM_setShadowMode_CmpA
00009d39   _PWM_setRunMode
00009d3d   _PWM_setPhaseDir
00009d41   _PWM_setPhase
00009d43   _PWM_setPeriodLoad
00009d47   _PWM_setPeriodHr
00009d4c   _PWM_setPeriod
00009d4e   _PWM_setLoadMode_CmpB
00009d54   _PWM_setLoadMode_CmpA
00009d58   _PWM_setIntPeriod
00009d5f   _PWM_setIntMode
00009d66   _PWM_setHrShadowMode
00009d70   _PWM_setHrEdgeMode
00009d7a   _PWM_setHrControlMode
00009d84   _PWM_setHighSpeedClkDiv
00009d88   _PWM_setDigitalCompareInput
00009d97   _PWM_setDigitalCompareFilterWindow
00009d9a   _PWM_setDigitalCompareFilterSource
00009da4   _PWM_setDigitalCompareFilterOffset
00009da7   _PWM_setDigitalCompareBlankingPulse
00009db3   _PWM_setDigitalCompareBEvent2
00009dc3   _PWM_setDigitalCompareBEvent1
00009dda   _PWM_setDigitalCompareAEvent2
00009dea   _PWM_setDigitalCompareAEvent1
00009e01   _PWM_setDeadBandRisingEdgeDelay
00009e04   _PWM_setDeadBandPolarity
00009e0b   _PWM_setDeadBandOutputMode
00009e12   _PWM_setDeadBandInputMode
00009e19   _PWM_setDeadBandFallingEdgeDelay
00009e1c   _PWM_setCounterMode
00009e20   _PWM_setCount
00009e22   _PWM_setClkDiv
00009e26   _PWM_setChoppingPulseWidth
00009e2d   _PWM_setChoppingDutyCycle
00009e34   _PWM_setChoppingClkFreq
00009e3b   _PWM_setActionQual_Zero_PwmB
00009e42   _PWM_setActionQual_Zero_PwmA
00009e49   _PWM_setActionQual_Period_PwmB
00009e52   _PWM_setActionQual_Period_PwmA
00009e5b   _PWM_setActionQual_CntUp_CmpB_PwmB
00009e64   _PWM_setActionQual_CntUp_CmpB_PwmA
00009e6d   _PWM_setActionQual_CntUp_CmpA_PwmB
00009e76   _PWM_setActionQual_CntUp_CmpA_PwmA
00009e7f   _PWM_setActionQual_CntDown_CmpB_PwmB
00009e88   _PWM_setActionQual_CntDown_CmpB_PwmA
00009e91   _PWM_setActionQual_CntDown_CmpA_PwmB
00009e9a   _PWM_setActionQual_CntDown_CmpA_PwmA
00009ea3   _PWM_setActionQualContSWForce_PwmB
00009eac   _PWM_setActionQualContSWForce_PwmA
00009eb3   _PWM_init
00009eb9   _PWM_incrementDeadBandRisingEdgeDelay
00009ebc   _PWM_incrementDeadBandFallingEdgeDelay
00009ebf   _PWM_getSocBCount
00009ec4   _PWM_getSocACount
00009ec9   _PWM_getShadowStatus_CmpB
00009ecd   _PWM_getShadowStatus_CmpA
00009ed1   _PWM_getIntCount
00009ed5   _PWM_getDeadBandRisingEdgeDelay
00009ed8   _PWM_getDeadBandFallingEdgeDelay
00009edb   _PWM_enableTripZoneSrc
00009ee1   _PWM_enableTripZoneInt
00009ee7   _PWM_enableSocBPulse
00009eeb   _PWM_enableSocAPulse
00009eef   _PWM_enableInt
00009ef3   _PWM_enableHrPhaseSync
00009efa   _PWM_enableHrPeriod
00009f01   _PWM_enableDigitalCompareBlankingWindowInversion
00009f08   _PWM_enableDigitalCompareBlankingWindow
00009f0f   _PWM_enableDeadBandHalfCycle
00009f13   _PWM_enableCounterLoad
00009f16   _PWM_enableChopping
00009f1a   _PWM_enableAutoConvert
00009f21   _PWM_disableTripZones
00009f27   _PWM_disableTripZoneSrc
00009f2e   _PWM_disableTripZoneInt
00009f35   _PWM_disableSocBPulse
00009f39   _PWM_disableSocAPulse
00009f3d   _PWM_disableInt
00009f41   _PWM_disableHrPhaseSync
00009f48   _PWM_disableHrPeriod
00009f4f   _PWM_disableDigitalCompareBlankingWindowInversion
00009f56   _PWM_disableDigitalCompareBlankingWindow
00009f5d   _PWM_disableDeadBandHalfCycle
00009f61   _PWM_disableDeadBand
00009f64   _PWM_disableCounterLoad
00009f67   _PWM_disableChopping
00009f6b   _PWM_disableAutoConvert
00009f72   _PWM_decrementDeadBandRisingEdgeDelay
00009f75   _PWM_decrementDeadBandFallingEdgeDelay
00009f78   _PWM_clearTripZone
00009f7e   _DRV8301_writeSpi
00009f94   _DRV8301_writeData
00009fbd   _DRV8301_readSpi
00009ff3   _DRV8301_setupSpi
0000a06f   _DRV8301_setSpiHandle
0000a071   _DRV8301_setShuntAmpGain
0000a085   _DRV8301_setPwmMode
0000a099   _DRV8301_setPeakCurrent
0000a0ad   _DRV8301_setOcTwMode
0000a0c1   _DRV8301_setOcOffTimeMode
0000a0d5   _DRV8301_setOcMode
0000a0e9   _DRV8301_setOcLevel
0000a0fd   _DRV8301_setGpioNumber
0000a0ff   _DRV8301_setGpioHandle
0000a101   _DRV8301_setDcCalMode
0000a120   _DRV8301_reset
0000a12f   _DRV8301_readData
0000a19a   _DRV8301_isReset
0000a1a1   _DRV8301_isFault
0000a1a7   _DRV8301_init
0000a1b0   _DRV8301_getShuntAmpGain
0000a1b7   _DRV8301_getPwmMode
0000a1be   _DRV8301_getPeakCurrent
0000a1c5   _DRV8301_getOcTwMode
0000a1cc   _DRV8301_getOcOffTimeMode
0000a1d3   _DRV8301_getOcMode
0000a1da   _DRV8301_getOcLevel
0000a1e1   _DRV8301_getId
0000a1e7   _DRV8301_getFaultType
0000a202   _DRV8301_getDcCalMode
0000a214   _DRV8301_enable
0000a236   _ADC_setupSocTrigSrc
0000a261   _ADC_setVoltRefSrc
0000a273   _ADC_setTempSensorSrc
0000a285   _ADC_setSocTrigSrc
0000a298   _ADC_setSocSampleDelay
0000a2ab   _ADC_setSocFrcWord
0000a2b2   _ADC_setSocFrc
0000a2bc   _ADC_setSocChanNumber
0000a2cf   _ADC_setSampleOverlapMode
0000a2e4   _ADC_setSampleMode
0000a2fc   _ADC_setOffTrim
0000a303   _ADC_setIntSrc
0000a320   _ADC_setIntPulseGenMode
0000a332   _ADC_setIntMode
0000a34f   _ADC_setDivideSelect
0000a361   _ADC_reset
0000a36c   _ADC_powerUp
0000a377   _ADC_powerDown
0000a382   _ADC_init
0000a389   _ADC_getDivideSelect
0000a391   _ADC_enableVoltRefLoConv
0000a39c   _ADC_enableRefBuffers
0000a3a7   _ADC_enableNoOverlapMode
0000a3b2   _ADC_enableInt
0000a3c9   _ADC_enableBandGap
0000a3d4   _ADC_enable
0000a3df   _ADC_disableVoltRefLoConv
0000a3ea   _ADC_disableRefBuffers
0000a3f5   _ADC_disableNoOverlapMode
0000a400   _ADC_disableInt
0000a41b   _ADC_disableBandGap
0000a426   _ADC_disable
0000a431   _mainISR
0000a581   _SCI_RX_ISR
0000a5dc   _GPIO_toggle
0000a5ef   _GPIO_setQualificationPeriod
0000a636   _GPIO_setQualification
0000a676   _GPIO_setPullup
0000a691   _GPIO_setPortData
0000a69c   _GPIO_setMode
0000a6d6   _GPIO_setLow
0000a6e9   _GPIO_setHigh
0000a6fc   _GPIO_setExtInt
0000a707   _GPIO_setDirection
0000a722   _GPIO_read
0000a748   _GPIO_lpmSelect
0000a752   _GPIO_init
0000a758   _GPIO_getPortData
0000a75f   _GPIO_getData
0000a76f   _CLK_setXClkInSrc
0000a776   _CLK_setWatchDogSrc
0000a77d   _CLK_setTimer2Src
0000a784   _CLK_setTimer2PreScale
0000a78b   _CLK_setOscSrc
0000a792   _CLK_setOsc2Src
0000a799   _CLK_setLowSpdPreScaler
0000a79f   _CLK_setClkOutPreScaler
0000a7a6   _CLK_init
0000a7ac   _CLK_enableWatchDogHaltMode
0000a7b2   _CLK_enableTbClockSync
0000a7b9   _CLK_enableSpibClock
0000a7c0   _CLK_enableSpiaClock
0000a7c7   _CLK_enableScibClock
0000a7ce   _CLK_enableSciaClock
0000a7d5   _CLK_enablePwmClock
0000a7de   _CLK_enableOsc2HaltMode
0000a7e4   _CLK_enableOsc2
0000a7ea   _CLK_enableOsc1HaltMode
0000a7f0   _CLK_enableOsc1
0000a7f6   _CLK_enableLinAClock
0000a7fd   _CLK_enableI2cClock
0000a804   _CLK_enableHrPwmClock
0000a80b   _CLK_enableGpioInputClock
0000a812   _CLK_enableEqep2Clock
0000a819   _CLK_enableEqep1Clock
0000a820   _CLK_enableEcap1Clock
0000a827   _CLK_enableEcanaClock
0000a82e   _CLK_enableCrystalOsc
0000a834   _CLK_enableCpuTimerClock
0000a83a   _CLK_enableCompClock
0000a840   _CLK_enableClkIn
0000a846   _CLK_enableClaClock
0000a84d   _CLK_enableAdcClock
0000a854   _CLK_disableWatchDogHaltMode
0000a85a   _CLK_disableTbClockSync
0000a861   _CLK_disableSpibClock
0000a865   _CLK_disableSpiaClock
0000a86c   _CLK_disableScibClock
0000a873   _CLK_disableSciaClock
0000a87a   _CLK_disablePwmClock
0000a884   _CLK_disableOsc2HaltMode
0000a88a   _CLK_disableOsc2
0000a890   _CLK_disableOsc1HaltMode
0000a896   _CLK_disableOsc1
0000a89c   _CLK_disableLinAClock
0000a8a3   _CLK_disableI2cClock
0000a8aa   _CLK_disableHrPwmClock
0000a8b1   _CLK_disableGpioInputClock
0000a8b8   _CLK_disableEqep2Clock
0000a8bf   _CLK_disableEqep1Clock
0000a8c6   _CLK_disableEcap1Clock
0000a8cd   _CLK_disableEcanaClock
0000a8d4   _CLK_disableCrystalOsc
0000a8da   _CLK_disableCpuTimerClock
0000a8e1   _CLK_disableCompClock
0000a8e5   _CLK_disableClkIn
0000a8eb   _CLK_disableClaClock
0000a8f2   _CLK_disableAdcClock
0000a8f9   _PIE_unregisterSystemIntHandler
0000a906   _PIE_unregisterPieIntHandler
0000a917   _PIE_setExtIntPolarity
0000a927   _PIE_setDefaultIntVectorTable
0000a933   _PIE_registerSystemIntHandler
0000a93e   _PIE_registerPieIntHandler
0000a94d   _PIE_init
0000a954   _PIE_getIntFlags
0000a95b   _PIE_getIntEnables
0000a962   _PIE_getExtIntCount
0000a96a   _PIE_forceInt
0000a974   _PIE_enableTimer0Int
0000a977   _PIE_enablePwmTzInt
0000a97c   _PIE_enablePwmInt
0000a981   _PIE_enableInt
0000a98b   _PIE_enableExtInt
0000a9ae   _PIE_enableCaptureInt
0000a9b2   _PIE_enableAdcInt
0000a9ce   _PIE_enable
0000a9d1   _PIE_disableInt
0000a9dc   _PIE_disableExtInt
0000a9e9   _PIE_disableCaptureInt
0000a9ed   _PIE_disableAllInts
0000a9f7   _PIE_disable
0000a9fa   _PIE_clearAllInts
0000a9fd   _PIE_clearAllFlags
0000aa07   _SCI_getTxFifoStatus
0000aa0b   _SCI_write_char
0000aa14   _SCI_write_str
0000aa1b   _SCI_setTxFifoIntLevel
0000aa22   _SCI_setTxDelay
0000aa29   _SCI_setRxFifoIntLevel
0000aa30   _SCI_setPriority
0000aa33   _SCI_setParity
0000aa37   _SCI_setNumStopBits
0000aa3b   _SCI_setMode
0000aa3f   _SCI_setCharLength
0000aa43   _SCI_setBaudRate
0000aa49   _SCI_resetTxFifo
0000aa53   _SCI_resetRxFifo
0000aa5d   _SCI_resetChannels
0000aa67   _SCI_reset
0000aa6a   _SCI_putDataNonBlocking
0000aa72   _SCI_putDataBlocking
0000aa77   _SCI_init
0000aa7d   _SCI_getRxFifoStatus
0000aa81   _SCI_getDataNonBlocking
0000aa8a   _SCI_getDataBlocking
0000aa8e   _SCI_enableTxWake
0000aa91   _SCI_enableTxInt
0000aa94   _SCI_enableTxFifoInt
0000aa98   _SCI_enableTxFifoEnh
0000aa9c   _SCI_enableTxFifo
0000aaa0   _SCI_enableTx
0000aaa3   _SCI_enableSleep
0000aaa6   _SCI_enableRxInt
0000aaa9   _SCI_enableRxFifoInt
0000aaad   _SCI_enableRxFifo
0000aab1   _SCI_enableRxErrorInt
0000aab4   _SCI_enableRx
0000aab7   _SCI_enableParity
0000aaba   _SCI_enableLoopBack
0000aabd   _SCI_enableChannels
0000aac1   _SCI_enableAutoBaudAlign
0000aac5   _SCI_enable
0000aac8   _SCI_disableTxWake
0000aacb   _SCI_disableTxInt
0000aace   _SCI_disableTxFifoInt
0000aad2   _SCI_disableTxFifoEnh
0000aad6   _SCI_disableTx
0000aad9   _SCI_disableSleep
0000aadc   _SCI_disableRxInt
0000aadf   _SCI_disableRxFifoInt
0000aae3   _SCI_disableRxErrorInt
0000aae6   _SCI_disableRx
0000aae9   _SCI_disableParity
0000aaec   _SCI_disableLoopBack
0000aaef   _SCI_disableAutoBaudAlign
0000aaf3   _SCI_disable
0000aaf6   _SCI_clearTxFifoInt
0000aafa   _SCI_clearRxFifoOvf
0000aafe   _SCI_clearRxFifoInt
0000ab02   _SCI_clearAutoBaudDetect
0000ab06   _log
0000abb0   _SPI_setTxFifoIntLevel
0000abb7   _SPI_setTxDelay
0000abba   _SPI_setTriWire
0000abc1   _SPI_setSuspend
0000abc8   _SPI_setSteInv
0000abcf   _SPI_setRxFifoIntLevel
0000abd6   _SPI_setPriority
0000abdd   _SPI_setMode
0000abdf   _SPI_setClkPolarity
0000abe3   _SPI_setClkPhase
0000abe5   _SPI_setCharLength
0000abe9   _SPI_setBaudRate
0000abeb   _SPI_resetTxFifo
0000abef   _SPI_resetRxFifo
0000abf3   _SPI_resetChannels
0000abf7   _SPI_reset
0000abfa   _SPI_init
0000ac00   _SPI_getTxFifoStatus
0000ac04   _SPI_getTxBufferStatus
0000ac07   _SPI_getRxFifoStatus
0000ac0b   _SPI_getIntFlagStatus
0000ac0e   _SPI_enableTxFifoInt
0000ac12   _SPI_enableTxFifoEnh
0000ac16   _SPI_enableTxFifo
0000ac1a   _SPI_enableTx
0000ac1d   _SPI_enableRxFifoInt
0000ac21   _SPI_enableRxFifo
0000ac25   _SPI_enableOverRunInt
0000ac28   _SPI_enableLoopBack
0000ac2b   _SPI_enableInt
0000ac2e   _SPI_enableChannels
0000ac32   _SPI_enable
0000ac35   _SPI_disableTxFifoInt
0000ac39   _SPI_disableTxFifoEnh
0000ac3d   _SPI_disableTx
0000ac40   _SPI_disableRxFifoInt
0000ac44   _SPI_disableOverRunInt
0000ac47   _SPI_disableLoopBack
0000ac4a   _SPI_disableInt
0000ac4d   _SPI_clearTxFifoInt
0000ac51   _SPI_clearRxFifoOvf
0000ac55   _SPI_clearRxFifoInt
0000ac59   _exp
0000acf6   __log
0000ad83   _pow
0000ae0a   FD$$MPY
0000ae8d   FS$$DIV
0000af10   FS$$SUB
0000af15   FS$$ADD
0000af88   _PLL_setLockPeriod
0000af8d   _PLL_setDivideSelect
0000af94   _PLL_setClkFreq
0000af9a   _PLL_resetClkDetect
0000afa0   _PLL_init
0000afa6   _PLL_getLockStatus
0000afa9   _PLL_getDivideSelect
0000afac   _PLL_getClkStatus
0000afaf   _PLL_getClkFreq
0000afb3   _PLL_enableOsc
0000afb9   _PLL_enableNormRdy
0000afbf   _PLL_enableClkDetect
0000afc5   _PLL_enable
0000afcb   _PLL_disableOsc
0000afd1   _PLL_disableNormRdy
0000afd7   _PLL_disableClkDetect
0000afdd   _PLL_disable
0000afe3   FS$$MPY
0000b03d   _sqrt
0000b08d   _PWR_setNumStandByClocks
0000b09f   _PWR_setLowPowerMode
0000b0b1   _PWR_init
0000b0b8   _PWR_enableWatchDogInt
0000b0c3   _PWR_enableBrownOutReset
0000b0c6   _PWR_disableWatchDogInt
0000b0d1   _PWR_disableBrownOutReset
0000b0d4   _WDOG_setPreScaler
0000b0de   _WDOG_setCount
0000b0e0   _WDOG_init
0000b0e6   _WDOG_getIntStatus
0000b0e9   _WDOG_enableOverRide
0000b0ef   _WDOG_enableInt
0000b0f5   _WDOG_enable
0000b0fe   _WDOG_disableOverRide
0000b104   _WDOG_disableInt
0000b10a   _WDOG_disable
0000b112   _WDOG_clearCounter
0000b11a   _OFFSET_setOffset
0000b11c   _OFFSET_setInitCond
0000b12b   _OFFSET_setBeta
0000b141   _OFFSET_init
0000b152   _OFFSET_getBeta
0000b15f   _c_int00
0000b1a3   _ldexp
0000b1e2   _FEM_setParams
0000b214   _FEM_init
0000b21a   _TIMER_setPreScaler
0000b228   _TIMER_setEmulationMode
0000b22c   _TIMER_setDecimationFactor
0000b23a   _TIMER_init
0000b240   _TIMER_getStatus
0000b243   _TIMER_enableInt
0000b246   _TIMER_disableInt
0000b249   _TIMER_clearFlag
0000b24c   _modf
0000b27d   _OSC_setTrim
0000b286   _OSC_setFineTrim
0000b297   _OSC_setCoarseTrim
0000b2a4   _OSC_init
0000b2aa   FS$$TOL
0000b2d3   _CPU_init
0000b2d9   _CPU_enableProtectedRegisterWrite
0000b2dc   _CPU_enableInt
0000b2e0   _CPU_enableGlobalInts
0000b2e3   _CPU_enableDebugInt
0000b2e6   _CPU_disableProtectedRegisterWrite
0000b2e9   _CPU_disableInts
0000b2ec   _CPU_disableInt
0000b2f1   _CPU_disableGlobalInts
0000b2f4   _CPU_disableDebugInt
0000b2f7   _CPU_clearIntFlags
0000b2fa   FS$$TOI
0000b31f   I$$DIV
0000b330   I$$MOD
0000b341   _FILTER_FO_setNumCoeffs
0000b345   _FILTER_FO_setInitialConditions
0000b34a   _FILTER_FO_setDenCoeffs
0000b34c   _FILTER_FO_init
0000b352   _FILTER_FO_getNumCoeffs
0000b358   _FILTER_FO_getInitialConditions
0000b35f   _FILTER_FO_getDenCoeffs
0000b362   FS$$TOUL
0000b383   _FLASH_init
0000b389   _FLASH_getStandbyWaitStatus
0000b38d   _FLASH_getStandbyWaitCount
0000b390   _FLASH_getPowerMode
0000b393   _FLASH_getActiveWaitStatus
0000b397   _FLASH_getActiveWaitCount
0000b39a   _FLASH_get3VStatus
0000b39d   _FLASH_clear3VStatus
0000b3a3   FD$$TOL
0000b3c2   FS$$TOU
0000b3df   _CPU_USAGE_setParams
0000b3f5   _CPU_USAGE_init
0000b3fb   FS$$TOFD
0000b417   I$$TOFS
0000b431   L$$TOFS
0000b44b   __args_main
0000b464   C$$EXIT
0000b464   _abort
0000b466   _exit
0000b47d   FS$$CMP
0000b494   _frexp
0000b4a8   UL$$TOFS
0000b4bb   U$$TOFS
0000b4cb   __register_unlock
0000b4cf   __register_lock
0000b4d3   __nop
0000b4dc   _PIE_illegalIsr
0000b4e1   FS$$NEG
0000b4e6   ___etext__
0000b4e6   __unlock
0000b4e6   etext
0000b4e8   __lock
0000b4ea   ___TI_cleanup_ptr
0000b4ec   ___TI_dtors_ptr
0000b4f0   _cpu
0000b4f1   _errno
0000b500   _i
0000b501   _gLEDcnt
0000b502   _gCounter_updateGlobals
0000b503   _Flag_Latch_softwareUpdate
0000b504   _gCpuUsagePercentageMax
0000b506   _controller_obj
0000b508   _gMaxCurrentSlope
0000b50a   _gTorque_Flux_Iq_pu_to_Nm_sf
0000b50c   _gFlux_pu_to_VpHz_sf
0000b50e   _gTorque_Ls_Id_Iq_pu_to_Nm_sf
0000b510   _gMaxDeltaCntObserved
0000b512   _gNumFreqErrors
0000b514   _halHandle
0000b516   _femHandle
0000b518   _ctrlHandle
0000b51a   _gCpuUsagePercentageAvg
0000b51c   _gFlux_pu_to_Wb_sf
0000b51e   _gCpuUsagePercentageMin
0000b520   _cpu_usageHandle
0000b522   _data
0000b526   _gPwmData
0000b52c   _gAdcData
0000b540   _fem
0000b552   _cpu_usage
0000b568   _gDrvSpi8301Vars
0000b580   _gMotorVars
0000b600   _gUserParams
0000b6c0   _hal
0000b76a   __IQ24sqrt
0000b7ac   __IQ24sinPU
0000b7d5   __IQ24cosPU
0000b7fc   __IQ30toF
003f861b   _EST_getState
003f861d   _EST_useZeroIq_ref
003f8679   _EST_isMotorIdentified
003f8713   _EST_updateState
003f89f5   _EST_updateId_ref_pu
003f8a18   _EST_setRs_pu
003f8a48   _EST_setRsOnLine_qFmt
003f8a4e   _EST_setRsOnLine_pu
003f8a72   _EST_setRsOnLineId_pu
003f8a78   _EST_setRsOnLineId_mag_pu
003f8adb   _EST_setMaxCurrentSlope_pu
003f8ae7   _EST_setLs_q_pu
003f8af1   _EST_setLs_qFmt
003f8b45   _EST_setLs_d_pu
003f8b63   _EST_setIq_ref_pu
003f8b67   _EST_setIdle_all
003f8b7a   _EST_setIdle
003f8b80   _EST_setId_ref_pu
003f8bcb   _EST_setFlag_updateRs
003f8bd3   _EST_setFlag_enableRsRecalc
003f8bd7   _EST_setFlag_enableRsOnLine
003f8bdb   _EST_setFlag_enableForceAngle
003f8c0d   _EST_getAngle_pu
003f927b   _EST_run
003f9378   _EST_isOnLine
003f937f   _EST_isLockRotor
003f9386   _EST_isIdle
003f938d   _EST_isError
003f9453   _EST_get_pu_to_krpm_sf
003f9458   _EST_get_krpm_to_pu_sf
003f94c6   _EST_getSpeed_krpm
003f94dd   _EST_getRs_qFmt
003f9513   _EST_getRs_Ohm
003f953d   _EST_getRsOnLine_Ohm
003f95ad   _EST_getRr_Ohm
003f95b3   _EST_getOneOverDcBus_pu
003f95bd   _EST_getMaxCurrentSlope_pu
003f95c9   _EST_getLs_q_pu
003f95ce   _EST_getLs_q_H
003f95f0   _EST_getLs_d_pu
003f95f5   _EST_getLs_d_H
003f95ff   _EST_getLs_coarse_max_pu
003f9632   _EST_getIdRated
003f968e   _EST_getFm_pu
003f96ab   _EST_getFlux_pu
003f96be   _EST_getFlux_VpHz
003f9758   _EST_doSpeedCtrl
003f9760   _EST_doCurrentCtrl
003f9806   _CTRL_setupTraj
003f996a   _CTRL_setupEstOnLineState
003f99a5   _CTRL_setupEstIdleState
003f9b43   _CTRL_setupCtrl
003f9d31   _CTRL_setUserMotorParams
003f9e64   _CTRL_setEstParams
003fa5d1   _CTRL_runTraj
003fa6fb   _CTRL_initCtrl
003fa721   _CTRL_getVersion
003fdc30   _IQsinTable
003fdd30   _IQcosTable
003fe030   _IQsinTableEnd
003fe132   _IQcosTableEnd
003fe132   _IQdivRoundSatTable
003fe140   _IQdivTable
003fe342   _IQdivTableEnd
003fe342   _IQisqrtRoundSatTable
003fe342   _IQsqrtRoundSatTable
003fe352   _IQisqrtTable
003fe352   _IQsqrtTable
003fe454   _IQatan2HalfPITable
003fe454   _IQisqrtTableEnd
003fe454   _IQsqrtTableEnd
003fe492   _IQatan2Table
003fe618   _IQ30mpyRndSatTable
003fe618   _IQatan2TableEnd
003fe618   _IQmpyRndSatTable
003fe624   _IQ29mpyRndSatTable
003fe630   _IQ28mpyRndSatTable
003fe63c   _IQ27mpyRndSatTable
003fe648   _IQ26mpyRndSatTable
003fe654   _IQ25mpyRndSatTable
003fe660   _IQ24mpyRndSatTable
003fe66c   _IQ23mpyRndSatTable
003fe678   _IQ22mpyRndSatTable
003fe684   _IQ21mpyRndSatTable
003fe690   _IQ20mpyRndSatTable
003fe69c   _IQ19mpyRndSatTable
003fe6a8   _IQ18mpyRndSatTable
003fe6b4   _IQ17mpyRndSatTable
003fe6c0   _IQ16mpyRndSatTable
003fe6cc   _IQ15mpyRndSatTable
003fe6d8   _IQ14mpyRndSatTable
003fe6e4   _IQ13mpyRndSatTable
003fe6f0   _IQ12mpyRndSatTable
003fe6fc   _IQ11mpyRndSatTable
003fe708   _IQ10mpyRndSatTable
003fe714   _IQ9mpyRndSatTable
003fe720   _IQ8mpyRndSatTable
003fe72c   _IQ7mpyRndSatTable
003fe738   _IQ6mpyRndSatTable
003fe744   _IQ5mpyRndSatTable
003fe750   _IQ4mpyRndSatTable
003fe75c   _IQ3mpyRndSatTable
003fe768   _IQ2mpyRndSatTable
003fe774   _IQ1mpyRndSatTable
003fe780   _IQmpyRndSatTableEnd
ffffffff   ___binit__
ffffffff   ___c_args__
ffffffff   ___pinit__
ffffffff   binit
ffffffff   pinit

[739 symbols]
