<?xml version="1.0"?>
<link_info>
   <banner>TMS320C2000 Linker PC v6.2.7</banner>
   <copyright>Copyright (c) 1996-2014 Texas Instruments Incorporated</copyright>
   <link_time>0x57764855</link_time>
   <link_errors>0x0</link_errors>
   <output_file>proj_lab06c.out</output_file>
   <entry_point>
      <name>_c_int00</name>
      <address>0xc438</address>
   </entry_point>
   <input_file_list>
      <input_file id="fl-6">
         <path>.\</path>
         <kind>object</kind>
         <file>CodeStartBranch.obj</file>
         <name>CodeStartBranch.obj</name>
      </input_file>
      <input_file id="fl-7">
         <path>.\</path>
         <kind>object</kind>
         <file>adc.obj</file>
         <name>adc.obj</name>
      </input_file>
      <input_file id="fl-8">
         <path>.\</path>
         <kind>object</kind>
         <file>clarke.obj</file>
         <name>clarke.obj</name>
      </input_file>
      <input_file id="fl-9">
         <path>.\</path>
         <kind>object</kind>
         <file>clk.obj</file>
         <name>clk.obj</name>
      </input_file>
      <input_file id="fl-a">
         <path>.\</path>
         <kind>object</kind>
         <file>cpu.obj</file>
         <name>cpu.obj</name>
      </input_file>
      <input_file id="fl-b">
         <path>.\</path>
         <kind>object</kind>
         <file>ctrl.obj</file>
         <name>ctrl.obj</name>
      </input_file>
      <input_file id="fl-c">
         <path>.\</path>
         <kind>object</kind>
         <file>drv8301.obj</file>
         <name>drv8301.obj</name>
      </input_file>
      <input_file id="fl-d">
         <path>.\</path>
         <kind>object</kind>
         <file>filter_fo.obj</file>
         <name>filter_fo.obj</name>
      </input_file>
      <input_file id="fl-e">
         <path>.\</path>
         <kind>object</kind>
         <file>flash.obj</file>
         <name>flash.obj</name>
      </input_file>
      <input_file id="fl-f">
         <path>.\</path>
         <kind>object</kind>
         <file>gpio.obj</file>
         <name>gpio.obj</name>
      </input_file>
      <input_file id="fl-10">
         <path>.\</path>
         <kind>object</kind>
         <file>hal.obj</file>
         <name>hal.obj</name>
      </input_file>
      <input_file id="fl-11">
         <path>.\</path>
         <kind>object</kind>
         <file>ipark.obj</file>
         <name>ipark.obj</name>
      </input_file>
      <input_file id="fl-12">
         <path>.\</path>
         <kind>object</kind>
         <file>offset.obj</file>
         <name>offset.obj</name>
      </input_file>
      <input_file id="fl-13">
         <path>.\</path>
         <kind>object</kind>
         <file>osc.obj</file>
         <name>osc.obj</name>
      </input_file>
      <input_file id="fl-14">
         <path>.\</path>
         <kind>object</kind>
         <file>park.obj</file>
         <name>park.obj</name>
      </input_file>
      <input_file id="fl-15">
         <path>.\</path>
         <kind>object</kind>
         <file>pid.obj</file>
         <name>pid.obj</name>
      </input_file>
      <input_file id="fl-16">
         <path>.\</path>
         <kind>object</kind>
         <file>pie.obj</file>
         <name>pie.obj</name>
      </input_file>
      <input_file id="fl-17">
         <path>.\</path>
         <kind>object</kind>
         <file>pll.obj</file>
         <name>pll.obj</name>
      </input_file>
      <input_file id="fl-18">
         <path>.\</path>
         <kind>object</kind>
         <file>proj_lab06c.obj</file>
         <name>proj_lab06c.obj</name>
      </input_file>
      <input_file id="fl-19">
         <path>.\</path>
         <kind>object</kind>
         <file>pwm.obj</file>
         <name>pwm.obj</name>
      </input_file>
      <input_file id="fl-1a">
         <path>.\</path>
         <kind>object</kind>
         <file>pwr.obj</file>
         <name>pwr.obj</name>
      </input_file>
      <input_file id="fl-1b">
         <path>.\</path>
         <kind>object</kind>
         <file>sci.obj</file>
         <name>sci.obj</name>
      </input_file>
      <input_file id="fl-1c">
         <path>.\</path>
         <kind>object</kind>
         <file>spi.obj</file>
         <name>spi.obj</name>
      </input_file>
      <input_file id="fl-1d">
         <path>.\</path>
         <kind>object</kind>
         <file>svgen.obj</file>
         <name>svgen.obj</name>
      </input_file>
      <input_file id="fl-1e">
         <path>.\</path>
         <kind>object</kind>
         <file>timer.obj</file>
         <name>timer.obj</name>
      </input_file>
      <input_file id="fl-1f">
         <path>.\</path>
         <kind>object</kind>
         <file>traj.obj</file>
         <name>traj.obj</name>
      </input_file>
      <input_file id="fl-20">
         <path>.\</path>
         <kind>object</kind>
         <file>usDelay.obj</file>
         <name>usDelay.obj</name>
      </input_file>
      <input_file id="fl-21">
         <path>.\</path>
         <kind>object</kind>
         <file>user.obj</file>
         <name>user.obj</name>
      </input_file>
      <input_file id="fl-22">
         <path>.\</path>
         <kind>object</kind>
         <file>wdog.obj</file>
         <name>wdog.obj</name>
      </input_file>
      <input_file id="fl-25">
         <path>c:\ti\ccsv6\tools\compiler\c2000_6.2.7\lib\</path>
         <kind>archive</kind>
         <file>rts2800_ml.lib</file>
         <name>fd_mpy.obj</name>
      </input_file>
      <input_file id="fl-26">
         <path>c:\ti\ccsv6\tools\compiler\c2000_6.2.7\lib\</path>
         <kind>archive</kind>
         <file>rts2800_ml.lib</file>
         <name>fd_tol.obj</name>
      </input_file>
      <input_file id="fl-27">
         <path>c:\ti\ccsv6\tools\compiler\c2000_6.2.7\lib\</path>
         <kind>archive</kind>
         <file>rts2800_ml.lib</file>
         <name>fs_add.obj</name>
      </input_file>
      <input_file id="fl-28">
         <path>c:\ti\ccsv6\tools\compiler\c2000_6.2.7\lib\</path>
         <kind>archive</kind>
         <file>rts2800_ml.lib</file>
         <name>fs_cmp.obj</name>
      </input_file>
      <input_file id="fl-29">
         <path>c:\ti\ccsv6\tools\compiler\c2000_6.2.7\lib\</path>
         <kind>archive</kind>
         <file>rts2800_ml.lib</file>
         <name>fs_div.obj</name>
      </input_file>
      <input_file id="fl-2a">
         <path>c:\ti\ccsv6\tools\compiler\c2000_6.2.7\lib\</path>
         <kind>archive</kind>
         <file>rts2800_ml.lib</file>
         <name>fs_mpy.obj</name>
      </input_file>
      <input_file id="fl-2b">
         <path>c:\ti\ccsv6\tools\compiler\c2000_6.2.7\lib\</path>
         <kind>archive</kind>
         <file>rts2800_ml.lib</file>
         <name>fs_neg.obj</name>
      </input_file>
      <input_file id="fl-2c">
         <path>c:\ti\ccsv6\tools\compiler\c2000_6.2.7\lib\</path>
         <kind>archive</kind>
         <file>rts2800_ml.lib</file>
         <name>fs_tofd.obj</name>
      </input_file>
      <input_file id="fl-2d">
         <path>c:\ti\ccsv6\tools\compiler\c2000_6.2.7\lib\</path>
         <kind>archive</kind>
         <file>rts2800_ml.lib</file>
         <name>fs_toi.obj</name>
      </input_file>
      <input_file id="fl-2e">
         <path>c:\ti\ccsv6\tools\compiler\c2000_6.2.7\lib\</path>
         <kind>archive</kind>
         <file>rts2800_ml.lib</file>
         <name>fs_tou.obj</name>
      </input_file>
      <input_file id="fl-2f">
         <path>c:\ti\ccsv6\tools\compiler\c2000_6.2.7\lib\</path>
         <kind>archive</kind>
         <file>rts2800_ml.lib</file>
         <name>fs_toul.obj</name>
      </input_file>
      <input_file id="fl-30">
         <path>c:\ti\ccsv6\tools\compiler\c2000_6.2.7\lib\</path>
         <kind>archive</kind>
         <file>rts2800_ml.lib</file>
         <name>i_tofs.obj</name>
      </input_file>
      <input_file id="fl-31">
         <path>c:\ti\ccsv6\tools\compiler\c2000_6.2.7\lib\</path>
         <kind>archive</kind>
         <file>rts2800_ml.lib</file>
         <name>u_tofs.obj</name>
      </input_file>
      <input_file id="fl-32">
         <path>c:\ti\ccsv6\tools\compiler\c2000_6.2.7\lib\</path>
         <kind>archive</kind>
         <file>rts2800_ml.lib</file>
         <name>ul_tofs.obj</name>
      </input_file>
      <input_file id="fl-33">
         <path>D:\Ti\motorware_1_01_00_16\sw\modules\fast\lib\32b\f28x\f2806x\</path>
         <kind>archive</kind>
         <file>2806xRevB_FastSpinROMSymbols.lib</file>
         <name>TMS320x2806x_REVB_boot_rom_out__CTRL_getVersion_tmp.obj</name>
      </input_file>
      <input_file id="fl-34">
         <path>D:\Ti\motorware_1_01_00_16\sw\modules\fast\lib\32b\f28x\f2806x\</path>
         <kind>archive</kind>
         <file>2806xRevB_FastSpinROMSymbols.lib</file>
         <name>TMS320x2806x_REVB_boot_rom_out__CTRL_initCtrl_tmp.obj</name>
      </input_file>
      <input_file id="fl-35">
         <path>D:\Ti\motorware_1_01_00_16\sw\modules\fast\lib\32b\f28x\f2806x\</path>
         <kind>archive</kind>
         <file>2806xRevB_FastSpinROMSymbols.lib</file>
         <name>TMS320x2806x_REVB_boot_rom_out__CTRL_runTraj_tmp.obj</name>
      </input_file>
      <input_file id="fl-36">
         <path>D:\Ti\motorware_1_01_00_16\sw\modules\fast\lib\32b\f28x\f2806x\</path>
         <kind>archive</kind>
         <file>2806xRevB_FastSpinROMSymbols.lib</file>
         <name>TMS320x2806x_REVB_boot_rom_out__CTRL_setEstParams_tmp.obj</name>
      </input_file>
      <input_file id="fl-37">
         <path>D:\Ti\motorware_1_01_00_16\sw\modules\fast\lib\32b\f28x\f2806x\</path>
         <kind>archive</kind>
         <file>2806xRevB_FastSpinROMSymbols.lib</file>
         <name>TMS320x2806x_REVB_boot_rom_out__CTRL_setUserMotorParams_tmp.obj</name>
      </input_file>
      <input_file id="fl-38">
         <path>D:\Ti\motorware_1_01_00_16\sw\modules\fast\lib\32b\f28x\f2806x\</path>
         <kind>archive</kind>
         <file>2806xRevB_FastSpinROMSymbols.lib</file>
         <name>TMS320x2806x_REVB_boot_rom_out__CTRL_setupCtrl_tmp.obj</name>
      </input_file>
      <input_file id="fl-39">
         <path>D:\Ti\motorware_1_01_00_16\sw\modules\fast\lib\32b\f28x\f2806x\</path>
         <kind>archive</kind>
         <file>2806xRevB_FastSpinROMSymbols.lib</file>
         <name>TMS320x2806x_REVB_boot_rom_out__CTRL_setupEstIdleState_tmp.obj</name>
      </input_file>
      <input_file id="fl-3a">
         <path>D:\Ti\motorware_1_01_00_16\sw\modules\fast\lib\32b\f28x\f2806x\</path>
         <kind>archive</kind>
         <file>2806xRevB_FastSpinROMSymbols.lib</file>
         <name>TMS320x2806x_REVB_boot_rom_out__CTRL_setupEstOnLineState_tmp.obj</name>
      </input_file>
      <input_file id="fl-3b">
         <path>D:\Ti\motorware_1_01_00_16\sw\modules\fast\lib\32b\f28x\f2806x\</path>
         <kind>archive</kind>
         <file>2806xRevB_FastSpinROMSymbols.lib</file>
         <name>TMS320x2806x_REVB_boot_rom_out__CTRL_setupTraj_tmp.obj</name>
      </input_file>
      <input_file id="fl-3c">
         <path>D:\Ti\motorware_1_01_00_16\sw\modules\fast\lib\32b\f28x\f2806x\</path>
         <kind>archive</kind>
         <file>2806xRevB_FastSpinROMSymbols.lib</file>
         <name>TMS320x2806x_REVB_boot_rom_out__EST_doCurrentCtrl_tmp.obj</name>
      </input_file>
      <input_file id="fl-3d">
         <path>D:\Ti\motorware_1_01_00_16\sw\modules\fast\lib\32b\f28x\f2806x\</path>
         <kind>archive</kind>
         <file>2806xRevB_FastSpinROMSymbols.lib</file>
         <name>TMS320x2806x_REVB_boot_rom_out__EST_doSpeedCtrl_tmp.obj</name>
      </input_file>
      <input_file id="fl-3e">
         <path>D:\Ti\motorware_1_01_00_16\sw\modules\fast\lib\32b\f28x\f2806x\</path>
         <kind>archive</kind>
         <file>2806xRevB_FastSpinROMSymbols.lib</file>
         <name>TMS320x2806x_REVB_boot_rom_out__EST_getAngle_pu_tmp.obj</name>
      </input_file>
      <input_file id="fl-3f">
         <path>D:\Ti\motorware_1_01_00_16\sw\modules\fast\lib\32b\f28x\f2806x\</path>
         <kind>archive</kind>
         <file>2806xRevB_FastSpinROMSymbols.lib</file>
         <name>TMS320x2806x_REVB_boot_rom_out__EST_getFlux_VpHz_tmp.obj</name>
      </input_file>
      <input_file id="fl-40">
         <path>D:\Ti\motorware_1_01_00_16\sw\modules\fast\lib\32b\f28x\f2806x\</path>
         <kind>archive</kind>
         <file>2806xRevB_FastSpinROMSymbols.lib</file>
         <name>TMS320x2806x_REVB_boot_rom_out__EST_getFlux_pu_tmp.obj</name>
      </input_file>
      <input_file id="fl-41">
         <path>D:\Ti\motorware_1_01_00_16\sw\modules\fast\lib\32b\f28x\f2806x\</path>
         <kind>archive</kind>
         <file>2806xRevB_FastSpinROMSymbols.lib</file>
         <name>TMS320x2806x_REVB_boot_rom_out__EST_getFm_pu_tmp.obj</name>
      </input_file>
      <input_file id="fl-42">
         <path>D:\Ti\motorware_1_01_00_16\sw\modules\fast\lib\32b\f28x\f2806x\</path>
         <kind>archive</kind>
         <file>2806xRevB_FastSpinROMSymbols.lib</file>
         <name>TMS320x2806x_REVB_boot_rom_out__EST_getIdRated_tmp.obj</name>
      </input_file>
      <input_file id="fl-43">
         <path>D:\Ti\motorware_1_01_00_16\sw\modules\fast\lib\32b\f28x\f2806x\</path>
         <kind>archive</kind>
         <file>2806xRevB_FastSpinROMSymbols.lib</file>
         <name>TMS320x2806x_REVB_boot_rom_out__EST_getLs_coarse_max_pu_tmp.obj</name>
      </input_file>
      <input_file id="fl-44">
         <path>D:\Ti\motorware_1_01_00_16\sw\modules\fast\lib\32b\f28x\f2806x\</path>
         <kind>archive</kind>
         <file>2806xRevB_FastSpinROMSymbols.lib</file>
         <name>TMS320x2806x_REVB_boot_rom_out__EST_getLs_d_H_tmp.obj</name>
      </input_file>
      <input_file id="fl-45">
         <path>D:\Ti\motorware_1_01_00_16\sw\modules\fast\lib\32b\f28x\f2806x\</path>
         <kind>archive</kind>
         <file>2806xRevB_FastSpinROMSymbols.lib</file>
         <name>TMS320x2806x_REVB_boot_rom_out__EST_getLs_d_pu_tmp.obj</name>
      </input_file>
      <input_file id="fl-46">
         <path>D:\Ti\motorware_1_01_00_16\sw\modules\fast\lib\32b\f28x\f2806x\</path>
         <kind>archive</kind>
         <file>2806xRevB_FastSpinROMSymbols.lib</file>
         <name>TMS320x2806x_REVB_boot_rom_out__EST_getLs_q_H_tmp.obj</name>
      </input_file>
      <input_file id="fl-47">
         <path>D:\Ti\motorware_1_01_00_16\sw\modules\fast\lib\32b\f28x\f2806x\</path>
         <kind>archive</kind>
         <file>2806xRevB_FastSpinROMSymbols.lib</file>
         <name>TMS320x2806x_REVB_boot_rom_out__EST_getLs_q_pu_tmp.obj</name>
      </input_file>
      <input_file id="fl-48">
         <path>D:\Ti\motorware_1_01_00_16\sw\modules\fast\lib\32b\f28x\f2806x\</path>
         <kind>archive</kind>
         <file>2806xRevB_FastSpinROMSymbols.lib</file>
         <name>TMS320x2806x_REVB_boot_rom_out__EST_getMaxCurrentSlope_pu_tmp.obj</name>
      </input_file>
      <input_file id="fl-49">
         <path>D:\Ti\motorware_1_01_00_16\sw\modules\fast\lib\32b\f28x\f2806x\</path>
         <kind>archive</kind>
         <file>2806xRevB_FastSpinROMSymbols.lib</file>
         <name>TMS320x2806x_REVB_boot_rom_out__EST_getOneOverDcBus_pu_tmp.obj</name>
      </input_file>
      <input_file id="fl-4a">
         <path>D:\Ti\motorware_1_01_00_16\sw\modules\fast\lib\32b\f28x\f2806x\</path>
         <kind>archive</kind>
         <file>2806xRevB_FastSpinROMSymbols.lib</file>
         <name>TMS320x2806x_REVB_boot_rom_out__EST_getRr_Ohm_tmp.obj</name>
      </input_file>
      <input_file id="fl-4b">
         <path>D:\Ti\motorware_1_01_00_16\sw\modules\fast\lib\32b\f28x\f2806x\</path>
         <kind>archive</kind>
         <file>2806xRevB_FastSpinROMSymbols.lib</file>
         <name>TMS320x2806x_REVB_boot_rom_out__EST_getRs_Ohm_tmp.obj</name>
      </input_file>
      <input_file id="fl-4c">
         <path>D:\Ti\motorware_1_01_00_16\sw\modules\fast\lib\32b\f28x\f2806x\</path>
         <kind>archive</kind>
         <file>2806xRevB_FastSpinROMSymbols.lib</file>
         <name>TMS320x2806x_REVB_boot_rom_out__EST_getSpeed_krpm_tmp.obj</name>
      </input_file>
      <input_file id="fl-4d">
         <path>D:\Ti\motorware_1_01_00_16\sw\modules\fast\lib\32b\f28x\f2806x\</path>
         <kind>archive</kind>
         <file>2806xRevB_FastSpinROMSymbols.lib</file>
         <name>TMS320x2806x_REVB_boot_rom_out__EST_getState_tmp.obj</name>
      </input_file>
      <input_file id="fl-4e">
         <path>D:\Ti\motorware_1_01_00_16\sw\modules\fast\lib\32b\f28x\f2806x\</path>
         <kind>archive</kind>
         <file>2806xRevB_FastSpinROMSymbols.lib</file>
         <name>TMS320x2806x_REVB_boot_rom_out__EST_get_krpm_to_pu_sf_tmp.obj</name>
      </input_file>
      <input_file id="fl-4f">
         <path>D:\Ti\motorware_1_01_00_16\sw\modules\fast\lib\32b\f28x\f2806x\</path>
         <kind>archive</kind>
         <file>2806xRevB_FastSpinROMSymbols.lib</file>
         <name>TMS320x2806x_REVB_boot_rom_out__EST_get_pu_to_krpm_sf_tmp.obj</name>
      </input_file>
      <input_file id="fl-50">
         <path>D:\Ti\motorware_1_01_00_16\sw\modules\fast\lib\32b\f28x\f2806x\</path>
         <kind>archive</kind>
         <file>2806xRevB_FastSpinROMSymbols.lib</file>
         <name>TMS320x2806x_REVB_boot_rom_out__EST_isError_tmp.obj</name>
      </input_file>
      <input_file id="fl-51">
         <path>D:\Ti\motorware_1_01_00_16\sw\modules\fast\lib\32b\f28x\f2806x\</path>
         <kind>archive</kind>
         <file>2806xRevB_FastSpinROMSymbols.lib</file>
         <name>TMS320x2806x_REVB_boot_rom_out__EST_isIdle_tmp.obj</name>
      </input_file>
      <input_file id="fl-52">
         <path>D:\Ti\motorware_1_01_00_16\sw\modules\fast\lib\32b\f28x\f2806x\</path>
         <kind>archive</kind>
         <file>2806xRevB_FastSpinROMSymbols.lib</file>
         <name>TMS320x2806x_REVB_boot_rom_out__EST_isLockRotor_tmp.obj</name>
      </input_file>
      <input_file id="fl-53">
         <path>D:\Ti\motorware_1_01_00_16\sw\modules\fast\lib\32b\f28x\f2806x\</path>
         <kind>archive</kind>
         <file>2806xRevB_FastSpinROMSymbols.lib</file>
         <name>TMS320x2806x_REVB_boot_rom_out__EST_isMotorIdentified_tmp.obj</name>
      </input_file>
      <input_file id="fl-54">
         <path>D:\Ti\motorware_1_01_00_16\sw\modules\fast\lib\32b\f28x\f2806x\</path>
         <kind>archive</kind>
         <file>2806xRevB_FastSpinROMSymbols.lib</file>
         <name>TMS320x2806x_REVB_boot_rom_out__EST_isOnLine_tmp.obj</name>
      </input_file>
      <input_file id="fl-55">
         <path>D:\Ti\motorware_1_01_00_16\sw\modules\fast\lib\32b\f28x\f2806x\</path>
         <kind>archive</kind>
         <file>2806xRevB_FastSpinROMSymbols.lib</file>
         <name>TMS320x2806x_REVB_boot_rom_out__EST_run_tmp.obj</name>
      </input_file>
      <input_file id="fl-56">
         <path>D:\Ti\motorware_1_01_00_16\sw\modules\fast\lib\32b\f28x\f2806x\</path>
         <kind>archive</kind>
         <file>2806xRevB_FastSpinROMSymbols.lib</file>
         <name>TMS320x2806x_REVB_boot_rom_out__EST_setFlag_enableForceAngle_tmp.obj</name>
      </input_file>
      <input_file id="fl-57">
         <path>D:\Ti\motorware_1_01_00_16\sw\modules\fast\lib\32b\f28x\f2806x\</path>
         <kind>archive</kind>
         <file>2806xRevB_FastSpinROMSymbols.lib</file>
         <name>TMS320x2806x_REVB_boot_rom_out__EST_setFlag_enableRsRecalc_tmp.obj</name>
      </input_file>
      <input_file id="fl-58">
         <path>D:\Ti\motorware_1_01_00_16\sw\modules\fast\lib\32b\f28x\f2806x\</path>
         <kind>archive</kind>
         <file>2806xRevB_FastSpinROMSymbols.lib</file>
         <name>TMS320x2806x_REVB_boot_rom_out__EST_setId_ref_pu_tmp.obj</name>
      </input_file>
      <input_file id="fl-59">
         <path>D:\Ti\motorware_1_01_00_16\sw\modules\fast\lib\32b\f28x\f2806x\</path>
         <kind>archive</kind>
         <file>2806xRevB_FastSpinROMSymbols.lib</file>
         <name>TMS320x2806x_REVB_boot_rom_out__EST_setIdle_tmp.obj</name>
      </input_file>
      <input_file id="fl-5a">
         <path>D:\Ti\motorware_1_01_00_16\sw\modules\fast\lib\32b\f28x\f2806x\</path>
         <kind>archive</kind>
         <file>2806xRevB_FastSpinROMSymbols.lib</file>
         <name>TMS320x2806x_REVB_boot_rom_out__EST_setIdle_all_tmp.obj</name>
      </input_file>
      <input_file id="fl-5b">
         <path>D:\Ti\motorware_1_01_00_16\sw\modules\fast\lib\32b\f28x\f2806x\</path>
         <kind>archive</kind>
         <file>2806xRevB_FastSpinROMSymbols.lib</file>
         <name>TMS320x2806x_REVB_boot_rom_out__EST_setIq_ref_pu_tmp.obj</name>
      </input_file>
      <input_file id="fl-5c">
         <path>D:\Ti\motorware_1_01_00_16\sw\modules\fast\lib\32b\f28x\f2806x\</path>
         <kind>archive</kind>
         <file>2806xRevB_FastSpinROMSymbols.lib</file>
         <name>TMS320x2806x_REVB_boot_rom_out__EST_setLs_d_pu_tmp.obj</name>
      </input_file>
      <input_file id="fl-5d">
         <path>D:\Ti\motorware_1_01_00_16\sw\modules\fast\lib\32b\f28x\f2806x\</path>
         <kind>archive</kind>
         <file>2806xRevB_FastSpinROMSymbols.lib</file>
         <name>TMS320x2806x_REVB_boot_rom_out__EST_setLs_qFmt_tmp.obj</name>
      </input_file>
      <input_file id="fl-5e">
         <path>D:\Ti\motorware_1_01_00_16\sw\modules\fast\lib\32b\f28x\f2806x\</path>
         <kind>archive</kind>
         <file>2806xRevB_FastSpinROMSymbols.lib</file>
         <name>TMS320x2806x_REVB_boot_rom_out__EST_setLs_q_pu_tmp.obj</name>
      </input_file>
      <input_file id="fl-5f">
         <path>D:\Ti\motorware_1_01_00_16\sw\modules\fast\lib\32b\f28x\f2806x\</path>
         <kind>archive</kind>
         <file>2806xRevB_FastSpinROMSymbols.lib</file>
         <name>TMS320x2806x_REVB_boot_rom_out__EST_setMaxCurrentSlope_pu_tmp.obj</name>
      </input_file>
      <input_file id="fl-60">
         <path>D:\Ti\motorware_1_01_00_16\sw\modules\fast\lib\32b\f28x\f2806x\</path>
         <kind>archive</kind>
         <file>2806xRevB_FastSpinROMSymbols.lib</file>
         <name>TMS320x2806x_REVB_boot_rom_out__EST_setRs_pu_tmp.obj</name>
      </input_file>
      <input_file id="fl-61">
         <path>D:\Ti\motorware_1_01_00_16\sw\modules\fast\lib\32b\f28x\f2806x\</path>
         <kind>archive</kind>
         <file>2806xRevB_FastSpinROMSymbols.lib</file>
         <name>TMS320x2806x_REVB_boot_rom_out__EST_updateId_ref_pu_tmp.obj</name>
      </input_file>
      <input_file id="fl-62">
         <path>D:\Ti\motorware_1_01_00_16\sw\modules\fast\lib\32b\f28x\f2806x\</path>
         <kind>archive</kind>
         <file>2806xRevB_FastSpinROMSymbols.lib</file>
         <name>TMS320x2806x_REVB_boot_rom_out__EST_updateState_tmp.obj</name>
      </input_file>
      <input_file id="fl-63">
         <path>D:\Ti\motorware_1_01_00_16\sw\modules\fast\lib\32b\f28x\f2806x\</path>
         <kind>archive</kind>
         <file>2806xRevB_FastSpinROMSymbols.lib</file>
         <name>TMS320x2806x_REVB_boot_rom_out__EST_useZeroIq_ref_tmp.obj</name>
      </input_file>
      <input_file id="fl-64">
         <path>D:\Ti\motorware_1_01_00_16\sw\modules\spintac\lib\32b\</path>
         <kind>archive</kind>
         <file>SpinTAC.lib</file>
         <name>spintac_pos_conv.obj</name>
      </input_file>
      <input_file id="fl-65">
         <path>D:\Ti\motorware_1_01_00_16\sw\modules\spintac\lib\32b\</path>
         <kind>archive</kind>
         <file>SpinTAC.lib</file>
         <name>spintac_vel_ctl.obj</name>
      </input_file>
      <input_file id="fl-66">
         <path>D:\Ti\motorware_1_01_00_16\sw\modules\spintac\lib\32b\</path>
         <kind>archive</kind>
         <file>SpinTAC.lib</file>
         <name>spintac_vel_id.obj</name>
      </input_file>
      <input_file id="fl-67">
         <path>D:\Ti\motorware_1_01_00_16\sw\modules\spintac\lib\32b\</path>
         <kind>archive</kind>
         <file>SpinTAC.lib</file>
         <name>spintac_vel_move.obj</name>
      </input_file>
      <input_file id="fl-68">
         <path>c:\ti\ccsv6\tools\compiler\c2000_6.2.7\lib\</path>
         <kind>archive</kind>
         <file>rts2800_ml.lib</file>
         <name>l_div.obj</name>
      </input_file>
      <input_file id="fl-69">
         <path>D:\Ti\motorware_1_01_00_16\sw\modules\spintac\lib\32b\</path>
         <kind>archive</kind>
         <file>SpinTAC.lib</file>
         <name>spintac_vel_plan.obj</name>
      </input_file>
      <input_file id="fl-6a">
         <path>D:\Ti\motorware_1_01_00_16\sw\modules\spintac\lib\32b\</path>
         <kind>archive</kind>
         <file>SpinTAC.lib</file>
         <name>spintac_pos_roadd.obj</name>
      </input_file>
      <input_file id="fl-6b">
         <path>D:\Ti\motorware_1_01_00_16\sw\modules\spintac\lib\32b\</path>
         <kind>archive</kind>
         <file>SpinTAC.lib</file>
         <name>spintac_version.obj</name>
      </input_file>
      <input_file id="fl-6c">
         <path>D:\Ti\motorware_1_01_00_16\sw\modules\iqmath\lib\f28x\32b\</path>
         <kind>archive</kind>
         <file>IQmath.lib</file>
         <name>IQ20div.obj</name>
      </input_file>
      <input_file id="fl-6d">
         <path>D:\Ti\motorware_1_01_00_16\sw\modules\iqmath\lib\f28x\32b\</path>
         <kind>archive</kind>
         <file>IQmath.lib</file>
         <name>IQmathTables.obj</name>
      </input_file>
      <input_file id="fl-6e">
         <path>D:\Ti\motorware_1_01_00_16\sw\modules\iqmath\lib\f28x\32b\</path>
         <kind>archive</kind>
         <file>IQmath.lib</file>
         <name>IQ24cosPU.obj</name>
      </input_file>
      <input_file id="fl-6f">
         <path>D:\Ti\motorware_1_01_00_16\sw\modules\iqmath\lib\f28x\32b\</path>
         <kind>archive</kind>
         <file>IQmath.lib</file>
         <name>IQ24div.obj</name>
      </input_file>
      <input_file id="fl-70">
         <path>D:\Ti\motorware_1_01_00_16\sw\modules\iqmath\lib\f28x\32b\</path>
         <kind>archive</kind>
         <file>IQmath.lib</file>
         <name>IQ24sinPU.obj</name>
      </input_file>
      <input_file id="fl-71">
         <path>D:\Ti\motorware_1_01_00_16\sw\modules\iqmath\lib\f28x\32b\</path>
         <kind>archive</kind>
         <file>IQmath.lib</file>
         <name>IQ24sqrt.obj</name>
      </input_file>
      <input_file id="fl-72">
         <path>D:\Ti\motorware_1_01_00_16\sw\modules\iqmath\lib\f28x\32b\</path>
         <kind>archive</kind>
         <file>IQmath.lib</file>
         <name>IQ30toF.obj</name>
      </input_file>
      <input_file id="fl-73">
         <path>c:\ti\ccsv6\tools\compiler\c2000_6.2.7\lib\</path>
         <kind>archive</kind>
         <file>rts2800_ml.lib</file>
         <name>boot.obj</name>
      </input_file>
      <input_file id="fl-74">
         <path>c:\ti\ccsv6\tools\compiler\c2000_6.2.7\lib\</path>
         <kind>archive</kind>
         <file>rts2800_ml.lib</file>
         <name>args_main.obj</name>
      </input_file>
      <input_file id="fl-75">
         <path>c:\ti\ccsv6\tools\compiler\c2000_6.2.7\lib\</path>
         <kind>archive</kind>
         <file>rts2800_ml.lib</file>
         <name>exit.obj</name>
      </input_file>
      <input_file id="fl-76">
         <path>c:\ti\ccsv6\tools\compiler\c2000_6.2.7\lib\</path>
         <kind>archive</kind>
         <file>rts2800_ml.lib</file>
         <name>_lock.obj</name>
      </input_file>
      <input_file id="fl-77">
         <path>c:\ti\ccsv6\tools\compiler\c2000_6.2.7\lib\</path>
         <kind>archive</kind>
         <file>rts2800_ml.lib</file>
         <name>log.obj</name>
      </input_file>
      <input_file id="fl-78">
         <path>c:\ti\ccsv6\tools\compiler\c2000_6.2.7\lib\</path>
         <kind>archive</kind>
         <file>rts2800_ml.lib</file>
         <name>errno.obj</name>
      </input_file>
      <input_file id="fl-79">
         <path>c:\ti\ccsv6\tools\compiler\c2000_6.2.7\lib\</path>
         <kind>archive</kind>
         <file>rts2800_ml.lib</file>
         <name>frexp.obj</name>
      </input_file>
      <input_file id="fl-7a">
         <path>c:\ti\ccsv6\tools\compiler\c2000_6.2.7\lib\</path>
         <kind>archive</kind>
         <file>rts2800_ml.lib</file>
         <name>modf.obj</name>
      </input_file>
      <input_file id="fl-7b">
         <path>c:\ti\ccsv6\tools\compiler\c2000_6.2.7\lib\</path>
         <kind>archive</kind>
         <file>rts2800_ml.lib</file>
         <name>fs_tol.obj</name>
      </input_file>
      <input_file id="fl-7c">
         <path>c:\ti\ccsv6\tools\compiler\c2000_6.2.7\lib\</path>
         <kind>archive</kind>
         <file>rts2800_ml.lib</file>
         <name>l_tofs.obj</name>
      </input_file>
      <input_file id="fl-7d">
         <path>c:\ti\ccsv6\tools\compiler\c2000_6.2.7\lib\</path>
         <kind>archive</kind>
         <file>rts2800_ml.lib</file>
         <name>pow.obj</name>
      </input_file>
      <input_file id="fl-7e">
         <path>c:\ti\ccsv6\tools\compiler\c2000_6.2.7\lib\</path>
         <kind>archive</kind>
         <file>rts2800_ml.lib</file>
         <name>i_div.obj</name>
      </input_file>
      <input_file id="fl-7f">
         <path>c:\ti\ccsv6\tools\compiler\c2000_6.2.7\lib\</path>
         <kind>archive</kind>
         <file>rts2800_ml.lib</file>
         <name>_log.obj</name>
      </input_file>
      <input_file id="fl-80">
         <path>c:\ti\ccsv6\tools\compiler\c2000_6.2.7\lib\</path>
         <kind>archive</kind>
         <file>rts2800_ml.lib</file>
         <name>exp.obj</name>
      </input_file>
      <input_file id="fl-81">
         <path>c:\ti\ccsv6\tools\compiler\c2000_6.2.7\lib\</path>
         <kind>archive</kind>
         <file>rts2800_ml.lib</file>
         <name>ldexp.obj</name>
      </input_file>
      <input_file id="fl-82">
         <path>D:\Ti\motorware_1_01_00_16\sw\modules\fast\lib\32b\f28x\f2806x\</path>
         <kind>archive</kind>
         <file>2806xRevB_FastSpinROMSymbols.lib</file>
         <name>TMS320x2806x_REVB_boot_rom_out__s0_calc_tmp.obj</name>
      </input_file>
      <input_file id="fl-83">
         <path>D:\Ti\motorware_1_01_00_16\sw\modules\fast\lib\32b\f28x\f2806x\</path>
         <kind>archive</kind>
         <file>2806xRevB_FastSpinROMSymbols.lib</file>
         <name>TMS320x2806x_REVB_boot_rom_out__s0_conf_tmp.obj</name>
      </input_file>
      <input_file id="fl-84">
         <path>D:\Ti\motorware_1_01_00_16\sw\modules\fast\lib\32b\f28x\f2806x\</path>
         <kind>archive</kind>
         <file>2806xRevB_FastSpinROMSymbols.lib</file>
         <name>TMS320x2806x_REVB_boot_rom_out__s2_calc_tmp.obj</name>
      </input_file>
      <input_file id="fl-85">
         <path>D:\Ti\motorware_1_01_00_16\sw\modules\fast\lib\32b\f28x\f2806x\</path>
         <kind>archive</kind>
         <file>2806xRevB_FastSpinROMSymbols.lib</file>
         <name>TMS320x2806x_REVB_boot_rom_out__s4_calc_tmp.obj</name>
      </input_file>
      <input_file id="fl-86">
         <path>D:\Ti\motorware_1_01_00_16\sw\modules\fast\lib\32b\f28x\f2806x\</path>
         <kind>archive</kind>
         <file>2806xRevB_FastSpinROMSymbols.lib</file>
         <name>TMS320x2806x_REVB_boot_rom_out__s4_conf_tmp.obj</name>
      </input_file>
      <input_file id="fl-87">
         <path>D:\Ti\motorware_1_01_00_16\sw\modules\fast\lib\32b\f28x\f2806x\</path>
         <kind>archive</kind>
         <file>2806xRevB_FastSpinROMSymbols.lib</file>
         <name>TMS320x2806x_REVB_boot_rom_out__s4_reset_tmp.obj</name>
      </input_file>
      <input_file id="fl-88">
         <path>D:\Ti\motorware_1_01_00_16\sw\modules\fast\lib\32b\f28x\f2806x\</path>
         <kind>archive</kind>
         <file>2806xRevB_FastSpinROMSymbols.lib</file>
         <name>TMS320x2806x_REVB_boot_rom_out__s8_calc_tmp.obj</name>
      </input_file>
      <input_file id="fl-89">
         <path>D:\Ti\motorware_1_01_00_16\sw\modules\fast\lib\32b\f28x\f2806x\</path>
         <kind>archive</kind>
         <file>2806xRevB_FastSpinROMSymbols.lib</file>
         <name>TMS320x2806x_REVB_boot_rom_out__s8_cfg_tmp.obj</name>
      </input_file>
      <input_file id="fl-8a">
         <path>D:\Ti\motorware_1_01_00_16\sw\modules\fast\lib\32b\f28x\f2806x\</path>
         <kind>archive</kind>
         <file>2806xRevB_FastSpinROMSymbols.lib</file>
         <name>TMS320x2806x_REVB_boot_rom_out__s8_get_tmp.obj</name>
      </input_file>
      <input_file id="fl-8b">
         <path>D:\Ti\motorware_1_01_00_16\sw\modules\fast\lib\32b\f28x\f2806x\</path>
         <kind>archive</kind>
         <file>2806xRevB_FastSpinROMSymbols.lib</file>
         <name>TMS320x2806x_REVB_boot_rom_out__s8_reset_tmp.obj</name>
      </input_file>
      <input_file id="fl-8c">
         <path>D:\Ti\motorware_1_01_00_16\sw\modules\fast\lib\32b\f28x\f2806x\</path>
         <kind>archive</kind>
         <file>2806xRevB_FastSpinROMSymbols.lib</file>
         <name>TMS320x2806x_REVB_boot_rom_out__spintac_rom_ver_tmp.obj</name>
      </input_file>
      <input_file id="fl-8d">
         <path>c:\ti\ccsv6\tools\compiler\c2000_6.2.7\lib\</path>
         <kind>archive</kind>
         <file>rts2800_ml.lib</file>
         <name>sqrt.obj</name>
      </input_file>
   </input_file_list>
   <object_component_list>
      <object_component id="oc-14">
         <name>codestart</name>
         <load_address>0x0</load_address>
         <run_address>0x0</run_address>
         <size>0x2</size>
         <input_file_ref idref="fl-6"/>
      </object_component>
      <object_component id="oc-14b">
         <name>ramfuncs</name>
         <load_address>0x11f</load_address>
         <run_address>0x11f</run_address>
         <size>0x32</size>
         <input_file_ref idref="fl-e"/>
      </object_component>
      <object_component id="oc-86">
         <name>ramfuncs</name>
         <load_address>0x151</load_address>
         <run_address>0x151</run_address>
         <size>0x4</size>
         <input_file_ref idref="fl-20"/>
      </object_component>
      <object_component id="oc-132">
         <name>.text</name>
         <load_address>0x8000</load_address>
         <run_address>0x8000</run_address>
         <size>0xad5</size>
         <input_file_ref idref="fl-10"/>
      </object_component>
      <object_component id="oc-121">
         <name>.text</name>
         <load_address>0x8ad5</load_address>
         <run_address>0x8ad5</run_address>
         <size>0x95d</size>
         <input_file_ref idref="fl-b"/>
      </object_component>
      <object_component id="oc-120">
         <name>.text</name>
         <load_address>0x9432</load_address>
         <run_address>0x9432</run_address>
         <size>0x7a2</size>
         <input_file_ref idref="fl-18"/>
      </object_component>
      <object_component id="oc-124">
         <name>.text</name>
         <load_address>0x9bd4</load_address>
         <run_address>0x9bd4</run_address>
         <size>0x488</size>
         <input_file_ref idref="fl-21"/>
      </object_component>
      <object_component id="oc-128">
         <name>.text:_STVELMOVE_run</name>
         <load_address>0xa05c</load_address>
         <run_address>0xa05c</run_address>
         <size>0x452</size>
         <input_file_ref idref="fl-67"/>
      </object_component>
      <object_component id="oc-148">
         <name>.text</name>
         <load_address>0xa4ae</load_address>
         <run_address>0xa4ae</run_address>
         <size>0x2f0</size>
         <input_file_ref idref="fl-19"/>
      </object_component>
      <object_component id="oc-143">
         <name>.text</name>
         <load_address>0xa79e</load_address>
         <run_address>0xa79e</run_address>
         <size>0x2b8</size>
         <input_file_ref idref="fl-c"/>
      </object_component>
      <object_component id="oc-125">
         <name>.text:_STVELPLAN_run</name>
         <load_address>0xaa56</load_address>
         <run_address>0xaa56</run_address>
         <size>0x2a2</size>
         <input_file_ref idref="fl-69"/>
      </object_component>
      <object_component id="oc-129">
         <name>.text:_STVELCTL_run</name>
         <load_address>0xacf8</load_address>
         <run_address>0xacf8</run_address>
         <size>0x238</size>
         <input_file_ref idref="fl-65"/>
      </object_component>
      <object_component id="oc-14c">
         <name>.text</name>
         <load_address>0xaf30</load_address>
         <run_address>0xaf30</run_address>
         <size>0x1fb</size>
         <input_file_ref idref="fl-7"/>
      </object_component>
      <object_component id="oc-11d">
         <name>.text</name>
         <load_address>0xb12b</load_address>
         <run_address>0xb12b</run_address>
         <size>0x193</size>
         <input_file_ref idref="fl-f"/>
      </object_component>
      <object_component id="oc-149">
         <name>.text</name>
         <load_address>0xb2be</load_address>
         <run_address>0xb2be</run_address>
         <size>0x18a</size>
         <input_file_ref idref="fl-9"/>
      </object_component>
      <object_component id="oc-66">
         <name>.text:retain</name>
         <load_address>0xb448</load_address>
         <run_address>0xb448</run_address>
         <size>0x14c</size>
         <input_file_ref idref="fl-18"/>
      </object_component>
      <object_component id="oc-131">
         <name>.text:_STVELPLAN_addCfgAct</name>
         <load_address>0xb594</load_address>
         <run_address>0xb594</run_address>
         <size>0x112</size>
         <input_file_ref idref="fl-69"/>
      </object_component>
      <object_component id="oc-146">
         <name>.text</name>
         <load_address>0xb6a6</load_address>
         <run_address>0xb6a6</run_address>
         <size>0x10e</size>
         <input_file_ref idref="fl-16"/>
      </object_component>
      <object_component id="oc-13e">
         <name>.text:_STVELPLAN_reset</name>
         <load_address>0xb7b4</load_address>
         <run_address>0xb7b4</run_address>
         <size>0x10c</size>
         <input_file_ref idref="fl-69"/>
      </object_component>
      <object_component id="oc-122">
         <name>.text</name>
         <load_address>0xb8c0</load_address>
         <run_address>0xb8c0</run_address>
         <size>0xff</size>
         <input_file_ref idref="fl-1b"/>
      </object_component>
      <object_component id="oc-130">
         <name>.text:_STVELPLAN_addCfgTran</name>
         <load_address>0xb9bf</load_address>
         <run_address>0xb9bf</run_address>
         <size>0xde</size>
         <input_file_ref idref="fl-69"/>
      </object_component>
      <object_component id="oc-13d">
         <name>.text:_stPlanCondComp</name>
         <load_address>0xba9d</load_address>
         <run_address>0xba9d</run_address>
         <size>0xae</size>
         <input_file_ref idref="fl-69"/>
      </object_component>
      <object_component id="oc-139">
         <name>.text</name>
         <load_address>0xbb4b</load_address>
         <run_address>0xbb4b</run_address>
         <size>0xaa</size>
         <input_file_ref idref="fl-77"/>
      </object_component>
      <object_component id="oc-145">
         <name>.text</name>
         <load_address>0xbbf5</load_address>
         <run_address>0xbbf5</run_address>
         <size>0xa9</size>
         <input_file_ref idref="fl-1c"/>
      </object_component>
      <object_component id="oc-154">
         <name>.text</name>
         <load_address>0xbc9e</load_address>
         <run_address>0xbc9e</run_address>
         <size>0x9d</size>
         <input_file_ref idref="fl-80"/>
      </object_component>
      <object_component id="oc-12f">
         <name>.text:_STVELPLAN_addCfgCond</name>
         <load_address>0xbd3b</load_address>
         <run_address>0xbd3b</run_address>
         <size>0x8d</size>
         <input_file_ref idref="fl-69"/>
      </object_component>
      <object_component id="oc-153">
         <name>.text</name>
         <load_address>0xbdc8</load_address>
         <run_address>0xbdc8</run_address>
         <size>0x8d</size>
         <input_file_ref idref="fl-7f"/>
      </object_component>
      <object_component id="oc-13b">
         <name>.text</name>
         <load_address>0xbe55</load_address>
         <run_address>0xbe55</run_address>
         <size>0x87</size>
         <input_file_ref idref="fl-7d"/>
      </object_component>
      <object_component id="oc-93">
         <name>.text</name>
         <load_address>0xbedc</load_address>
         <run_address>0xbedc</run_address>
         <size>0x83</size>
         <input_file_ref idref="fl-25"/>
      </object_component>
      <object_component id="oc-a3">
         <name>.text</name>
         <load_address>0xbf5f</load_address>
         <run_address>0xbf5f</run_address>
         <size>0x83</size>
         <input_file_ref idref="fl-29"/>
      </object_component>
      <object_component id="oc-12a">
         <name>.text:_STVELPLAN_setCfgArray</name>
         <load_address>0xbfe2</load_address>
         <run_address>0xbfe2</run_address>
         <size>0x79</size>
         <input_file_ref idref="fl-69"/>
      </object_component>
      <object_component id="oc-9b">
         <name>.text</name>
         <load_address>0xc05b</load_address>
         <run_address>0xc05b</run_address>
         <size>0x78</size>
         <input_file_ref idref="fl-27"/>
      </object_component>
      <object_component id="oc-12d">
         <name>.text:_STVELPLAN_addCfgState</name>
         <load_address>0xc0d3</load_address>
         <run_address>0xc0d3</run_address>
         <size>0x5e</size>
         <input_file_ref idref="fl-69"/>
      </object_component>
      <object_component id="oc-14a">
         <name>.text</name>
         <load_address>0xc131</load_address>
         <run_address>0xc131</run_address>
         <size>0x5b</size>
         <input_file_ref idref="fl-17"/>
      </object_component>
      <object_component id="oc-a7">
         <name>.text</name>
         <load_address>0xc18c</load_address>
         <run_address>0xc18c</run_address>
         <size>0x5a</size>
         <input_file_ref idref="fl-2a"/>
      </object_component>
      <object_component id="oc-12c">
         <name>.text:_STVELPLAN_setCfgHaltState</name>
         <load_address>0xc1e6</load_address>
         <run_address>0xc1e6</run_address>
         <size>0x52</size>
         <input_file_ref idref="fl-69"/>
      </object_component>
      <object_component id="oc-13c">
         <name>.text</name>
         <load_address>0xc238</load_address>
         <run_address>0xc238</run_address>
         <size>0x50</size>
         <input_file_ref idref="fl-8d"/>
      </object_component>
      <object_component id="oc-141">
         <name>.text:_ST_sortActArray</name>
         <load_address>0xc288</load_address>
         <run_address>0xc288</run_address>
         <size>0x4b</size>
         <input_file_ref idref="fl-69"/>
      </object_component>
      <object_component id="oc-13f">
         <name>.text:_ST_sortTranArray</name>
         <load_address>0xc2d3</load_address>
         <run_address>0xc2d3</run_address>
         <size>0x4b</size>
         <input_file_ref idref="fl-69"/>
      </object_component>
      <object_component id="oc-12e">
         <name>.text:_STVELPLAN_addCfgVar</name>
         <load_address>0xc31e</load_address>
         <run_address>0xc31e</run_address>
         <size>0x48</size>
         <input_file_ref idref="fl-69"/>
      </object_component>
      <object_component id="oc-151">
         <name>.text</name>
         <load_address>0xc366</load_address>
         <run_address>0xc366</run_address>
         <size>0x47</size>
         <input_file_ref idref="fl-1a"/>
      </object_component>
      <object_component id="oc-14f">
         <name>.text</name>
         <load_address>0xc3ad</load_address>
         <run_address>0xc3ad</run_address>
         <size>0x46</size>
         <input_file_ref idref="fl-22"/>
      </object_component>
      <object_component id="oc-14e">
         <name>.text</name>
         <load_address>0xc3f3</load_address>
         <run_address>0xc3f3</run_address>
         <size>0x45</size>
         <input_file_ref idref="fl-12"/>
      </object_component>
      <object_component id="oc-12">
         <name>.text</name>
         <load_address>0xc438</load_address>
         <run_address>0xc438</run_address>
         <size>0x44</size>
         <input_file_ref idref="fl-73"/>
      </object_component>
      <object_component id="oc-142">
         <name>.text:_ST_genActIndices</name>
         <load_address>0xc47c</load_address>
         <run_address>0xc47c</run_address>
         <size>0x43</size>
         <input_file_ref idref="fl-69"/>
      </object_component>
      <object_component id="oc-140">
         <name>.text:_ST_genTranIndices</name>
         <load_address>0xc4bf</load_address>
         <run_address>0xc4bf</run_address>
         <size>0x43</size>
         <input_file_ref idref="fl-69"/>
      </object_component>
      <object_component id="oc-155">
         <name>.text</name>
         <load_address>0xc502</load_address>
         <run_address>0xc502</run_address>
         <size>0x3f</size>
         <input_file_ref idref="fl-81"/>
      </object_component>
      <object_component id="oc-137">
         <name>.text:_STPOSCONV_init</name>
         <load_address>0xc541</load_address>
         <run_address>0xc541</run_address>
         <size>0x35</size>
         <input_file_ref idref="fl-64"/>
      </object_component>
      <object_component id="oc-144">
         <name>.text</name>
         <load_address>0xc576</load_address>
         <run_address>0xc576</run_address>
         <size>0x32</size>
         <input_file_ref idref="fl-1e"/>
      </object_component>
      <object_component id="oc-138">
         <name>.text:_ST_initVersion</name>
         <load_address>0xc5a8</load_address>
         <run_address>0xc5a8</run_address>
         <size>0x31</size>
         <input_file_ref idref="fl-6b"/>
      </object_component>
      <object_component id="oc-13a">
         <name>.text</name>
         <load_address>0xc5d9</load_address>
         <run_address>0xc5d9</run_address>
         <size>0x31</size>
         <input_file_ref idref="fl-7a"/>
      </object_component>
      <object_component id="oc-14d">
         <name>.text</name>
         <load_address>0xc60a</load_address>
         <run_address>0xc60a</run_address>
         <size>0x2d</size>
         <input_file_ref idref="fl-13"/>
      </object_component>
      <object_component id="oc-133">
         <name>.text:_STVELID_init</name>
         <load_address>0xc637</load_address>
         <run_address>0xc637</run_address>
         <size>0x2b</size>
         <input_file_ref idref="fl-66"/>
      </object_component>
      <object_component id="oc-135">
         <name>.text:_STVELMOVE_init</name>
         <load_address>0xc662</load_address>
         <run_address>0xc662</run_address>
         <size>0x2b</size>
         <input_file_ref idref="fl-67"/>
      </object_component>
      <object_component id="oc-134">
         <name>.text:_STVELCTL_init</name>
         <load_address>0xc68d</load_address>
         <run_address>0xc68d</run_address>
         <size>0x2a</size>
         <input_file_ref idref="fl-65"/>
      </object_component>
      <object_component id="oc-cb">
         <name>.text</name>
         <load_address>0xc6b7</load_address>
         <run_address>0xc6b7</run_address>
         <size>0x2a</size>
         <input_file_ref idref="fl-68"/>
      </object_component>
      <object_component id="oc-fb">
         <name>.text</name>
         <load_address>0xc6e1</load_address>
         <run_address>0xc6e1</run_address>
         <size>0x29</size>
         <input_file_ref idref="fl-7b"/>
      </object_component>
      <object_component id="oc-127">
         <name>.text:_STVELPLAN_setVar</name>
         <load_address>0xc70a</load_address>
         <run_address>0xc70a</run_address>
         <size>0x27</size>
         <input_file_ref idref="fl-69"/>
      </object_component>
      <object_component id="oc-147">
         <name>.text</name>
         <load_address>0xc731</load_address>
         <run_address>0xc731</run_address>
         <size>0x27</size>
         <input_file_ref idref="fl-a"/>
      </object_component>
      <object_component id="oc-136">
         <name>.text:_STVELPLAN_init</name>
         <load_address>0xc758</load_address>
         <run_address>0xc758</run_address>
         <size>0x26</size>
         <input_file_ref idref="fl-69"/>
      </object_component>
      <object_component id="oc-12b">
         <name>.text:_STVELPLAN_setCfg</name>
         <load_address>0xc77e</load_address>
         <run_address>0xc77e</run_address>
         <size>0x25</size>
         <input_file_ref idref="fl-69"/>
      </object_component>
      <object_component id="oc-b3">
         <name>.text</name>
         <load_address>0xc7a3</load_address>
         <run_address>0xc7a3</run_address>
         <size>0x25</size>
         <input_file_ref idref="fl-2d"/>
      </object_component>
      <object_component id="oc-11e">
         <name>.text:_STVELPLAN_runTick</name>
         <load_address>0xc7c8</load_address>
         <run_address>0xc7c8</run_address>
         <size>0x22</size>
         <input_file_ref idref="fl-69"/>
      </object_component>
      <object_component id="oc-107">
         <name>.text</name>
         <load_address>0xc7ea</load_address>
         <run_address>0xc7ea</run_address>
         <size>0x22</size>
         <input_file_ref idref="fl-7e"/>
      </object_component>
      <object_component id="oc-157">
         <name>.text</name>
         <load_address>0xc80c</load_address>
         <run_address>0xc80c</run_address>
         <size>0x21</size>
         <input_file_ref idref="fl-d"/>
      </object_component>
      <object_component id="oc-bb">
         <name>.text</name>
         <load_address>0xc82d</load_address>
         <run_address>0xc82d</run_address>
         <size>0x21</size>
         <input_file_ref idref="fl-2f"/>
      </object_component>
      <object_component id="oc-150">
         <name>.text</name>
         <load_address>0xc84e</load_address>
         <run_address>0xc84e</run_address>
         <size>0x20</size>
         <input_file_ref idref="fl-e"/>
      </object_component>
      <object_component id="oc-97">
         <name>.text</name>
         <load_address>0xc86e</load_address>
         <run_address>0xc86e</run_address>
         <size>0x1f</size>
         <input_file_ref idref="fl-26"/>
      </object_component>
      <object_component id="oc-b7">
         <name>.text</name>
         <load_address>0xc88d</load_address>
         <run_address>0xc88d</run_address>
         <size>0x1d</size>
         <input_file_ref idref="fl-2e"/>
      </object_component>
      <object_component id="oc-af">
         <name>.text</name>
         <load_address>0xc8aa</load_address>
         <run_address>0xc8aa</run_address>
         <size>0x1c</size>
         <input_file_ref idref="fl-2c"/>
      </object_component>
      <object_component id="oc-bf">
         <name>.text</name>
         <load_address>0xc8c6</load_address>
         <run_address>0xc8c6</run_address>
         <size>0x1a</size>
         <input_file_ref idref="fl-30"/>
      </object_component>
      <object_component id="oc-ff">
         <name>.text</name>
         <load_address>0xc8e0</load_address>
         <run_address>0xc8e0</run_address>
         <size>0x1a</size>
         <input_file_ref idref="fl-7c"/>
      </object_component>
      <object_component id="oc-126">
         <name>.text:_STVELPLAN_getVar</name>
         <load_address>0xc8fa</load_address>
         <run_address>0xc8fa</run_address>
         <size>0x19</size>
         <input_file_ref idref="fl-69"/>
      </object_component>
      <object_component id="oc-11b">
         <name>.text</name>
         <load_address>0xc913</load_address>
         <run_address>0xc913</run_address>
         <size>0x19</size>
         <input_file_ref idref="fl-74"/>
      </object_component>
      <object_component id="oc-11c">
         <name>.text</name>
         <load_address>0xc92c</load_address>
         <run_address>0xc92c</run_address>
         <size>0x19</size>
         <input_file_ref idref="fl-75"/>
      </object_component>
      <object_component id="oc-9f">
         <name>.text</name>
         <load_address>0xc945</load_address>
         <run_address>0xc945</run_address>
         <size>0x17</size>
         <input_file_ref idref="fl-28"/>
      </object_component>
      <object_component id="oc-152">
         <name>.text</name>
         <load_address>0xc95c</load_address>
         <run_address>0xc95c</run_address>
         <size>0x14</size>
         <input_file_ref idref="fl-79"/>
      </object_component>
      <object_component id="oc-c7">
         <name>.text</name>
         <load_address>0xc970</load_address>
         <run_address>0xc970</run_address>
         <size>0x13</size>
         <input_file_ref idref="fl-32"/>
      </object_component>
      <object_component id="oc-c3">
         <name>.text</name>
         <load_address>0xc983</load_address>
         <run_address>0xc983</run_address>
         <size>0x10</size>
         <input_file_ref idref="fl-31"/>
      </object_component>
      <object_component id="oc-11f">
         <name>.text:_STVELPLAN_setUnitProfDone</name>
         <load_address>0xc993</load_address>
         <run_address>0xc993</run_address>
         <size>0xb</size>
         <input_file_ref idref="fl-69"/>
      </object_component>
      <object_component id="oc-123">
         <name>.text</name>
         <load_address>0xc99e</load_address>
         <run_address>0xc99e</run_address>
         <size>0x9</size>
         <input_file_ref idref="fl-76"/>
      </object_component>
      <object_component id="oc-13">
         <name>.text</name>
         <load_address>0xc9a7</load_address>
         <run_address>0xc9a7</run_address>
         <size>0x8</size>
         <input_file_ref idref="fl-6"/>
      </object_component>
      <object_component id="oc-5b">
         <name>.text:retain</name>
         <load_address>0xc9af</load_address>
         <run_address>0xc9af</run_address>
         <size>0x5</size>
         <input_file_ref idref="fl-16"/>
      </object_component>
      <object_component id="oc-ab">
         <name>.text</name>
         <load_address>0xc9b4</load_address>
         <run_address>0xc9b4</run_address>
         <size>0x5</size>
         <input_file_ref idref="fl-2b"/>
      </object_component>
      <object_component id="oc-64">
         <name>.cinit</name>
         <load_address>0x50</load_address>
         <run_address>0x50</run_address>
         <size>0xb1</size>
         <input_file_ref idref="fl-18"/>
      </object_component>
      <object_component id="oc-e6">
         <name>.cinit</name>
         <load_address>0x101</load_address>
         <run_address>0x101</run_address>
         <size>0xa</size>
         <input_file_ref idref="fl-76"/>
      </object_component>
      <object_component id="oc-e0">
         <name>.cinit</name>
         <load_address>0x10b</load_address>
         <run_address>0x10b</run_address>
         <size>0xa</size>
         <input_file_ref idref="fl-75"/>
      </object_component>
      <object_component id="oc-2f">
         <name>.cinit</name>
         <load_address>0x115</load_address>
         <run_address>0x115</run_address>
         <size>0x4</size>
         <input_file_ref idref="fl-c"/>
      </object_component>
      <object_component id="oc-f0">
         <name>.cinit</name>
         <load_address>0x119</load_address>
         <run_address>0x119</run_address>
         <size>0x4</size>
         <input_file_ref idref="fl-78"/>
      </object_component>
      <object_component id="oc-156">
         <name>.switch:_stPlanCondComp</name>
         <load_address>0x156</load_address>
         <run_address>0x156</run_address>
         <size>0x1e</size>
         <input_file_ref idref="fl-69"/>
      </object_component>
      <object_component id="oc-d7">
         <name>.reset</name>
         <load_address>0x3fffc0</load_address>
         <run_address>0x3fffc0</run_address>
         <size>0x2</size>
         <input_file_ref idref="fl-73"/>
      </object_component>
      <object_component id="oc-d6">
         <name>.stack</name>
         <uninitialized>true</uninitialized>
         <run_address>0x400</run_address>
         <size>0x0</size>
         <input_file_ref idref="fl-73"/>
      </object_component>
      <object_component id="oc-171">
         <name>.stack</name>
         <uninitialized>true</uninitialized>
         <run_address>0x400</run_address>
         <size>0x0</size>
      </object_component>
      <object_component id="oc-25">
         <name>.ebss</name>
         <uninitialized>true</uninitialized>
         <run_address>0xcdde</run_address>
         <size>0x1</size>
         <input_file_ref idref="fl-a"/>
      </object_component>
      <object_component id="oc-30">
         <name>.ebss</name>
         <uninitialized>true</uninitialized>
         <run_address>0xc9be</run_address>
         <size>0x2</size>
         <input_file_ref idref="fl-c"/>
      </object_component>
      <object_component id="oc-41">
         <name>.ebss</name>
         <uninitialized>true</uninitialized>
         <run_address>0xce00</run_address>
         <size>0xaa</size>
         <input_file_ref idref="fl-10"/>
      </object_component>
      <object_component id="oc-65">
         <name>.ebss</name>
         <uninitialized>true</uninitialized>
         <run_address>0xc9c0</run_address>
         <size>0x41a</size>
         <input_file_ref idref="fl-18"/>
      </object_component>
      <object_component id="oc-e1">
         <name>.ebss</name>
         <uninitialized>true</uninitialized>
         <run_address>0xcdda</run_address>
         <size>0x4</size>
         <input_file_ref idref="fl-75"/>
      </object_component>
      <object_component id="oc-e7">
         <name>.ebss</name>
         <uninitialized>true</uninitialized>
         <run_address>0xc9ba</run_address>
         <size>0x4</size>
         <input_file_ref idref="fl-76"/>
      </object_component>
      <object_component id="oc-f1">
         <name>.ebss</name>
         <uninitialized>true</uninitialized>
         <run_address>0xcddf</run_address>
         <size>0x1</size>
         <input_file_ref idref="fl-78"/>
      </object_component>
      <object_component id="oc-2a">
         <name>.econst</name>
         <load_address>0xcfde</load_address>
         <run_address>0xcfde</run_address>
         <size>0x1c</size>
         <input_file_ref idref="fl-b"/>
      </object_component>
      <object_component id="oc-8b">
         <name>.econst</name>
         <load_address>0xcffa</load_address>
         <run_address>0xcffa</run_address>
         <size>0x8</size>
         <input_file_ref idref="fl-21"/>
      </object_component>
      <object_component id="oc-42">
         <name>.econst</name>
         <load_address>0xd002</load_address>
         <run_address>0xd002</run_address>
         <size>0x4</size>
         <input_file_ref idref="fl-10"/>
      </object_component>
      <object_component id="oc-cf">
         <name>IQmath</name>
         <load_address>0xceaa</load_address>
         <run_address>0xceaa</run_address>
         <size>0x47</size>
         <input_file_ref idref="fl-6c"/>
      </object_component>
      <object_component id="oc-d2">
         <name>IQmath</name>
         <load_address>0xcef1</load_address>
         <run_address>0xcef1</run_address>
         <size>0x47</size>
         <input_file_ref idref="fl-6f"/>
      </object_component>
      <object_component id="oc-d4">
         <name>IQmath</name>
         <load_address>0xcf38</load_address>
         <run_address>0xcf38</run_address>
         <size>0x42</size>
         <input_file_ref idref="fl-71"/>
      </object_component>
      <object_component id="oc-d3">
         <name>IQmath</name>
         <load_address>0xcf7a</load_address>
         <run_address>0xcf7a</run_address>
         <size>0x29</size>
         <input_file_ref idref="fl-70"/>
      </object_component>
      <object_component id="oc-d1">
         <name>IQmath</name>
         <load_address>0xcfa3</load_address>
         <run_address>0xcfa3</run_address>
         <size>0x27</size>
         <input_file_ref idref="fl-6e"/>
      </object_component>
      <object_component id="oc-d5">
         <name>IQmath</name>
         <load_address>0xcfca</load_address>
         <run_address>0xcfca</run_address>
         <size>0x14</size>
         <input_file_ref idref="fl-72"/>
      </object_component>
      <object_component id="oc-d0">
         <name>IQmathTables</name>
         <load_address>0x3fdc30</load_address>
         <run_address>0x3fdc30</run_address>
         <size>0xb50</size>
         <input_file_ref idref="fl-6d"/>
      </object_component>
      <object_component id="oc-15">
         <name>.debug_info</name>
         <load_address>0x0</load_address>
         <run_address>0x0</run_address>
         <size>0x207</size>
         <input_file_ref idref="fl-6"/>
      </object_component>
      <object_component id="oc-18">
         <name>.debug_info</name>
         <load_address>0x207</load_address>
         <run_address>0x207</run_address>
         <size>0x4125</size>
         <input_file_ref idref="fl-7"/>
      </object_component>
      <object_component id="oc-1c">
         <name>.debug_info</name>
         <load_address>0x432c</load_address>
         <run_address>0x432c</run_address>
         <size>0x3ef</size>
         <input_file_ref idref="fl-8"/>
      </object_component>
      <object_component id="oc-20">
         <name>.debug_info</name>
         <load_address>0x471b</load_address>
         <run_address>0x471b</run_address>
         <size>0x48be</size>
         <input_file_ref idref="fl-9"/>
      </object_component>
      <object_component id="oc-24">
         <name>.debug_info</name>
         <load_address>0x8fd9</load_address>
         <run_address>0x8fd9</run_address>
         <size>0xf6d</size>
         <input_file_ref idref="fl-a"/>
      </object_component>
      <object_component id="oc-29">
         <name>.debug_info</name>
         <load_address>0x9f46</load_address>
         <run_address>0x9f46</run_address>
         <size>0x995a</size>
         <input_file_ref idref="fl-b"/>
      </object_component>
      <object_component id="oc-2e">
         <name>.debug_info</name>
         <load_address>0x138a0</load_address>
         <run_address>0x138a0</run_address>
         <size>0x4b10</size>
         <input_file_ref idref="fl-c"/>
      </object_component>
      <object_component id="oc-34">
         <name>.debug_info</name>
         <load_address>0x183b0</load_address>
         <run_address>0x183b0</run_address>
         <size>0xc36</size>
         <input_file_ref idref="fl-d"/>
      </object_component>
      <object_component id="oc-38">
         <name>.debug_info</name>
         <load_address>0x18fe6</load_address>
         <run_address>0x18fe6</run_address>
         <size>0x1ee0</size>
         <input_file_ref idref="fl-e"/>
      </object_component>
      <object_component id="oc-3c">
         <name>.debug_info</name>
         <load_address>0x1aec6</load_address>
         <run_address>0x1aec6</run_address>
         <size>0x35b1</size>
         <input_file_ref idref="fl-f"/>
      </object_component>
      <object_component id="oc-40">
         <name>.debug_info</name>
         <load_address>0x1e477</load_address>
         <run_address>0x1e477</run_address>
         <size>0x12b26</size>
         <input_file_ref idref="fl-10"/>
      </object_component>
      <object_component id="oc-46">
         <name>.debug_info</name>
         <load_address>0x30f9d</load_address>
         <run_address>0x30f9d</run_address>
         <size>0x39e</size>
         <input_file_ref idref="fl-11"/>
      </object_component>
      <object_component id="oc-4a">
         <name>.debug_info</name>
         <load_address>0x3133b</load_address>
         <run_address>0x3133b</run_address>
         <size>0xbc7</size>
         <input_file_ref idref="fl-12"/>
      </object_component>
      <object_component id="oc-4e">
         <name>.debug_info</name>
         <load_address>0x31f02</load_address>
         <run_address>0x31f02</run_address>
         <size>0x9a9</size>
         <input_file_ref idref="fl-13"/>
      </object_component>
      <object_component id="oc-52">
         <name>.debug_info</name>
         <load_address>0x328ab</load_address>
         <run_address>0x328ab</run_address>
         <size>0x39a</size>
         <input_file_ref idref="fl-14"/>
      </object_component>
      <object_component id="oc-56">
         <name>.debug_info</name>
         <load_address>0x32c45</load_address>
         <run_address>0x32c45</run_address>
         <size>0x424</size>
         <input_file_ref idref="fl-15"/>
      </object_component>
      <object_component id="oc-5a">
         <name>.debug_info</name>
         <load_address>0x33069</load_address>
         <run_address>0x33069</run_address>
         <size>0x448e</size>
         <input_file_ref idref="fl-16"/>
      </object_component>
      <object_component id="oc-5f">
         <name>.debug_info</name>
         <load_address>0x374f7</load_address>
         <run_address>0x374f7</run_address>
         <size>0x18a0</size>
         <input_file_ref idref="fl-17"/>
      </object_component>
      <object_component id="oc-63">
         <name>.debug_info</name>
         <load_address>0x38d97</load_address>
         <run_address>0x38d97</run_address>
         <size>0xbd8d</size>
         <input_file_ref idref="fl-18"/>
      </object_component>
      <object_component id="oc-6a">
         <name>.debug_info</name>
         <load_address>0x44b24</load_address>
         <run_address>0x44b24</run_address>
         <size>0xa746</size>
         <input_file_ref idref="fl-19"/>
      </object_component>
      <object_component id="oc-6e">
         <name>.debug_info</name>
         <load_address>0x4f26a</load_address>
         <run_address>0x4f26a</run_address>
         <size>0x12c6</size>
         <input_file_ref idref="fl-1a"/>
      </object_component>
      <object_component id="oc-72">
         <name>.debug_info</name>
         <load_address>0x50530</load_address>
         <run_address>0x50530</run_address>
         <size>0x449c</size>
         <input_file_ref idref="fl-1b"/>
      </object_component>
      <object_component id="oc-76">
         <name>.debug_info</name>
         <load_address>0x549cc</load_address>
         <run_address>0x549cc</run_address>
         <size>0x37cb</size>
         <input_file_ref idref="fl-1c"/>
      </object_component>
      <object_component id="oc-7a">
         <name>.debug_info</name>
         <load_address>0x58197</load_address>
         <run_address>0x58197</run_address>
         <size>0x398</size>
         <input_file_ref idref="fl-1d"/>
      </object_component>
      <object_component id="oc-7e">
         <name>.debug_info</name>
         <load_address>0x5852f</load_address>
         <run_address>0x5852f</run_address>
         <size>0xe40</size>
         <input_file_ref idref="fl-1e"/>
      </object_component>
      <object_component id="oc-82">
         <name>.debug_info</name>
         <load_address>0x5936f</load_address>
         <run_address>0x5936f</run_address>
         <size>0x400</size>
         <input_file_ref idref="fl-1f"/>
      </object_component>
      <object_component id="oc-87">
         <name>.debug_info</name>
         <load_address>0x5976f</load_address>
         <run_address>0x5976f</run_address>
         <size>0x191</size>
         <input_file_ref idref="fl-20"/>
      </object_component>
      <object_component id="oc-8a">
         <name>.debug_info</name>
         <load_address>0x59900</load_address>
         <run_address>0x59900</run_address>
         <size>0x48ab</size>
         <input_file_ref idref="fl-21"/>
      </object_component>
      <object_component id="oc-8f">
         <name>.debug_info</name>
         <load_address>0x5e1ab</load_address>
         <run_address>0x5e1ab</run_address>
         <size>0x11a6</size>
         <input_file_ref idref="fl-22"/>
      </object_component>
      <object_component id="oc-94">
         <name>.debug_info</name>
         <load_address>0x5f351</load_address>
         <run_address>0x5f351</run_address>
         <size>0xc0</size>
         <input_file_ref idref="fl-25"/>
      </object_component>
      <object_component id="oc-98">
         <name>.debug_info</name>
         <load_address>0x5f411</load_address>
         <run_address>0x5f411</run_address>
         <size>0xc0</size>
         <input_file_ref idref="fl-26"/>
      </object_component>
      <object_component id="oc-9c">
         <name>.debug_info</name>
         <load_address>0x5f4d1</load_address>
         <run_address>0x5f4d1</run_address>
         <size>0xc0</size>
         <input_file_ref idref="fl-27"/>
      </object_component>
      <object_component id="oc-a0">
         <name>.debug_info</name>
         <load_address>0x5f591</load_address>
         <run_address>0x5f591</run_address>
         <size>0xc0</size>
         <input_file_ref idref="fl-28"/>
      </object_component>
      <object_component id="oc-a4">
         <name>.debug_info</name>
         <load_address>0x5f651</load_address>
         <run_address>0x5f651</run_address>
         <size>0xc0</size>
         <input_file_ref idref="fl-29"/>
      </object_component>
      <object_component id="oc-a8">
         <name>.debug_info</name>
         <load_address>0x5f711</load_address>
         <run_address>0x5f711</run_address>
         <size>0xc0</size>
         <input_file_ref idref="fl-2a"/>
      </object_component>
      <object_component id="oc-ac">
         <name>.debug_info</name>
         <load_address>0x5f7d1</load_address>
         <run_address>0x5f7d1</run_address>
         <size>0xc0</size>
         <input_file_ref idref="fl-2b"/>
      </object_component>
      <object_component id="oc-b0">
         <name>.debug_info</name>
         <load_address>0x5f891</load_address>
         <run_address>0x5f891</run_address>
         <size>0xc3</size>
         <input_file_ref idref="fl-2c"/>
      </object_component>
      <object_component id="oc-b4">
         <name>.debug_info</name>
         <load_address>0x5f954</load_address>
         <run_address>0x5f954</run_address>
         <size>0xcc</size>
         <input_file_ref idref="fl-2d"/>
      </object_component>
      <object_component id="oc-b8">
         <name>.debug_info</name>
         <load_address>0x5fa20</load_address>
         <run_address>0x5fa20</run_address>
         <size>0xcc</size>
         <input_file_ref idref="fl-2e"/>
      </object_component>
      <object_component id="oc-bc">
         <name>.debug_info</name>
         <load_address>0x5faec</load_address>
         <run_address>0x5faec</run_address>
         <size>0xcf</size>
         <input_file_ref idref="fl-2f"/>
      </object_component>
      <object_component id="oc-c0">
         <name>.debug_info</name>
         <load_address>0x5fbbb</load_address>
         <run_address>0x5fbbb</run_address>
         <size>0xc6</size>
         <input_file_ref idref="fl-30"/>
      </object_component>
      <object_component id="oc-c4">
         <name>.debug_info</name>
         <load_address>0x5fc81</load_address>
         <run_address>0x5fc81</run_address>
         <size>0xc0</size>
         <input_file_ref idref="fl-31"/>
      </object_component>
      <object_component id="oc-c8">
         <name>.debug_info</name>
         <load_address>0x5fd41</load_address>
         <run_address>0x5fd41</run_address>
         <size>0xc3</size>
         <input_file_ref idref="fl-32"/>
      </object_component>
      <object_component id="oc-cc">
         <name>.debug_info</name>
         <load_address>0x5fe04</load_address>
         <run_address>0x5fe04</run_address>
         <size>0x14b</size>
         <input_file_ref idref="fl-68"/>
      </object_component>
      <object_component id="oc-d8">
         <name>.debug_info</name>
         <load_address>0x5ff4f</load_address>
         <run_address>0x5ff4f</run_address>
         <size>0xde</size>
         <input_file_ref idref="fl-73"/>
      </object_component>
      <object_component id="oc-db">
         <name>.debug_info</name>
         <load_address>0x6002d</load_address>
         <run_address>0x6002d</run_address>
         <size>0x3bd</size>
         <input_file_ref idref="fl-74"/>
      </object_component>
      <object_component id="oc-df">
         <name>.debug_info</name>
         <load_address>0x603ea</load_address>
         <run_address>0x603ea</run_address>
         <size>0x3d6</size>
         <input_file_ref idref="fl-75"/>
      </object_component>
      <object_component id="oc-e5">
         <name>.debug_info</name>
         <load_address>0x607c0</load_address>
         <run_address>0x607c0</run_address>
         <size>0x3fc</size>
         <input_file_ref idref="fl-76"/>
      </object_component>
      <object_component id="oc-eb">
         <name>.debug_info</name>
         <load_address>0x60bbc</load_address>
         <run_address>0x60bbc</run_address>
         <size>0x47d</size>
         <input_file_ref idref="fl-77"/>
      </object_component>
      <object_component id="oc-ef">
         <name>.debug_info</name>
         <load_address>0x61039</load_address>
         <run_address>0x61039</run_address>
         <size>0x2a3</size>
         <input_file_ref idref="fl-78"/>
      </object_component>
      <object_component id="oc-f3">
         <name>.debug_info</name>
         <load_address>0x612dc</load_address>
         <run_address>0x612dc</run_address>
         <size>0x31f</size>
         <input_file_ref idref="fl-79"/>
      </object_component>
      <object_component id="oc-f7">
         <name>.debug_info</name>
         <load_address>0x615fb</load_address>
         <run_address>0x615fb</run_address>
         <size>0x37b</size>
         <input_file_ref idref="fl-7a"/>
      </object_component>
      <object_component id="oc-fc">
         <name>.debug_info</name>
         <load_address>0x61976</load_address>
         <run_address>0x61976</run_address>
         <size>0xcc</size>
         <input_file_ref idref="fl-7b"/>
      </object_component>
      <object_component id="oc-100">
         <name>.debug_info</name>
         <load_address>0x61a42</load_address>
         <run_address>0x61a42</run_address>
         <size>0xc6</size>
         <input_file_ref idref="fl-7c"/>
      </object_component>
      <object_component id="oc-103">
         <name>.debug_info</name>
         <load_address>0x61b08</load_address>
         <run_address>0x61b08</run_address>
         <size>0x44d</size>
         <input_file_ref idref="fl-7d"/>
      </object_component>
      <object_component id="oc-108">
         <name>.debug_info</name>
         <load_address>0x61f55</load_address>
         <run_address>0x61f55</run_address>
         <size>0xeb</size>
         <input_file_ref idref="fl-7e"/>
      </object_component>
      <object_component id="oc-10b">
         <name>.debug_info</name>
         <load_address>0x62040</load_address>
         <run_address>0x62040</run_address>
         <size>0x452</size>
         <input_file_ref idref="fl-7f"/>
      </object_component>
      <object_component id="oc-10f">
         <name>.debug_info</name>
         <load_address>0x62492</load_address>
         <run_address>0x62492</run_address>
         <size>0x450</size>
         <input_file_ref idref="fl-80"/>
      </object_component>
      <object_component id="oc-113">
         <name>.debug_info</name>
         <load_address>0x628e2</load_address>
         <run_address>0x628e2</run_address>
         <size>0x34b</size>
         <input_file_ref idref="fl-81"/>
      </object_component>
      <object_component id="oc-117">
         <name>.debug_info</name>
         <load_address>0x62c2d</load_address>
         <run_address>0x62c2d</run_address>
         <size>0x398</size>
         <input_file_ref idref="fl-8d"/>
      </object_component>
      <object_component id="oc-172">
         <name>.debug_info</name>
         <load_address>0x62fc5</load_address>
         <run_address>0x62fc5</run_address>
         <size>0x6f</size>
      </object_component>
      <object_component id="oc-16">
         <name>.debug_line</name>
         <load_address>0x0</load_address>
         <run_address>0x0</run_address>
         <size>0x93</size>
         <input_file_ref idref="fl-6"/>
      </object_component>
      <object_component id="oc-1a">
         <name>.debug_line</name>
         <load_address>0x93</load_address>
         <run_address>0x93</run_address>
         <size>0x352</size>
         <input_file_ref idref="fl-7"/>
      </object_component>
      <object_component id="oc-1e">
         <name>.debug_line</name>
         <load_address>0x3e5</load_address>
         <run_address>0x3e5</run_address>
         <size>0x5b</size>
         <input_file_ref idref="fl-8"/>
      </object_component>
      <object_component id="oc-22">
         <name>.debug_line</name>
         <load_address>0x440</load_address>
         <run_address>0x440</run_address>
         <size>0x579</size>
         <input_file_ref idref="fl-9"/>
      </object_component>
      <object_component id="oc-27">
         <name>.debug_line</name>
         <load_address>0x9b9</load_address>
         <run_address>0x9b9</run_address>
         <size>0x140</size>
         <input_file_ref idref="fl-a"/>
      </object_component>
      <object_component id="oc-2c">
         <name>.debug_line</name>
         <load_address>0xaf9</load_address>
         <run_address>0xaf9</run_address>
         <size>0x14e0</size>
         <input_file_ref idref="fl-b"/>
      </object_component>
      <object_component id="oc-32">
         <name>.debug_line</name>
         <load_address>0x1fd9</load_address>
         <run_address>0x1fd9</run_address>
         <size>0x569</size>
         <input_file_ref idref="fl-c"/>
      </object_component>
      <object_component id="oc-36">
         <name>.debug_line</name>
         <load_address>0x2542</load_address>
         <run_address>0x2542</run_address>
         <size>0xfe</size>
         <input_file_ref idref="fl-d"/>
      </object_component>
      <object_component id="oc-3a">
         <name>.debug_line</name>
         <load_address>0x2640</load_address>
         <run_address>0x2640</run_address>
         <size>0x1c8</size>
         <input_file_ref idref="fl-e"/>
      </object_component>
      <object_component id="oc-3e">
         <name>.debug_line</name>
         <load_address>0x2808</load_address>
         <run_address>0x2808</run_address>
         <size>0x29b</size>
         <input_file_ref idref="fl-f"/>
      </object_component>
      <object_component id="oc-44">
         <name>.debug_line</name>
         <load_address>0x2aa3</load_address>
         <run_address>0x2aa3</run_address>
         <size>0xdb9</size>
         <input_file_ref idref="fl-10"/>
      </object_component>
      <object_component id="oc-48">
         <name>.debug_line</name>
         <load_address>0x385c</load_address>
         <run_address>0x385c</run_address>
         <size>0x59</size>
         <input_file_ref idref="fl-11"/>
      </object_component>
      <object_component id="oc-4c">
         <name>.debug_line</name>
         <load_address>0x38b5</load_address>
         <run_address>0x38b5</run_address>
         <size>0xe4</size>
         <input_file_ref idref="fl-12"/>
      </object_component>
      <object_component id="oc-50">
         <name>.debug_line</name>
         <load_address>0x3999</load_address>
         <run_address>0x3999</run_address>
         <size>0xc8</size>
         <input_file_ref idref="fl-13"/>
      </object_component>
      <object_component id="oc-54">
         <name>.debug_line</name>
         <load_address>0x3a61</load_address>
         <run_address>0x3a61</run_address>
         <size>0x57</size>
         <input_file_ref idref="fl-14"/>
[...]
         <name>_EST_run</name>
         <value>0x3f927b</value>
      </symbol>
      <symbol id="sm-5b3">
         <name>_EST_setFlag_enableForceAngle</name>
         <value>0x3f8bdb</value>
      </symbol>
      <symbol id="sm-5b5">
         <name>_EST_setFlag_enableRsRecalc</name>
         <value>0x3f8bd3</value>
      </symbol>
      <symbol id="sm-5b7">
         <name>_EST_setId_ref_pu</name>
         <value>0x3f8b80</value>
      </symbol>
      <symbol id="sm-5b9">
         <name>_EST_setIdle</name>
         <value>0x3f8b7a</value>
      </symbol>
      <symbol id="sm-5bb">
         <name>_EST_setIdle_all</name>
         <value>0x3f8b67</value>
      </symbol>
      <symbol id="sm-5bd">
         <name>_EST_setIq_ref_pu</name>
         <value>0x3f8b63</value>
      </symbol>
      <symbol id="sm-5bf">
         <name>_EST_setLs_d_pu</name>
         <value>0x3f8b45</value>
      </symbol>
      <symbol id="sm-5c1">
         <name>_EST_setLs_qFmt</name>
         <value>0x3f8af1</value>
      </symbol>
      <symbol id="sm-5c3">
         <name>_EST_setLs_q_pu</name>
         <value>0x3f8ae7</value>
      </symbol>
      <symbol id="sm-5c5">
         <name>_EST_setMaxCurrentSlope_pu</name>
         <value>0x3f8adb</value>
      </symbol>
      <symbol id="sm-5c7">
         <name>_EST_setRs_pu</name>
         <value>0x3f8a18</value>
      </symbol>
      <symbol id="sm-5c9">
         <name>_EST_updateId_ref_pu</name>
         <value>0x3f89f5</value>
      </symbol>
      <symbol id="sm-5cb">
         <name>_EST_updateState</name>
         <value>0x3f8713</value>
      </symbol>
      <symbol id="sm-5cd">
         <name>_EST_useZeroIq_ref</name>
         <value>0x3f861d</value>
      </symbol>
      <symbol id="sm-5d1">
         <name>_STPOSCONV_init</name>
         <value>0xc541</value>
         <object_component_ref idref="oc-137"/>
      </symbol>
      <symbol id="sm-5d7">
         <name>_STVELCTL_init</name>
         <value>0xc68d</value>
         <object_component_ref idref="oc-134"/>
      </symbol>
      <symbol id="sm-5d8">
         <name>_STVELCTL_run</name>
         <value>0xacf8</value>
         <object_component_ref idref="oc-129"/>
      </symbol>
      <symbol id="sm-5dc">
         <name>_STVELID_init</name>
         <value>0xc637</value>
         <object_component_ref idref="oc-133"/>
      </symbol>
      <symbol id="sm-5e2">
         <name>_STVELMOVE_init</name>
         <value>0xc662</value>
         <object_component_ref idref="oc-135"/>
      </symbol>
      <symbol id="sm-5e3">
         <name>_STVELMOVE_run</name>
         <value>0xa05c</value>
         <object_component_ref idref="oc-128"/>
      </symbol>
      <symbol id="sm-5eb">
         <name>UL$$MOD</name>
         <value>0xc6db</value>
         <object_component_ref idref="oc-cb"/>
      </symbol>
      <symbol id="sm-5ec">
         <name>L$$MOD</name>
         <value>0xc6c6</value>
         <object_component_ref idref="oc-cb"/>
      </symbol>
      <symbol id="sm-5ed">
         <name>L$$DIV</name>
         <value>0xc6b7</value>
         <object_component_ref idref="oc-cb"/>
      </symbol>
      <symbol id="sm-5ee">
         <name>UL$$DIV</name>
         <value>0xc6d4</value>
         <object_component_ref idref="oc-cb"/>
      </symbol>
      <symbol id="sm-61a">
         <name>_STVELPLAN_addCfgState</name>
         <value>0xc0d3</value>
         <object_component_ref idref="oc-12d"/>
      </symbol>
      <symbol id="sm-61b">
         <name>_STVELPLAN_addCfgCond</name>
         <value>0xbd3b</value>
         <object_component_ref idref="oc-12f"/>
      </symbol>
      <symbol id="sm-61c">
         <name>_STVELPLAN_setCfgArray</name>
         <value>0xbfe2</value>
         <object_component_ref idref="oc-12a"/>
      </symbol>
      <symbol id="sm-61d">
         <name>_STVELPLAN_setUnitProfDone</name>
         <value>0xc993</value>
         <object_component_ref idref="oc-11f"/>
      </symbol>
      <symbol id="sm-61e">
         <name>_STVELPLAN_getVar</name>
         <value>0xc8fa</value>
         <object_component_ref idref="oc-126"/>
      </symbol>
      <symbol id="sm-61f">
         <name>_STVELPLAN_setVar</name>
         <value>0xc70a</value>
         <object_component_ref idref="oc-127"/>
      </symbol>
      <symbol id="sm-620">
         <name>_STVELPLAN_addCfgTran</name>
         <value>0xb9bf</value>
         <object_component_ref idref="oc-130"/>
      </symbol>
      <symbol id="sm-621">
         <name>_STVELPLAN_runTick</name>
         <value>0xc7c8</value>
         <object_component_ref idref="oc-11e"/>
      </symbol>
      <symbol id="sm-622">
         <name>_STVELPLAN_init</name>
         <value>0xc758</value>
         <object_component_ref idref="oc-136"/>
      </symbol>
      <symbol id="sm-623">
         <name>_STVELPLAN_run</name>
         <value>0xaa56</value>
         <object_component_ref idref="oc-125"/>
      </symbol>
      <symbol id="sm-624">
         <name>_STVELPLAN_reset</name>
         <value>0xb7b4</value>
         <object_component_ref idref="oc-13e"/>
      </symbol>
      <symbol id="sm-625">
         <name>_STVELPLAN_setCfg</name>
         <value>0xc77e</value>
         <object_component_ref idref="oc-12b"/>
      </symbol>
      <symbol id="sm-626">
         <name>_STVELPLAN_addCfgAct</name>
         <value>0xb594</value>
         <object_component_ref idref="oc-131"/>
      </symbol>
      <symbol id="sm-627">
         <name>_STVELPLAN_setCfgHaltState</name>
         <value>0xc1e6</value>
         <object_component_ref idref="oc-12c"/>
      </symbol>
      <symbol id="sm-628">
         <name>_STVELPLAN_addCfgVar</name>
         <value>0xc31e</value>
         <object_component_ref idref="oc-12e"/>
      </symbol>
      <symbol id="sm-62d">
         <name>_ST_initVersion</name>
         <value>0xc5a8</value>
         <object_component_ref idref="oc-138"/>
      </symbol>
      <symbol id="sm-638">
         <name>__IQ20div</name>
         <value>0xceaa</value>
         <object_component_ref idref="oc-cf"/>
      </symbol>
      <symbol id="sm-63c">
         <name>_IQ16mpyRndSatTable</name>
         <value>0x3fe6c0</value>
         <object_component_ref idref="oc-d0"/>
      </symbol>
      <symbol id="sm-63d">
         <name>_IQ24mpyRndSatTable</name>
         <value>0x3fe660</value>
         <object_component_ref idref="oc-d0"/>
      </symbol>
      <symbol id="sm-63e">
         <name>_IQ13mpyRndSatTable</name>
         <value>0x3fe6e4</value>
         <object_component_ref idref="oc-d0"/>
      </symbol>
      <symbol id="sm-63f">
         <name>_IQ21mpyRndSatTable</name>
         <value>0x3fe684</value>
         <object_component_ref idref="oc-d0"/>
      </symbol>
      <symbol id="sm-640">
         <name>_IQ10mpyRndSatTable</name>
         <value>0x3fe708</value>
         <object_component_ref idref="oc-d0"/>
      </symbol>
      <symbol id="sm-641">
         <name>_IQdivTable</name>
         <value>0x3fe140</value>
         <object_component_ref idref="oc-d0"/>
      </symbol>
      <symbol id="sm-642">
         <name>_IQ9mpyRndSatTable</name>
         <value>0x3fe714</value>
         <object_component_ref idref="oc-d0"/>
      </symbol>
      <symbol id="sm-643">
         <name>_IQ6mpyRndSatTable</name>
         <value>0x3fe738</value>
         <object_component_ref idref="oc-d0"/>
      </symbol>
      <symbol id="sm-644">
         <name>_IQatan2TableEnd</name>
         <value>0x3fe618</value>
         <object_component_ref idref="oc-d0"/>
      </symbol>
      <symbol id="sm-645">
         <name>_IQdivTableEnd</name>
         <value>0x3fe342</value>
         <object_component_ref idref="oc-d0"/>
      </symbol>
      <symbol id="sm-646">
         <name>_IQ29mpyRndSatTable</name>
         <value>0x3fe624</value>
         <object_component_ref idref="oc-d0"/>
      </symbol>
      <symbol id="sm-647">
         <name>_IQ3mpyRndSatTable</name>
         <value>0x3fe75c</value>
         <object_component_ref idref="oc-d0"/>
      </symbol>
      <symbol id="sm-648">
         <name>_IQ18mpyRndSatTable</name>
         <value>0x3fe6a8</value>
         <object_component_ref idref="oc-d0"/>
      </symbol>
      <symbol id="sm-649">
         <name>_IQ26mpyRndSatTable</name>
         <value>0x3fe648</value>
         <object_component_ref idref="oc-d0"/>
      </symbol>
      <symbol id="sm-64a">
         <name>_IQcosTableEnd</name>
         <value>0x3fe132</value>
         <object_component_ref idref="oc-d0"/>
      </symbol>
      <symbol id="sm-64b">
         <name>_IQsinTableEnd</name>
         <value>0x3fe030</value>
         <object_component_ref idref="oc-d0"/>
      </symbol>
      <symbol id="sm-64c">
         <name>_IQ15mpyRndSatTable</name>
         <value>0x3fe6cc</value>
         <object_component_ref idref="oc-d0"/>
      </symbol>
      <symbol id="sm-64d">
         <name>_IQ23mpyRndSatTable</name>
         <value>0x3fe66c</value>
         <object_component_ref idref="oc-d0"/>
      </symbol>
      <symbol id="sm-64e">
         <name>_IQ12mpyRndSatTable</name>
         <value>0x3fe6f0</value>
         <object_component_ref idref="oc-d0"/>
      </symbol>
      <symbol id="sm-64f">
         <name>_IQ20mpyRndSatTable</name>
         <value>0x3fe690</value>
         <object_component_ref idref="oc-d0"/>
      </symbol>
      <symbol id="sm-650">
         <name>_IQisqrtTableEnd</name>
         <value>0x3fe454</value>
         <object_component_ref idref="oc-d0"/>
      </symbol>
      <symbol id="sm-651">
         <name>_IQ8mpyRndSatTable</name>
         <value>0x3fe720</value>
         <object_component_ref idref="oc-d0"/>
      </symbol>
      <symbol id="sm-652">
         <name>_IQisqrtRoundSatTable</name>
         <value>0x3fe342</value>
         <object_component_ref idref="oc-d0"/>
      </symbol>
      <symbol id="sm-653">
         <name>_IQ5mpyRndSatTable</name>
         <value>0x3fe744</value>
         <object_component_ref idref="oc-d0"/>
      </symbol>
      <symbol id="sm-654">
         <name>_IQmpyRndSatTable</name>
         <value>0x3fe618</value>
         <object_component_ref idref="oc-d0"/>
      </symbol>
      <symbol id="sm-655">
         <name>_IQ28mpyRndSatTable</name>
         <value>0x3fe630</value>
         <object_component_ref idref="oc-d0"/>
      </symbol>
      <symbol id="sm-656">
         <name>_IQatan2Table</name>
         <value>0x3fe492</value>
         <object_component_ref idref="oc-d0"/>
      </symbol>
      <symbol id="sm-657">
         <name>_IQ2mpyRndSatTable</name>
         <value>0x3fe768</value>
         <object_component_ref idref="oc-d0"/>
      </symbol>
      <symbol id="sm-658">
         <name>_IQatan2HalfPITable</name>
         <value>0x3fe454</value>
         <object_component_ref idref="oc-d0"/>
      </symbol>
      <symbol id="sm-659">
         <name>_IQ17mpyRndSatTable</name>
         <value>0x3fe6b4</value>
         <object_component_ref idref="oc-d0"/>
      </symbol>
      <symbol id="sm-65a">
         <name>_IQ25mpyRndSatTable</name>
         <value>0x3fe654</value>
         <object_component_ref idref="oc-d0"/>
      </symbol>
      <symbol id="sm-65b">
         <name>_IQsqrtTable</name>
         <value>0x3fe352</value>
         <object_component_ref idref="oc-d0"/>
      </symbol>
      <symbol id="sm-65c">
         <name>_IQsqrtTableEnd</name>
         <value>0x3fe454</value>
         <object_component_ref idref="oc-d0"/>
      </symbol>
      <symbol id="sm-65d">
         <name>_IQ14mpyRndSatTable</name>
         <value>0x3fe6d8</value>
         <object_component_ref idref="oc-d0"/>
      </symbol>
      <symbol id="sm-65e">
         <name>_IQ22mpyRndSatTable</name>
         <value>0x3fe678</value>
         <object_component_ref idref="oc-d0"/>
      </symbol>
      <symbol id="sm-65f">
         <name>_IQ30mpyRndSatTable</name>
         <value>0x3fe618</value>
         <object_component_ref idref="oc-d0"/>
      </symbol>
      <symbol id="sm-660">
         <name>_IQsqrtRoundSatTable</name>
         <value>0x3fe342</value>
         <object_component_ref idref="oc-d0"/>
      </symbol>
      <symbol id="sm-661">
         <name>_IQ11mpyRndSatTable</name>
         <value>0x3fe6fc</value>
         <object_component_ref idref="oc-d0"/>
      </symbol>
      <symbol id="sm-662">
         <name>_IQdivRoundSatTable</name>
         <value>0x3fe132</value>
         <object_component_ref idref="oc-d0"/>
      </symbol>
      <symbol id="sm-663">
         <name>_IQ7mpyRndSatTable</name>
         <value>0x3fe72c</value>
         <object_component_ref idref="oc-d0"/>
      </symbol>
      <symbol id="sm-664">
         <name>_IQcosTable</name>
         <value>0x3fdd30</value>
         <object_component_ref idref="oc-d0"/>
      </symbol>
      <symbol id="sm-665">
         <name>_IQisqrtTable</name>
         <value>0x3fe352</value>
         <object_component_ref idref="oc-d0"/>
      </symbol>
      <symbol id="sm-666">
         <name>_IQ4mpyRndSatTable</name>
         <value>0x3fe750</value>
         <object_component_ref idref="oc-d0"/>
      </symbol>
      <symbol id="sm-667">
         <name>_IQ19mpyRndSatTable</name>
         <value>0x3fe69c</value>
         <object_component_ref idref="oc-d0"/>
      </symbol>
      <symbol id="sm-668">
         <name>_IQ27mpyRndSatTable</name>
         <value>0x3fe63c</value>
         <object_component_ref idref="oc-d0"/>
      </symbol>
      <symbol id="sm-669">
         <name>_IQmpyRndSatTableEnd</name>
         <value>0x3fe780</value>
         <object_component_ref idref="oc-d0"/>
      </symbol>
      <symbol id="sm-66a">
         <name>_IQ1mpyRndSatTable</name>
         <value>0x3fe774</value>
         <object_component_ref idref="oc-d0"/>
      </symbol>
      <symbol id="sm-66b">
         <name>_IQsinTable</name>
         <value>0x3fdc30</value>
         <object_component_ref idref="oc-d0"/>
      </symbol>
      <symbol id="sm-675">
         <name>__IQ24cosPU</name>
         <value>0xcfa3</value>
         <object_component_ref idref="oc-d1"/>
      </symbol>
      <symbol id="sm-680">
         <name>__IQ24div</name>
         <value>0xcef1</value>
         <object_component_ref idref="oc-d2"/>
      </symbol>
      <symbol id="sm-68a">
         <name>__IQ24sinPU</name>
         <value>0xcf7a</value>
         <object_component_ref idref="oc-d3"/>
      </symbol>
      <symbol id="sm-694">
         <name>__IQ24sqrt</name>
         <value>0xcf38</value>
         <object_component_ref idref="oc-d4"/>
      </symbol>
      <symbol id="sm-69e">
         <name>__IQ30toF</name>
         <value>0xcfca</value>
         <object_component_ref idref="oc-d5"/>
      </symbol>
      <symbol id="sm-6b2">
         <name>_c_int00</name>
         <value>0xc438</value>
         <object_component_ref idref="oc-12"/>
      </symbol>
      <symbol id="sm-6b3">
         <name>__stack</name>
         <value>0x400</value>
         <object_component_ref idref="oc-d6"/>
      </symbol>
      <symbol id="sm-6bf">
         <name>__args_main</name>
         <value>0xc913</value>
         <object_component_ref idref="oc-11b"/>
      </symbol>
      <symbol id="sm-6c0">
         <name>__TI_args_main</name>
         <value>0x1</value>
      </symbol>
      <symbol id="sm-6d1">
         <name>C$$EXIT</name>
         <value>0xc92c</value>
         <object_component_ref idref="oc-11c"/>
      </symbol>
      <symbol id="sm-6d2">
         <name>_exit</name>
         <value>0xc92e</value>
         <object_component_ref idref="oc-11c"/>
      </symbol>
      <symbol id="sm-6d3">
         <name>___TI_cleanup_ptr</name>
         <value>0xcdda</value>
         <object_component_ref idref="oc-e1"/>
      </symbol>
      <symbol id="sm-6d4">
         <name>_abort</name>
         <value>0xc92c</value>
         <object_component_ref idref="oc-11c"/>
      </symbol>
      <symbol id="sm-6d5">
         <name>___TI_dtors_ptr</name>
         <value>0xcddc</value>
         <object_component_ref idref="oc-e1"/>
      </symbol>
      <symbol id="sm-6e3">
         <name>__unlock</name>
         <value>0xc9ba</value>
         <object_component_ref idref="oc-e7"/>
      </symbol>
      <symbol id="sm-6e4">
         <name>__lock</name>
         <value>0xc9bc</value>
         <object_component_ref idref="oc-e7"/>
      </symbol>
      <symbol id="sm-6e5">
         <name>__register_lock</name>
         <value>0xc9a2</value>
         <object_component_ref idref="oc-123"/>
      </symbol>
      <symbol id="sm-6e6">
         <name>__nop</name>
         <value>0xc9a6</value>
         <object_component_ref idref="oc-123"/>
      </symbol>
      <symbol id="sm-6e7">
         <name>__register_unlock</name>
         <value>0xc99e</value>
         <object_component_ref idref="oc-123"/>
      </symbol>
      <symbol id="sm-6f7">
         <name>_log</name>
         <value>0xbb4b</value>
         <object_component_ref idref="oc-139"/>
      </symbol>
      <symbol id="sm-701">
         <name>_errno</name>
         <value>0xcddf</value>
         <object_component_ref idref="oc-f1"/>
      </symbol>
      <symbol id="sm-70e">
         <name>_frexp</name>
         <value>0xc95c</value>
         <object_component_ref idref="oc-152"/>
      </symbol>
      <symbol id="sm-71b">
         <name>_modf</name>
         <value>0xc5d9</value>
         <object_component_ref idref="oc-13a"/>
      </symbol>
      <symbol id="sm-72a">
         <name>FS$$TOL</name>
         <value>0xc6e1</value>
         <object_component_ref idref="oc-fb"/>
      </symbol>
      <symbol id="sm-735">
         <name>L$$TOFS</name>
         <value>0xc8e0</value>
         <object_component_ref idref="oc-ff"/>
      </symbol>
      <symbol id="sm-748">
         <name>_pow</name>
         <value>0xbe55</value>
         <object_component_ref idref="oc-13b"/>
      </symbol>
      <symbol id="sm-752">
         <name>I$$MOD</name>
         <value>0xc7fb</value>
         <object_component_ref idref="oc-107"/>
      </symbol>
      <symbol id="sm-753">
         <name>I$$DIV</name>
         <value>0xc7ea</value>
         <object_component_ref idref="oc-107"/>
      </symbol>
      <symbol id="sm-75f">
         <name>__log</name>
         <value>0xbdc8</value>
         <object_component_ref idref="oc-153"/>
      </symbol>
      <symbol id="sm-76d">
         <name>_exp</name>
         <value>0xbc9e</value>
         <object_component_ref idref="oc-154"/>
      </symbol>
      <symbol id="sm-77c">
         <name>_ldexp</name>
         <value>0xc502</value>
         <object_component_ref idref="oc-155"/>
      </symbol>
      <symbol id="sm-77e">
         <name>_s0_calc</name>
         <value>0x3fb9dd</value>
      </symbol>
      <symbol id="sm-780">
         <name>_s0_conf</name>
         <value>0x3fb9ad</value>
      </symbol>
      <symbol id="sm-782">
         <name>_s2_calc</name>
         <value>0x3fbae7</value>
      </symbol>
      <symbol id="sm-784">
         <name>_s4_calc</name>
         <value>0x3fbb85</value>
      </symbol>
      <symbol id="sm-786">
         <name>_s4_conf</name>
         <value>0x3fbc34</value>
      </symbol>
      <symbol id="sm-788">
         <name>_s4_reset</name>
         <value>0x3fbc58</value>
      </symbol>
      <symbol id="sm-78a">
         <name>_s8_calc</name>
         <value>0x3fbc9b</value>
      </symbol>
      <symbol id="sm-78c">
         <name>_s8_cfg</name>
         <value>0x3fbc7d</value>
      </symbol>
      <symbol id="sm-78e">
         <name>_s8_get</name>
         <value>0x3fbd37</value>
      </symbol>
      <symbol id="sm-790">
         <name>_s8_reset</name>
         <value>0x3fbc72</value>
      </symbol>
      <symbol id="sm-792">
         <name>_spintac_rom_ver</name>
         <value>0x3fbc6d</value>
      </symbol>
      <symbol id="sm-79f">
         <name>_sqrt</name>
         <value>0xc238</value>
         <object_component_ref idref="oc-13c"/>
      </symbol>
   </symbol_table>
   <title>Link successful</title>
</link_info>
