******************************************************************************
             TMS320C2000 Linker PC v6.2.7                      
******************************************************************************
>> Linked Wed Aug 03 09:17:20 2016

OUTPUT FILE NAME:   <proj_lab09a.out>
ENTRY POINT SYMBOL: "_c_int00"  address: 003f29f0


MEMORY CONFIGURATION

         name            origin    length      used     unused   attr    fill
----------------------  --------  ---------  --------  --------  ----  --------
PAGE 0:
  RAML0_1               00008000   00000c00  00000758  000004a8  RWIX
  OTP                   003d7800   00000400  00000000  00000400  RWIX
  FLASHH                003d8000   00004000  00000000  00004000  RWIX
  FLASHG                003dc000   00004000  00000000  00004000  RWIX
  FLASHF                003e0000   00004000  00000000  00004000  RWIX
  FLASHE                003e4000   00004000  00000000  00004000  RWIX
  FLASHD                003e8000   00004000  00000758  000038a8  RWIX
  FLASHC                003ec000   00004000  00000000  00004000  RWIX
  FLASHA_B              003f0000   00007f80  00002e6a  00005116  RWIX
  CSM_RSVD              003f7f80   00000076  00000000  00000076  RWIX
  BEGIN                 003f7ff6   00000002  00000002  00000000  RWIX
  CSM_PWL_P0            003f7ff8   00000008  00000000  00000008  RWIX
  FPUTABLES             003fd590   000006a0  00000000  000006a0  RWIX
  IQTABLES              003fdc30   00000b50  00000b50  00000000  RWIX
  IQTABLES2             003fe780   0000008c  00000000  0000008c  RWIX
  IQTABLES3             003fe80c   000000aa  00000000  000000aa  RWIX
  ROM                   003ff3b0   00000c10  00000000  00000c10  RWIX
  RESET                 003fffc0   00000002  00000000  00000002  RWIX
  VECTORS               003fffc2   0000003e  00000000  0000003e  RWIX

PAGE 1:
  BOOT_RSVD             00000000   00000050  00000000  00000050  RWIX
  RAMM0                 00000050   000003b0  000003b0  00000000  RWIX
  RAMM1                 00000400   00000400  00000000  00000400  RWIX
  RAML2_3               00008c00   00001400  0000026a  00001196  RWIX
  RAML4                 0000a000   00002000  00000000  00002000  RWIX
  RAML5                 0000c000   00002000  00000000  00002000  RWIX
  RAML6                 0000e000   00002000  00000000  00002000  RWIX
  RAML7                 00010000   00002000  00000000  00002000  RWIX
  RAML8                 00012000   00001800  00000000  00001800  RWIX
  USB_RAM               00040000   00000800  00000000  00000800  RWIX


SECTION ALLOCATION MAP

 output                                  attributes/
section   page    origin      length       input sections
--------  ----  ----------  ----------   ----------------
.pinit     0    003f0000    00000000     UNINITIALIZED

ramfuncs   0    003e8000    00000758     RUN ADDR = 00008000
                  003e8000    00000575     ctrl.obj (ramfuncs)
                  003e8575    00000001     --HOLE-- [fill = 0]
                  003e8576    00000188     proj_lab09a.obj (ramfuncs:retain)
                  003e86fe    00000032     flash.obj (ramfuncs)
                  003e8730    00000024     hal.obj (ramfuncs)
                  003e8754    00000004     usDelay.obj (ramfuncs)

.text      0    003f0000    00002cd1     
                  003f0000    00000af6     hal.obj (.text)
                  003f0af6    0000055e     user.obj (.text)
                  003f1054    0000048b     ctrl.obj (.text)
                  003f14df    00000379     proj_lab09a.obj (.text)
                  003f1858    000002f0     pwm.obj (.text)
                  003f1b48    000002bd     drv8301.obj (.text)
                  003f1e05    00000200     adc.obj (.text)
                  003f2005    00000194     gpio.obj (.text)
                  003f2199    0000018a     clk.obj (.text)
                  003f2323    0000010a     pie.obj (.text)
                  003f242d    00000100     sci.obj (.text)
                  003f252d    000000fa     proj_lab09a.obj (.text:retain)
                  003f2627    000000a9     spi.obj (.text)
                  003f26d0    00000088     rts2800_fpu32.lib : fs_div.obj (.text)
                  003f2758    00000083                       : fd_mpy.obj (.text)
                  003f27db    00000068                       : exp.obj (.text)
                  003f2843    00000061                       : log.obj (.text)
                  003f28a4    0000005b     pll.obj (.text)
                  003f28ff    0000005a     rts2800_fpu32.lib : pow.obj (.text)
                  003f2959    00000050                       : _log.obj (.text)
                  003f29a9    00000047     pwr.obj (.text)
                  003f29f0    00000046     rts2800_fpu32.lib : boot.obj (.text)
                  003f2a36    00000046     wdog.obj (.text)
                  003f2a7c    00000045     offset.obj (.text)
                  003f2ac1    00000032     timer.obj (.text)
                  003f2af3    00000031     rts2800_fpu32.lib : ldexp.obj (.text)
                  003f2b24    0000002d     osc.obj (.text)
                  003f2b51    00000027     cpu.obj (.text)
                  003f2b78    00000023     filter_fo.obj (.text)
                  003f2b9b    00000001     --HOLE-- [fill = 0]
                  003f2b9c    00000023     rts2800_fpu32.lib : sqrt.obj (.text)
                  003f2bbf    00000022                       : i_div.obj (.text)
                  003f2be1    00000020     flash.obj (.text)
                  003f2c01    0000001f     rts2800_fpu32.lib : fd_tol.obj (.text)
                  003f2c20    0000001c                       : fs_tofd.obj (.text)
                  003f2c3c    0000001a                       : modf.obj (.text)
                  003f2c56    00000019                       : args_main.obj (.text)
                  003f2c6f    00000019                       : exit.obj (.text)
                  003f2c88    00000016                       : frexp.obj (.text)
                  003f2c9e    00000012     memCopy.obj (.text)
                  003f2cb0    0000000a     pie.obj (.text:retain)
                  003f2cba    00000009     rts2800_fpu32.lib : _lock.obj (.text)
                  003f2cc3    00000008     CodeStartBranch.obj (.text)
                  003f2ccb    00000006     fw.obj (.text)

.cinit     0    003f2cd1    000000bd     
                  003f2cd1    0000009f     proj_lab09a.obj (.cinit)
                  003f2d70    0000000a     rts2800_fpu32.lib : _lock.obj (.cinit)
                  003f2d7a    0000000a                       : exit.obj (.cinit)
                  003f2d84    00000004     drv8301.obj (.cinit)
                  003f2d88    00000004     rts2800_fpu32.lib : errno.obj (.cinit)
                  003f2d8c    00000002     --HOLE-- [fill = 0]

IQmath     0    003f2d8e    000000a8     
                  003f2d8e    00000042     IQmath_fpu32.lib : IQ24sqrt.obj (IQmath)
                  003f2dd0    00000029                      : IQ24sinPU.obj (IQmath)
                  003f2df9    00000027                      : IQ24cosPU.obj (IQmath)
                  003f2e20    00000016                      : IQ30toF.obj (IQmath)

.econst    0    003f2e36    00000034     
                  003f2e36    0000001c     ctrl.obj (.econst)
                  003f2e52    00000008     proj_lab09a.obj (.econst:.string)
                  003f2e5a    00000008     user.obj (.econst)
                  003f2e62    00000004     hal.obj (.econst)
                  003f2e66    00000004     proj_lab09a.obj (.econst)

codestart 
*          0    003f7ff6    00000002     
                  003f7ff6    00000002     CodeStartBranch.obj (codestart)

IQmathTables 
*          0    003fdc30    00000b50     NOLOAD SECTION
                  003fdc30    00000b50     IQmath_fpu32.lib : IQmathTables.obj (IQmathTables)

.reset     0    003fffc0    00000002     DSECT
                  003fffc0    00000002     rts2800_fpu32.lib : boot.obj (.reset)

vectors    0    003fffc2    00000000     DSECT

.stack     1    00000050    000003b0     UNINITIALIZED
                  00000050    000003b0     --HOLE--

.ebss      1    00008c00    0000026a     UNINITIALIZED
                  00008c00    000001ac     proj_lab09a.obj (.ebss)
                  00008dac    00000004     rts2800_fpu32.lib : _lock.obj (.ebss)
                  00008db0    00000004                       : exit.obj (.ebss)
                  00008db4    00000002     drv8301.obj (.ebss)
                  00008db6    00000001     cpu.obj (.ebss)
                  00008db7    00000001     rts2800_fpu32.lib : errno.obj (.ebss)
                  00008db8    00000008     --HOLE--
                  00008dc0    000000aa     hal.obj (.ebss)


GLOBAL DATA SYMBOLS: SORTED BY DATA PAGE

address     data page           name
--------    ----------------    ----
00000050       1 (00000040)     __stack

00008c00     230 (00008c00)     _gLEDcnt
00008c01     230 (00008c00)     _Flag_Latch_softwareUpdate
00008c02     230 (00008c00)     _gBuzzcnt
00008c03     230 (00008c00)     _n
00008c04     230 (00008c00)     _i
00008c05     230 (00008c00)     _Wrten
00008c06     230 (00008c00)     _gCounter_updateGlobals
00008c08     230 (00008c00)     _halHandle
00008c0a     230 (00008c00)     _controller_obj
00008c0c     230 (00008c00)     _ctrlHandle
00008c0e     230 (00008c00)     _gMaxCurrentSlope
00008c10     230 (00008c00)     _fwHandle
00008c12     230 (00008c00)     _gFlux_pu_to_Wb_sf
00008c14     230 (00008c00)     _gFlux_pu_to_VpHz_sf
00008c16     230 (00008c00)     _gTorque_Flux_Iq_pu_to_Nm_sf
00008c18     230 (00008c00)     _STA
00008c1a     230 (00008c00)     _m
00008c1c     230 (00008c00)     _Iq_Max_pu
00008c1e     230 (00008c00)     _STO
00008c20     230 (00008c00)     _gTorque_Ls_Id_Iq_pu_to_Nm_sf
00008c22     230 (00008c00)     _data
00008c26     230 (00008c00)     _gPwmData
00008c2c     230 (00008c00)     _gAdcData

00008c40     231 (00008c40)     _fw
00008c54     231 (00008c40)     _gDrvSpi8301Vars

00008c80     232 (00008c80)     _gMotorVars

00008d00     234 (00008d00)     _gUserParams

00008dac     236 (00008d80)     __unlock
00008dae     236 (00008d80)     __lock
00008db0     236 (00008d80)     ___TI_cleanup_ptr
00008db2     236 (00008d80)     ___TI_dtors_ptr
00008db6     236 (00008d80)     _cpu
00008db7     236 (00008d80)     _errno

00008dc0     237 (00008dc0)     _hal

003fdc30    ff70 (003fdc00)     _IQsinTable

003fdd30    ff74 (003fdd00)     _IQcosTable

003fe030    ff80 (003fe000)     _IQsinTableEnd

003fe132    ff84 (003fe100)     _IQcosTableEnd
003fe132    ff84 (003fe100)     _IQdivRoundSatTable

003fe140    ff85 (003fe140)     _IQdivTable

003fe342    ff8d (003fe340)     _IQdivTableEnd
003fe342    ff8d (003fe340)     _IQisqrtRoundSatTable
003fe342    ff8d (003fe340)     _IQsqrtRoundSatTable
003fe352    ff8d (003fe340)     _IQisqrtTable
003fe352    ff8d (003fe340)     _IQsqrtTable

003fe454    ff91 (003fe440)     _IQatan2HalfPITable
003fe454    ff91 (003fe440)     _IQisqrtTableEnd
003fe454    ff91 (003fe440)     _IQsqrtTableEnd

003fe492    ff92 (003fe480)     _IQatan2Table

003fe618    ff98 (003fe600)     _IQ30mpyRndSatTable
003fe618    ff98 (003fe600)     _IQatan2TableEnd
003fe618    ff98 (003fe600)     _IQmpyRndSatTable
003fe624    ff98 (003fe600)     _IQ29mpyRndSatTable
003fe630    ff98 (003fe600)     _IQ28mpyRndSatTable
003fe63c    ff98 (003fe600)     _IQ27mpyRndSatTable

003fe648    ff99 (003fe640)     _IQ26mpyRndSatTable
003fe654    ff99 (003fe640)     _IQ25mpyRndSatTable
003fe660    ff99 (003fe640)     _IQ24mpyRndSatTable
003fe66c    ff99 (003fe640)     _IQ23mpyRndSatTable
003fe678    ff99 (003fe640)     _IQ22mpyRndSatTable

003fe684    ff9a (003fe680)     _IQ21mpyRndSatTable
003fe690    ff9a (003fe680)     _IQ20mpyRndSatTable
003fe69c    ff9a (003fe680)     _IQ19mpyRndSatTable
003fe6a8    ff9a (003fe680)     _IQ18mpyRndSatTable
003fe6b4    ff9a (003fe680)     _IQ17mpyRndSatTable

003fe6c0    ff9b (003fe6c0)     _IQ16mpyRndSatTable
003fe6cc    ff9b (003fe6c0)     _IQ15mpyRndSatTable
003fe6d8    ff9b (003fe6c0)     _IQ14mpyRndSatTable
003fe6e4    ff9b (003fe6c0)     _IQ13mpyRndSatTable
003fe6f0    ff9b (003fe6c0)     _IQ12mpyRndSatTable
003fe6fc    ff9b (003fe6c0)     _IQ11mpyRndSatTable

003fe708    ff9c (003fe700)     _IQ10mpyRndSatTable
003fe714    ff9c (003fe700)     _IQ9mpyRndSatTable
003fe720    ff9c (003fe700)     _IQ8mpyRndSatTable
003fe72c    ff9c (003fe700)     _IQ7mpyRndSatTable
003fe738    ff9c (003fe700)     _IQ6mpyRndSatTable

003fe744    ff9d (003fe740)     _IQ5mpyRndSatTable
003fe750    ff9d (003fe740)     _IQ4mpyRndSatTable
003fe75c    ff9d (003fe740)     _IQ3mpyRndSatTable
003fe768    ff9d (003fe740)     _IQ2mpyRndSatTable
003fe774    ff9d (003fe740)     _IQ1mpyRndSatTable

003fe780    ff9e (003fe780)     _IQmpyRndSatTableEnd


GLOBAL SYMBOLS: SORTED ALPHABETICALLY BY Name 

address    name
--------   ----
003f0000   .text
003f2c6f   C$$EXIT
003f2758   FD$$MPY
003f2c01   FD$$TOL
003f26d0   FS$$DIV
003f2c20   FS$$TOFD
003f2bbf   I$$DIV
003f2bd0   I$$MOD
003f1ffa   _ADC_disable
003f1fef   _ADC_disableBandGap
003f1fd4   _ADC_disableInt
003f1fc9   _ADC_disableNoOverlapMode
003f1fbe   _ADC_disableRefBuffers
003f1fb3   _ADC_disableVoltRefLoConv
003f1fa8   _ADC_enable
003f1f9d   _ADC_enableBandGap
003f1f86   _ADC_enableInt
003f1f7b   _ADC_enableNoOverlapMode
003f1f70   _ADC_enableRefBuffers
003f1f65   _ADC_enableVoltRefLoConv
003f1f5d   _ADC_getDivideSelect
003f1f56   _ADC_init
003f1f4b   _ADC_powerDown
003f1f40   _ADC_powerUp
003f1f35   _ADC_reset
003f1f23   _ADC_setDivideSelect
003f1f06   _ADC_setIntMode
003f1ef4   _ADC_setIntPulseGenMode
003f1ed7   _ADC_setIntSrc
003f1ed0   _ADC_setOffTrim
003f1eb8   _ADC_setSampleMode
003f1ea3   _ADC_setSampleOverlapMode
003f1e90   _ADC_setSocChanNumber
003f1e86   _ADC_setSocFrc
003f1e7f   _ADC_setSocFrcWord
003f1e6c   _ADC_setSocSampleDelay
003f1e59   _ADC_setSocTrigSrc
003f1e47   _ADC_setTempSensorSrc
003f1e35   _ADC_setVoltRefSrc
003f1e05   _ADC_setupSocTrigSrc
003f231c   _CLK_disableAdcClock
003f2315   _CLK_disableClaClock
003f230f   _CLK_disableClkIn
003f230b   _CLK_disableCompClock
003f2304   _CLK_disableCpuTimerClock
003f22fe   _CLK_disableCrystalOsc
003f22f7   _CLK_disableEcanaClock
003f22f0   _CLK_disableEcap1Clock
003f22e9   _CLK_disableEqep1Clock
003f22e2   _CLK_disableEqep2Clock
003f22db   _CLK_disableGpioInputClock
003f22d4   _CLK_disableHrPwmClock
003f22cd   _CLK_disableI2cClock
003f22c6   _CLK_disableLinAClock
003f22c0   _CLK_disableOsc1
003f22ba   _CLK_disableOsc1HaltMode
003f22b4   _CLK_disableOsc2
003f22ae   _CLK_disableOsc2HaltMode
003f22a4   _CLK_disablePwmClock
003f229d   _CLK_disableSciaClock
003f2296   _CLK_disableScibClock
003f228f   _CLK_disableSpiaClock
003f228b   _CLK_disableSpibClock
003f2284   _CLK_disableTbClockSync
003f227e   _CLK_disableWatchDogHaltMode
003f2277   _CLK_enableAdcClock
003f2270   _CLK_enableClaClock
003f226a   _CLK_enableClkIn
003f2264   _CLK_enableCompClock
003f225e   _CLK_enableCpuTimerClock
003f2258   _CLK_enableCrystalOsc
003f2251   _CLK_enableEcanaClock
003f224a   _CLK_enableEcap1Clock
003f2243   _CLK_enableEqep1Clock
003f223c   _CLK_enableEqep2Clock
003f2235   _CLK_enableGpioInputClock
003f222e   _CLK_enableHrPwmClock
003f2227   _CLK_enableI2cClock
003f2220   _CLK_enableLinAClock
003f221a   _CLK_enableOsc1
003f2214   _CLK_enableOsc1HaltMode
003f220e   _CLK_enableOsc2
003f2208   _CLK_enableOsc2HaltMode
003f21ff   _CLK_enablePwmClock
003f21f8   _CLK_enableSciaClock
003f21f1   _CLK_enableScibClock
003f21ea   _CLK_enableSpiaClock
003f21e3   _CLK_enableSpibClock
003f21dc   _CLK_enableTbClockSync
003f21d6   _CLK_enableWatchDogHaltMode
003f21d0   _CLK_init
003f21c9   _CLK_setClkOutPreScaler
003f21c3   _CLK_setLowSpdPreScaler
003f21bc   _CLK_setOsc2Src
003f21b5   _CLK_setOscSrc
003f21ae   _CLK_setTimer2PreScale
003f21a7   _CLK_setTimer2Src
003f21a0   _CLK_setWatchDogSrc
003f2199   _CLK_setXClkInSrc
003f2b75   _CPU_clearIntFlags
003f2b72   _CPU_disableDebugInt
003f2b6f   _CPU_disableGlobalInts
003f2b6a   _CPU_disableInt
003f2b67   _CPU_disableInts
003f2b64   _CPU_disableProtectedRegisterWrite
003f2b61   _CPU_enableDebugInt
003f2b5e   _CPU_enableGlobalInts
003f2b5a   _CPU_enableInt
003f2b57   _CPU_enableProtectedRegisterWrite
003f2b51   _CPU_init
003f14a1   _CTRL_getGains
003f1499   _CTRL_getIab_filt_pu
003f1491   _CTRL_getIab_in_pu
003f1489   _CTRL_getIdq_in_pu
003f1481   _CTRL_getIdq_ref_pu
003f14dc   _CTRL_getMagCurrent_pu
003f14d9   _CTRL_getMaximumSpeed_pu
003f1479   _CTRL_getVab_in_pu
003f1471   _CTRL_getVab_out_pu
003f1469   _CTRL_getVdq_out_pu
003fa721   _CTRL_getVersion
003f1460   _CTRL_getWaitTimes
003fa6fb   _CTRL_initCtrl
0000800a   _CTRL_run
003fa5d1   _CTRL_runTraj
003f9e64   _CTRL_setEstParams
003f11d7   _CTRL_setGains
003f14d3   _CTRL_setMagCurrent_pu
003f14d6   _CTRL_setMaximumSpeed_pu
003f1201   _CTRL_setParams
003f11c4   _CTRL_setSpd_ref_krpm
003f11c1   _CTRL_setSpd_ref_pu
003f9d31   _CTRL_setUserMotorParams
003f11b8   _CTRL_setWaitTimes
00008000   _CTRL_setup
003f119b   _CTRL_setupClarke_I
003f1184   _CTRL_setupClarke_V
003f9b43   _CTRL_setupCtrl
003f99a5   _CTRL_setupEstIdleState
003f996a   _CTRL_setupEstOnLineState
003f9806   _CTRL_setupTraj
003f1105   _CTRL_setup_user
003f1054   _CTRL_updateState
003f1de3   _DRV8301_enable
003f1dd1   _DRV8301_getDcCalMode
003f1db6   _DRV8301_getFaultType
003f1db0   _DRV8301_getId
003f1da9   _DRV8301_getOcLevel
003f1da2   _DRV8301_getOcMode
003f1d9b   _DRV8301_getOcOffTimeMode
003f1d94   _DRV8301_getOcTwMode
003f1d8d   _DRV8301_getPeakCurrent
003f1d86   _DRV8301_getPwmMode
003f1d7f   _DRV8301_getShuntAmpGain
003f1d76   _DRV8301_init
003f1d70   _DRV8301_isFault
003f1d69   _DRV8301_isReset
003f1cfe   _DRV8301_readData
003f1b88   _DRV8301_readSpi
003f1cef   _DRV8301_reset
003f1cd0   _DRV8301_setDcCalMode
003f1cce   _DRV8301_setGpioHandle
003f1ccc   _DRV8301_setGpioNumber
003f1cb8   _DRV8301_setOcLevel
003f1ca4   _DRV8301_setOcMode
003f1c90   _DRV8301_setOcOffTimeMode
003f1c7c   _DRV8301_setOcTwMode
003f1c68   _DRV8301_setPeakCurrent
003f1c54   _DRV8301_setPwmMode
003f1c40   _DRV8301_setShuntAmpGain
003f1c3e   _DRV8301_setSpiHandle
003f1bc0   _DRV8301_setupSpi
003f1b5f   _DRV8301_writeData
003f1b48   _DRV8301_writeSpi
003f9760   _EST_doCurrentCtrl
003f9758   _EST_doSpeedCtrl
003f8c0d   _EST_getAngle_pu
003f96be   _EST_getFlux_VpHz
003f96ab   _EST_getFlux_pu
003f968e   _EST_getFm_pu
003f9632   _EST_getIdRated
003f95ff   _EST_getLs_coarse_max_pu
003f95f5   _EST_getLs_d_H
003f95f0   _EST_getLs_d_pu
003f95ce   _EST_getLs_q_H
003f95c9   _EST_getLs_q_pu
003f95bd   _EST_getMaxCurrentSlope_pu
003f95b3   _EST_getOneOverDcBus_pu
003f95ad   _EST_getRr_Ohm
003f9513   _EST_getRs_Ohm
003f94c6   _EST_getSpeed_krpm
003f861b   _EST_getState
003f9458   _EST_get_krpm_to_pu_sf
003f9453   _EST_get_pu_to_krpm_sf
003f938d   _EST_isError
003f9386   _EST_isIdle
003f937f   _EST_isLockRotor
003f8679   _EST_isMotorIdentified
003f9378   _EST_isOnLine
003f927b   _EST_run
003f8bdb   _EST_setFlag_enableForceAngle
003f8bd3   _EST_setFlag_enableRsRecalc
003f8b80   _EST_setId_ref_pu
003f8b7a   _EST_setIdle
003f8b67   _EST_setIdle_all
003f8b63   _EST_setIq_ref_pu
003f8b45   _EST_setLs_d_pu
003f8af1   _EST_setLs_qFmt
003f8ae7   _EST_setLs_q_pu
003f8adb   _EST_setMaxCurrentSlope_pu
003f8a18   _EST_setRs_pu
003f89f5   _EST_updateId_ref_pu
003f8713   _EST_updateState
003f861d   _EST_useZeroIq_ref
003f2b98   _FILTER_FO_getDenCoeffs
003f2b91   _FILTER_FO_getInitialConditions
003f2b8b   _FILTER_FO_getNumCoeffs
003f2b85   _FILTER_FO_init
003f2b83   _FILTER_FO_setDenCoeffs
003f2b7c   _FILTER_FO_setInitialConditions
003f2b78   _FILTER_FO_setNumCoeffs
003f2bfb   _FLASH_clear3VStatus
0000872a   _FLASH_disablePipelineMode
00008724   _FLASH_enablePipelineMode
003f2bf8   _FLASH_get3VStatus
003f2bf5   _FLASH_getActiveWaitCount
003f2bf1   _FLASH_getActiveWaitStatus
003f2bee   _FLASH_getPowerMode
003f2beb   _FLASH_getStandbyWaitCount
003f2be7   _FLASH_getStandbyWaitStatus
003f2be1   _FLASH_init
0000871f   _FLASH_setActiveWaitCount
00008718   _FLASH_setNumPagedReadWaitStates
00008711   _FLASH_setNumRandomReadWaitStates
0000870a   _FLASH_setOtpWaitStates
00008703   _FLASH_setPowerMode
000086fe   _FLASH_setStandbyWaitCount
003f2ccb   _FW_init
00008c01   _Flag_Latch_softwareUpdate
003f2189   _GPIO_getData
003f2182   _GPIO_getPortData
003f217c   _GPIO_init
003f2172   _GPIO_lpmSelect
003f214c   _GPIO_read
003f2131   _GPIO_setDirection
003f2125   _GPIO_setExtInt
003f2112   _GPIO_setHigh
003f20ff   _GPIO_setLow
003f20c5   _GPIO_setMode
003f20ba   _GPIO_setPortData
003f209f   _GPIO_setPullup
003f205f   _GPIO_setQualification
003f2018   _GPIO_setQualificationPeriod
003f2005   _GPIO_toggle
003f05b9   _HAL_AdcCalChanSelect
003f0610   _HAL_AdcCalConversion
003f0776   _HAL_AdcOffsetSelfCal
003f083f   _HAL_OscTempComp
003f0892   _HAL_cal
003f0af2   _HAL_disableGlobalInts
003f09c9   _HAL_disableWdog
003f0ae0   _HAL_enableAdcInts
003f0adc   _HAL_enableDebugInt
003f0ad7   _HAL_enableDrv
003f0ad3   _HAL_enableGlobalInts
003f0ac2   _HAL_enablePwmInt
003f0ab2   _HAL_enableTimer0Int
003f07a9   _HAL_getOscTrimValue
003f09ce   _HAL_init
003f07bd   _HAL_osc1Comp
003f07fe   _HAL_osc2Comp
003f09c4   _HAL_readDrvData
003f08a9   _HAL_setParams
003f0501   _HAL_setupAdcs
003f04e5   _HAL_setupClks
003f04e0   _HAL_setupDrvSpi
003f04c1   _HAL_setupFaults
00008730   _HAL_setupFlash
003f04ac   _HAL_setupGate
003f0307   _HAL_setupGpios
003f02ba   _HAL_setupPeripheralClks
003f029e   _HAL_setupPie
003f0260   _HAL_setupPll
003f01d5   _HAL_setupPwmDacs
003f0106   _HAL_setupPwms
003f00bb   _HAL_setupSCI
003f0075   _HAL_setupSpiA
003f003f   _HAL_setupSpiB
003f0005   _HAL_setupTimers
003f0000   _HAL_writeDrvData
003fe708   _IQ10mpyRndSatTable
003fe6fc   _IQ11mpyRndSatTable
003fe6f0   _IQ12mpyRndSatTable
003fe6e4   _IQ13mpyRndSatTable
003fe6d8   _IQ14mpyRndSatTable
003fe6cc   _IQ15mpyRndSatTable
003fe6c0   _IQ16mpyRndSatTable
003fe6b4   _IQ17mpyRndSatTable
003fe6a8   _IQ18mpyRndSatTable
003fe69c   _IQ19mpyRndSatTable
003fe774   _IQ1mpyRndSatTable
003fe690   _IQ20mpyRndSatTable
003fe684   _IQ21mpyRndSatTable
003fe678   _IQ22mpyRndSatTable
003fe66c   _IQ23mpyRndSatTable
003fe660   _IQ24mpyRndSatTable
003fe654   _IQ25mpyRndSatTable
003fe648   _IQ26mpyRndSatTable
003fe63c   _IQ27mpyRndSatTable
003fe630   _IQ28mpyRndSatTable
003fe624   _IQ29mpyRndSatTable
003fe768   _IQ2mpyRndSatTable
003fe618   _IQ30mpyRndSatTable
003fe75c   _IQ3mpyRndSatTable
003fe750   _IQ4mpyRndSatTable
003fe744   _IQ5mpyRndSatTable
003fe738   _IQ6mpyRndSatTable
003fe72c   _IQ7mpyRndSatTable
003fe720   _IQ8mpyRndSatTable
003fe714   _IQ9mpyRndSatTable
003fe454   _IQatan2HalfPITable
003fe492   _IQatan2Table
003fe618   _IQatan2TableEnd
003fdd30   _IQcosTable
003fe132   _IQcosTableEnd
003fe132   _IQdivRoundSatTable
003fe140   _IQdivTable
003fe342   _IQdivTableEnd
003fe342   _IQisqrtRoundSatTable
003fe352   _IQisqrtTable
003fe454   _IQisqrtTableEnd
003fe618   _IQmpyRndSatTable
003fe780   _IQmpyRndSatTableEnd
003fdc30   _IQsinTable
003fe030   _IQsinTableEnd
003fe342   _IQsqrtRoundSatTable
003fe352   _IQsqrtTable
003fe454   _IQsqrtTableEnd
00008c1c   _Iq_Max_pu
003f2ab4   _OFFSET_getBeta
003f2aa3   _OFFSET_init
003f2a8d   _OFFSET_setBeta
003f2a7e   _OFFSET_setInitCond
003f2a7c   _OFFSET_setOffset
003f2b4b   _OSC_init
003f2b3e   _OSC_setCoarseTrim
003f2b2d   _OSC_setFineTrim
003f2b24   _OSC_setTrim
003f2421   _PIE_clearAllFlags
003f241e   _PIE_clearAllInts
003f241b   _PIE_disable
003f240f   _PIE_disableAllInts
003f240b   _PIE_disableCaptureInt
003f2402   _PIE_disableExtInt
003f23f7   _PIE_disableInt
003f23f4   _PIE_enable
003f23d9   _PIE_enableAdcInt
003f23d5   _PIE_enableCaptureInt
003f23b7   _PIE_enableExtInt
003f23ad   _PIE_enableInt
003f23a8   _PIE_enablePwmInt
003f23a3   _PIE_enablePwmTzInt
003f23a0   _PIE_enableTimer0Int
003f2396   _PIE_forceInt
003f238e   _PIE_getExtIntCount
003f2386   _PIE_getIntEnables
003f237e   _PIE_getIntFlags
003f2cb0   _PIE_illegalIsr
003f2377   _PIE_init
003f2368   _PIE_registerPieIntHandler
003f235d   _PIE_registerSystemIntHandler
003f2351   _PIE_setDefaultIntVectorTable
003f2341   _PIE_setExtIntPolarity
003f2330   _PIE_unregisterPieIntHandler
003f2323   _PIE_unregisterSystemIntHandler
003f28f9   _PLL_disable
003f28f3   _PLL_disableClkDetect
003f28ed   _PLL_disableNormRdy
003f28e7   _PLL_disableOsc
003f28e1   _PLL_enable
003f28db   _PLL_enableClkDetect
003f28d5   _PLL_enableNormRdy
003f28cf   _PLL_enableOsc
003f28cb   _PLL_getClkFreq
003f28c8   _PLL_getClkStatus
003f28c5   _PLL_getDivideSelect
003f28c2   _PLL_getLockStatus
003f28bc   _PLL_init
003f28b6   _PLL_resetClkDetect
003f28b0   _PLL_setClkFreq
003f28a9   _PLL_setDivideSelect
003f28a4   _PLL_setLockPeriod
003f1b42   _PWM_clearTripZone
003f1b3f   _PWM_decrementDeadBandFallingEdgeDelay
003f1b3c   _PWM_decrementDeadBandRisingEdgeDelay
003f1b35   _PWM_disableAutoConvert
003f1b31   _PWM_disableChopping
003f1b2e   _PWM_disableCounterLoad
003f1b2b   _PWM_disableDeadBand
003f1b27   _PWM_disableDeadBandHalfCycle
003f1b20   _PWM_disableDigitalCompareBlankingWindow
003f1b19   _PWM_disableDigitalCompareBlankingWindowInversion
003f1b12   _PWM_disableHrPeriod
003f1b0b   _PWM_disableHrPhaseSync
003f1b07   _PWM_disableInt
003f1b03   _PWM_disableSocAPulse
003f1aff   _PWM_disableSocBPulse
003f1af8   _PWM_disableTripZoneInt
003f1af1   _PWM_disableTripZoneSrc
003f1aeb   _PWM_disableTripZones
003f1ae4   _PWM_enableAutoConvert
003f1ae0   _PWM_enableChopping
003f1add   _PWM_enableCounterLoad
003f1ad9   _PWM_enableDeadBandHalfCycle
003f1ad2   _PWM_enableDigitalCompareBlankingWindow
003f1acb   _PWM_enableDigitalCompareBlankingWindowInversion
003f1ac4   _PWM_enableHrPeriod
003f1abd   _PWM_enableHrPhaseSync
003f1ab9   _PWM_enableInt
003f1ab5   _PWM_enableSocAPulse
003f1ab1   _PWM_enableSocBPulse
003f1aab   _PWM_enableTripZoneInt
003f1aa5   _PWM_enableTripZoneSrc
003f1aa2   _PWM_getDeadBandFallingEdgeDelay
003f1a9f   _PWM_getDeadBandRisingEdgeDelay
003f1a9b   _PWM_getIntCount
003f1a97   _PWM_getShadowStatus_CmpA
003f1a93   _PWM_getShadowStatus_CmpB
003f1a8e   _PWM_getSocACount
003f1a89   _PWM_getSocBCount
003f1a86   _PWM_incrementDeadBandFallingEdgeDelay
003f1a83   _PWM_incrementDeadBandRisingEdgeDelay
003f1a7d   _PWM_init
003f1a76   _PWM_setActionQualContSWForce_PwmA
003f1a6d   _PWM_setActionQualContSWForce_PwmB
003f1a64   _PWM_setActionQual_CntDown_CmpA_PwmA
003f1a5b   _PWM_setActionQual_CntDown_CmpA_PwmB
003f1a52   _PWM_setActionQual_CntDown_CmpB_PwmA
003f1a49   _PWM_setActionQual_CntDown_CmpB_PwmB
003f1a40   _PWM_setActionQual_CntUp_CmpA_PwmA
003f1a37   _PWM_setActionQual_CntUp_CmpA_PwmB
003f1a2e   _PWM_setActionQual_CntUp_CmpB_PwmA
003f1a25   _PWM_setActionQual_CntUp_CmpB_PwmB
003f1a1c   _PWM_setActionQual_Period_PwmA
003f1a13   _PWM_setActionQual_Period_PwmB
003f1a0c   _PWM_setActionQual_Zero_PwmA
003f1a05   _PWM_setActionQual_Zero_PwmB
003f19fe   _PWM_setChoppingClkFreq
003f19f7   _PWM_setChoppingDutyCycle
003f19f0   _PWM_setChoppingPulseWidth
003f19ec   _PWM_setClkDiv
003f19ea   _PWM_setCount
003f19e6   _PWM_setCounterMode
003f19e3   _PWM_setDeadBandFallingEdgeDelay
003f19dc   _PWM_setDeadBandInputMode
003f19d5   _PWM_setDeadBandOutputMode
003f19ce   _PWM_setDeadBandPolarity
003f19cb   _PWM_setDeadBandRisingEdgeDelay
003f19b4   _PWM_setDigitalCompareAEvent1
003f19a4   _PWM_setDigitalCompareAEvent2
003f198d   _PWM_setDigitalCompareBEvent1
003f197d   _PWM_setDigitalCompareBEvent2
003f1971   _PWM_setDigitalCompareBlankingPulse
003f196e   _PWM_setDigitalCompareFilterOffset
003f1964   _PWM_setDigitalCompareFilterSource
003f1961   _PWM_setDigitalCompareFilterWindow
003f1952   _PWM_setDigitalCompareInput
003f194e   _PWM_setHighSpeedClkDiv
003f1944   _PWM_setHrControlMode
003f193a   _PWM_setHrEdgeMode
003f1930   _PWM_setHrShadowMode
003f1929   _PWM_setIntMode
003f1922   _PWM_setIntPeriod
003f191e   _PWM_setLoadMode_CmpA
003f1918   _PWM_setLoadMode_CmpB
003f1916   _PWM_setPeriod
003f1911   _PWM_setPeriodHr
003f190d   _PWM_setPeriodLoad
003f190b   _PWM_setPhase
003f1907   _PWM_setPhaseDir
003f1903   _PWM_setRunMode
003f18fd   _PWM_setShadowMode_CmpA
003f18f7   _PWM_setShadowMode_CmpB
003f18ee   _PWM_setSocAPeriod
003f18e5   _PWM_setSocAPulseSrc
003f18dc   _PWM_setSocBPeriod
003f18d3   _PWM_setSocBPulseSrc
003f18d0   _PWM_setSwSync
003f18cc   _PWM_setSyncMode
003f18c2   _PWM_setTripZoneDCEventSelect_DCAEVT1
003f18b6   _PWM_setTripZoneDCEventSelect_DCAEVT2
003f18aa   _PWM_setTripZoneDCEventSelect_DCBEVT1
003f189e   _PWM_setTripZoneDCEventSelect_DCBEVT2
003f1892   _PWM_setTripZoneState_DCAEVT1
003f1886   _PWM_setTripZoneState_DCAEVT2
003f187a   _PWM_setTripZoneState_DCBEVT1
003f186e   _PWM_setTripZoneState_DCBEVT2
003f1864   _PWM_setTripZoneState_TZA
003f1858   _PWM_setTripZoneState_TZB
003f29ed   _PWR_disableBrownOutReset
003f29e2   _PWR_disableWatchDogInt
003f29df   _PWR_enableBrownOutReset
003f29d4   _PWR_enableWatchDogInt
003f29cd   _PWR_init
003f29bb   _PWR_setLowPowerMode
003f29a9   _PWR_setNumStandByClocks
003e8758   _RamfuncsLoadEnd
003e8000   _RamfuncsLoadStart
00008000   _RamfuncsRunStart
003f252d   _SCI_RX_ISR
003f2529   _SCI_clearAutoBaudDetect
003f2525   _SCI_clearRxFifoInt
003f2521   _SCI_clearRxFifoOvf
003f251d   _SCI_clearTxFifoInt
003f251a   _SCI_disable
003f2516   _SCI_disableAutoBaudAlign
003f2513   _SCI_disableLoopBack
003f2510   _SCI_disableParity
003f250d   _SCI_disableRx
003f250a   _SCI_disableRxErrorInt
003f2506   _SCI_disableRxFifoInt
003f2503   _SCI_disableRxInt
003f2500   _SCI_disableSleep
003f24fd   _SCI_disableTx
003f24f9   _SCI_disableTxFifoEnh
003f24f5   _SCI_disableTxFifoInt
003f24f2   _SCI_disableTxInt
003f24ef   _SCI_disableTxWake
003f24ec   _SCI_enable
003f24e8   _SCI_enableAutoBaudAlign
003f24e4   _SCI_enableChannels
003f24e1   _SCI_enableLoopBack
003f24de   _SCI_enableParity
003f24db   _SCI_enableRx
003f24d8   _SCI_enableRxErrorInt
003f24d4   _SCI_enableRxFifo
003f24d0   _SCI_enableRxFifoInt
003f24cd   _SCI_enableRxInt
003f24ca   _SCI_enableSleep
003f24c7   _SCI_enableTx
003f24c3   _SCI_enableTxFifo
003f24bf   _SCI_enableTxFifoEnh
003f24bb   _SCI_enableTxFifoInt
003f24b8   _SCI_enableTxInt
003f24b5   _SCI_enableTxWake
003f24b1   _SCI_getDataBlocking
003f24a8   _SCI_getDataNonBlocking
003f24a4   _SCI_getRxFifoStatus
003f242d   _SCI_getTxFifoStatus
003f249e   _SCI_init
003f2499   _SCI_putDataBlocking
003f2490   _SCI_putDataNonBlocking
003f248d   _SCI_reset
003f2483   _SCI_resetChannels
003f2479   _SCI_resetRxFifo
003f246f   _SCI_resetTxFifo
003f2469   _SCI_setBaudRate
003f2465   _SCI_setCharLength
003f2461   _SCI_setMode
003f245d   _SCI_setNumStopBits
003f2459   _SCI_setParity
003f2456   _SCI_setPriority
003f244f   _SCI_setRxFifoIntLevel
003f2448   _SCI_setTxDelay
003f2441   _SCI_setTxFifoIntLevel
003f2431   _SCI_write_char
003f243a   _SCI_write_str
003f26cc   _SPI_clearRxFifoInt
003f26c8   _SPI_clearRxFifoOvf
003f26c4   _SPI_clearTxFifoInt
003f26c1   _SPI_disableInt
003f26be   _SPI_disableLoopBack
003f26bb   _SPI_disableOverRunInt
003f26b7   _SPI_disableRxFifoInt
003f26b4   _SPI_disableTx
003f26b0   _SPI_disableTxFifoEnh
003f26ac   _SPI_disableTxFifoInt
003f26a9   _SPI_enable
003f26a5   _SPI_enableChannels
003f26a2   _SPI_enableInt
003f269f   _SPI_enableLoopBack
003f269c   _SPI_enableOverRunInt
003f2698   _SPI_enableRxFifo
003f2694   _SPI_enableRxFifoInt
003f2691   _SPI_enableTx
003f268d   _SPI_enableTxFifo
003f2689   _SPI_enableTxFifoEnh
003f2685   _SPI_enableTxFifoInt
003f2682   _SPI_getIntFlagStatus
003f267e   _SPI_getRxFifoStatus
003f267b   _SPI_getTxBufferStatus
003f2677   _SPI_getTxFifoStatus
003f2671   _SPI_init
003f266e   _SPI_reset
003f266a   _SPI_resetChannels
003f2666   _SPI_resetRxFifo
003f2662   _SPI_resetTxFifo
003f2660   _SPI_setBaudRate
003f265c   _SPI_setCharLength
003f265a   _SPI_setClkPhase
003f2656   _SPI_setClkPolarity
003f2654   _SPI_setMode
003f264d   _SPI_setPriority
003f2646   _SPI_setRxFifoIntLevel
003f263f   _SPI_setSteInv
003f2638   _SPI_setSuspend
003f2631   _SPI_setTriWire
003f262e   _SPI_setTxDelay
003f2627   _SPI_setTxFifoIntLevel
00008c18   _STA
00008c1e   _STO
003f2af0   _TIMER_clearFlag
003f2aed   _TIMER_disableInt
003f2aea   _TIMER_enableInt
003f2ae7   _TIMER_getStatus
003f2ae1   _TIMER_init
003f2ad3   _TIMER_setDecimationFactor
003f2acf   _TIMER_setEmulationMode
003f2ac1   _TIMER_setPreScaler
003f0fa3   _USER_calcPIgains
003f0f9f   _USER_checkForErrors
003f0f91   _USER_computeFlux
003f0f50   _USER_computeFlux_pu_to_VpHz_sf
003f0f0f   _USER_computeFlux_pu_to_Wb_sf
003f0ece   _USER_computeTorque_Flux_Iq_pu_to_Nm_sf
003f0e8f   _USER_computeTorque_Ls_Id_Iq_pu_to_Nm_sf
003f0e30   _USER_computeTorque_Nm
003f0dc5   _USER_computeTorque_lbin
003f0dc2   _USER_getErrorCode
003f0dbf   _USER_setErrorCode
003f0b8c   _USER_setParams
003f0af6   _USER_softwareUpdate1p6
003f2a74   _WDOG_clearCounter
003f2a6c   _WDOG_disable
003f2a66   _WDOG_disableInt
003f2a60   _WDOG_disableOverRide
003f2a57   _WDOG_enable
003f2a51   _WDOG_enableInt
003f2a4b   _WDOG_enableOverRide
003f2a48   _WDOG_getIntStatus
003f2a42   _WDOG_init
003f2a40   _WDOG_setCount
003f2a36   _WDOG_setPreScaler
00008c05   _Wrten
003f2df9   __IQ24cosPU
003f2dd0   __IQ24sinPU
003f2d8e   __IQ24sqrt
003f2e20   __IQ30toF
00000400   __STACK_END
000003b0   __STACK_SIZE
00000001   __TI_args_main
00008db0   ___TI_cleanup_ptr
00008db2   ___TI_dtors_ptr
ffffffff   ___binit__
ffffffff   ___c_args__
003f2cd1   ___cinit__
003f2cd1   ___etext__
ffffffff   ___pinit__
003f0000   ___text__
003f2c56   __args_main
00008dae   __lock
003f2959   __log
003f2cc2   __nop
003f2cbe   __register_lock
003f2cba   __register_unlock
00000050   __stack
00008dac   __unlock
003f2c6f   _abort
003f29f0   _c_int00
00008c0a   _controller_obj
00008db6   _cpu
00008c0c   _ctrlHandle
00008c22   _data
00008db7   _errno
003f2c71   _exit
003f27db   _exp
003f2c88   _frexp
00008c40   _fw
00008c10   _fwHandle
00008c2c   _gAdcData
00008c02   _gBuzzcnt
00008c06   _gCounter_updateGlobals
00008c54   _gDrvSpi8301Vars
00008c14   _gFlux_pu_to_VpHz_sf
00008c12   _gFlux_pu_to_Wb_sf
00008c00   _gLEDcnt
00008c0e   _gMaxCurrentSlope
00008c80   _gMotorVars
00008c26   _gPwmData
00008c16   _gTorque_Flux_Iq_pu_to_Nm_sf
00008c20   _gTorque_Ls_Id_Iq_pu_to_Nm_sf
00008d00   _gUserParams
00008dc0   _hal
00008c08   _halHandle
00008c04   _i
003f2af3   _ldexp
003f2843   _log
00008c1a   _m
003f15c7   _main
00008576   _mainISR
003f2c9e   _memCopy
003f2c3c   _modf
00008c03   _n
003f28ff   _pow
003f2b9c   _sqrt
003f1502   _updateGlobalVariables_motor
003f14df   _updateKpKiGains
00008754   _usDelay
ffffffff   binit
003f2cd1   cinit
003f7ff6   code_start
003f2cd1   etext
ffffffff   pinit


GLOBAL SYMBOLS: SORTED BY Symbol Address 

address    name
--------   ----
00000001   __TI_args_main
00000050   __stack
000003b0   __STACK_SIZE
00000400   __STACK_END
00008000   _CTRL_setup
00008000   _RamfuncsRunStart
0000800a   _CTRL_run
00008576   _mainISR
000086fe   _FLASH_setStandbyWaitCount
00008703   _FLASH_setPowerMode
0000870a   _FLASH_setOtpWaitStates
00008711   _FLASH_setNumRandomReadWaitStates
00008718   _FLASH_setNumPagedReadWaitStates
0000871f   _FLASH_setActiveWaitCount
00008724   _FLASH_enablePipelineMode
0000872a   _FLASH_disablePipelineMode
00008730   _HAL_setupFlash
00008754   _usDelay
00008c00   _gLEDcnt
00008c01   _Flag_Latch_softwareUpdate
00008c02   _gBuzzcnt
00008c03   _n
00008c04   _i
00008c05   _Wrten
00008c06   _gCounter_updateGlobals
00008c08   _halHandle
00008c0a   _controller_obj
00008c0c   _ctrlHandle
00008c0e   _gMaxCurrentSlope
00008c10   _fwHandle
00008c12   _gFlux_pu_to_Wb_sf
00008c14   _gFlux_pu_to_VpHz_sf
00008c16   _gTorque_Flux_Iq_pu_to_Nm_sf
00008c18   _STA
00008c1a   _m
00008c1c   _Iq_Max_pu
00008c1e   _STO
00008c20   _gTorque_Ls_Id_Iq_pu_to_Nm_sf
00008c22   _data
00008c26   _gPwmData
00008c2c   _gAdcData
00008c40   _fw
00008c54   _gDrvSpi8301Vars
00008c80   _gMotorVars
00008d00   _gUserParams
00008dac   __unlock
00008dae   __lock
00008db0   ___TI_cleanup_ptr
00008db2   ___TI_dtors_ptr
00008db6   _cpu
00008db7   _errno
00008dc0   _hal
003e8000   _RamfuncsLoadStart
003e8758   _RamfuncsLoadEnd
003f0000   .text
003f0000   _HAL_writeDrvData
003f0000   ___text__
003f0005   _HAL_setupTimers
003f003f   _HAL_setupSpiB
003f0075   _HAL_setupSpiA
003f00bb   _HAL_setupSCI
003f0106   _HAL_setupPwms
003f01d5   _HAL_setupPwmDacs
003f0260   _HAL_setupPll
003f029e   _HAL_setupPie
003f02ba   _HAL_setupPeripheralClks
003f0307   _HAL_setupGpios
003f04ac   _HAL_setupGate
003f04c1   _HAL_setupFaults
003f04e0   _HAL_setupDrvSpi
003f04e5   _HAL_setupClks
003f0501   _HAL_setupAdcs
003f05b9   _HAL_AdcCalChanSelect
003f0610   _HAL_AdcCalConversion
003f0776   _HAL_AdcOffsetSelfCal
003f07a9   _HAL_getOscTrimValue
003f07bd   _HAL_osc1Comp
003f07fe   _HAL_osc2Comp
003f083f   _HAL_OscTempComp
003f0892   _HAL_cal
003f08a9   _HAL_setParams
003f09c4   _HAL_readDrvData
003f09c9   _HAL_disableWdog
003f09ce   _HAL_init
003f0ab2   _HAL_enableTimer0Int
003f0ac2   _HAL_enablePwmInt
003f0ad3   _HAL_enableGlobalInts
003f0ad7   _HAL_enableDrv
003f0adc   _HAL_enableDebugInt
003f0ae0   _HAL_enableAdcInts
003f0af2   _HAL_disableGlobalInts
003f0af6   _USER_softwareUpdate1p6
003f0b8c   _USER_setParams
003f0dbf   _USER_setErrorCode
003f0dc2   _USER_getErrorCode
003f0dc5   _USER_computeTorque_lbin
003f0e30   _USER_computeTorque_Nm
003f0e8f   _USER_computeTorque_Ls_Id_Iq_pu_to_Nm_sf
003f0ece   _USER_computeTorque_Flux_Iq_pu_to_Nm_sf
003f0f0f   _USER_computeFlux_pu_to_Wb_sf
003f0f50   _USER_computeFlux_pu_to_VpHz_sf
003f0f91   _USER_computeFlux
003f0f9f   _USER_checkForErrors
003f0fa3   _USER_calcPIgains
003f1054   _CTRL_updateState
003f1105   _CTRL_setup_user
003f1184   _CTRL_setupClarke_V
003f119b   _CTRL_setupClarke_I
003f11b8   _CTRL_setWaitTimes
003f11c1   _CTRL_setSpd_ref_pu
003f11c4   _CTRL_setSpd_ref_krpm
003f11d7   _CTRL_setGains
003f1201   _CTRL_setParams
003f1460   _CTRL_getWaitTimes
003f1469   _CTRL_getVdq_out_pu
003f1471   _CTRL_getVab_out_pu
003f1479   _CTRL_getVab_in_pu
003f1481   _CTRL_getIdq_ref_pu
003f1489   _CTRL_getIdq_in_pu
003f1491   _CTRL_getIab_in_pu
003f1499   _CTRL_getIab_filt_pu
003f14a1   _CTRL_getGains
003f14d3   _CTRL_setMagCurrent_pu
003f14d6   _CTRL_setMaximumSpeed_pu
003f14d9   _CTRL_getMaximumSpeed_pu
003f14dc   _CTRL_getMagCurrent_pu
003f14df   _updateKpKiGains
003f1502   _updateGlobalVariables_motor
003f15c7   _main
003f1858   _PWM_setTripZoneState_TZB
003f1864   _PWM_setTripZoneState_TZA
003f186e   _PWM_setTripZoneState_DCBEVT2
003f187a   _PWM_setTripZoneState_DCBEVT1
003f1886   _PWM_setTripZoneState_DCAEVT2
003f1892   _PWM_setTripZoneState_DCAEVT1
003f189e   _PWM_setTripZoneDCEventSelect_DCBEVT2
003f18aa   _PWM_setTripZoneDCEventSelect_DCBEVT1
003f18b6   _PWM_setTripZoneDCEventSelect_DCAEVT2
003f18c2   _PWM_setTripZoneDCEventSelect_DCAEVT1
003f18cc   _PWM_setSyncMode
003f18d0   _PWM_setSwSync
003f18d3   _PWM_setSocBPulseSrc
003f18dc   _PWM_setSocBPeriod
003f18e5   _PWM_setSocAPulseSrc
003f18ee   _PWM_setSocAPeriod
003f18f7   _PWM_setShadowMode_CmpB
003f18fd   _PWM_setShadowMode_CmpA
003f1903   _PWM_setRunMode
003f1907   _PWM_setPhaseDir
003f190b   _PWM_setPhase
003f190d   _PWM_setPeriodLoad
003f1911   _PWM_setPeriodHr
003f1916   _PWM_setPeriod
003f1918   _PWM_setLoadMode_CmpB
003f191e   _PWM_setLoadMode_CmpA
003f1922   _PWM_setIntPeriod
003f1929   _PWM_setIntMode
003f1930   _PWM_setHrShadowMode
003f193a   _PWM_setHrEdgeMode
003f1944   _PWM_setHrControlMode
003f194e   _PWM_setHighSpeedClkDiv
003f1952   _PWM_setDigitalCompareInput
003f1961   _PWM_setDigitalCompareFilterWindow
003f1964   _PWM_setDigitalCompareFilterSource
003f196e   _PWM_setDigitalCompareFilterOffset
003f1971   _PWM_setDigitalCompareBlankingPulse
003f197d   _PWM_setDigitalCompareBEvent2
003f198d   _PWM_setDigitalCompareBEvent1
003f19a4   _PWM_setDigitalCompareAEvent2
003f19b4   _PWM_setDigitalCompareAEvent1
003f19cb   _PWM_setDeadBandRisingEdgeDelay
003f19ce   _PWM_setDeadBandPolarity
003f19d5   _PWM_setDeadBandOutputMode
003f19dc   _PWM_setDeadBandInputMode
003f19e3   _PWM_setDeadBandFallingEdgeDelay
003f19e6   _PWM_setCounterMode
003f19ea   _PWM_setCount
003f19ec   _PWM_setClkDiv
003f19f0   _PWM_setChoppingPulseWidth
003f19f7   _PWM_setChoppingDutyCycle
003f19fe   _PWM_setChoppingClkFreq
003f1a05   _PWM_setActionQual_Zero_PwmB
003f1a0c   _PWM_setActionQual_Zero_PwmA
003f1a13   _PWM_setActionQual_Period_PwmB
003f1a1c   _PWM_setActionQual_Period_PwmA
003f1a25   _PWM_setActionQual_CntUp_CmpB_PwmB
003f1a2e   _PWM_setActionQual_CntUp_CmpB_PwmA
003f1a37   _PWM_setActionQual_CntUp_CmpA_PwmB
003f1a40   _PWM_setActionQual_CntUp_CmpA_PwmA
003f1a49   _PWM_setActionQual_CntDown_CmpB_PwmB
003f1a52   _PWM_setActionQual_CntDown_CmpB_PwmA
003f1a5b   _PWM_setActionQual_CntDown_CmpA_PwmB
003f1a64   _PWM_setActionQual_CntDown_CmpA_PwmA
003f1a6d   _PWM_setActionQualContSWForce_PwmB
003f1a76   _PWM_setActionQualContSWForce_PwmA
003f1a7d   _PWM_init
003f1a83   _PWM_incrementDeadBandRisingEdgeDelay
003f1a86   _PWM_incrementDeadBandFallingEdgeDelay
003f1a89   _PWM_getSocBCount
003f1a8e   _PWM_getSocACount
003f1a93   _PWM_getShadowStatus_CmpB
003f1a97   _PWM_getShadowStatus_CmpA
003f1a9b   _PWM_getIntCount
003f1a9f   _PWM_getDeadBandRisingEdgeDelay
003f1aa2   _PWM_getDeadBandFallingEdgeDelay
003f1aa5   _PWM_enableTripZoneSrc
003f1aab   _PWM_enableTripZoneInt
003f1ab1   _PWM_enableSocBPulse
003f1ab5   _PWM_enableSocAPulse
003f1ab9   _PWM_enableInt
003f1abd   _PWM_enableHrPhaseSync
003f1ac4   _PWM_enableHrPeriod
003f1acb   _PWM_enableDigitalCompareBlankingWindowInversion
003f1ad2   _PWM_enableDigitalCompareBlankingWindow
003f1ad9   _PWM_enableDeadBandHalfCycle
003f1add   _PWM_enableCounterLoad
003f1ae0   _PWM_enableChopping
003f1ae4   _PWM_enableAutoConvert
003f1aeb   _PWM_disableTripZones
003f1af1   _PWM_disableTripZoneSrc
003f1af8   _PWM_disableTripZoneInt
003f1aff   _PWM_disableSocBPulse
003f1b03   _PWM_disableSocAPulse
003f1b07   _PWM_disableInt
003f1b0b   _PWM_disableHrPhaseSync
003f1b12   _PWM_disableHrPeriod
003f1b19   _PWM_disableDigitalCompareBlankingWindowInversion
003f1b20   _PWM_disableDigitalCompareBlankingWindow
003f1b27   _PWM_disableDeadBandHalfCycle
003f1b2b   _PWM_disableDeadBand
003f1b2e   _PWM_disableCounterLoad
003f1b31   _PWM_disableChopping
003f1b35   _PWM_disableAutoConvert
003f1b3c   _PWM_decrementDeadBandRisingEdgeDelay
003f1b3f   _PWM_decrementDeadBandFallingEdgeDelay
003f1b42   _PWM_clearTripZone
003f1b48   _DRV8301_writeSpi
003f1b5f   _DRV8301_writeData
003f1b88   _DRV8301_readSpi
003f1bc0   _DRV8301_setupSpi
003f1c3e   _DRV8301_setSpiHandle
003f1c40   _DRV8301_setShuntAmpGain
003f1c54   _DRV8301_setPwmMode
003f1c68   _DRV8301_setPeakCurrent
003f1c7c   _DRV8301_setOcTwMode
003f1c90   _DRV8301_setOcOffTimeMode
003f1ca4   _DRV8301_setOcMode
003f1cb8   _DRV8301_setOcLevel
003f1ccc   _DRV8301_setGpioNumber
003f1cce   _DRV8301_setGpioHandle
003f1cd0   _DRV8301_setDcCalMode
003f1cef   _DRV8301_reset
003f1cfe   _DRV8301_readData
003f1d69   _DRV8301_isReset
003f1d70   _DRV8301_isFault
003f1d76   _DRV8301_init
003f1d7f   _DRV8301_getShuntAmpGain
003f1d86   _DRV8301_getPwmMode
003f1d8d   _DRV8301_getPeakCurrent
003f1d94   _DRV8301_getOcTwMode
003f1d9b   _DRV8301_getOcOffTimeMode
003f1da2   _DRV8301_getOcMode
003f1da9   _DRV8301_getOcLevel
003f1db0   _DRV8301_getId
003f1db6   _DRV8301_getFaultType
003f1dd1   _DRV8301_getDcCalMode
003f1de3   _DRV8301_enable
003f1e05   _ADC_setupSocTrigSrc
003f1e35   _ADC_setVoltRefSrc
003f1e47   _ADC_setTempSensorSrc
003f1e59   _ADC_setSocTrigSrc
003f1e6c   _ADC_setSocSampleDelay
003f1e7f   _ADC_setSocFrcWord
003f1e86   _ADC_setSocFrc
003f1e90   _ADC_setSocChanNumber
003f1ea3   _ADC_setSampleOverlapMode
003f1eb8   _ADC_setSampleMode
003f1ed0   _ADC_setOffTrim
003f1ed7   _ADC_setIntSrc
003f1ef4   _ADC_setIntPulseGenMode
003f1f06   _ADC_setIntMode
003f1f23   _ADC_setDivideSelect
003f1f35   _ADC_reset
003f1f40   _ADC_powerUp
003f1f4b   _ADC_powerDown
003f1f56   _ADC_init
003f1f5d   _ADC_getDivideSelect
003f1f65   _ADC_enableVoltRefLoConv
003f1f70   _ADC_enableRefBuffers
003f1f7b   _ADC_enableNoOverlapMode
003f1f86   _ADC_enableInt
003f1f9d   _ADC_enableBandGap
003f1fa8   _ADC_enable
003f1fb3   _ADC_disableVoltRefLoConv
003f1fbe   _ADC_disableRefBuffers
003f1fc9   _ADC_disableNoOverlapMode
003f1fd4   _ADC_disableInt
003f1fef   _ADC_disableBandGap
003f1ffa   _ADC_disable
003f2005   _GPIO_toggle
003f2018   _GPIO_setQualificationPeriod
003f205f   _GPIO_setQualification
003f209f   _GPIO_setPullup
003f20ba   _GPIO_setPortData
003f20c5   _GPIO_setMode
003f20ff   _GPIO_setLow
003f2112   _GPIO_setHigh
003f2125   _GPIO_setExtInt
003f2131   _GPIO_setDirection
003f214c   _GPIO_read
003f2172   _GPIO_lpmSelect
003f217c   _GPIO_init
003f2182   _GPIO_getPortData
003f2189   _GPIO_getData
003f2199   _CLK_setXClkInSrc
003f21a0   _CLK_setWatchDogSrc
003f21a7   _CLK_setTimer2Src
003f21ae   _CLK_setTimer2PreScale
003f21b5   _CLK_setOscSrc
003f21bc   _CLK_setOsc2Src
003f21c3   _CLK_setLowSpdPreScaler
003f21c9   _CLK_setClkOutPreScaler
003f21d0   _CLK_init
003f21d6   _CLK_enableWatchDogHaltMode
003f21dc   _CLK_enableTbClockSync
003f21e3   _CLK_enableSpibClock
003f21ea   _CLK_enableSpiaClock
003f21f1   _CLK_enableScibClock
003f21f8   _CLK_enableSciaClock
003f21ff   _CLK_enablePwmClock
003f2208   _CLK_enableOsc2HaltMode
003f220e   _CLK_enableOsc2
003f2214   _CLK_enableOsc1HaltMode
003f221a   _CLK_enableOsc1
003f2220   _CLK_enableLinAClock
003f2227   _CLK_enableI2cClock
003f222e   _CLK_enableHrPwmClock
003f2235   _CLK_enableGpioInputClock
003f223c   _CLK_enableEqep2Clock
003f2243   _CLK_enableEqep1Clock
003f224a   _CLK_enableEcap1Clock
003f2251   _CLK_enableEcanaClock
003f2258   _CLK_enableCrystalOsc
003f225e   _CLK_enableCpuTimerClock
003f2264   _CLK_enableCompClock
003f226a   _CLK_enableClkIn
003f2270   _CLK_enableClaClock
003f2277   _CLK_enableAdcClock
003f227e   _CLK_disableWatchDogHaltMode
003f2284   _CLK_disableTbClockSync
003f228b   _CLK_disableSpibClock
003f228f   _CLK_disableSpiaClock
003f2296   _CLK_disableScibClock
003f229d   _CLK_disableSciaClock
003f22a4   _CLK_disablePwmClock
003f22ae   _CLK_disableOsc2HaltMode
003f22b4   _CLK_disableOsc2
003f22ba   _CLK_disableOsc1HaltMode
003f22c0   _CLK_disableOsc1
003f22c6   _CLK_disableLinAClock
003f22cd   _CLK_disableI2cClock
003f22d4   _CLK_disableHrPwmClock
003f22db   _CLK_disableGpioInputClock
003f22e2   _CLK_disableEqep2Clock
003f22e9   _CLK_disableEqep1Clock
003f22f0   _CLK_disableEcap1Clock
003f22f7   _CLK_disableEcanaClock
003f22fe   _CLK_disableCrystalOsc
003f2304   _CLK_disableCpuTimerClock
003f230b   _CLK_disableCompClock
003f230f   _CLK_disableClkIn
003f2315   _CLK_disableClaClock
003f231c   _CLK_disableAdcClock
003f2323   _PIE_unregisterSystemIntHandler
003f2330   _PIE_unregisterPieIntHandler
003f2341   _PIE_setExtIntPolarity
003f2351   _PIE_setDefaultIntVectorTable
003f235d   _PIE_registerSystemIntHandler
003f2368   _PIE_registerPieIntHandler
003f2377   _PIE_init
003f237e   _PIE_getIntFlags
003f2386   _PIE_getIntEnables
003f238e   _PIE_getExtIntCount
003f2396   _PIE_forceInt
003f23a0   _PIE_enableTimer0Int
003f23a3   _PIE_enablePwmTzInt
003f23a8   _PIE_enablePwmInt
003f23ad   _PIE_enableInt
003f23b7   _PIE_enableExtInt
003f23d5   _PIE_enableCaptureInt
003f23d9   _PIE_enableAdcInt
003f23f4   _PIE_enable
003f23f7   _PIE_disableInt
003f2402   _PIE_disableExtInt
003f240b   _PIE_disableCaptureInt
003f240f   _PIE_disableAllInts
003f241b   _PIE_disable
003f241e   _PIE_clearAllInts
003f2421   _PIE_clearAllFlags
003f242d   _SCI_getTxFifoStatus
003f2431   _SCI_write_char
003f243a   _SCI_write_str
003f2441   _SCI_setTxFifoIntLevel
003f2448   _SCI_setTxDelay
003f244f   _SCI_setRxFifoIntLevel
003f2456   _SCI_setPriority
003f2459   _SCI_setParity
003f245d   _SCI_setNumStopBits
003f2461   _SCI_setMode
003f2465   _SCI_setCharLength
003f2469   _SCI_setBaudRate
003f246f   _SCI_resetTxFifo
003f2479   _SCI_resetRxFifo
003f2483   _SCI_resetChannels
003f248d   _SCI_reset
003f2490   _SCI_putDataNonBlocking
003f2499   _SCI_putDataBlocking
003f249e   _SCI_init
003f24a4   _SCI_getRxFifoStatus
003f24a8   _SCI_getDataNonBlocking
003f24b1   _SCI_getDataBlocking
003f24b5   _SCI_enableTxWake
003f24b8   _SCI_enableTxInt
003f24bb   _SCI_enableTxFifoInt
003f24bf   _SCI_enableTxFifoEnh
003f24c3   _SCI_enableTxFifo
003f24c7   _SCI_enableTx
003f24ca   _SCI_enableSleep
003f24cd   _SCI_enableRxInt
003f24d0   _SCI_enableRxFifoInt
003f24d4   _SCI_enableRxFifo
003f24d8   _SCI_enableRxErrorInt
003f24db   _SCI_enableRx
003f24de   _SCI_enableParity
003f24e1   _SCI_enableLoopBack
003f24e4   _SCI_enableChannels
003f24e8   _SCI_enableAutoBaudAlign
003f24ec   _SCI_enable
003f24ef   _SCI_disableTxWake
003f24f2   _SCI_disableTxInt
003f24f5   _SCI_disableTxFifoInt
003f24f9   _SCI_disableTxFifoEnh
003f24fd   _SCI_disableTx
003f2500   _SCI_disableSleep
003f2503   _SCI_disableRxInt
003f2506   _SCI_disableRxFifoInt
003f250a   _SCI_disableRxErrorInt
003f250d   _SCI_disableRx
003f2510   _SCI_disableParity
003f2513   _SCI_disableLoopBack
003f2516   _SCI_disableAutoBaudAlign
003f251a   _SCI_disable
003f251d   _SCI_clearTxFifoInt
003f2521   _SCI_clearRxFifoOvf
003f2525   _SCI_clearRxFifoInt
003f2529   _SCI_clearAutoBaudDetect
003f252d   _SCI_RX_ISR
003f2627   _SPI_setTxFifoIntLevel
003f262e   _SPI_setTxDelay
003f2631   _SPI_setTriWire
003f2638   _SPI_setSuspend
003f263f   _SPI_setSteInv
003f2646   _SPI_setRxFifoIntLevel
003f264d   _SPI_setPriority
003f2654   _SPI_setMode
003f2656   _SPI_setClkPolarity
003f265a   _SPI_setClkPhase
003f265c   _SPI_setCharLength
003f2660   _SPI_setBaudRate
003f2662   _SPI_resetTxFifo
003f2666   _SPI_resetRxFifo
003f266a   _SPI_resetChannels
003f266e   _SPI_reset
003f2671   _SPI_init
003f2677   _SPI_getTxFifoStatus
003f267b   _SPI_getTxBufferStatus
003f267e   _SPI_getRxFifoStatus
003f2682   _SPI_getIntFlagStatus
003f2685   _SPI_enableTxFifoInt
003f2689   _SPI_enableTxFifoEnh
003f268d   _SPI_enableTxFifo
003f2691   _SPI_enableTx
003f2694   _SPI_enableRxFifoInt
003f2698   _SPI_enableRxFifo
003f269c   _SPI_enableOverRunInt
003f269f   _SPI_enableLoopBack
003f26a2   _SPI_enableInt
003f26a5   _SPI_enableChannels
003f26a9   _SPI_enable
003f26ac   _SPI_disableTxFifoInt
003f26b0   _SPI_disableTxFifoEnh
003f26b4   _SPI_disableTx
003f26b7   _SPI_disableRxFifoInt
003f26bb   _SPI_disableOverRunInt
003f26be   _SPI_disableLoopBack
003f26c1   _SPI_disableInt
003f26c4   _SPI_clearTxFifoInt
003f26c8   _SPI_clearRxFifoOvf
003f26cc   _SPI_clearRxFifoInt
003f26d0   FS$$DIV
003f2758   FD$$MPY
003f27db   _exp
003f2843   _log
003f28a4   _PLL_setLockPeriod
003f28a9   _PLL_setDivideSelect
003f28b0   _PLL_setClkFreq
003f28b6   _PLL_resetClkDetect
003f28bc   _PLL_init
003f28c2   _PLL_getLockStatus
003f28c5   _PLL_getDivideSelect
003f28c8   _PLL_getClkStatus
003f28cb   _PLL_getClkFreq
003f28cf   _PLL_enableOsc
003f28d5   _PLL_enableNormRdy
003f28db   _PLL_enableClkDetect
003f28e1   _PLL_enable
003f28e7   _PLL_disableOsc
003f28ed   _PLL_disableNormRdy
003f28f3   _PLL_disableClkDetect
003f28f9   _PLL_disable
003f28ff   _pow
003f2959   __log
003f29a9   _PWR_setNumStandByClocks
003f29bb   _PWR_setLowPowerMode
003f29cd   _PWR_init
003f29d4   _PWR_enableWatchDogInt
003f29df   _PWR_enableBrownOutReset
003f29e2   _PWR_disableWatchDogInt
003f29ed   _PWR_disableBrownOutReset
003f29f0   _c_int00
003f2a36   _WDOG_setPreScaler
003f2a40   _WDOG_setCount
003f2a42   _WDOG_init
003f2a48   _WDOG_getIntStatus
003f2a4b   _WDOG_enableOverRide
003f2a51   _WDOG_enableInt
003f2a57   _WDOG_enable
003f2a60   _WDOG_disableOverRide
003f2a66   _WDOG_disableInt
003f2a6c   _WDOG_disable
003f2a74   _WDOG_clearCounter
003f2a7c   _OFFSET_setOffset
003f2a7e   _OFFSET_setInitCond
003f2a8d   _OFFSET_setBeta
003f2aa3   _OFFSET_init
003f2ab4   _OFFSET_getBeta
003f2ac1   _TIMER_setPreScaler
003f2acf   _TIMER_setEmulationMode
003f2ad3   _TIMER_setDecimationFactor
003f2ae1   _TIMER_init
003f2ae7   _TIMER_getStatus
003f2aea   _TIMER_enableInt
003f2aed   _TIMER_disableInt
003f2af0   _TIMER_clearFlag
003f2af3   _ldexp
003f2b24   _OSC_setTrim
003f2b2d   _OSC_setFineTrim
003f2b3e   _OSC_setCoarseTrim
003f2b4b   _OSC_init
003f2b51   _CPU_init
003f2b57   _CPU_enableProtectedRegisterWrite
003f2b5a   _CPU_enableInt
003f2b5e   _CPU_enableGlobalInts
003f2b61   _CPU_enableDebugInt
003f2b64   _CPU_disableProtectedRegisterWrite
003f2b67   _CPU_disableInts
003f2b6a   _CPU_disableInt
003f2b6f   _CPU_disableGlobalInts
003f2b72   _CPU_disableDebugInt
003f2b75   _CPU_clearIntFlags
003f2b78   _FILTER_FO_setNumCoeffs
003f2b7c   _FILTER_FO_setInitialConditions
003f2b83   _FILTER_FO_setDenCoeffs
003f2b85   _FILTER_FO_init
003f2b8b   _FILTER_FO_getNumCoeffs
003f2b91   _FILTER_FO_getInitialConditions
003f2b98   _FILTER_FO_getDenCoeffs
003f2b9c   _sqrt
003f2bbf   I$$DIV
003f2bd0   I$$MOD
003f2be1   _FLASH_init
003f2be7   _FLASH_getStandbyWaitStatus
003f2beb   _FLASH_getStandbyWaitCount
003f2bee   _FLASH_getPowerMode
003f2bf1   _FLASH_getActiveWaitStatus
003f2bf5   _FLASH_getActiveWaitCount
003f2bf8   _FLASH_get3VStatus
003f2bfb   _FLASH_clear3VStatus
003f2c01   FD$$TOL
003f2c20   FS$$TOFD
003f2c3c   _modf
003f2c56   __args_main
003f2c6f   C$$EXIT
003f2c6f   _abort
003f2c71   _exit
003f2c88   _frexp
003f2c9e   _memCopy
003f2cb0   _PIE_illegalIsr
003f2cba   __register_unlock
003f2cbe   __register_lock
003f2cc2   __nop
003f2ccb   _FW_init
003f2cd1   ___cinit__
003f2cd1   ___etext__
003f2cd1   cinit
003f2cd1   etext
003f2d8e   __IQ24sqrt
003f2dd0   __IQ24sinPU
003f2df9   __IQ24cosPU
003f2e20   __IQ30toF
003f7ff6   code_start
003f861b   _EST_getState
003f861d   _EST_useZeroIq_ref
003f8679   _EST_isMotorIdentified
003f8713   _EST_updateState
003f89f5   _EST_updateId_ref_pu
003f8a18   _EST_setRs_pu
003f8adb   _EST_setMaxCurrentSlope_pu
003f8ae7   _EST_setLs_q_pu
003f8af1   _EST_setLs_qFmt
003f8b45   _EST_setLs_d_pu
003f8b63   _EST_setIq_ref_pu
003f8b67   _EST_setIdle_all
003f8b7a   _EST_setIdle
003f8b80   _EST_setId_ref_pu
003f8bd3   _EST_setFlag_enableRsRecalc
003f8bdb   _EST_setFlag_enableForceAngle
003f8c0d   _EST_getAngle_pu
003f927b   _EST_run
003f9378   _EST_isOnLine
003f937f   _EST_isLockRotor
003f9386   _EST_isIdle
003f938d   _EST_isError
003f9453   _EST_get_pu_to_krpm_sf
003f9458   _EST_get_krpm_to_pu_sf
003f94c6   _EST_getSpeed_krpm
003f9513   _EST_getRs_Ohm
003f95ad   _EST_getRr_Ohm
003f95b3   _EST_getOneOverDcBus_pu
003f95bd   _EST_getMaxCurrentSlope_pu
003f95c9   _EST_getLs_q_pu
003f95ce   _EST_getLs_q_H
003f95f0   _EST_getLs_d_pu
003f95f5   _EST_getLs_d_H
003f95ff   _EST_getLs_coarse_max_pu
003f9632   _EST_getIdRated
003f968e   _EST_getFm_pu
003f96ab   _EST_getFlux_pu
003f96be   _EST_getFlux_VpHz
003f9758   _EST_doSpeedCtrl
003f9760   _EST_doCurrentCtrl
003f9806   _CTRL_setupTraj
003f996a   _CTRL_setupEstOnLineState
003f99a5   _CTRL_setupEstIdleState
003f9b43   _CTRL_setupCtrl
003f9d31   _CTRL_setUserMotorParams
003f9e64   _CTRL_setEstParams
003fa5d1   _CTRL_runTraj
003fa6fb   _CTRL_initCtrl
003fa721   _CTRL_getVersion
003fdc30   _IQsinTable
003fdd30   _IQcosTable
003fe030   _IQsinTableEnd
003fe132   _IQcosTableEnd
003fe132   _IQdivRoundSatTable
003fe140   _IQdivTable
003fe342   _IQdivTableEnd
003fe342   _IQisqrtRoundSatTable
003fe342   _IQsqrtRoundSatTable
003fe352   _IQisqrtTable
003fe352   _IQsqrtTable
003fe454   _IQatan2HalfPITable
003fe454   _IQisqrtTableEnd
003fe454   _IQsqrtTableEnd
003fe492   _IQatan2Table
003fe618   _IQ30mpyRndSatTable
003fe618   _IQatan2TableEnd
003fe618   _IQmpyRndSatTable
003fe624   _IQ29mpyRndSatTable
003fe630   _IQ28mpyRndSatTable
003fe63c   _IQ27mpyRndSatTable
003fe648   _IQ26mpyRndSatTable
003fe654   _IQ25mpyRndSatTable
003fe660   _IQ24mpyRndSatTable
003fe66c   _IQ23mpyRndSatTable
003fe678   _IQ22mpyRndSatTable
003fe684   _IQ21mpyRndSatTable
003fe690   _IQ20mpyRndSatTable
003fe69c   _IQ19mpyRndSatTable
003fe6a8   _IQ18mpyRndSatTable
003fe6b4   _IQ17mpyRndSatTable
003fe6c0   _IQ16mpyRndSatTable
003fe6cc   _IQ15mpyRndSatTable
003fe6d8   _IQ14mpyRndSatTable
003fe6e4   _IQ13mpyRndSatTable
003fe6f0   _IQ12mpyRndSatTable
003fe6fc   _IQ11mpyRndSatTable
003fe708   _IQ10mpyRndSatTable
003fe714   _IQ9mpyRndSatTable
003fe720   _IQ8mpyRndSatTable
003fe72c   _IQ7mpyRndSatTable
003fe738   _IQ6mpyRndSatTable
003fe744   _IQ5mpyRndSatTable
003fe750   _IQ4mpyRndSatTable
003fe75c   _IQ3mpyRndSatTable
003fe768   _IQ2mpyRndSatTable
003fe774   _IQ1mpyRndSatTable
003fe780   _IQmpyRndSatTableEnd
ffffffff   ___binit__
ffffffff   ___c_args__
ffffffff   ___pinit__
ffffffff   binit
ffffffff   pinit

[713 symbols]
