******************************************************************************
             TMS320C2000 Linker PC v6.2.7                      
******************************************************************************
>> Linked Thu Aug 04 15:12:02 2016

OUTPUT FILE NAME:   <proj_lab05e.out>
ENTRY POINT SYMBOL: "_c_int00"  address: 0000b329


MEMORY CONFIGURATION

         name            origin    length      used     unused   attr    fill
----------------------  --------  ---------  --------  --------  ----  --------
PAGE 0:
  BEGIN                 00000000   00000002  00000002  00000000  RWIX
  RAMM0                 00000050   000003b0  000000f4  000002bc  RWIX
  RAML0_L8              00008000   0000b800  00003d06  00007afa  RWIX
  FPUTABLES             003fd590   000006a0  00000000  000006a0  RWIX
  IQTABLES              003fdc30   00000b50  00000b50  00000000  RWIX
  IQTABLES2             003fe780   0000008c  00000000  0000008c  RWIX
  IQTABLES3             003fe80c   000000aa  00000000  000000aa  RWIX
  BOOTROM               003ff3b0   00000c10  00000000  00000c10  RWIX
  RESET                 003fffc0   00000002  00000000  00000002  RWIX

PAGE 1:
  BOOT_RSVD             00000002   0000004e  00000000  0000004e  RWIX
  RAMM1                 00000400   00000400  000003b0  00000050  RWIX
  USB_RAM               00040000   00000800  00000000  00000800  RWIX


SECTION ALLOCATION MAP

 output                                  attributes/
section   page    origin      length       input sections
--------  ----  ----------  ----------   ----------------
codestart 
*          0    00000000    00000002     
                  00000000    00000002     CodeStartBranch.obj (codestart)

.pinit     0    00000050    00000000     UNINITIALIZED

.cinit     0    00000050    000000be     
                  00000050    000000a0     proj_lab05e.obj (.cinit)
                  000000f0    0000000a     rts2800_ml.lib : _lock.obj (.cinit)
                  000000fa    0000000a                    : exit.obj (.cinit)
                  00000104    00000004     drv8301.obj (.cinit)
                  00000108    00000004     rts2800_ml.lib : errno.obj (.cinit)
                  0000010c    00000002     --HOLE-- [fill = 0]

ramfuncs   0    0000010e    00000036     
                  0000010e    00000032     flash.obj (ramfuncs)
                  00000140    00000004     usDelay.obj (ramfuncs)

.text      0    00008000    00003792     
                  00008000    00000adb     hal.obj (.text)
                  00008adb    0000095d     ctrl.obj (.text)
                  00009438    0000048a     user.obj (.text)
                  000098c2    0000041b     proj_lab05e.obj (.text)
                  00009cdd    000002f0     pwm.obj (.text)
                  00009fcd    000002b8     drv8301.obj (.text)
                  0000a285    00000238     SpinTAC.lib : spintac_vel_ctl.obj (.text:_STVELCTL_run)
                  0000a4bd    000001fb     adc.obj (.text)
                  0000a6b8    00000193     gpio.obj (.text)
                  0000a84b    0000018a     clk.obj (.text)
                  0000a9d5    0000010e     pie.obj (.text)
                  0000aae3    000000ff     sci.obj (.text)
                  0000abe2    000000ee     proj_lab05e.obj (.text:retain)
                  0000acd0    000000aa     rts2800_ml.lib : log.obj (.text)
                  0000ad7a    000000a9     spi.obj (.text)
                  0000ae23    0000009d     rts2800_ml.lib : exp.obj (.text)
                  0000aec0    0000008d                    : _log.obj (.text)
                  0000af4d    00000087                    : pow.obj (.text)
                  0000afd4    00000083                    : fd_mpy.obj (.text)
                  0000b057    00000083                    : fs_div.obj (.text)
                  0000b0da    00000078                    : fs_add.obj (.text)
                  0000b152    0000005b     pll.obj (.text)
                  0000b1ad    0000005a     rts2800_ml.lib : fs_mpy.obj (.text)
                  0000b207    00000050                    : sqrt.obj (.text)
                  0000b257    00000047     pwr.obj (.text)
                  0000b29e    00000046     wdog.obj (.text)
                  0000b2e4    00000045     offset.obj (.text)
                  0000b329    00000044     rts2800_ml.lib : boot.obj (.text)
                  0000b36d    0000003f                    : ldexp.obj (.text)
                  0000b3ac    00000035     SpinTAC.lib : spintac_pos_conv.obj (.text:_STPOSCONV_init)
                  0000b3e1    00000032     timer.obj (.text)
                  0000b413    00000031     SpinTAC.lib : spintac_version.obj (.text:_ST_initVersion)
                  0000b444    00000031     rts2800_ml.lib : modf.obj (.text)
                  0000b475    0000002d     osc.obj (.text)
                  0000b4a2    0000002b     SpinTAC.lib : spintac_vel_id.obj (.text:_STVELID_init)
                  0000b4cd    0000002b                 : spintac_vel_move.obj (.text:_STVELMOVE_init)
                  0000b4f8    0000002a                 : spintac_vel_ctl.obj (.text:_STVELCTL_init)
                  0000b522    0000002a     rts2800_ml.lib : l_div.obj (.text)
                  0000b54c    00000029                    : fs_tol.obj (.text)
                  0000b575    00000027     cpu.obj (.text)
                  0000b59c    00000026     SpinTAC.lib : spintac_vel_plan.obj (.text:_STVELPLAN_init)
                  0000b5c2    00000025     rts2800_ml.lib : fs_toi.obj (.text)
                  0000b5e7    00000022                    : i_div.obj (.text)
                  0000b609    00000021     filter_fo.obj (.text)
                  0000b62a    00000021     rts2800_ml.lib : fs_toul.obj (.text)
                  0000b64b    00000020     flash.obj (.text)
                  0000b66b    0000001f     rts2800_ml.lib : fd_tol.obj (.text)
                  0000b68a    0000001d                    : fs_tou.obj (.text)
                  0000b6a7    0000001c                    : fs_tofd.obj (.text)
                  0000b6c3    0000001a                    : i_tofs.obj (.text)
                  0000b6dd    0000001a                    : l_tofs.obj (.text)
                  0000b6f7    00000019                    : args_main.obj (.text)
                  0000b710    00000019                    : exit.obj (.text)
                  0000b729    00000017                    : fs_cmp.obj (.text)
                  0000b740    00000014                    : frexp.obj (.text)
                  0000b754    00000013                    : ul_tofs.obj (.text)
                  0000b767    00000010                    : u_tofs.obj (.text)
                  0000b777    00000009                    : _lock.obj (.text)
                  0000b780    00000008     CodeStartBranch.obj (.text)
                  0000b788    00000005     pie.obj (.text:retain)
                  0000b78d    00000005     rts2800_ml.lib : fs_neg.obj (.text)

.ebss      0    0000b792    00000418     UNINITIALIZED
                  0000b792    00000004     rts2800_ml.lib : _lock.obj (.ebss)
                  0000b796    00000004                    : exit.obj (.ebss)
                  0000b79a    00000002     drv8301.obj (.ebss)
                  0000b79c    00000001     cpu.obj (.ebss)
                  0000b79d    00000001     rts2800_ml.lib : errno.obj (.ebss)
                  0000b79e    00000022     --HOLE--
                  0000b7c0    0000031a     proj_lab05e.obj (.ebss)
                  0000bada    00000026     --HOLE--
                  0000bb00    000000aa     hal.obj (.ebss)

IQmath     0    0000bbaa    00000134     
                  0000bbaa    00000047     IQmath.lib : IQ20div.obj (IQmath)
                  0000bbf1    00000047                : IQ24div.obj (IQmath)
                  0000bc38    00000042                : IQ24sqrt.obj (IQmath)
                  0000bc7a    00000029                : IQ24sinPU.obj (IQmath)
                  0000bca3    00000027                : IQ24cosPU.obj (IQmath)
                  0000bcca    00000014                : IQ30toF.obj (IQmath)

.econst    0    0000bcde    00000028     
                  0000bcde    0000001c     ctrl.obj (.econst)
                  0000bcfa    00000008     user.obj (.econst)
                  0000bd02    00000004     hal.obj (.econst)

IQmathTables 
*          0    003fdc30    00000b50     NOLOAD SECTION
                  003fdc30    00000b50     IQmath.lib : IQmathTables.obj (IQmathTables)

.reset     0    003fffc0    00000002     DSECT
                  003fffc0    00000002     rts2800_ml.lib : boot.obj (.reset)

.stack     1    00000400    000003b0     UNINITIALIZED
                  00000400    000003b0     --HOLE--


GLOBAL DATA SYMBOLS: SORTED BY DATA PAGE

address     data page           name
--------    ----------------    ----
00000400      10 (00000400)     __stack

0000b792     2de (0000b780)     __unlock
0000b794     2de (0000b780)     __lock
0000b796     2de (0000b780)     ___TI_cleanup_ptr
0000b798     2de (0000b780)     ___TI_dtors_ptr
0000b79c     2de (0000b780)     _cpu
0000b79d     2de (0000b780)     _errno

0000b7c0     2df (0000b7c0)     _gLEDcnt
0000b7c2     2df (0000b7c0)     _Flag_Latch_softwareUpdate
0000b7c3     2df (0000b7c0)     _gCounter_updateGlobals
0000b7c4     2df (0000b7c0)     _gFlux_pu_to_VpHz_sf
0000b7c6     2df (0000b7c0)     _stHandle
0000b7c8     2df (0000b7c0)     _gFlux_pu_to_Wb_sf
0000b7ca     2df (0000b7c0)     _gTorque_Flux_Iq_pu_to_Nm_sf
0000b7cc     2df (0000b7c0)     _gTorque_Ls_Id_Iq_pu_to_Nm_sf
0000b7ce     2df (0000b7c0)     _controller_obj
0000b7d0     2df (0000b7c0)     _ctrlHandle
0000b7d2     2df (0000b7c0)     _gMaxCurrentSlope
0000b7d4     2df (0000b7c0)     _halHandle
0000b7d6     2df (0000b7c0)     _gPwmData
0000b7dc     2df (0000b7c0)     _gAdcData

0000b800     2e0 (0000b800)     _gDrvSpi8301Vars

0000b840     2e1 (0000b840)     _gMotorVars

0000b8c0     2e3 (0000b8c0)     _gUserParams

0000b980     2e6 (0000b980)     _st_obj

0000bb00     2ec (0000bb00)     _hal

0000bbaa     2ee (0000bb80)     __IQ20div

0000bbf1     2ef (0000bbc0)     __IQ24div

0000bc38     2f0 (0000bc00)     __IQ24sqrt

0000bc7a     2f1 (0000bc40)     __IQ24sinPU

0000bca3     2f2 (0000bc80)     __IQ24cosPU

0000bcca     2f3 (0000bcc0)     __IQ30toF

003fdc30    ff70 (003fdc00)     _IQsinTable

003fdd30    ff74 (003fdd00)     _IQcosTable

003fe030    ff80 (003fe000)     _IQsinTableEnd

003fe132    ff84 (003fe100)     _IQcosTableEnd
003fe132    ff84 (003fe100)     _IQdivRoundSatTable

003fe140    ff85 (003fe140)     _IQdivTable

003fe342    ff8d (003fe340)     _IQdivTableEnd
003fe342    ff8d (003fe340)     _IQisqrtRoundSatTable
003fe342    ff8d (003fe340)     _IQsqrtRoundSatTable
003fe352    ff8d (003fe340)     _IQisqrtTable
003fe352    ff8d (003fe340)     _IQsqrtTable

003fe454    ff91 (003fe440)     _IQatan2HalfPITable
003fe454    ff91 (003fe440)     _IQisqrtTableEnd
003fe454    ff91 (003fe440)     _IQsqrtTableEnd

003fe492    ff92 (003fe480)     _IQatan2Table

003fe618    ff98 (003fe600)     _IQ30mpyRndSatTable
003fe618    ff98 (003fe600)     _IQatan2TableEnd
003fe618    ff98 (003fe600)     _IQmpyRndSatTable
003fe624    ff98 (003fe600)     _IQ29mpyRndSatTable
003fe630    ff98 (003fe600)     _IQ28mpyRndSatTable
003fe63c    ff98 (003fe600)     _IQ27mpyRndSatTable

003fe648    ff99 (003fe640)     _IQ26mpyRndSatTable
003fe654    ff99 (003fe640)     _IQ25mpyRndSatTable
003fe660    ff99 (003fe640)     _IQ24mpyRndSatTable
003fe66c    ff99 (003fe640)     _IQ23mpyRndSatTable
003fe678    ff99 (003fe640)     _IQ22mpyRndSatTable

003fe684    ff9a (003fe680)     _IQ21mpyRndSatTable
003fe690    ff9a (003fe680)     _IQ20mpyRndSatTable
003fe69c    ff9a (003fe680)     _IQ19mpyRndSatTable
003fe6a8    ff9a (003fe680)     _IQ18mpyRndSatTable
003fe6b4    ff9a (003fe680)     _IQ17mpyRndSatTable

003fe6c0    ff9b (003fe6c0)     _IQ16mpyRndSatTable
003fe6cc    ff9b (003fe6c0)     _IQ15mpyRndSatTable
003fe6d8    ff9b (003fe6c0)     _IQ14mpyRndSatTable
003fe6e4    ff9b (003fe6c0)     _IQ13mpyRndSatTable
003fe6f0    ff9b (003fe6c0)     _IQ12mpyRndSatTable
003fe6fc    ff9b (003fe6c0)     _IQ11mpyRndSatTable

003fe708    ff9c (003fe700)     _IQ10mpyRndSatTable
003fe714    ff9c (003fe700)     _IQ9mpyRndSatTable
003fe720    ff9c (003fe700)     _IQ8mpyRndSatTable
003fe72c    ff9c (003fe700)     _IQ7mpyRndSatTable
003fe738    ff9c (003fe700)     _IQ6mpyRndSatTable

003fe744    ff9d (003fe740)     _IQ5mpyRndSatTable
003fe750    ff9d (003fe740)     _IQ4mpyRndSatTable
003fe75c    ff9d (003fe740)     _IQ3mpyRndSatTable
003fe768    ff9d (003fe740)     _IQ2mpyRndSatTable
003fe774    ff9d (003fe740)     _IQ1mpyRndSatTable

003fe780    ff9e (003fe780)     _IQmpyRndSatTableEnd


GLOBAL SYMBOLS: SORTED ALPHABETICALLY BY Name 

address    name
--------   ----
00008000   .text
0000b710   C$$EXIT
0000afd4   FD$$MPY
0000b66b   FD$$TOL
0000b0df   FS$$ADD
0000b729   FS$$CMP
0000b057   FS$$DIV
0000b1ad   FS$$MPY
0000b78d   FS$$NEG
0000b0da   FS$$SUB
0000b6a7   FS$$TOFD
0000b5c2   FS$$TOI
0000b54c   FS$$TOL
0000b68a   FS$$TOU
0000b62a   FS$$TOUL
0000b5e7   I$$DIV
0000b5f8   I$$MOD
0000b6c3   I$$TOFS
0000b522   L$$DIV
0000b531   L$$MOD
0000b6dd   L$$TOFS
0000b767   U$$TOFS
0000b53f   UL$$DIV
0000b546   UL$$MOD
0000b754   UL$$TOFS
0000a6ad   _ADC_disable
0000a6a2   _ADC_disableBandGap
0000a687   _ADC_disableInt
0000a67c   _ADC_disableNoOverlapMode
0000a671   _ADC_disableRefBuffers
0000a666   _ADC_disableVoltRefLoConv
0000a65b   _ADC_enable
0000a650   _ADC_enableBandGap
0000a639   _ADC_enableInt
0000a62e   _ADC_enableNoOverlapMode
0000a623   _ADC_enableRefBuffers
0000a618   _ADC_enableVoltRefLoConv
0000a610   _ADC_getDivideSelect
0000a609   _ADC_init
0000a5fe   _ADC_powerDown
0000a5f3   _ADC_powerUp
0000a5e8   _ADC_reset
0000a5d6   _ADC_setDivideSelect
0000a5b9   _ADC_setIntMode
0000a5a7   _ADC_setIntPulseGenMode
0000a58a   _ADC_setIntSrc
0000a583   _ADC_setOffTrim
0000a56b   _ADC_setSampleMode
0000a556   _ADC_setSampleOverlapMode
0000a543   _ADC_setSocChanNumber
0000a539   _ADC_setSocFrc
0000a532   _ADC_setSocFrcWord
0000a51f   _ADC_setSocSampleDelay
0000a50c   _ADC_setSocTrigSrc
0000a4fa   _ADC_setTempSensorSrc
0000a4e8   _ADC_setVoltRefSrc
0000a4bd   _ADC_setupSocTrigSrc
0000a9ce   _CLK_disableAdcClock
0000a9c7   _CLK_disableClaClock
0000a9c1   _CLK_disableClkIn
0000a9bd   _CLK_disableCompClock
0000a9b6   _CLK_disableCpuTimerClock
0000a9b0   _CLK_disableCrystalOsc
0000a9a9   _CLK_disableEcanaClock
0000a9a2   _CLK_disableEcap1Clock
0000a99b   _CLK_disableEqep1Clock
0000a994   _CLK_disableEqep2Clock
0000a98d   _CLK_disableGpioInputClock
0000a986   _CLK_disableHrPwmClock
0000a97f   _CLK_disableI2cClock
0000a978   _CLK_disableLinAClock
0000a972   _CLK_disableOsc1
0000a96c   _CLK_disableOsc1HaltMode
0000a966   _CLK_disableOsc2
0000a960   _CLK_disableOsc2HaltMode
0000a956   _CLK_disablePwmClock
0000a94f   _CLK_disableSciaClock
0000a948   _CLK_disableScibClock
0000a941   _CLK_disableSpiaClock
0000a93d   _CLK_disableSpibClock
0000a936   _CLK_disableTbClockSync
0000a930   _CLK_disableWatchDogHaltMode
0000a929   _CLK_enableAdcClock
0000a922   _CLK_enableClaClock
0000a91c   _CLK_enableClkIn
0000a916   _CLK_enableCompClock
0000a910   _CLK_enableCpuTimerClock
0000a90a   _CLK_enableCrystalOsc
0000a903   _CLK_enableEcanaClock
0000a8fc   _CLK_enableEcap1Clock
0000a8f5   _CLK_enableEqep1Clock
0000a8ee   _CLK_enableEqep2Clock
0000a8e7   _CLK_enableGpioInputClock
0000a8e0   _CLK_enableHrPwmClock
0000a8d9   _CLK_enableI2cClock
0000a8d2   _CLK_enableLinAClock
0000a8cc   _CLK_enableOsc1
0000a8c6   _CLK_enableOsc1HaltMode
0000a8c0   _CLK_enableOsc2
0000a8ba   _CLK_enableOsc2HaltMode
0000a8b1   _CLK_enablePwmClock
0000a8aa   _CLK_enableSciaClock
0000a8a3   _CLK_enableScibClock
0000a89c   _CLK_enableSpiaClock
0000a895   _CLK_enableSpibClock
0000a88e   _CLK_enableTbClockSync
0000a888   _CLK_enableWatchDogHaltMode
0000a882   _CLK_init
0000a87b   _CLK_setClkOutPreScaler
0000a875   _CLK_setLowSpdPreScaler
0000a86e   _CLK_setOsc2Src
0000a867   _CLK_setOscSrc
0000a860   _CLK_setTimer2PreScale
0000a859   _CLK_setTimer2Src
0000a852   _CLK_setWatchDogSrc
0000a84b   _CLK_setXClkInSrc
0000b599   _CPU_clearIntFlags
0000b596   _CPU_disableDebugInt
0000b593   _CPU_disableGlobalInts
0000b58e   _CPU_disableInt
0000b58b   _CPU_disableInts
0000b588   _CPU_disableProtectedRegisterWrite
0000b585   _CPU_enableDebugInt
0000b582   _CPU_enableGlobalInts
0000b57e   _CPU_enableInt
0000b57b   _CPU_enableProtectedRegisterWrite
0000b575   _CPU_init
000093fc   _CTRL_getGains
000093f4   _CTRL_getIab_filt_pu
000093ec   _CTRL_getIab_in_pu
000093e4   _CTRL_getIdq_in_pu
000093dc   _CTRL_getIdq_ref_pu
00009435   _CTRL_getMagCurrent_pu
00009432   _CTRL_getMaximumSpeed_pu
000093d4   _CTRL_getVab_in_pu
000093cc   _CTRL_getVab_out_pu
000093c4   _CTRL_getVdq_out_pu
003fa721   _CTRL_getVersion
000093bb   _CTRL_getWaitTimes
003fa6fb   _CTRL_initCtrl
00008ea9   _CTRL_run
003fa5d1   _CTRL_runTraj
003f9e64   _CTRL_setEstParams
00008c45   _CTRL_setGains
0000942c   _CTRL_setMagCurrent_pu
0000942f   _CTRL_setMaximumSpeed_pu
00008c6d   _CTRL_setParams
00008c32   _CTRL_setSpd_ref_krpm
00008c2f   _CTRL_setSpd_ref_pu
003f9d31   _CTRL_setUserMotorParams
00008c26   _CTRL_setWaitTimes
00008c1c   _CTRL_setup
00008c00   _CTRL_setupClarke_I
00008bea   _CTRL_setupClarke_V
003f9b43   _CTRL_setupCtrl
003f99a5   _CTRL_setupEstIdleState
003f996a   _CTRL_setupEstOnLineState
003f9806   _CTRL_setupTraj
00008b8d   _CTRL_setup_user
00008adb   _CTRL_updateState
0000a263   _DRV8301_enable
0000a251   _DRV8301_getDcCalMode
0000a236   _DRV8301_getFaultType
0000a230   _DRV8301_getId
0000a229   _DRV8301_getOcLevel
0000a222   _DRV8301_getOcMode
0000a21b   _DRV8301_getOcOffTimeMode
0000a214   _DRV8301_getOcTwMode
0000a20d   _DRV8301_getPeakCurrent
0000a206   _DRV8301_getPwmMode
0000a1ff   _DRV8301_getShuntAmpGain
0000a1f6   _DRV8301_init
0000a1f0   _DRV8301_isFault
0000a1e9   _DRV8301_isReset
0000a17e   _DRV8301_readData
0000a00c   _DRV8301_readSpi
0000a16f   _DRV8301_reset
0000a150   _DRV8301_setDcCalMode
0000a14e   _DRV8301_setGpioHandle
0000a14c   _DRV8301_setGpioNumber
0000a138   _DRV8301_setOcLevel
0000a124   _DRV8301_setOcMode
0000a110   _DRV8301_setOcOffTimeMode
0000a0fc   _DRV8301_setOcTwMode
0000a0e8   _DRV8301_setPeakCurrent
0000a0d4   _DRV8301_setPwmMode
0000a0c0   _DRV8301_setShuntAmpGain
0000a0be   _DRV8301_setSpiHandle
0000a042   _DRV8301_setupSpi
00009fe3   _DRV8301_writeData
00009fcd   _DRV8301_writeSpi
003f9760   _EST_doCurrentCtrl
003f9758   _EST_doSpeedCtrl
003f8c0d   _EST_getAngle_pu
003f96be   _EST_getFlux_VpHz
003f96ab   _EST_getFlux_pu
003f968e   _EST_getFm_pu
003f9632   _EST_getIdRated
003f95ff   _EST_getLs_coarse_max_pu
003f95f5   _EST_getLs_d_H
003f95f0   _EST_getLs_d_pu
003f95ce   _EST_getLs_q_H
003f95c9   _EST_getLs_q_pu
003f95bd   _EST_getMaxCurrentSlope_pu
003f95b3   _EST_getOneOverDcBus_pu
003f95ad   _EST_getRr_Ohm
003f9513   _EST_getRs_Ohm
003f94c6   _EST_getSpeed_krpm
003f861b   _EST_getState
003f9458   _EST_get_krpm_to_pu_sf
003f9453   _EST_get_pu_to_krpm_sf
003f938d   _EST_isError
003f9386   _EST_isIdle
003f937f   _EST_isLockRotor
003f8679   _EST_isMotorIdentified
003f9378   _EST_isOnLine
003f927b   _EST_run
003f8bdb   _EST_setFlag_enableForceAngle
003f8bd3   _EST_setFlag_enableRsRecalc
003f8b80   _EST_setId_ref_pu
003f8b7a   _EST_setIdle
003f8b67   _EST_setIdle_all
003f8b63   _EST_setIq_ref_pu
003f8b45   _EST_setLs_d_pu
003f8af1   _EST_setLs_qFmt
003f8ae7   _EST_setLs_q_pu
003f8adb   _EST_setMaxCurrentSlope_pu
003f8a18   _EST_setRs_pu
003f89f5   _EST_updateId_ref_pu
003f8713   _EST_updateState
003f861d   _EST_useZeroIq_ref
0000b627   _FILTER_FO_getDenCoeffs
0000b620   _FILTER_FO_getInitialConditions
0000b61a   _FILTER_FO_getNumCoeffs
0000b614   _FILTER_FO_init
0000b612   _FILTER_FO_setDenCoeffs
0000b60d   _FILTER_FO_setInitialConditions
0000b609   _FILTER_FO_setNumCoeffs
0000b665   _FLASH_clear3VStatus
0000013a   _FLASH_disablePipelineMode
00000134   _FLASH_enablePipelineMode
0000b662   _FLASH_get3VStatus
0000b65f   _FLASH_getActiveWaitCount
0000b65b   _FLASH_getActiveWaitStatus
0000b658   _FLASH_getPowerMode
0000b655   _FLASH_getStandbyWaitCount
0000b651   _FLASH_getStandbyWaitStatus
0000b64b   _FLASH_init
0000012f   _FLASH_setActiveWaitCount
00000128   _FLASH_setNumPagedReadWaitStates
00000121   _FLASH_setNumRandomReadWaitStates
0000011a   _FLASH_setOtpWaitStates
00000113   _FLASH_setPowerMode
0000010e   _FLASH_setStandbyWaitCount
0000b7c2   _Flag_Latch_softwareUpdate
0000a83b   _GPIO_getData
0000a834   _GPIO_getPortData
0000a82e   _GPIO_init
0000a824   _GPIO_lpmSelect
0000a7fe   _GPIO_read
0000a7e3   _GPIO_setDirection
0000a7d8   _GPIO_setExtInt
0000a7c5   _GPIO_setHigh
0000a7b2   _GPIO_setLow
0000a778   _GPIO_setMode
0000a76d   _GPIO_setPortData
0000a752   _GPIO_setPullup
0000a712   _GPIO_setQualification
0000a6cb   _GPIO_setQualificationPeriod
0000a6b8   _GPIO_toggle
000085d3   _HAL_AdcCalChanSelect
0000862a   _HAL_AdcCalConversion
00008781   _HAL_AdcOffsetSelfCal
00008846   _HAL_OscTempComp
00008899   _HAL_cal
00008ad7   _HAL_disableGlobalInts
000089be   _HAL_disableWdog
00008ac5   _HAL_enableAdcInts
00008ac1   _HAL_enableDebugInt
00008abc   _HAL_enableDrv
00008ab8   _HAL_enableGlobalInts
00008aa7   _HAL_enablePwmInt
00008a97   _HAL_enableTimer0Int
000087b4   _HAL_getOscTrimValue
000089c3   _HAL_init
000087c8   _HAL_osc1Comp
00008807   _HAL_osc2Comp
000089b9   _HAL_readDrvData
000088b0   _HAL_setParams
0000851b   _HAL_setupAdcs
000084ff   _HAL_setupClks
000084fa   _HAL_setupDrvSpi
000084db   _HAL_setupFaults
000084b7   _HAL_setupFlash
000084a2   _HAL_setupGate
000082fd   _HAL_setupGpios
000082b0   _HAL_setupPeripheralClks
00008294   _HAL_setupPie
00008256   _HAL_setupPll
000081cb   _HAL_setupPwmDacs
00008103   _HAL_setupPwms
000080b8   _HAL_setupSCI
00008072   _HAL_setupSpiA
0000803c   _HAL_setupSpiB
00008005   _HAL_setupTimers
00008000   _HAL_writeDrvData
003fe708   _IQ10mpyRndSatTable
003fe6fc   _IQ11mpyRndSatTable
003fe6f0   _IQ12mpyRndSatTable
003fe6e4   _IQ13mpyRndSatTable
003fe6d8   _IQ14mpyRndSatTable
003fe6cc   _IQ15mpyRndSatTable
003fe6c0   _IQ16mpyRndSatTable
003fe6b4   _IQ17mpyRndSatTable
003fe6a8   _IQ18mpyRndSatTable
003fe69c   _IQ19mpyRndSatTable
003fe774   _IQ1mpyRndSatTable
003fe690   _IQ20mpyRndSatTable
003fe684   _IQ21mpyRndSatTable
003fe678   _IQ22mpyRndSatTable
003fe66c   _IQ23mpyRndSatTable
003fe660   _IQ24mpyRndSatTable
003fe654   _IQ25mpyRndSatTable
003fe648   _IQ26mpyRndSatTable
003fe63c   _IQ27mpyRndSatTable
003fe630   _IQ28mpyRndSatTable
003fe624   _IQ29mpyRndSatTable
003fe768   _IQ2mpyRndSatTable
003fe618   _IQ30mpyRndSatTable
003fe75c   _IQ3mpyRndSatTable
003fe750   _IQ4mpyRndSatTable
003fe744   _IQ5mpyRndSatTable
003fe738   _IQ6mpyRndSatTable
003fe72c   _IQ7mpyRndSatTable
003fe720   _IQ8mpyRndSatTable
003fe714   _IQ9mpyRndSatTable
003fe454   _IQatan2HalfPITable
003fe492   _IQatan2Table
003fe618   _IQatan2TableEnd
003fdd30   _IQcosTable
003fe132   _IQcosTableEnd
003fe132   _IQdivRoundSatTable
003fe140   _IQdivTable
003fe342   _IQdivTableEnd
003fe342   _IQisqrtRoundSatTable
003fe352   _IQisqrtTable
003fe454   _IQisqrtTableEnd
003fe618   _IQmpyRndSatTable
003fe780   _IQmpyRndSatTableEnd
003fdc30   _IQsinTable
003fe030   _IQsinTableEnd
003fe342   _IQsqrtRoundSatTable
003fe352   _IQsqrtTable
003fe454   _IQsqrtTableEnd
0000b31c   _OFFSET_getBeta
0000b30b   _OFFSET_init
0000b2f5   _OFFSET_setBeta
0000b2e6   _OFFSET_setInitCond
0000b2e4   _OFFSET_setOffset
0000b49c   _OSC_init
0000b48f   _OSC_setCoarseTrim
0000b47e   _OSC_setFineTrim
0000b475   _OSC_setTrim
0000aad9   _PIE_clearAllFlags
0000aad6   _PIE_clearAllInts
0000aad3   _PIE_disable
0000aac9   _PIE_disableAllInts
0000aac5   _PIE_disableCaptureInt
0000aab8   _PIE_disableExtInt
0000aaad   _PIE_disableInt
0000aaaa   _PIE_enable
0000aa8e   _PIE_enableAdcInt
0000aa8a   _PIE_enableCaptureInt
0000aa67   _PIE_enableExtInt
0000aa5d   _PIE_enableInt
0000aa58   _PIE_enablePwmInt
0000aa53   _PIE_enablePwmTzInt
0000aa50   _PIE_enableTimer0Int
0000aa46   _PIE_forceInt
0000aa3e   _PIE_getExtIntCount
0000aa37   _PIE_getIntEnables
0000aa30   _PIE_getIntFlags
0000b788   _PIE_illegalIsr
0000aa29   _PIE_init
0000aa1a   _PIE_registerPieIntHandler
0000aa0f   _PIE_registerSystemIntHandler
0000aa03   _PIE_setDefaultIntVectorTable
0000a9f3   _PIE_setExtIntPolarity
0000a9e2   _PIE_unregisterPieIntHandler
0000a9d5   _PIE_unregisterSystemIntHandler
0000b1a7   _PLL_disable
0000b1a1   _PLL_disableClkDetect
0000b19b   _PLL_disableNormRdy
0000b195   _PLL_disableOsc
0000b18f   _PLL_enable
0000b189   _PLL_enableClkDetect
0000b183   _PLL_enableNormRdy
0000b17d   _PLL_enableOsc
0000b179   _PLL_getClkFreq
0000b176   _PLL_getClkStatus
0000b173   _PLL_getDivideSelect
0000b170   _PLL_getLockStatus
0000b16a   _PLL_init
0000b164   _PLL_resetClkDetect
0000b15e   _PLL_setClkFreq
0000b157   _PLL_setDivideSelect
0000b152   _PLL_setLockPeriod
00009fc7   _PWM_clearTripZone
00009fc4   _PWM_decrementDeadBandFallingEdgeDelay
00009fc1   _PWM_decrementDeadBandRisingEdgeDelay
00009fba   _PWM_disableAutoConvert
00009fb6   _PWM_disableChopping
00009fb3   _PWM_disableCounterLoad
00009fb0   _PWM_disableDeadBand
00009fac   _PWM_disableDeadBandHalfCycle
00009fa5   _PWM_disableDigitalCompareBlankingWindow
00009f9e   _PWM_disableDigitalCompareBlankingWindowInversion
00009f97   _PWM_disableHrPeriod
00009f90   _PWM_disableHrPhaseSync
00009f8c   _PWM_disableInt
00009f88   _PWM_disableSocAPulse
00009f84   _PWM_disableSocBPulse
00009f7d   _PWM_disableTripZoneInt
00009f76   _PWM_disableTripZoneSrc
00009f70   _PWM_disableTripZones
00009f69   _PWM_enableAutoConvert
00009f65   _PWM_enableChopping
00009f62   _PWM_enableCounterLoad
00009f5e   _PWM_enableDeadBandHalfCycle
00009f57   _PWM_enableDigitalCompareBlankingWindow
00009f50   _PWM_enableDigitalCompareBlankingWindowInversion
00009f49   _PWM_enableHrPeriod
00009f42   _PWM_enableHrPhaseSync
00009f3e   _PWM_enableInt
00009f3a   _PWM_enableSocAPulse
00009f36   _PWM_enableSocBPulse
00009f30   _PWM_enableTripZoneInt
00009f2a   _PWM_enableTripZoneSrc
00009f27   _PWM_getDeadBandFallingEdgeDelay
00009f24   _PWM_getDeadBandRisingEdgeDelay
00009f20   _PWM_getIntCount
00009f1c   _PWM_getShadowStatus_CmpA
00009f18   _PWM_getShadowStatus_CmpB
00009f13   _PWM_getSocACount
00009f0e   _PWM_getSocBCount
00009f0b   _PWM_incrementDeadBandFallingEdgeDelay
00009f08   _PWM_incrementDeadBandRisingEdgeDelay
00009f02   _PWM_init
00009efb   _PWM_setActionQualContSWForce_PwmA
00009ef2   _PWM_setActionQualContSWForce_PwmB
00009ee9   _PWM_setActionQual_CntDown_CmpA_PwmA
00009ee0   _PWM_setActionQual_CntDown_CmpA_PwmB
00009ed7   _PWM_setActionQual_CntDown_CmpB_PwmA
00009ece   _PWM_setActionQual_CntDown_CmpB_PwmB
00009ec5   _PWM_setActionQual_CntUp_CmpA_PwmA
00009ebc   _PWM_setActionQual_CntUp_CmpA_PwmB
00009eb3   _PWM_setActionQual_CntUp_CmpB_PwmA
00009eaa   _PWM_setActionQual_CntUp_CmpB_PwmB
00009ea1   _PWM_setActionQual_Period_PwmA
00009e98   _PWM_setActionQual_Period_PwmB
00009e91   _PWM_setActionQual_Zero_PwmA
00009e8a   _PWM_setActionQual_Zero_PwmB
00009e83   _PWM_setChoppingClkFreq
00009e7c   _PWM_setChoppingDutyCycle
00009e75   _PWM_setChoppingPulseWidth
00009e71   _PWM_setClkDiv
00009e6f   _PWM_setCount
00009e6b   _PWM_setCounterMode
00009e68   _PWM_setDeadBandFallingEdgeDelay
00009e61   _PWM_setDeadBandInputMode
00009e5a   _PWM_setDeadBandOutputMode
00009e53   _PWM_setDeadBandPolarity
00009e50   _PWM_setDeadBandRisingEdgeDelay
00009e39   _PWM_setDigitalCompareAEvent1
00009e29   _PWM_setDigitalCompareAEvent2
00009e12   _PWM_setDigitalCompareBEvent1
00009e02   _PWM_setDigitalCompareBEvent2
00009df6   _PWM_setDigitalCompareBlankingPulse
00009df3   _PWM_setDigitalCompareFilterOffset
00009de9   _PWM_setDigitalCompareFilterSource
00009de6   _PWM_setDigitalCompareFilterWindow
00009dd7   _PWM_setDigitalCompareInput
00009dd3   _PWM_setHighSpeedClkDiv
00009dc9   _PWM_setHrControlMode
00009dbf   _PWM_setHrEdgeMode
00009db5   _PWM_setHrShadowMode
00009dae   _PWM_setIntMode
00009da7   _PWM_setIntPeriod
00009da3   _PWM_setLoadMode_CmpA
00009d9d   _PWM_setLoadMode_CmpB
00009d9b   _PWM_setPeriod
00009d96   _PWM_setPeriodHr
00009d92   _PWM_setPeriodLoad
00009d90   _PWM_setPhase
00009d8c   _PWM_setPhaseDir
00009d88   _PWM_setRunMode
00009d82   _PWM_setShadowMode_CmpA
00009d7c   _PWM_setShadowMode_CmpB
00009d73   _PWM_setSocAPeriod
00009d6a   _PWM_setSocAPulseSrc
00009d61   _PWM_setSocBPeriod
00009d58   _PWM_setSocBPulseSrc
00009d55   _PWM_setSwSync
00009d51   _PWM_setSyncMode
00009d47   _PWM_setTripZoneDCEventSelect_DCAEVT1
00009d3b   _PWM_setTripZoneDCEventSelect_DCAEVT2
00009d2f   _PWM_setTripZoneDCEventSelect_DCBEVT1
00009d23   _PWM_setTripZoneDCEventSelect_DCBEVT2
00009d17   _PWM_setTripZoneState_DCAEVT1
00009d0b   _PWM_setTripZoneState_DCAEVT2
00009cff   _PWM_setTripZoneState_DCBEVT1
00009cf3   _PWM_setTripZoneState_DCBEVT2
00009ce9   _PWM_setTripZoneState_TZA
00009cdd   _PWM_setTripZoneState_TZB
0000b29b   _PWR_disableBrownOutReset
0000b290   _PWR_disableWatchDogInt
0000b28d   _PWR_enableBrownOutReset
0000b282   _PWR_enableWatchDogInt
0000b27b   _PWR_init
0000b269   _PWR_setLowPowerMode
0000b257   _PWR_setNumStandByClocks
00000144   _RamfuncsLoadEnd
00000036   _RamfuncsLoadSize
0000010e   _RamfuncsLoadStart
0000010e   _RamfuncsRunStart
0000accb   _SCI_RX_ISR
0000abde   _SCI_clearAutoBaudDetect
0000abda   _SCI_clearRxFifoInt
0000abd6   _SCI_clearRxFifoOvf
0000abd2   _SCI_clearTxFifoInt
0000abcf   _SCI_disable
0000abcb   _SCI_disableAutoBaudAlign
0000abc8   _SCI_disableLoopBack
0000abc5   _SCI_disableParity
0000abc2   _SCI_disableRx
0000abbf   _SCI_disableRxErrorInt
0000abbb   _SCI_disableRxFifoInt
0000abb8   _SCI_disableRxInt
0000abb5   _SCI_disableSleep
0000abb2   _SCI_disableTx
0000abae   _SCI_disableTxFifoEnh
0000abaa   _SCI_disableTxFifoInt
0000aba7   _SCI_disableTxInt
0000aba4   _SCI_disableTxWake
0000aba1   _SCI_enable
0000ab9d   _SCI_enableAutoBaudAlign
0000ab99   _SCI_enableChannels
0000ab96   _SCI_enableLoopBack
0000ab93   _SCI_enableParity
0000ab90   _SCI_enableRx
0000ab8d   _SCI_enableRxErrorInt
0000ab89   _SCI_enableRxFifo
0000ab85   _SCI_enableRxFifoInt
0000ab82   _SCI_enableRxInt
0000ab7f   _SCI_enableSleep
0000ab7c   _SCI_enableTx
0000ab78   _SCI_enableTxFifo
0000ab74   _SCI_enableTxFifoEnh
0000ab70   _SCI_enableTxFifoInt
0000ab6d   _SCI_enableTxInt
0000ab6a   _SCI_enableTxWake
0000ab66   _SCI_getDataBlocking
0000ab5d   _SCI_getDataNonBlocking
0000ab59   _SCI_getRxFifoStatus
0000aae3   _SCI_getTxFifoStatus
0000ab53   _SCI_init
0000ab4e   _SCI_putDataBlocking
0000ab46   _SCI_putDataNonBlocking
0000ab43   _SCI_reset
0000ab39   _SCI_resetChannels
0000ab2f   _SCI_resetRxFifo
0000ab25   _SCI_resetTxFifo
0000ab1f   _SCI_setBaudRate
0000ab1b   _SCI_setCharLength
0000ab17   _SCI_setMode
0000ab13   _SCI_setNumStopBits
0000ab0f   _SCI_setParity
0000ab0c   _SCI_setPriority
0000ab05   _SCI_setRxFifoIntLevel
0000aafe   _SCI_setTxDelay
0000aaf7   _SCI_setTxFifoIntLevel
0000aae7   _SCI_write_char
0000aaf0   _SCI_write_str
0000ae1f   _SPI_clearRxFifoInt
0000ae1b   _SPI_clearRxFifoOvf
0000ae17   _SPI_clearTxFifoInt
0000ae14   _SPI_disableInt
0000ae11   _SPI_disableLoopBack
0000ae0e   _SPI_disableOverRunInt
0000ae0a   _SPI_disableRxFifoInt
0000ae07   _SPI_disableTx
0000ae03   _SPI_disableTxFifoEnh
0000adff   _SPI_disableTxFifoInt
0000adfc   _SPI_enable
0000adf8   _SPI_enableChannels
0000adf5   _SPI_enableInt
0000adf2   _SPI_enableLoopBack
0000adef   _SPI_enableOverRunInt
0000adeb   _SPI_enableRxFifo
0000ade7   _SPI_enableRxFifoInt
0000ade4   _SPI_enableTx
0000ade0   _SPI_enableTxFifo
0000addc   _SPI_enableTxFifoEnh
0000add8   _SPI_enableTxFifoInt
0000add5   _SPI_getIntFlagStatus
0000add1   _SPI_getRxFifoStatus
0000adce   _SPI_getTxBufferStatus
0000adca   _SPI_getTxFifoStatus
0000adc4   _SPI_init
0000adc1   _SPI_reset
0000adbd   _SPI_resetChannels
0000adb9   _SPI_resetRxFifo
0000adb5   _SPI_resetTxFifo
0000adb3   _SPI_setBaudRate
0000adaf   _SPI_setCharLength
0000adad   _SPI_setClkPhase
0000ada9   _SPI_setClkPolarity
0000ada7   _SPI_setMode
0000ada0   _SPI_setPriority
0000ad99   _SPI_setRxFifoIntLevel
0000ad92   _SPI_setSteInv
0000ad8b   _SPI_setSuspend
0000ad84   _SPI_setTriWire
0000ad81   _SPI_setTxDelay
0000ad7a   _SPI_setTxFifoIntLevel
0000b3ac   _STPOSCONV_init
0000b4f8   _STVELCTL_init
0000a285   _STVELCTL_run
0000b4a2   _STVELID_init
0000b4cd   _STVELMOVE_init
0000b59c   _STVELPLAN_init
0000b413   _ST_initVersion
0000998c   _ST_runVelCtl
0000b410   _TIMER_clearFlag
0000b40d   _TIMER_disableInt
0000b40a   _TIMER_enableInt
0000b407   _TIMER_getStatus
0000b401   _TIMER_init
0000b3f3   _TIMER_setDecimationFactor
0000b3ef   _TIMER_setEmulationMode
0000b3e1   _TIMER_setPreScaler
00009811   _USER_calcPIgains
0000980d   _USER_checkForErrors
000097ff   _USER_computeFlux
000097b4   _USER_computeFlux_pu_to_VpHz_sf
00009769   _USER_computeFlux_pu_to_Wb_sf
0000971e   _USER_computeTorque_Flux_Iq_pu_to_Nm_sf
000096d5   _USER_computeTorque_Ls_Id_Iq_pu_to_Nm_sf
00009689   _USER_computeTorque_Nm
00009632   _USER_computeTorque_lbin
0000962f   _USER_getErrorCode
0000962c   _USER_setErrorCode
000094c6   _USER_setParams
00009438   _USER_softwareUpdate1p6
0000b2dc   _WDOG_clearCounter
0000b2d4   _WDOG_disable
0000b2ce   _WDOG_disableInt
0000b2c8   _WDOG_disableOverRide
0000b2bf   _WDOG_enable
0000b2b9   _WDOG_enableInt
0000b2b3   _WDOG_enableOverRide
0000b2b0   _WDOG_getIntStatus
0000b2aa   _WDOG_init
0000b2a8   _WDOG_setCount
0000b29e   _WDOG_setPreScaler
0000bbaa   __IQ20div
0000bca3   __IQ24cosPU
0000bbf1   __IQ24div
0000bc7a   __IQ24sinPU
0000bc38   __IQ24sqrt
0000bcca   __IQ30toF
000007b0   __STACK_END
000003b0   __STACK_SIZE
00000001   __TI_args_main
0000b796   ___TI_cleanup_ptr
0000b798   ___TI_dtors_ptr
ffffffff   ___binit__
ffffffff   ___c_args__
00000050   ___cinit__
0000b792   ___etext__
ffffffff   ___pinit__
00008000   ___text__
0000b6f7   __args_main
0000b794   __lock
0000aec0   __log
0000b77f   __nop
0000b77b   __register_lock
0000b777   __register_unlock
00000400   __stack
0000b792   __unlock
0000b710   _abort
0000b329   _c_int00
0000b7ce   _controller_obj
0000b79c   _cpu
0000b7d0   _ctrlHandle
0000b79d   _errno
0000b712   _exit
0000ae23   _exp
0000b740   _frexp
0000b7dc   _gAdcData
0000b7c3   _gCounter_updateGlobals
0000b800   _gDrvSpi8301Vars
0000b7c4   _gFlux_pu_to_VpHz_sf
0000b7c8   _gFlux_pu_to_Wb_sf
0000b7c0   _gLEDcnt
0000b7d2   _gMaxCurrentSlope
0000b840   _gMotorVars
0000b7d6   _gPwmData
0000b7ca   _gTorque_Flux_Iq_pu_to_Nm_sf
0000b7cc   _gTorque_Ls_Id_Iq_pu_to_Nm_sf
0000b8c0   _gUserParams
0000bb00   _hal
0000b7d4   _halHandle
0000b36d   _ldexp
0000acd0   _log
000099b6   _main
0000abe2   _mainISR
0000b444   _modf
0000af4d   _pow
003fb9dd   _s0_calc
003fb9ad   _s0_conf
003fbae7   _s2_calc
003fbb85   _s4_calc
003fbc34   _s4_conf
003fbc58   _s4_reset
003fbc9b   _s8_calc
003fbc7d   _s8_cfg
003fbd37   _s8_get
003fbc72   _s8_reset
003fbc6d   _spintac_rom_ver
0000b207   _sqrt
0000b7c6   _stHandle
0000b980   _st_obj
000098e9   _updateGlobalVariables_motor
000098c2   _updateKpKiGains
00000140   _usDelay
ffffffff   binit
00000050   cinit
00000000   code_start
0000b792   etext
ffffffff   pinit


GLOBAL SYMBOLS: SORTED BY Symbol Address 

address    name
--------   ----
00000000   code_start
00000001   __TI_args_main
00000036   _RamfuncsLoadSize
00000050   ___cinit__
00000050   cinit
0000010e   _FLASH_setStandbyWaitCount
0000010e   _RamfuncsLoadStart
0000010e   _RamfuncsRunStart
00000113   _FLASH_setPowerMode
0000011a   _FLASH_setOtpWaitStates
00000121   _FLASH_setNumRandomReadWaitStates
00000128   _FLASH_setNumPagedReadWaitStates
0000012f   _FLASH_setActiveWaitCount
00000134   _FLASH_enablePipelineMode
0000013a   _FLASH_disablePipelineMode
00000140   _usDelay
00000144   _RamfuncsLoadEnd
000003b0   __STACK_SIZE
00000400   __stack
000007b0   __STACK_END
00008000   .text
00008000   _HAL_writeDrvData
00008000   ___text__
00008005   _HAL_setupTimers
0000803c   _HAL_setupSpiB
00008072   _HAL_setupSpiA
000080b8   _HAL_setupSCI
00008103   _HAL_setupPwms
000081cb   _HAL_setupPwmDacs
00008256   _HAL_setupPll
00008294   _HAL_setupPie
000082b0   _HAL_setupPeripheralClks
000082fd   _HAL_setupGpios
000084a2   _HAL_setupGate
000084b7   _HAL_setupFlash
000084db   _HAL_setupFaults
000084fa   _HAL_setupDrvSpi
000084ff   _HAL_setupClks
0000851b   _HAL_setupAdcs
000085d3   _HAL_AdcCalChanSelect
0000862a   _HAL_AdcCalConversion
00008781   _HAL_AdcOffsetSelfCal
000087b4   _HAL_getOscTrimValue
000087c8   _HAL_osc1Comp
00008807   _HAL_osc2Comp
00008846   _HAL_OscTempComp
00008899   _HAL_cal
000088b0   _HAL_setParams
000089b9   _HAL_readDrvData
000089be   _HAL_disableWdog
000089c3   _HAL_init
00008a97   _HAL_enableTimer0Int
00008aa7   _HAL_enablePwmInt
00008ab8   _HAL_enableGlobalInts
00008abc   _HAL_enableDrv
00008ac1   _HAL_enableDebugInt
00008ac5   _HAL_enableAdcInts
00008ad7   _HAL_disableGlobalInts
00008adb   _CTRL_updateState
00008b8d   _CTRL_setup_user
00008bea   _CTRL_setupClarke_V
00008c00   _CTRL_setupClarke_I
00008c1c   _CTRL_setup
00008c26   _CTRL_setWaitTimes
00008c2f   _CTRL_setSpd_ref_pu
00008c32   _CTRL_setSpd_ref_krpm
00008c45   _CTRL_setGains
00008c6d   _CTRL_setParams
00008ea9   _CTRL_run
000093bb   _CTRL_getWaitTimes
000093c4   _CTRL_getVdq_out_pu
000093cc   _CTRL_getVab_out_pu
000093d4   _CTRL_getVab_in_pu
000093dc   _CTRL_getIdq_ref_pu
000093e4   _CTRL_getIdq_in_pu
000093ec   _CTRL_getIab_in_pu
000093f4   _CTRL_getIab_filt_pu
000093fc   _CTRL_getGains
0000942c   _CTRL_setMagCurrent_pu
0000942f   _CTRL_setMaximumSpeed_pu
00009432   _CTRL_getMaximumSpeed_pu
00009435   _CTRL_getMagCurrent_pu
00009438   _USER_softwareUpdate1p6
000094c6   _USER_setParams
0000962c   _USER_setErrorCode
0000962f   _USER_getErrorCode
00009632   _USER_computeTorque_lbin
00009689   _USER_computeTorque_Nm
000096d5   _USER_computeTorque_Ls_Id_Iq_pu_to_Nm_sf
0000971e   _USER_computeTorque_Flux_Iq_pu_to_Nm_sf
00009769   _USER_computeFlux_pu_to_Wb_sf
000097b4   _USER_computeFlux_pu_to_VpHz_sf
000097ff   _USER_computeFlux
0000980d   _USER_checkForErrors
00009811   _USER_calcPIgains
000098c2   _updateKpKiGains
000098e9   _updateGlobalVariables_motor
0000998c   _ST_runVelCtl
000099b6   _main
00009cdd   _PWM_setTripZoneState_TZB
00009ce9   _PWM_setTripZoneState_TZA
00009cf3   _PWM_setTripZoneState_DCBEVT2
00009cff   _PWM_setTripZoneState_DCBEVT1
00009d0b   _PWM_setTripZoneState_DCAEVT2
00009d17   _PWM_setTripZoneState_DCAEVT1
00009d23   _PWM_setTripZoneDCEventSelect_DCBEVT2
00009d2f   _PWM_setTripZoneDCEventSelect_DCBEVT1
00009d3b   _PWM_setTripZoneDCEventSelect_DCAEVT2
00009d47   _PWM_setTripZoneDCEventSelect_DCAEVT1
00009d51   _PWM_setSyncMode
00009d55   _PWM_setSwSync
00009d58   _PWM_setSocBPulseSrc
00009d61   _PWM_setSocBPeriod
00009d6a   _PWM_setSocAPulseSrc
00009d73   _PWM_setSocAPeriod
00009d7c   _PWM_setShadowMode_CmpB
00009d82   _PWM_setShadowMode_CmpA
00009d88   _PWM_setRunMode
00009d8c   _PWM_setPhaseDir
00009d90   _PWM_setPhase
00009d92   _PWM_setPeriodLoad
00009d96   _PWM_setPeriodHr
00009d9b   _PWM_setPeriod
00009d9d   _PWM_setLoadMode_CmpB
00009da3   _PWM_setLoadMode_CmpA
00009da7   _PWM_setIntPeriod
00009dae   _PWM_setIntMode
00009db5   _PWM_setHrShadowMode
00009dbf   _PWM_setHrEdgeMode
00009dc9   _PWM_setHrControlMode
00009dd3   _PWM_setHighSpeedClkDiv
00009dd7   _PWM_setDigitalCompareInput
00009de6   _PWM_setDigitalCompareFilterWindow
00009de9   _PWM_setDigitalCompareFilterSource
00009df3   _PWM_setDigitalCompareFilterOffset
00009df6   _PWM_setDigitalCompareBlankingPulse
00009e02   _PWM_setDigitalCompareBEvent2
00009e12   _PWM_setDigitalCompareBEvent1
00009e29   _PWM_setDigitalCompareAEvent2
00009e39   _PWM_setDigitalCompareAEvent1
00009e50   _PWM_setDeadBandRisingEdgeDelay
00009e53   _PWM_setDeadBandPolarity
00009e5a   _PWM_setDeadBandOutputMode
00009e61   _PWM_setDeadBandInputMode
00009e68   _PWM_setDeadBandFallingEdgeDelay
00009e6b   _PWM_setCounterMode
00009e6f   _PWM_setCount
00009e71   _PWM_setClkDiv
00009e75   _PWM_setChoppingPulseWidth
00009e7c   _PWM_setChoppingDutyCycle
00009e83   _PWM_setChoppingClkFreq
00009e8a   _PWM_setActionQual_Zero_PwmB
00009e91   _PWM_setActionQual_Zero_PwmA
00009e98   _PWM_setActionQual_Period_PwmB
00009ea1   _PWM_setActionQual_Period_PwmA
00009eaa   _PWM_setActionQual_CntUp_CmpB_PwmB
00009eb3   _PWM_setActionQual_CntUp_CmpB_PwmA
00009ebc   _PWM_setActionQual_CntUp_CmpA_PwmB
00009ec5   _PWM_setActionQual_CntUp_CmpA_PwmA
00009ece   _PWM_setActionQual_CntDown_CmpB_PwmB
00009ed7   _PWM_setActionQual_CntDown_CmpB_PwmA
00009ee0   _PWM_setActionQual_CntDown_CmpA_PwmB
00009ee9   _PWM_setActionQual_CntDown_CmpA_PwmA
00009ef2   _PWM_setActionQualContSWForce_PwmB
00009efb   _PWM_setActionQualContSWForce_PwmA
00009f02   _PWM_init
00009f08   _PWM_incrementDeadBandRisingEdgeDelay
00009f0b   _PWM_incrementDeadBandFallingEdgeDelay
00009f0e   _PWM_getSocBCount
00009f13   _PWM_getSocACount
00009f18   _PWM_getShadowStatus_CmpB
00009f1c   _PWM_getShadowStatus_CmpA
00009f20   _PWM_getIntCount
00009f24   _PWM_getDeadBandRisingEdgeDelay
00009f27   _PWM_getDeadBandFallingEdgeDelay
00009f2a   _PWM_enableTripZoneSrc
00009f30   _PWM_enableTripZoneInt
00009f36   _PWM_enableSocBPulse
00009f3a   _PWM_enableSocAPulse
00009f3e   _PWM_enableInt
00009f42   _PWM_enableHrPhaseSync
00009f49   _PWM_enableHrPeriod
00009f50   _PWM_enableDigitalCompareBlankingWindowInversion
00009f57   _PWM_enableDigitalCompareBlankingWindow
00009f5e   _PWM_enableDeadBandHalfCycle
00009f62   _PWM_enableCounterLoad
00009f65   _PWM_enableChopping
00009f69   _PWM_enableAutoConvert
00009f70   _PWM_disableTripZones
00009f76   _PWM_disableTripZoneSrc
00009f7d   _PWM_disableTripZoneInt
00009f84   _PWM_disableSocBPulse
00009f88   _PWM_disableSocAPulse
00009f8c   _PWM_disableInt
00009f90   _PWM_disableHrPhaseSync
00009f97   _PWM_disableHrPeriod
00009f9e   _PWM_disableDigitalCompareBlankingWindowInversion
00009fa5   _PWM_disableDigitalCompareBlankingWindow
00009fac   _PWM_disableDeadBandHalfCycle
00009fb0   _PWM_disableDeadBand
00009fb3   _PWM_disableCounterLoad
00009fb6   _PWM_disableChopping
00009fba   _PWM_disableAutoConvert
00009fc1   _PWM_decrementDeadBandRisingEdgeDelay
00009fc4   _PWM_decrementDeadBandFallingEdgeDelay
00009fc7   _PWM_clearTripZone
00009fcd   _DRV8301_writeSpi
00009fe3   _DRV8301_writeData
0000a00c   _DRV8301_readSpi
0000a042   _DRV8301_setupSpi
0000a0be   _DRV8301_setSpiHandle
0000a0c0   _DRV8301_setShuntAmpGain
0000a0d4   _DRV8301_setPwmMode
0000a0e8   _DRV8301_setPeakCurrent
0000a0fc   _DRV8301_setOcTwMode
0000a110   _DRV8301_setOcOffTimeMode
0000a124   _DRV8301_setOcMode
0000a138   _DRV8301_setOcLevel
0000a14c   _DRV8301_setGpioNumber
0000a14e   _DRV8301_setGpioHandle
0000a150   _DRV8301_setDcCalMode
0000a16f   _DRV8301_reset
0000a17e   _DRV8301_readData
0000a1e9   _DRV8301_isReset
0000a1f0   _DRV8301_isFault
0000a1f6   _DRV8301_init
0000a1ff   _DRV8301_getShuntAmpGain
0000a206   _DRV8301_getPwmMode
0000a20d   _DRV8301_getPeakCurrent
0000a214   _DRV8301_getOcTwMode
0000a21b   _DRV8301_getOcOffTimeMode
0000a222   _DRV8301_getOcMode
0000a229   _DRV8301_getOcLevel
0000a230   _DRV8301_getId
0000a236   _DRV8301_getFaultType
0000a251   _DRV8301_getDcCalMode
0000a263   _DRV8301_enable
0000a285   _STVELCTL_run
0000a4bd   _ADC_setupSocTrigSrc
0000a4e8   _ADC_setVoltRefSrc
0000a4fa   _ADC_setTempSensorSrc
0000a50c   _ADC_setSocTrigSrc
0000a51f   _ADC_setSocSampleDelay
0000a532   _ADC_setSocFrcWord
0000a539   _ADC_setSocFrc
0000a543   _ADC_setSocChanNumber
0000a556   _ADC_setSampleOverlapMode
0000a56b   _ADC_setSampleMode
0000a583   _ADC_setOffTrim
0000a58a   _ADC_setIntSrc
0000a5a7   _ADC_setIntPulseGenMode
0000a5b9   _ADC_setIntMode
0000a5d6   _ADC_setDivideSelect
0000a5e8   _ADC_reset
0000a5f3   _ADC_powerUp
0000a5fe   _ADC_powerDown
0000a609   _ADC_init
0000a610   _ADC_getDivideSelect
0000a618   _ADC_enableVoltRefLoConv
0000a623   _ADC_enableRefBuffers
0000a62e   _ADC_enableNoOverlapMode
0000a639   _ADC_enableInt
0000a650   _ADC_enableBandGap
0000a65b   _ADC_enable
0000a666   _ADC_disableVoltRefLoConv
0000a671   _ADC_disableRefBuffers
0000a67c   _ADC_disableNoOverlapMode
0000a687   _ADC_disableInt
0000a6a2   _ADC_disableBandGap
0000a6ad   _ADC_disable
0000a6b8   _GPIO_toggle
0000a6cb   _GPIO_setQualificationPeriod
0000a712   _GPIO_setQualification
0000a752   _GPIO_setPullup
0000a76d   _GPIO_setPortData
0000a778   _GPIO_setMode
0000a7b2   _GPIO_setLow
0000a7c5   _GPIO_setHigh
0000a7d8   _GPIO_setExtInt
0000a7e3   _GPIO_setDirection
0000a7fe   _GPIO_read
0000a824   _GPIO_lpmSelect
0000a82e   _GPIO_init
0000a834   _GPIO_getPortData
0000a83b   _GPIO_getData
0000a84b   _CLK_setXClkInSrc
0000a852   _CLK_setWatchDogSrc
0000a859   _CLK_setTimer2Src
0000a860   _CLK_setTimer2PreScale
0000a867   _CLK_setOscSrc
0000a86e   _CLK_setOsc2Src
0000a875   _CLK_setLowSpdPreScaler
0000a87b   _CLK_setClkOutPreScaler
0000a882   _CLK_init
0000a888   _CLK_enableWatchDogHaltMode
0000a88e   _CLK_enableTbClockSync
0000a895   _CLK_enableSpibClock
0000a89c   _CLK_enableSpiaClock
0000a8a3   _CLK_enableScibClock
0000a8aa   _CLK_enableSciaClock
0000a8b1   _CLK_enablePwmClock
0000a8ba   _CLK_enableOsc2HaltMode
0000a8c0   _CLK_enableOsc2
0000a8c6   _CLK_enableOsc1HaltMode
0000a8cc   _CLK_enableOsc1
0000a8d2   _CLK_enableLinAClock
0000a8d9   _CLK_enableI2cClock
0000a8e0   _CLK_enableHrPwmClock
0000a8e7   _CLK_enableGpioInputClock
0000a8ee   _CLK_enableEqep2Clock
0000a8f5   _CLK_enableEqep1Clock
0000a8fc   _CLK_enableEcap1Clock
0000a903   _CLK_enableEcanaClock
0000a90a   _CLK_enableCrystalOsc
0000a910   _CLK_enableCpuTimerClock
0000a916   _CLK_enableCompClock
0000a91c   _CLK_enableClkIn
0000a922   _CLK_enableClaClock
0000a929   _CLK_enableAdcClock
0000a930   _CLK_disableWatchDogHaltMode
0000a936   _CLK_disableTbClockSync
0000a93d   _CLK_disableSpibClock
0000a941   _CLK_disableSpiaClock
0000a948   _CLK_disableScibClock
0000a94f   _CLK_disableSciaClock
0000a956   _CLK_disablePwmClock
0000a960   _CLK_disableOsc2HaltMode
0000a966   _CLK_disableOsc2
0000a96c   _CLK_disableOsc1HaltMode
0000a972   _CLK_disableOsc1
0000a978   _CLK_disableLinAClock
0000a97f   _CLK_disableI2cClock
0000a986   _CLK_disableHrPwmClock
0000a98d   _CLK_disableGpioInputClock
0000a994   _CLK_disableEqep2Clock
0000a99b   _CLK_disableEqep1Clock
0000a9a2   _CLK_disableEcap1Clock
0000a9a9   _CLK_disableEcanaClock
0000a9b0   _CLK_disableCrystalOsc
0000a9b6   _CLK_disableCpuTimerClock
0000a9bd   _CLK_disableCompClock
0000a9c1   _CLK_disableClkIn
0000a9c7   _CLK_disableClaClock
0000a9ce   _CLK_disableAdcClock
0000a9d5   _PIE_unregisterSystemIntHandler
0000a9e2   _PIE_unregisterPieIntHandler
0000a9f3   _PIE_setExtIntPolarity
0000aa03   _PIE_setDefaultIntVectorTable
0000aa0f   _PIE_registerSystemIntHandler
0000aa1a   _PIE_registerPieIntHandler
0000aa29   _PIE_init
0000aa30   _PIE_getIntFlags
0000aa37   _PIE_getIntEnables
0000aa3e   _PIE_getExtIntCount
0000aa46   _PIE_forceInt
0000aa50   _PIE_enableTimer0Int
0000aa53   _PIE_enablePwmTzInt
0000aa58   _PIE_enablePwmInt
0000aa5d   _PIE_enableInt
0000aa67   _PIE_enableExtInt
0000aa8a   _PIE_enableCaptureInt
0000aa8e   _PIE_enableAdcInt
0000aaaa   _PIE_enable
0000aaad   _PIE_disableInt
0000aab8   _PIE_disableExtInt
0000aac5   _PIE_disableCaptureInt
0000aac9   _PIE_disableAllInts
0000aad3   _PIE_disable
0000aad6   _PIE_clearAllInts
0000aad9   _PIE_clearAllFlags
0000aae3   _SCI_getTxFifoStatus
0000aae7   _SCI_write_char
0000aaf0   _SCI_write_str
0000aaf7   _SCI_setTxFifoIntLevel
0000aafe   _SCI_setTxDelay
0000ab05   _SCI_setRxFifoIntLevel
0000ab0c   _SCI_setPriority
0000ab0f   _SCI_setParity
0000ab13   _SCI_setNumStopBits
0000ab17   _SCI_setMode
0000ab1b   _SCI_setCharLength
0000ab1f   _SCI_setBaudRate
0000ab25   _SCI_resetTxFifo
0000ab2f   _SCI_resetRxFifo
0000ab39   _SCI_resetChannels
0000ab43   _SCI_reset
0000ab46   _SCI_putDataNonBlocking
0000ab4e   _SCI_putDataBlocking
0000ab53   _SCI_init
0000ab59   _SCI_getRxFifoStatus
0000ab5d   _SCI_getDataNonBlocking
0000ab66   _SCI_getDataBlocking
0000ab6a   _SCI_enableTxWake
0000ab6d   _SCI_enableTxInt
0000ab70   _SCI_enableTxFifoInt
0000ab74   _SCI_enableTxFifoEnh
0000ab78   _SCI_enableTxFifo
0000ab7c   _SCI_enableTx
0000ab7f   _SCI_enableSleep
0000ab82   _SCI_enableRxInt
0000ab85   _SCI_enableRxFifoInt
0000ab89   _SCI_enableRxFifo
0000ab8d   _SCI_enableRxErrorInt
0000ab90   _SCI_enableRx
0000ab93   _SCI_enableParity
0000ab96   _SCI_enableLoopBack
0000ab99   _SCI_enableChannels
0000ab9d   _SCI_enableAutoBaudAlign
0000aba1   _SCI_enable
0000aba4   _SCI_disableTxWake
0000aba7   _SCI_disableTxInt
0000abaa   _SCI_disableTxFifoInt
0000abae   _SCI_disableTxFifoEnh
0000abb2   _SCI_disableTx
0000abb5   _SCI_disableSleep
0000abb8   _SCI_disableRxInt
0000abbb   _SCI_disableRxFifoInt
0000abbf   _SCI_disableRxErrorInt
0000abc2   _SCI_disableRx
0000abc5   _SCI_disableParity
0000abc8   _SCI_disableLoopBack
0000abcb   _SCI_disableAutoBaudAlign
0000abcf   _SCI_disable
0000abd2   _SCI_clearTxFifoInt
0000abd6   _SCI_clearRxFifoOvf
0000abda   _SCI_clearRxFifoInt
0000abde   _SCI_clearAutoBaudDetect
0000abe2   _mainISR
0000accb   _SCI_RX_ISR
0000acd0   _log
0000ad7a   _SPI_setTxFifoIntLevel
0000ad81   _SPI_setTxDelay
0000ad84   _SPI_setTriWire
0000ad8b   _SPI_setSuspend
0000ad92   _SPI_setSteInv
0000ad99   _SPI_setRxFifoIntLevel
0000ada0   _SPI_setPriority
0000ada7   _SPI_setMode
0000ada9   _SPI_setClkPolarity
0000adad   _SPI_setClkPhase
0000adaf   _SPI_setCharLength
0000adb3   _SPI_setBaudRate
0000adb5   _SPI_resetTxFifo
0000adb9   _SPI_resetRxFifo
0000adbd   _SPI_resetChannels
0000adc1   _SPI_reset
0000adc4   _SPI_init
0000adca   _SPI_getTxFifoStatus
0000adce   _SPI_getTxBufferStatus
0000add1   _SPI_getRxFifoStatus
0000add5   _SPI_getIntFlagStatus
0000add8   _SPI_enableTxFifoInt
0000addc   _SPI_enableTxFifoEnh
0000ade0   _SPI_enableTxFifo
0000ade4   _SPI_enableTx
0000ade7   _SPI_enableRxFifoInt
0000adeb   _SPI_enableRxFifo
0000adef   _SPI_enableOverRunInt
0000adf2   _SPI_enableLoopBack
0000adf5   _SPI_enableInt
0000adf8   _SPI_enableChannels
0000adfc   _SPI_enable
0000adff   _SPI_disableTxFifoInt
0000ae03   _SPI_disableTxFifoEnh
0000ae07   _SPI_disableTx
0000ae0a   _SPI_disableRxFifoInt
0000ae0e   _SPI_disableOverRunInt
0000ae11   _SPI_disableLoopBack
0000ae14   _SPI_disableInt
0000ae17   _SPI_clearTxFifoInt
0000ae1b   _SPI_clearRxFifoOvf
0000ae1f   _SPI_clearRxFifoInt
0000ae23   _exp
0000aec0   __log
0000af4d   _pow
0000afd4   FD$$MPY
0000b057   FS$$DIV
0000b0da   FS$$SUB
0000b0df   FS$$ADD
0000b152   _PLL_setLockPeriod
0000b157   _PLL_setDivideSelect
0000b15e   _PLL_setClkFreq
0000b164   _PLL_resetClkDetect
0000b16a   _PLL_init
0000b170   _PLL_getLockStatus
0000b173   _PLL_getDivideSelect
0000b176   _PLL_getClkStatus
0000b179   _PLL_getClkFreq
0000b17d   _PLL_enableOsc
0000b183   _PLL_enableNormRdy
0000b189   _PLL_enableClkDetect
0000b18f   _PLL_enable
0000b195   _PLL_disableOsc
0000b19b   _PLL_disableNormRdy
0000b1a1   _PLL_disableClkDetect
0000b1a7   _PLL_disable
0000b1ad   FS$$MPY
0000b207   _sqrt
0000b257   _PWR_setNumStandByClocks
0000b269   _PWR_setLowPowerMode
0000b27b   _PWR_init
0000b282   _PWR_enableWatchDogInt
0000b28d   _PWR_enableBrownOutReset
0000b290   _PWR_disableWatchDogInt
0000b29b   _PWR_disableBrownOutReset
0000b29e   _WDOG_setPreScaler
0000b2a8   _WDOG_setCount
0000b2aa   _WDOG_init
0000b2b0   _WDOG_getIntStatus
0000b2b3   _WDOG_enableOverRide
0000b2b9   _WDOG_enableInt
0000b2bf   _WDOG_enable
0000b2c8   _WDOG_disableOverRide
0000b2ce   _WDOG_disableInt
0000b2d4   _WDOG_disable
0000b2dc   _WDOG_clearCounter
0000b2e4   _OFFSET_setOffset
0000b2e6   _OFFSET_setInitCond
0000b2f5   _OFFSET_setBeta
0000b30b   _OFFSET_init
0000b31c   _OFFSET_getBeta
0000b329   _c_int00
0000b36d   _ldexp
0000b3ac   _STPOSCONV_init
0000b3e1   _TIMER_setPreScaler
0000b3ef   _TIMER_setEmulationMode
0000b3f3   _TIMER_setDecimationFactor
0000b401   _TIMER_init
0000b407   _TIMER_getStatus
0000b40a   _TIMER_enableInt
0000b40d   _TIMER_disableInt
0000b410   _TIMER_clearFlag
0000b413   _ST_initVersion
0000b444   _modf
0000b475   _OSC_setTrim
0000b47e   _OSC_setFineTrim
0000b48f   _OSC_setCoarseTrim
0000b49c   _OSC_init
0000b4a2   _STVELID_init
0000b4cd   _STVELMOVE_init
0000b4f8   _STVELCTL_init
0000b522   L$$DIV
0000b531   L$$MOD
0000b53f   UL$$DIV
0000b546   UL$$MOD
0000b54c   FS$$TOL
0000b575   _CPU_init
0000b57b   _CPU_enableProtectedRegisterWrite
0000b57e   _CPU_enableInt
0000b582   _CPU_enableGlobalInts
0000b585   _CPU_enableDebugInt
0000b588   _CPU_disableProtectedRegisterWrite
0000b58b   _CPU_disableInts
0000b58e   _CPU_disableInt
0000b593   _CPU_disableGlobalInts
0000b596   _CPU_disableDebugInt
0000b599   _CPU_clearIntFlags
0000b59c   _STVELPLAN_init
0000b5c2   FS$$TOI
0000b5e7   I$$DIV
0000b5f8   I$$MOD
0000b609   _FILTER_FO_setNumCoeffs
0000b60d   _FILTER_FO_setInitialConditions
0000b612   _FILTER_FO_setDenCoeffs
0000b614   _FILTER_FO_init
0000b61a   _FILTER_FO_getNumCoeffs
0000b620   _FILTER_FO_getInitialConditions
0000b627   _FILTER_FO_getDenCoeffs
0000b62a   FS$$TOUL
0000b64b   _FLASH_init
0000b651   _FLASH_getStandbyWaitStatus
0000b655   _FLASH_getStandbyWaitCount
0000b658   _FLASH_getPowerMode
0000b65b   _FLASH_getActiveWaitStatus
0000b65f   _FLASH_getActiveWaitCount
0000b662   _FLASH_get3VStatus
0000b665   _FLASH_clear3VStatus
0000b66b   FD$$TOL
0000b68a   FS$$TOU
0000b6a7   FS$$TOFD
0000b6c3   I$$TOFS
0000b6dd   L$$TOFS
0000b6f7   __args_main
0000b710   C$$EXIT
0000b710   _abort
0000b712   _exit
0000b729   FS$$CMP
0000b740   _frexp
0000b754   UL$$TOFS
0000b767   U$$TOFS
0000b777   __register_unlock
0000b77b   __register_lock
0000b77f   __nop
0000b788   _PIE_illegalIsr
0000b78d   FS$$NEG
0000b792   ___etext__
0000b792   __unlock
0000b792   etext
0000b794   __lock
0000b796   ___TI_cleanup_ptr
0000b798   ___TI_dtors_ptr
0000b79c   _cpu
0000b79d   _errno
0000b7c0   _gLEDcnt
0000b7c2   _Flag_Latch_softwareUpdate
0000b7c3   _gCounter_updateGlobals
0000b7c4   _gFlux_pu_to_VpHz_sf
0000b7c6   _stHandle
0000b7c8   _gFlux_pu_to_Wb_sf
0000b7ca   _gTorque_Flux_Iq_pu_to_Nm_sf
0000b7cc   _gTorque_Ls_Id_Iq_pu_to_Nm_sf
0000b7ce   _controller_obj
0000b7d0   _ctrlHandle
0000b7d2   _gMaxCurrentSlope
0000b7d4   _halHandle
0000b7d6   _gPwmData
0000b7dc   _gAdcData
0000b800   _gDrvSpi8301Vars
0000b840   _gMotorVars
0000b8c0   _gUserParams
0000b980   _st_obj
0000bb00   _hal
0000bbaa   __IQ20div
0000bbf1   __IQ24div
0000bc38   __IQ24sqrt
0000bc7a   __IQ24sinPU
0000bca3   __IQ24cosPU
0000bcca   __IQ30toF
003f861b   _EST_getState
003f861d   _EST_useZeroIq_ref
003f8679   _EST_isMotorIdentified
003f8713   _EST_updateState
003f89f5   _EST_updateId_ref_pu
003f8a18   _EST_setRs_pu
003f8adb   _EST_setMaxCurrentSlope_pu
003f8ae7   _EST_setLs_q_pu
003f8af1   _EST_setLs_qFmt
003f8b45   _EST_setLs_d_pu
003f8b63   _EST_setIq_ref_pu
003f8b67   _EST_setIdle_all
003f8b7a   _EST_setIdle
003f8b80   _EST_setId_ref_pu
003f8bd3   _EST_setFlag_enableRsRecalc
003f8bdb   _EST_setFlag_enableForceAngle
003f8c0d   _EST_getAngle_pu
003f927b   _EST_run
003f9378   _EST_isOnLine
003f937f   _EST_isLockRotor
003f9386   _EST_isIdle
003f938d   _EST_isError
003f9453   _EST_get_pu_to_krpm_sf
003f9458   _EST_get_krpm_to_pu_sf
003f94c6   _EST_getSpeed_krpm
003f9513   _EST_getRs_Ohm
003f95ad   _EST_getRr_Ohm
003f95b3   _EST_getOneOverDcBus_pu
003f95bd   _EST_getMaxCurrentSlope_pu
003f95c9   _EST_getLs_q_pu
003f95ce   _EST_getLs_q_H
003f95f0   _EST_getLs_d_pu
003f95f5   _EST_getLs_d_H
003f95ff   _EST_getLs_coarse_max_pu
003f9632   _EST_getIdRated
003f968e   _EST_getFm_pu
003f96ab   _EST_getFlux_pu
003f96be   _EST_getFlux_VpHz
003f9758   _EST_doSpeedCtrl
003f9760   _EST_doCurrentCtrl
003f9806   _CTRL_setupTraj
003f996a   _CTRL_setupEstOnLineState
003f99a5   _CTRL_setupEstIdleState
003f9b43   _CTRL_setupCtrl
003f9d31   _CTRL_setUserMotorParams
003f9e64   _CTRL_setEstParams
003fa5d1   _CTRL_runTraj
003fa6fb   _CTRL_initCtrl
003fa721   _CTRL_getVersion
003fb9ad   _s0_conf
003fb9dd   _s0_calc
003fbae7   _s2_calc
003fbb85   _s4_calc
003fbc34   _s4_conf
003fbc58   _s4_reset
003fbc6d   _spintac_rom_ver
003fbc72   _s8_reset
003fbc7d   _s8_cfg
003fbc9b   _s8_calc
003fbd37   _s8_get
003fdc30   _IQsinTable
003fdd30   _IQcosTable
003fe030   _IQsinTableEnd
003fe132   _IQcosTableEnd
003fe132   _IQdivRoundSatTable
003fe140   _IQdivTable
003fe342   _IQdivTableEnd
003fe342   _IQisqrtRoundSatTable
003fe342   _IQsqrtRoundSatTable
003fe352   _IQisqrtTable
003fe352   _IQsqrtTable
003fe454   _IQatan2HalfPITable
003fe454   _IQisqrtTableEnd
003fe454   _IQsqrtTableEnd
003fe492   _IQatan2Table
003fe618   _IQ30mpyRndSatTable
003fe618   _IQatan2TableEnd
003fe618   _IQmpyRndSatTable
003fe624   _IQ29mpyRndSatTable
003fe630   _IQ28mpyRndSatTable
003fe63c   _IQ27mpyRndSatTable
003fe648   _IQ26mpyRndSatTable
003fe654   _IQ25mpyRndSatTable
003fe660   _IQ24mpyRndSatTable
003fe66c   _IQ23mpyRndSatTable
003fe678   _IQ22mpyRndSatTable
003fe684   _IQ21mpyRndSatTable
003fe690   _IQ20mpyRndSatTable
003fe69c   _IQ19mpyRndSatTable
003fe6a8   _IQ18mpyRndSatTable
003fe6b4   _IQ17mpyRndSatTable
003fe6c0   _IQ16mpyRndSatTable
003fe6cc   _IQ15mpyRndSatTable
003fe6d8   _IQ14mpyRndSatTable
003fe6e4   _IQ13mpyRndSatTable
003fe6f0   _IQ12mpyRndSatTable
003fe6fc   _IQ11mpyRndSatTable
003fe708   _IQ10mpyRndSatTable
003fe714   _IQ9mpyRndSatTable
003fe720   _IQ8mpyRndSatTable
003fe72c   _IQ7mpyRndSatTable
003fe738   _IQ6mpyRndSatTable
003fe744   _IQ5mpyRndSatTable
003fe750   _IQ4mpyRndSatTable
003fe75c   _IQ3mpyRndSatTable
003fe768   _IQ2mpyRndSatTable
003fe774   _IQ1mpyRndSatTable
003fe780   _IQmpyRndSatTableEnd
ffffffff   ___binit__
ffffffff   ___c_args__
ffffffff   ___pinit__
ffffffff   binit
ffffffff   pinit

[741 symbols]
