******************************************************************************
             TMS320C2000 Linker PC v6.2.7                      
******************************************************************************
>> Linked Thu Jul 21 16:12:40 2016

OUTPUT FILE NAME:   <proj_lab03a.out>
ENTRY POINT SYMBOL: "_c_int00"  address: 003f2950


MEMORY CONFIGURATION

         name            origin    length      used     unused   attr    fill
----------------------  --------  ---------  --------  --------  ----  --------
PAGE 0:
  RAML0_1               00008000   00000c00  00000637  000005c9  RWIX
  OTP                   003d7800   00000400  00000000  00000400  RWIX
  FLASHH                003d8000   00004000  00000000  00004000  RWIX
  FLASHG                003dc000   00004000  00000000  00004000  RWIX
  FLASHF                003e0000   00004000  00000000  00004000  RWIX
  FLASHE                003e4000   00004000  00000000  00004000  RWIX
  FLASHD                003e8000   00004000  00000637  000039c9  RWIX
  FLASHC                003ec000   00004000  00000000  00004000  RWIX
  FLASHA_B              003f0000   00007f80  00002e2a  00005156  RWIX
  CSM_RSVD              003f7f80   00000076  00000000  00000076  RWIX
  BEGIN                 003f7ff6   00000002  00000002  00000000  RWIX
  CSM_PWL_P0            003f7ff8   00000008  00000000  00000008  RWIX
  FPUTABLES             003fd590   000006a0  00000000  000006a0  RWIX
  IQTABLES              003fdc30   00000b50  00000b50  00000000  RWIX
  IQTABLES2             003fe780   0000008c  00000000  0000008c  RWIX
  IQTABLES3             003fe80c   000000aa  00000000  000000aa  RWIX
  ROM                   003ff3b0   00000c10  00000000  00000c10  RWIX
  RESET                 003fffc0   00000002  00000000  00000002  RWIX
  VECTORS               003fffc2   0000003e  00000000  0000003e  RWIX

PAGE 1:
  BOOT_RSVD             00000000   00000050  00000000  00000050  RWIX
  RAMM0                 00000050   000003b0  000003b0  00000000  RWIX
  RAMM1                 00000400   00000400  00000000  00000400  RWIX
  RAML2_3               00008c00   00001400  0000026a  00001196  RWIX
  RAML4                 0000a000   00002000  00000000  00002000  RWIX
  RAML5                 0000c000   00002000  00000000  00002000  RWIX
  RAML6                 0000e000   00002000  00000000  00002000  RWIX
  RAML7                 00010000   00002000  00000000  00002000  RWIX
  RAML8                 00012000   00001800  00000000  00001800  RWIX
  USB_RAM               00040000   00000800  00000000  00000800  RWIX


SECTION ALLOCATION MAP

 output                                  attributes/
section   page    origin      length       input sections
--------  ----  ----------  ----------   ----------------
.pinit     0    003f0000    00000000     UNINITIALIZED

ramfuncs   0    003e8000    00000637     RUN ADDR = 00008000
                  003e8000    0000051c     ctrl.obj (ramfuncs)
                  003e851c    000000c1     proj_lab03a.obj (ramfuncs:retain)
                  003e85dd    00000032     flash.obj (ramfuncs)
                  003e860f    00000024     hal.obj (ramfuncs)
                  003e8633    00000004     usDelay.obj (ramfuncs)

.text      0    003f0000    00002c93     
                  003f0000    00000ab1     hal.obj (.text)
                  003f0ab1    0000048a     user.obj (.text)
                  003f0f3b    00000441     ctrl.obj (.text)
                  003f137c    000002f0     pwm.obj (.text)
                  003f166c    000002b8     drv8301.obj (.text)
                  003f1924    00000269     proj_lab03a.obj (.text)
                  003f1b8d    000001fb     adc.obj (.text)
                  003f1d88    00000193     gpio.obj (.text)
                  003f1f1b    0000018a     clk.obj (.text)
                  003f20a5    0000010e     pie.obj (.text)
                  003f21b3    000000ff     sci.obj (.text)
                  003f22b2    000000aa     rts2800_ml.lib : log.obj (.text)
                  003f235c    000000a9     spi.obj (.text)
                  003f2405    0000009d     rts2800_ml.lib : exp.obj (.text)
                  003f24a2    0000008d                    : _log.obj (.text)
                  003f252f    00000087                    : pow.obj (.text)
                  003f25b6    00000083                    : fd_mpy.obj (.text)
                  003f2639    00000083                    : fs_div.obj (.text)
                  003f26bc    00000078                    : fs_add.obj (.text)
                  003f2734    0000005b     pll.obj (.text)
                  003f278f    0000005a     rts2800_ml.lib : fs_mpy.obj (.text)
                  003f27e9    00000050                    : sqrt.obj (.text)
                  003f2839    00000047     pwr.obj (.text)
                  003f2880    00000046     wdog.obj (.text)
                  003f28c6    00000045     offset.obj (.text)
                  003f290b    00000045     proj_lab03a.obj (.text:retain)
                  003f2950    00000044     rts2800_ml.lib : boot.obj (.text)
                  003f2994    0000003f                    : ldexp.obj (.text)
                  003f29d3    00000032     timer.obj (.text)
                  003f2a05    00000031     rts2800_ml.lib : modf.obj (.text)
                  003f2a36    0000002d     osc.obj (.text)
                  003f2a63    00000029     rts2800_ml.lib : fs_tol.obj (.text)
                  003f2a8c    00000027     cpu.obj (.text)
                  003f2ab3    00000025     rts2800_ml.lib : fs_toi.obj (.text)
                  003f2ad8    00000022                    : i_div.obj (.text)
                  003f2afa    00000021     filter_fo.obj (.text)
                  003f2b1b    00000021     rts2800_ml.lib : fs_toul.obj (.text)
                  003f2b3c    00000020     flash.obj (.text)
                  003f2b5c    0000001f     rts2800_ml.lib : fd_tol.obj (.text)
                  003f2b7b    0000001d                    : fs_tou.obj (.text)
                  003f2b98    0000001c                    : fs_tofd.obj (.text)
                  003f2bb4    0000001a                    : i_tofs.obj (.text)
                  003f2bce    0000001a                    : l_tofs.obj (.text)
                  003f2be8    00000019                    : args_main.obj (.text)
                  003f2c01    00000019                    : exit.obj (.text)
                  003f2c1a    00000017                    : fs_cmp.obj (.text)
                  003f2c31    00000014                    : frexp.obj (.text)
                  003f2c45    00000013                    : ul_tofs.obj (.text)
                  003f2c58    00000010     memCopy.obj (.text)
                  003f2c68    00000010     rts2800_ml.lib : u_tofs.obj (.text)
                  003f2c78    00000009                    : _lock.obj (.text)
                  003f2c81    00000008     CodeStartBranch.obj (.text)
                  003f2c89    00000005     pie.obj (.text:retain)
                  003f2c8e    00000005     rts2800_ml.lib : fs_neg.obj (.text)

.cinit     0    003f2c93    000000bb     
                  003f2c93    0000009d     proj_lab03a.obj (.cinit)
                  003f2d30    0000000a     rts2800_ml.lib : _lock.obj (.cinit)
                  003f2d3a    0000000a                    : exit.obj (.cinit)
                  003f2d44    00000004     drv8301.obj (.cinit)
                  003f2d48    00000004     rts2800_ml.lib : errno.obj (.cinit)
                  003f2d4c    00000002     --HOLE-- [fill = 0]

IQmath     0    003f2d4e    000000a6     
                  003f2d4e    00000042     IQmath.lib : IQ24sqrt.obj (IQmath)
                  003f2d90    00000029                : IQ24sinPU.obj (IQmath)
                  003f2db9    00000027                : IQ24cosPU.obj (IQmath)
                  003f2de0    00000014                : IQ30toF.obj (IQmath)

.econst    0    003f2df4    00000036     
                  003f2df4    0000001c     ctrl.obj (.econst)
                  003f2e10    0000000e     proj_lab03a.obj (.econst:.string)
                  003f2e1e    00000008     user.obj (.econst)
                  003f2e26    00000004     hal.obj (.econst)

codestart 
*          0    003f7ff6    00000002     
                  003f7ff6    00000002     CodeStartBranch.obj (codestart)

IQmathTables 
*          0    003fdc30    00000b50     NOLOAD SECTION
                  003fdc30    00000b50     IQmath.lib : IQmathTables.obj (IQmathTables)

.reset     0    003fffc0    00000002     DSECT
                  003fffc0    00000002     rts2800_ml.lib : boot.obj (.reset)

vectors    0    003fffc2    00000000     DSECT

.stack     1    00000050    000003b0     UNINITIALIZED
                  00000050    000003b0     --HOLE--

.ebss      1    00008c00    0000026a     UNINITIALIZED
                  00008c00    000001ac     proj_lab03a.obj (.ebss)
                  00008dac    00000004     rts2800_ml.lib : _lock.obj (.ebss)
                  00008db0    00000004                    : exit.obj (.ebss)
                  00008db4    00000002     drv8301.obj (.ebss)
                  00008db6    00000001     cpu.obj (.ebss)
                  00008db7    00000001     rts2800_ml.lib : errno.obj (.ebss)
                  00008db8    00000008     --HOLE--
                  00008dc0    000000aa     hal.obj (.ebss)


GLOBAL DATA SYMBOLS: SORTED BY DATA PAGE

address     data page           name
--------    ----------------    ----
00000050       1 (00000040)     __stack

00008c00     230 (00008c00)     _Flag_Latch_softwareUpdate
00008c01     230 (00008c00)     _gCounter_updateGlobals
00008c02     230 (00008c00)     _i
00008c03     230 (00008c00)     _gLEDcnt
00008c04     230 (00008c00)     _controller_obj
00008c06     230 (00008c00)     _data
00008c08     230 (00008c00)     _data1
00008c0a     230 (00008c00)     _gMaxCurrentSlope
00008c0c     230 (00008c00)     _ctrlHandle
00008c0e     230 (00008c00)     _halHandle
00008c10     230 (00008c00)     _gFlux_pu_to_Wb_sf
00008c12     230 (00008c00)     _gTorque_Ls_Id_Iq_pu_to_Nm_sf
00008c14     230 (00008c00)     _gFlux_pu_to_VpHz_sf
00008c16     230 (00008c00)     _gTorque_Flux_Iq_pu_to_Nm_sf
00008c18     230 (00008c00)     _data3
00008c1a     230 (00008c00)     _data2
00008c1c     230 (00008c00)     _gPwmData
00008c22     230 (00008c00)     _gAdcData

00008c40     231 (00008c40)     _gDrvSpi8301Vars

00008c80     232 (00008c80)     _gMotorVars

00008d00     234 (00008d00)     _gUserParams

00008dac     236 (00008d80)     __unlock
00008dae     236 (00008d80)     __lock
00008db0     236 (00008d80)     ___TI_cleanup_ptr
00008db2     236 (00008d80)     ___TI_dtors_ptr
00008db6     236 (00008d80)     _cpu
00008db7     236 (00008d80)     _errno

00008dc0     237 (00008dc0)     _hal

003f2d4e    fcb5 (003f2d40)     __IQ24sqrt

003f2d90    fcb6 (003f2d80)     __IQ24sinPU
003f2db9    fcb6 (003f2d80)     __IQ24cosPU

003f2de0    fcb7 (003f2dc0)     __IQ30toF

003fdc30    ff70 (003fdc00)     _IQsinTable

003fdd30    ff74 (003fdd00)     _IQcosTable

003fe030    ff80 (003fe000)     _IQsinTableEnd

003fe132    ff84 (003fe100)     _IQcosTableEnd
003fe132    ff84 (003fe100)     _IQdivRoundSatTable

003fe140    ff85 (003fe140)     _IQdivTable

003fe342    ff8d (003fe340)     _IQdivTableEnd
003fe342    ff8d (003fe340)     _IQisqrtRoundSatTable
003fe342    ff8d (003fe340)     _IQsqrtRoundSatTable
003fe352    ff8d (003fe340)     _IQisqrtTable
003fe352    ff8d (003fe340)     _IQsqrtTable

003fe454    ff91 (003fe440)     _IQatan2HalfPITable
003fe454    ff91 (003fe440)     _IQisqrtTableEnd
003fe454    ff91 (003fe440)     _IQsqrtTableEnd

003fe492    ff92 (003fe480)     _IQatan2Table

003fe618    ff98 (003fe600)     _IQ30mpyRndSatTable
003fe618    ff98 (003fe600)     _IQatan2TableEnd
003fe618    ff98 (003fe600)     _IQmpyRndSatTable
003fe624    ff98 (003fe600)     _IQ29mpyRndSatTable
003fe630    ff98 (003fe600)     _IQ28mpyRndSatTable
003fe63c    ff98 (003fe600)     _IQ27mpyRndSatTable

003fe648    ff99 (003fe640)     _IQ26mpyRndSatTable
003fe654    ff99 (003fe640)     _IQ25mpyRndSatTable
003fe660    ff99 (003fe640)     _IQ24mpyRndSatTable
003fe66c    ff99 (003fe640)     _IQ23mpyRndSatTable
003fe678    ff99 (003fe640)     _IQ22mpyRndSatTable

003fe684    ff9a (003fe680)     _IQ21mpyRndSatTable
003fe690    ff9a (003fe680)     _IQ20mpyRndSatTable
003fe69c    ff9a (003fe680)     _IQ19mpyRndSatTable
003fe6a8    ff9a (003fe680)     _IQ18mpyRndSatTable
003fe6b4    ff9a (003fe680)     _IQ17mpyRndSatTable

003fe6c0    ff9b (003fe6c0)     _IQ16mpyRndSatTable
003fe6cc    ff9b (003fe6c0)     _IQ15mpyRndSatTable
003fe6d8    ff9b (003fe6c0)     _IQ14mpyRndSatTable
003fe6e4    ff9b (003fe6c0)     _IQ13mpyRndSatTable
003fe6f0    ff9b (003fe6c0)     _IQ12mpyRndSatTable
003fe6fc    ff9b (003fe6c0)     _IQ11mpyRndSatTable

003fe708    ff9c (003fe700)     _IQ10mpyRndSatTable
003fe714    ff9c (003fe700)     _IQ9mpyRndSatTable
003fe720    ff9c (003fe700)     _IQ8mpyRndSatTable
003fe72c    ff9c (003fe700)     _IQ7mpyRndSatTable
003fe738    ff9c (003fe700)     _IQ6mpyRndSatTable

003fe744    ff9d (003fe740)     _IQ5mpyRndSatTable
003fe750    ff9d (003fe740)     _IQ4mpyRndSatTable
003fe75c    ff9d (003fe740)     _IQ3mpyRndSatTable
003fe768    ff9d (003fe740)     _IQ2mpyRndSatTable
003fe774    ff9d (003fe740)     _IQ1mpyRndSatTable

003fe780    ff9e (003fe780)     _IQmpyRndSatTableEnd


GLOBAL SYMBOLS: SORTED ALPHABETICALLY BY Name 

address    name
--------   ----
003f0000   .text
003f2c01   C$$EXIT
003f25b6   FD$$MPY
003f2b5c   FD$$TOL
003f26c1   FS$$ADD
003f2c1a   FS$$CMP
003f2639   FS$$DIV
003f278f   FS$$MPY
003f2c8e   FS$$NEG
003f26bc   FS$$SUB
003f2b98   FS$$TOFD
003f2ab3   FS$$TOI
003f2a63   FS$$TOL
003f2b7b   FS$$TOU
003f2b1b   FS$$TOUL
003f2ad8   I$$DIV
003f2ae9   I$$MOD
003f2bb4   I$$TOFS
003f2bce   L$$TOFS
003f2c68   U$$TOFS
003f2c45   UL$$TOFS
003f1d7d   _ADC_disable
003f1d72   _ADC_disableBandGap
003f1d57   _ADC_disableInt
003f1d4c   _ADC_disableNoOverlapMode
003f1d41   _ADC_disableRefBuffers
003f1d36   _ADC_disableVoltRefLoConv
003f1d2b   _ADC_enable
003f1d20   _ADC_enableBandGap
003f1d09   _ADC_enableInt
003f1cfe   _ADC_enableNoOverlapMode
003f1cf3   _ADC_enableRefBuffers
003f1ce8   _ADC_enableVoltRefLoConv
003f1ce0   _ADC_getDivideSelect
003f1cd9   _ADC_init
003f1cce   _ADC_powerDown
003f1cc3   _ADC_powerUp
003f1cb8   _ADC_reset
003f1ca6   _ADC_setDivideSelect
003f1c89   _ADC_setIntMode
003f1c77   _ADC_setIntPulseGenMode
003f1c5a   _ADC_setIntSrc
003f1c53   _ADC_setOffTrim
003f1c3b   _ADC_setSampleMode
003f1c26   _ADC_setSampleOverlapMode
003f1c13   _ADC_setSocChanNumber
003f1c09   _ADC_setSocFrc
003f1c02   _ADC_setSocFrcWord
003f1bef   _ADC_setSocSampleDelay
003f1bdc   _ADC_setSocTrigSrc
003f1bca   _ADC_setTempSensorSrc
003f1bb8   _ADC_setVoltRefSrc
003f1b8d   _ADC_setupSocTrigSrc
003f209e   _CLK_disableAdcClock
003f2097   _CLK_disableClaClock
003f2091   _CLK_disableClkIn
003f208d   _CLK_disableCompClock
003f2086   _CLK_disableCpuTimerClock
003f2080   _CLK_disableCrystalOsc
003f2079   _CLK_disableEcanaClock
003f2072   _CLK_disableEcap1Clock
003f206b   _CLK_disableEqep1Clock
003f2064   _CLK_disableEqep2Clock
003f205d   _CLK_disableGpioInputClock
003f2056   _CLK_disableHrPwmClock
003f204f   _CLK_disableI2cClock
003f2048   _CLK_disableLinAClock
003f2042   _CLK_disableOsc1
003f203c   _CLK_disableOsc1HaltMode
003f2036   _CLK_disableOsc2
003f2030   _CLK_disableOsc2HaltMode
003f2026   _CLK_disablePwmClock
003f201f   _CLK_disableSciaClock
003f2018   _CLK_disableScibClock
003f2011   _CLK_disableSpiaClock
003f200d   _CLK_disableSpibClock
003f2006   _CLK_disableTbClockSync
003f2000   _CLK_disableWatchDogHaltMode
003f1ff9   _CLK_enableAdcClock
003f1ff2   _CLK_enableClaClock
003f1fec   _CLK_enableClkIn
003f1fe6   _CLK_enableCompClock
003f1fe0   _CLK_enableCpuTimerClock
003f1fda   _CLK_enableCrystalOsc
003f1fd3   _CLK_enableEcanaClock
003f1fcc   _CLK_enableEcap1Clock
003f1fc5   _CLK_enableEqep1Clock
003f1fbe   _CLK_enableEqep2Clock
003f1fb7   _CLK_enableGpioInputClock
003f1fb0   _CLK_enableHrPwmClock
003f1fa9   _CLK_enableI2cClock
003f1fa2   _CLK_enableLinAClock
003f1f9c   _CLK_enableOsc1
003f1f96   _CLK_enableOsc1HaltMode
003f1f90   _CLK_enableOsc2
003f1f8a   _CLK_enableOsc2HaltMode
003f1f81   _CLK_enablePwmClock
003f1f7a   _CLK_enableSciaClock
003f1f73   _CLK_enableScibClock
003f1f6c   _CLK_enableSpiaClock
003f1f65   _CLK_enableSpibClock
003f1f5e   _CLK_enableTbClockSync
003f1f58   _CLK_enableWatchDogHaltMode
003f1f52   _CLK_init
003f1f4b   _CLK_setClkOutPreScaler
003f1f45   _CLK_setLowSpdPreScaler
003f1f3e   _CLK_setOsc2Src
003f1f37   _CLK_setOscSrc
003f1f30   _CLK_setTimer2PreScale
003f1f29   _CLK_setTimer2Src
003f1f22   _CLK_setWatchDogSrc
003f1f1b   _CLK_setXClkInSrc
003f2ab0   _CPU_clearIntFlags
003f2aad   _CPU_disableDebugInt
003f2aaa   _CPU_disableGlobalInts
003f2aa5   _CPU_disableInt
003f2aa2   _CPU_disableInts
003f2a9f   _CPU_disableProtectedRegisterWrite
003f2a9c   _CPU_enableDebugInt
003f2a99   _CPU_enableGlobalInts
003f2a95   _CPU_enableInt
003f2a92   _CPU_enableProtectedRegisterWrite
003f2a8c   _CPU_init
003f1340   _CTRL_getGains
003f1338   _CTRL_getIab_filt_pu
003f1330   _CTRL_getIab_in_pu
003f1328   _CTRL_getIdq_in_pu
003f1320   _CTRL_getIdq_ref_pu
003f1379   _CTRL_getMagCurrent_pu
003f1376   _CTRL_getMaximumSpeed_pu
003f1318   _CTRL_getVab_in_pu
003f1310   _CTRL_getVab_out_pu
003f1308   _CTRL_getVdq_out_pu
003fa721   _CTRL_getVersion
003f12ff   _CTRL_getWaitTimes
003fa6fb   _CTRL_initCtrl
0000800a   _CTRL_run
003fa5d1   _CTRL_runTraj
003f9e64   _CTRL_setEstParams
003f109b   _CTRL_setGains
003f1370   _CTRL_setMagCurrent_pu
003f1373   _CTRL_setMaximumSpeed_pu
003f10c3   _CTRL_setParams
003f1088   _CTRL_setSpd_ref_krpm
003f1085   _CTRL_setSpd_ref_pu
003f9d31   _CTRL_setUserMotorParams
003f107c   _CTRL_setWaitTimes
00008000   _CTRL_setup
003f1060   _CTRL_setupClarke_I
003f104a   _CTRL_setupClarke_V
003f9b43   _CTRL_setupCtrl
003f99a5   _CTRL_setupEstIdleState
003f996a   _CTRL_setupEstOnLineState
003f9806   _CTRL_setupTraj
003f0fed   _CTRL_setup_user
003f0f3b   _CTRL_updateState
003f1902   _DRV8301_enable
003f18f0   _DRV8301_getDcCalMode
003f18d5   _DRV8301_getFaultType
003f18cf   _DRV8301_getId
003f18c8   _DRV8301_getOcLevel
003f18c1   _DRV8301_getOcMode
003f18ba   _DRV8301_getOcOffTimeMode
003f18b3   _DRV8301_getOcTwMode
003f18ac   _DRV8301_getPeakCurrent
003f18a5   _DRV8301_getPwmMode
003f189e   _DRV8301_getShuntAmpGain
003f1895   _DRV8301_init
003f188f   _DRV8301_isFault
003f1888   _DRV8301_isReset
003f181d   _DRV8301_readData
003f16ab   _DRV8301_readSpi
003f180e   _DRV8301_reset
003f17ef   _DRV8301_setDcCalMode
003f17ed   _DRV8301_setGpioHandle
003f17eb   _DRV8301_setGpioNumber
003f17d7   _DRV8301_setOcLevel
003f17c3   _DRV8301_setOcMode
003f17af   _DRV8301_setOcOffTimeMode
003f179b   _DRV8301_setOcTwMode
003f1787   _DRV8301_setPeakCurrent
003f1773   _DRV8301_setPwmMode
003f175f   _DRV8301_setShuntAmpGain
003f175d   _DRV8301_setSpiHandle
003f16e1   _DRV8301_setupSpi
003f1682   _DRV8301_writeData
003f166c   _DRV8301_writeSpi
003f9760   _EST_doCurrentCtrl
003f9758   _EST_doSpeedCtrl
003f8c0d   _EST_getAngle_pu
003f96be   _EST_getFlux_VpHz
003f96ab   _EST_getFlux_pu
003f968e   _EST_getFm_pu
003f9632   _EST_getIdRated
003f95ff   _EST_getLs_coarse_max_pu
003f95f5   _EST_getLs_d_H
003f95f0   _EST_getLs_d_pu
003f95ce   _EST_getLs_q_H
003f95c9   _EST_getLs_q_pu
003f95bd   _EST_getMaxCurrentSlope_pu
003f95b3   _EST_getOneOverDcBus_pu
003f95ad   _EST_getRr_Ohm
003f9513   _EST_getRs_Ohm
003f94c6   _EST_getSpeed_krpm
003f861b   _EST_getState
003f9458   _EST_get_krpm_to_pu_sf
003f9453   _EST_get_pu_to_krpm_sf
003f938d   _EST_isError
003f9386   _EST_isIdle
003f937f   _EST_isLockRotor
003f8679   _EST_isMotorIdentified
003f9378   _EST_isOnLine
003f927b   _EST_run
003f8bdb   _EST_setFlag_enableForceAngle
003f8b80   _EST_setId_ref_pu
003f8b7a   _EST_setIdle
003f8b67   _EST_setIdle_all
003f8b63   _EST_setIq_ref_pu
003f8b45   _EST_setLs_d_pu
003f8af1   _EST_setLs_qFmt
003f8ae7   _EST_setLs_q_pu
003f8adb   _EST_setMaxCurrentSlope_pu
003f8a18   _EST_setRs_pu
003f89f5   _EST_updateId_ref_pu
003f8713   _EST_updateState
003f861d   _EST_useZeroIq_ref
003f2b18   _FILTER_FO_getDenCoeffs
003f2b11   _FILTER_FO_getInitialConditions
003f2b0b   _FILTER_FO_getNumCoeffs
003f2b05   _FILTER_FO_init
003f2b03   _FILTER_FO_setDenCoeffs
003f2afe   _FILTER_FO_setInitialConditions
003f2afa   _FILTER_FO_setNumCoeffs
003f2b56   _FLASH_clear3VStatus
00008609   _FLASH_disablePipelineMode
00008603   _FLASH_enablePipelineMode
003f2b53   _FLASH_get3VStatus
003f2b50   _FLASH_getActiveWaitCount
003f2b4c   _FLASH_getActiveWaitStatus
003f2b49   _FLASH_getPowerMode
003f2b46   _FLASH_getStandbyWaitCount
003f2b42   _FLASH_getStandbyWaitStatus
003f2b3c   _FLASH_init
000085fe   _FLASH_setActiveWaitCount
000085f7   _FLASH_setNumPagedReadWaitStates
000085f0   _FLASH_setNumRandomReadWaitStates
000085e9   _FLASH_setOtpWaitStates
000085e2   _FLASH_setPowerMode
000085dd   _FLASH_setStandbyWaitCount
00008c00   _Flag_Latch_softwareUpdate
003f1f0b   _GPIO_getData
003f1f04   _GPIO_getPortData
003f1efe   _GPIO_init
003f1ef4   _GPIO_lpmSelect
003f1ece   _GPIO_read
003f1eb3   _GPIO_setDirection
003f1ea8   _GPIO_setExtInt
003f1e95   _GPIO_setHigh
003f1e82   _GPIO_setLow
003f1e48   _GPIO_setMode
003f1e3d   _GPIO_setPortData
003f1e22   _GPIO_setPullup
003f1de2   _GPIO_setQualification
003f1d9b   _GPIO_setQualificationPeriod
003f1d88   _GPIO_toggle
003f05a9   _HAL_AdcCalChanSelect
003f0600   _HAL_AdcCalConversion
003f0757   _HAL_AdcOffsetSelfCal
003f081c   _HAL_OscTempComp
003f086f   _HAL_cal
003f0aad   _HAL_disableGlobalInts
003f0994   _HAL_disableWdog
003f0a9b   _HAL_enableAdcInts
003f0a97   _HAL_enableDebugInt
003f0a92   _HAL_enableDrv
003f0a8e   _HAL_enableGlobalInts
003f0a7d   _HAL_enablePwmInt
003f0a6d   _HAL_enableTimer0Int
003f078a   _HAL_getOscTrimValue
003f0999   _HAL_init
003f079e   _HAL_osc1Comp
003f07dd   _HAL_osc2Comp
003f098f   _HAL_readDrvData
003f0886   _HAL_setParams
003f04f1   _HAL_setupAdcs
003f04d5   _HAL_setupClks
003f04d0   _HAL_setupDrvSpi
003f04b1   _HAL_setupFaults
0000860f   _HAL_setupFlash
003f049c   _HAL_setupGate
003f02fd   _HAL_setupGpios
003f02b0   _HAL_setupPeripheralClks
003f0294   _HAL_setupPie
003f0256   _HAL_setupPll
003f01cb   _HAL_setupPwmDacs
003f0103   _HAL_setupPwms
003f00b8   _HAL_setupSCI
003f0072   _HAL_setupSpiA
003f003c   _HAL_setupSpiB
003f0005   _HAL_setupTimers
003f0000   _HAL_writeDrvData
003fe708   _IQ10mpyRndSatTable
003fe6fc   _IQ11mpyRndSatTable
003fe6f0   _IQ12mpyRndSatTable
003fe6e4   _IQ13mpyRndSatTable
003fe6d8   _IQ14mpyRndSatTable
003fe6cc   _IQ15mpyRndSatTable
003fe6c0   _IQ16mpyRndSatTable
003fe6b4   _IQ17mpyRndSatTable
003fe6a8   _IQ18mpyRndSatTable
003fe69c   _IQ19mpyRndSatTable
003fe774   _IQ1mpyRndSatTable
003fe690   _IQ20mpyRndSatTable
003fe684   _IQ21mpyRndSatTable
003fe678   _IQ22mpyRndSatTable
003fe66c   _IQ23mpyRndSatTable
003fe660   _IQ24mpyRndSatTable
003fe654   _IQ25mpyRndSatTable
003fe648   _IQ26mpyRndSatTable
003fe63c   _IQ27mpyRndSatTable
003fe630   _IQ28mpyRndSatTable
003fe624   _IQ29mpyRndSatTable
003fe768   _IQ2mpyRndSatTable
003fe618   _IQ30mpyRndSatTable
003fe75c   _IQ3mpyRndSatTable
003fe750   _IQ4mpyRndSatTable
003fe744   _IQ5mpyRndSatTable
003fe738   _IQ6mpyRndSatTable
003fe72c   _IQ7mpyRndSatTable
003fe720   _IQ8mpyRndSatTable
003fe714   _IQ9mpyRndSatTable
003fe454   _IQatan2HalfPITable
003fe492   _IQatan2Table
003fe618   _IQatan2TableEnd
003fdd30   _IQcosTable
003fe132   _IQcosTableEnd
003fe132   _IQdivRoundSatTable
003fe140   _IQdivTable
003fe342   _IQdivTableEnd
003fe342   _IQisqrtRoundSatTable
003fe352   _IQisqrtTable
003fe454   _IQisqrtTableEnd
003fe618   _IQmpyRndSatTable
003fe780   _IQmpyRndSatTableEnd
003fdc30   _IQsinTable
003fe030   _IQsinTableEnd
003fe342   _IQsqrtRoundSatTable
003fe352   _IQsqrtTable
003fe454   _IQsqrtTableEnd
003f28fe   _OFFSET_getBeta
003f28ed   _OFFSET_init
003f28d7   _OFFSET_setBeta
003f28c8   _OFFSET_setInitCond
003f28c6   _OFFSET_setOffset
003f2a5d   _OSC_init
003f2a50   _OSC_setCoarseTrim
003f2a3f   _OSC_setFineTrim
003f2a36   _OSC_setTrim
003f21a9   _PIE_clearAllFlags
003f21a6   _PIE_clearAllInts
003f21a3   _PIE_disable
003f2199   _PIE_disableAllInts
003f2195   _PIE_disableCaptureInt
003f2188   _PIE_disableExtInt
003f217d   _PIE_disableInt
003f217a   _PIE_enable
003f215e   _PIE_enableAdcInt
003f215a   _PIE_enableCaptureInt
003f2137   _PIE_enableExtInt
003f212d   _PIE_enableInt
003f2128   _PIE_enablePwmInt
003f2123   _PIE_enablePwmTzInt
003f2120   _PIE_enableTimer0Int
003f2116   _PIE_forceInt
003f210e   _PIE_getExtIntCount
003f2107   _PIE_getIntEnables
003f2100   _PIE_getIntFlags
003f2c89   _PIE_illegalIsr
003f20f9   _PIE_init
003f20ea   _PIE_registerPieIntHandler
003f20df   _PIE_registerSystemIntHandler
003f20d3   _PIE_setDefaultIntVectorTable
003f20c3   _PIE_setExtIntPolarity
003f20b2   _PIE_unregisterPieIntHandler
003f20a5   _PIE_unregisterSystemIntHandler
003f2789   _PLL_disable
003f2783   _PLL_disableClkDetect
003f277d   _PLL_disableNormRdy
003f2777   _PLL_disableOsc
003f2771   _PLL_enable
003f276b   _PLL_enableClkDetect
003f2765   _PLL_enableNormRdy
003f275f   _PLL_enableOsc
003f275b   _PLL_getClkFreq
003f2758   _PLL_getClkStatus
003f2755   _PLL_getDivideSelect
003f2752   _PLL_getLockStatus
003f274c   _PLL_init
003f2746   _PLL_resetClkDetect
003f2740   _PLL_setClkFreq
003f2739   _PLL_setDivideSelect
003f2734   _PLL_setLockPeriod
003f1666   _PWM_clearTripZone
003f1663   _PWM_decrementDeadBandFallingEdgeDelay
003f1660   _PWM_decrementDeadBandRisingEdgeDelay
003f1659   _PWM_disableAutoConvert
003f1655   _PWM_disableChopping
003f1652   _PWM_disableCounterLoad
003f164f   _PWM_disableDeadBand
003f164b   _PWM_disableDeadBandHalfCycle
003f1644   _PWM_disableDigitalCompareBlankingWindow
003f163d   _PWM_disableDigitalCompareBlankingWindowInversion
003f1636   _PWM_disableHrPeriod
003f162f   _PWM_disableHrPhaseSync
003f162b   _PWM_disableInt
003f1627   _PWM_disableSocAPulse
003f1623   _PWM_disableSocBPulse
003f161c   _PWM_disableTripZoneInt
003f1615   _PWM_disableTripZoneSrc
003f160f   _PWM_disableTripZones
003f1608   _PWM_enableAutoConvert
003f1604   _PWM_enableChopping
003f1601   _PWM_enableCounterLoad
003f15fd   _PWM_enableDeadBandHalfCycle
003f15f6   _PWM_enableDigitalCompareBlankingWindow
003f15ef   _PWM_enableDigitalCompareBlankingWindowInversion
003f15e8   _PWM_enableHrPeriod
003f15e1   _PWM_enableHrPhaseSync
003f15dd   _PWM_enableInt
003f15d9   _PWM_enableSocAPulse
003f15d5   _PWM_enableSocBPulse
003f15cf   _PWM_enableTripZoneInt
003f15c9   _PWM_enableTripZoneSrc
003f15c6   _PWM_getDeadBandFallingEdgeDelay
003f15c3   _PWM_getDeadBandRisingEdgeDelay
003f15bf   _PWM_getIntCount
003f15bb   _PWM_getShadowStatus_CmpA
003f15b7   _PWM_getShadowStatus_CmpB
003f15b2   _PWM_getSocACount
003f15ad   _PWM_getSocBCount
003f15aa   _PWM_incrementDeadBandFallingEdgeDelay
003f15a7   _PWM_incrementDeadBandRisingEdgeDelay
003f15a1   _PWM_init
003f159a   _PWM_setActionQualContSWForce_PwmA
003f1591   _PWM_setActionQualContSWForce_PwmB
003f1588   _PWM_setActionQual_CntDown_CmpA_PwmA
003f157f   _PWM_setActionQual_CntDown_CmpA_PwmB
003f1576   _PWM_setActionQual_CntDown_CmpB_PwmA
003f156d   _PWM_setActionQual_CntDown_CmpB_PwmB
003f1564   _PWM_setActionQual_CntUp_CmpA_PwmA
003f155b   _PWM_setActionQual_CntUp_CmpA_PwmB
003f1552   _PWM_setActionQual_CntUp_CmpB_PwmA
003f1549   _PWM_setActionQual_CntUp_CmpB_PwmB
003f1540   _PWM_setActionQual_Period_PwmA
003f1537   _PWM_setActionQual_Period_PwmB
003f1530   _PWM_setActionQual_Zero_PwmA
003f1529   _PWM_setActionQual_Zero_PwmB
003f1522   _PWM_setChoppingClkFreq
003f151b   _PWM_setChoppingDutyCycle
003f1514   _PWM_setChoppingPulseWidth
003f1510   _PWM_setClkDiv
003f150e   _PWM_setCount
003f150a   _PWM_setCounterMode
003f1507   _PWM_setDeadBandFallingEdgeDelay
003f1500   _PWM_setDeadBandInputMode
003f14f9   _PWM_setDeadBandOutputMode
003f14f2   _PWM_setDeadBandPolarity
003f14ef   _PWM_setDeadBandRisingEdgeDelay
003f14d8   _PWM_setDigitalCompareAEvent1
003f14c8   _PWM_setDigitalCompareAEvent2
003f14b1   _PWM_setDigitalCompareBEvent1
003f14a1   _PWM_setDigitalCompareBEvent2
003f1495   _PWM_setDigitalCompareBlankingPulse
003f1492   _PWM_setDigitalCompareFilterOffset
003f1488   _PWM_setDigitalCompareFilterSource
003f1485   _PWM_setDigitalCompareFilterWindow
003f1476   _PWM_setDigitalCompareInput
003f1472   _PWM_setHighSpeedClkDiv
003f1468   _PWM_setHrControlMode
003f145e   _PWM_setHrEdgeMode
003f1454   _PWM_setHrShadowMode
003f144d   _PWM_setIntMode
003f1446   _PWM_setIntPeriod
003f1442   _PWM_setLoadMode_CmpA
003f143c   _PWM_setLoadMode_CmpB
003f143a   _PWM_setPeriod
003f1435   _PWM_setPeriodHr
003f1431   _PWM_setPeriodLoad
003f142f   _PWM_setPhase
003f142b   _PWM_setPhaseDir
003f1427   _PWM_setRunMode
003f1421   _PWM_setShadowMode_CmpA
003f141b   _PWM_setShadowMode_CmpB
003f1412   _PWM_setSocAPeriod
003f1409   _PWM_setSocAPulseSrc
003f1400   _PWM_setSocBPeriod
003f13f7   _PWM_setSocBPulseSrc
003f13f4   _PWM_setSwSync
003f13f0   _PWM_setSyncMode
003f13e6   _PWM_setTripZoneDCEventSelect_DCAEVT1
003f13da   _PWM_setTripZoneDCEventSelect_DCAEVT2
003f13ce   _PWM_setTripZoneDCEventSelect_DCBEVT1
003f13c2   _PWM_setTripZoneDCEventSelect_DCBEVT2
003f13b6   _PWM_setTripZoneState_DCAEVT1
003f13aa   _PWM_setTripZoneState_DCAEVT2
003f139e   _PWM_setTripZoneState_DCBEVT1
003f1392   _PWM_setTripZoneState_DCBEVT2
003f1388   _PWM_setTripZoneState_TZA
003f137c   _PWM_setTripZoneState_TZB
003f287d   _PWR_disableBrownOutReset
003f2872   _PWR_disableWatchDogInt
003f286f   _PWR_enableBrownOutReset
003f2864   _PWR_enableWatchDogInt
003f285d   _PWR_init
003f284b   _PWR_setLowPowerMode
003f2839   _PWR_setNumStandByClocks
003e8637   _RamfuncsLoadEnd
003e8000   _RamfuncsLoadStart
00008000   _RamfuncsRunStart
003f290b   _SCI_RX_ISR
003f22ae   _SCI_clearAutoBaudDetect
003f22aa   _SCI_clearRxFifoInt
003f22a6   _SCI_clearRxFifoOvf
003f22a2   _SCI_clearTxFifoInt
003f229f   _SCI_disable
003f229b   _SCI_disableAutoBaudAlign
003f2298   _SCI_disableLoopBack
003f2295   _SCI_disableParity
003f2292   _SCI_disableRx
003f228f   _SCI_disableRxErrorInt
003f228b   _SCI_disableRxFifoInt
003f2288   _SCI_disableRxInt
003f2285   _SCI_disableSleep
003f2282   _SCI_disableTx
003f227e   _SCI_disableTxFifoEnh
003f227a   _SCI_disableTxFifoInt
003f2277   _SCI_disableTxInt
003f2274   _SCI_disableTxWake
003f2271   _SCI_enable
003f226d   _SCI_enableAutoBaudAlign
003f2269   _SCI_enableChannels
003f2266   _SCI_enableLoopBack
003f2263   _SCI_enableParity
003f2260   _SCI_enableRx
003f225d   _SCI_enableRxErrorInt
003f2259   _SCI_enableRxFifo
003f2255   _SCI_enableRxFifoInt
003f2252   _SCI_enableRxInt
003f224f   _SCI_enableSleep
003f224c   _SCI_enableTx
003f2248   _SCI_enableTxFifo
003f2244   _SCI_enableTxFifoEnh
003f2240   _SCI_enableTxFifoInt
003f223d   _SCI_enableTxInt
003f223a   _SCI_enableTxWake
003f2236   _SCI_getDataBlocking
003f222d   _SCI_getDataNonBlocking
003f2229   _SCI_getRxFifoStatus
003f21b3   _SCI_getTxFifoStatus
003f2223   _SCI_init
003f221e   _SCI_putDataBlocking
003f2216   _SCI_putDataNonBlocking
003f2213   _SCI_reset
003f2209   _SCI_resetChannels
003f21ff   _SCI_resetRxFifo
003f21f5   _SCI_resetTxFifo
003f21ef   _SCI_setBaudRate
003f21eb   _SCI_setCharLength
003f21e7   _SCI_setMode
003f21e3   _SCI_setNumStopBits
003f21df   _SCI_setParity
003f21dc   _SCI_setPriority
003f21d5   _SCI_setRxFifoIntLevel
003f21ce   _SCI_setTxDelay
003f21c7   _SCI_setTxFifoIntLevel
003f21b7   _SCI_write_char
003f21c0   _SCI_write_str
003f2401   _SPI_clearRxFifoInt
003f23fd   _SPI_clearRxFifoOvf
003f23f9   _SPI_clearTxFifoInt
003f23f6   _SPI_disableInt
003f23f3   _SPI_disableLoopBack
003f23f0   _SPI_disableOverRunInt
003f23ec   _SPI_disableRxFifoInt
003f23e9   _SPI_disableTx
003f23e5   _SPI_disableTxFifoEnh
003f23e1   _SPI_disableTxFifoInt
003f23de   _SPI_enable
003f23da   _SPI_enableChannels
003f23d7   _SPI_enableInt
003f23d4   _SPI_enableLoopBack
003f23d1   _SPI_enableOverRunInt
003f23cd   _SPI_enableRxFifo
003f23c9   _SPI_enableRxFifoInt
003f23c6   _SPI_enableTx
003f23c2   _SPI_enableTxFifo
003f23be   _SPI_enableTxFifoEnh
003f23ba   _SPI_enableTxFifoInt
003f23b7   _SPI_getIntFlagStatus
003f23b3   _SPI_getRxFifoStatus
003f23b0   _SPI_getTxBufferStatus
003f23ac   _SPI_getTxFifoStatus
003f23a6   _SPI_init
003f23a3   _SPI_reset
003f239f   _SPI_resetChannels
003f239b   _SPI_resetRxFifo
003f2397   _SPI_resetTxFifo
003f2395   _SPI_setBaudRate
003f2391   _SPI_setCharLength
003f238f   _SPI_setClkPhase
003f238b   _SPI_setClkPolarity
003f2389   _SPI_setMode
003f2382   _SPI_setPriority
003f237b   _SPI_setRxFifoIntLevel
003f2374   _SPI_setSteInv
003f236d   _SPI_setSuspend
003f2366   _SPI_setTriWire
003f2363   _SPI_setTxDelay
003f235c   _SPI_setTxFifoIntLevel
003f2a02   _TIMER_clearFlag
003f29ff   _TIMER_disableInt
003f29fc   _TIMER_enableInt
003f29f9   _TIMER_getStatus
003f29f3   _TIMER_init
003f29e5   _TIMER_setDecimationFactor
003f29e1   _TIMER_setEmulationMode
003f29d3   _TIMER_setPreScaler
003f0e8a   _USER_calcPIgains
003f0e86   _USER_checkForErrors
003f0e78   _USER_computeFlux
003f0e2d   _USER_computeFlux_pu_to_VpHz_sf
003f0de2   _USER_computeFlux_pu_to_Wb_sf
003f0d97   _USER_computeTorque_Flux_Iq_pu_to_Nm_sf
003f0d4e   _USER_computeTorque_Ls_Id_Iq_pu_to_Nm_sf
003f0d02   _USER_computeTorque_Nm
003f0cab   _USER_computeTorque_lbin
003f0ca8   _USER_getErrorCode
003f0ca5   _USER_setErrorCode
003f0b3f   _USER_setParams
003f0ab1   _USER_softwareUpdate1p6
003f28be   _WDOG_clearCounter
003f28b6   _WDOG_disable
003f28b0   _WDOG_disableInt
003f28aa   _WDOG_disableOverRide
003f28a1   _WDOG_enable
003f289b   _WDOG_enableInt
003f2895   _WDOG_enableOverRide
003f2892   _WDOG_getIntStatus
003f288c   _WDOG_init
003f288a   _WDOG_setCount
003f2880   _WDOG_setPreScaler
003f2db9   __IQ24cosPU
003f2d90   __IQ24sinPU
003f2d4e   __IQ24sqrt
003f2de0   __IQ30toF
00000400   __STACK_END
000003b0   __STACK_SIZE
00000001   __TI_args_main
00008db0   ___TI_cleanup_ptr
00008db2   ___TI_dtors_ptr
ffffffff   ___binit__
ffffffff   ___c_args__
003f2c93   ___cinit__
003f2c93   ___etext__
ffffffff   ___pinit__
003f0000   ___text__
003f2be8   __args_main
00008dae   __lock
003f24a2   __log
003f2c80   __nop
003f2c7c   __register_lock
003f2c78   __register_unlock
00000050   __stack
00008dac   __unlock
003f2c01   _abort
003f2950   _c_int00
00008c04   _controller_obj
00008db6   _cpu
00008c0c   _ctrlHandle
00008c06   _data
00008c08   _data1
00008c1a   _data2
00008c18   _data3
00008db7   _errno
003f2c03   _exit
003f2405   _exp
003f2c31   _frexp
00008c22   _gAdcData
00008c01   _gCounter_updateGlobals
00008c40   _gDrvSpi8301Vars
00008c14   _gFlux_pu_to_VpHz_sf
00008c10   _gFlux_pu_to_Wb_sf
00008c03   _gLEDcnt
00008c0a   _gMaxCurrentSlope
00008c80   _gMotorVars
00008c1c   _gPwmData
00008c16   _gTorque_Flux_Iq_pu_to_Nm_sf
00008c12   _gTorque_Ls_Id_Iq_pu_to_Nm_sf
00008d00   _gUserParams
00008dc0   _hal
00008c0e   _halHandle
00008c02   _i
003f2994   _ldexp
003f22b2   _log
003f1997   _main
0000851c   _mainISR
003f2c58   _memCopy
003f2a05   _modf
003f252f   _pow
003f27e9   _sqrt
003f1924   _updateGlobalVariables_motor
00008633   _usDelay
ffffffff   binit
003f2c93   cinit
003f7ff6   code_start
003f2c93   etext
ffffffff   pinit


GLOBAL SYMBOLS: SORTED BY Symbol Address 

address    name
--------   ----
00000001   __TI_args_main
00000050   __stack
000003b0   __STACK_SIZE
00000400   __STACK_END
00008000   _CTRL_setup
00008000   _RamfuncsRunStart
0000800a   _CTRL_run
0000851c   _mainISR
000085dd   _FLASH_setStandbyWaitCount
000085e2   _FLASH_setPowerMode
000085e9   _FLASH_setOtpWaitStates
000085f0   _FLASH_setNumRandomReadWaitStates
000085f7   _FLASH_setNumPagedReadWaitStates
000085fe   _FLASH_setActiveWaitCount
00008603   _FLASH_enablePipelineMode
00008609   _FLASH_disablePipelineMode
0000860f   _HAL_setupFlash
00008633   _usDelay
00008c00   _Flag_Latch_softwareUpdate
00008c01   _gCounter_updateGlobals
00008c02   _i
00008c03   _gLEDcnt
00008c04   _controller_obj
00008c06   _data
00008c08   _data1
00008c0a   _gMaxCurrentSlope
00008c0c   _ctrlHandle
00008c0e   _halHandle
00008c10   _gFlux_pu_to_Wb_sf
00008c12   _gTorque_Ls_Id_Iq_pu_to_Nm_sf
00008c14   _gFlux_pu_to_VpHz_sf
00008c16   _gTorque_Flux_Iq_pu_to_Nm_sf
00008c18   _data3
00008c1a   _data2
00008c1c   _gPwmData
00008c22   _gAdcData
00008c40   _gDrvSpi8301Vars
00008c80   _gMotorVars
00008d00   _gUserParams
00008dac   __unlock
00008dae   __lock
00008db0   ___TI_cleanup_ptr
00008db2   ___TI_dtors_ptr
00008db6   _cpu
00008db7   _errno
00008dc0   _hal
003e8000   _RamfuncsLoadStart
003e8637   _RamfuncsLoadEnd
003f0000   .text
003f0000   _HAL_writeDrvData
003f0000   ___text__
003f0005   _HAL_setupTimers
003f003c   _HAL_setupSpiB
003f0072   _HAL_setupSpiA
003f00b8   _HAL_setupSCI
003f0103   _HAL_setupPwms
003f01cb   _HAL_setupPwmDacs
003f0256   _HAL_setupPll
003f0294   _HAL_setupPie
003f02b0   _HAL_setupPeripheralClks
003f02fd   _HAL_setupGpios
003f049c   _HAL_setupGate
003f04b1   _HAL_setupFaults
003f04d0   _HAL_setupDrvSpi
003f04d5   _HAL_setupClks
003f04f1   _HAL_setupAdcs
003f05a9   _HAL_AdcCalChanSelect
003f0600   _HAL_AdcCalConversion
003f0757   _HAL_AdcOffsetSelfCal
003f078a   _HAL_getOscTrimValue
003f079e   _HAL_osc1Comp
003f07dd   _HAL_osc2Comp
003f081c   _HAL_OscTempComp
003f086f   _HAL_cal
003f0886   _HAL_setParams
003f098f   _HAL_readDrvData
003f0994   _HAL_disableWdog
003f0999   _HAL_init
003f0a6d   _HAL_enableTimer0Int
003f0a7d   _HAL_enablePwmInt
003f0a8e   _HAL_enableGlobalInts
003f0a92   _HAL_enableDrv
003f0a97   _HAL_enableDebugInt
003f0a9b   _HAL_enableAdcInts
003f0aad   _HAL_disableGlobalInts
003f0ab1   _USER_softwareUpdate1p6
003f0b3f   _USER_setParams
003f0ca5   _USER_setErrorCode
003f0ca8   _USER_getErrorCode
003f0cab   _USER_computeTorque_lbin
003f0d02   _USER_computeTorque_Nm
003f0d4e   _USER_computeTorque_Ls_Id_Iq_pu_to_Nm_sf
003f0d97   _USER_computeTorque_Flux_Iq_pu_to_Nm_sf
003f0de2   _USER_computeFlux_pu_to_Wb_sf
003f0e2d   _USER_computeFlux_pu_to_VpHz_sf
003f0e78   _USER_computeFlux
003f0e86   _USER_checkForErrors
003f0e8a   _USER_calcPIgains
003f0f3b   _CTRL_updateState
003f0fed   _CTRL_setup_user
003f104a   _CTRL_setupClarke_V
003f1060   _CTRL_setupClarke_I
003f107c   _CTRL_setWaitTimes
003f1085   _CTRL_setSpd_ref_pu
003f1088   _CTRL_setSpd_ref_krpm
003f109b   _CTRL_setGains
003f10c3   _CTRL_setParams
003f12ff   _CTRL_getWaitTimes
003f1308   _CTRL_getVdq_out_pu
003f1310   _CTRL_getVab_out_pu
003f1318   _CTRL_getVab_in_pu
003f1320   _CTRL_getIdq_ref_pu
003f1328   _CTRL_getIdq_in_pu
003f1330   _CTRL_getIab_in_pu
003f1338   _CTRL_getIab_filt_pu
003f1340   _CTRL_getGains
003f1370   _CTRL_setMagCurrent_pu
003f1373   _CTRL_setMaximumSpeed_pu
003f1376   _CTRL_getMaximumSpeed_pu
003f1379   _CTRL_getMagCurrent_pu
003f137c   _PWM_setTripZoneState_TZB
003f1388   _PWM_setTripZoneState_TZA
003f1392   _PWM_setTripZoneState_DCBEVT2
003f139e   _PWM_setTripZoneState_DCBEVT1
003f13aa   _PWM_setTripZoneState_DCAEVT2
003f13b6   _PWM_setTripZoneState_DCAEVT1
003f13c2   _PWM_setTripZoneDCEventSelect_DCBEVT2
003f13ce   _PWM_setTripZoneDCEventSelect_DCBEVT1
003f13da   _PWM_setTripZoneDCEventSelect_DCAEVT2
003f13e6   _PWM_setTripZoneDCEventSelect_DCAEVT1
003f13f0   _PWM_setSyncMode
003f13f4   _PWM_setSwSync
003f13f7   _PWM_setSocBPulseSrc
003f1400   _PWM_setSocBPeriod
003f1409   _PWM_setSocAPulseSrc
003f1412   _PWM_setSocAPeriod
003f141b   _PWM_setShadowMode_CmpB
003f1421   _PWM_setShadowMode_CmpA
003f1427   _PWM_setRunMode
003f142b   _PWM_setPhaseDir
003f142f   _PWM_setPhase
003f1431   _PWM_setPeriodLoad
003f1435   _PWM_setPeriodHr
003f143a   _PWM_setPeriod
003f143c   _PWM_setLoadMode_CmpB
003f1442   _PWM_setLoadMode_CmpA
003f1446   _PWM_setIntPeriod
003f144d   _PWM_setIntMode
003f1454   _PWM_setHrShadowMode
003f145e   _PWM_setHrEdgeMode
003f1468   _PWM_setHrControlMode
003f1472   _PWM_setHighSpeedClkDiv
003f1476   _PWM_setDigitalCompareInput
003f1485   _PWM_setDigitalCompareFilterWindow
003f1488   _PWM_setDigitalCompareFilterSource
003f1492   _PWM_setDigitalCompareFilterOffset
003f1495   _PWM_setDigitalCompareBlankingPulse
003f14a1   _PWM_setDigitalCompareBEvent2
003f14b1   _PWM_setDigitalCompareBEvent1
003f14c8   _PWM_setDigitalCompareAEvent2
003f14d8   _PWM_setDigitalCompareAEvent1
003f14ef   _PWM_setDeadBandRisingEdgeDelay
003f14f2   _PWM_setDeadBandPolarity
003f14f9   _PWM_setDeadBandOutputMode
003f1500   _PWM_setDeadBandInputMode
003f1507   _PWM_setDeadBandFallingEdgeDelay
003f150a   _PWM_setCounterMode
003f150e   _PWM_setCount
003f1510   _PWM_setClkDiv
003f1514   _PWM_setChoppingPulseWidth
003f151b   _PWM_setChoppingDutyCycle
003f1522   _PWM_setChoppingClkFreq
003f1529   _PWM_setActionQual_Zero_PwmB
003f1530   _PWM_setActionQual_Zero_PwmA
003f1537   _PWM_setActionQual_Period_PwmB
003f1540   _PWM_setActionQual_Period_PwmA
003f1549   _PWM_setActionQual_CntUp_CmpB_PwmB
003f1552   _PWM_setActionQual_CntUp_CmpB_PwmA
003f155b   _PWM_setActionQual_CntUp_CmpA_PwmB
003f1564   _PWM_setActionQual_CntUp_CmpA_PwmA
003f156d   _PWM_setActionQual_CntDown_CmpB_PwmB
003f1576   _PWM_setActionQual_CntDown_CmpB_PwmA
003f157f   _PWM_setActionQual_CntDown_CmpA_PwmB
003f1588   _PWM_setActionQual_CntDown_CmpA_PwmA
003f1591   _PWM_setActionQualContSWForce_PwmB
003f159a   _PWM_setActionQualContSWForce_PwmA
003f15a1   _PWM_init
003f15a7   _PWM_incrementDeadBandRisingEdgeDelay
003f15aa   _PWM_incrementDeadBandFallingEdgeDelay
003f15ad   _PWM_getSocBCount
003f15b2   _PWM_getSocACount
003f15b7   _PWM_getShadowStatus_CmpB
003f15bb   _PWM_getShadowStatus_CmpA
003f15bf   _PWM_getIntCount
003f15c3   _PWM_getDeadBandRisingEdgeDelay
003f15c6   _PWM_getDeadBandFallingEdgeDelay
003f15c9   _PWM_enableTripZoneSrc
003f15cf   _PWM_enableTripZoneInt
003f15d5   _PWM_enableSocBPulse
003f15d9   _PWM_enableSocAPulse
003f15dd   _PWM_enableInt
003f15e1   _PWM_enableHrPhaseSync
003f15e8   _PWM_enableHrPeriod
003f15ef   _PWM_enableDigitalCompareBlankingWindowInversion
003f15f6   _PWM_enableDigitalCompareBlankingWindow
003f15fd   _PWM_enableDeadBandHalfCycle
003f1601   _PWM_enableCounterLoad
003f1604   _PWM_enableChopping
003f1608   _PWM_enableAutoConvert
003f160f   _PWM_disableTripZones
003f1615   _PWM_disableTripZoneSrc
003f161c   _PWM_disableTripZoneInt
003f1623   _PWM_disableSocBPulse
003f1627   _PWM_disableSocAPulse
003f162b   _PWM_disableInt
003f162f   _PWM_disableHrPhaseSync
003f1636   _PWM_disableHrPeriod
003f163d   _PWM_disableDigitalCompareBlankingWindowInversion
003f1644   _PWM_disableDigitalCompareBlankingWindow
003f164b   _PWM_disableDeadBandHalfCycle
003f164f   _PWM_disableDeadBand
003f1652   _PWM_disableCounterLoad
003f1655   _PWM_disableChopping
003f1659   _PWM_disableAutoConvert
003f1660   _PWM_decrementDeadBandRisingEdgeDelay
003f1663   _PWM_decrementDeadBandFallingEdgeDelay
003f1666   _PWM_clearTripZone
003f166c   _DRV8301_writeSpi
003f1682   _DRV8301_writeData
003f16ab   _DRV8301_readSpi
003f16e1   _DRV8301_setupSpi
003f175d   _DRV8301_setSpiHandle
003f175f   _DRV8301_setShuntAmpGain
003f1773   _DRV8301_setPwmMode
003f1787   _DRV8301_setPeakCurrent
003f179b   _DRV8301_setOcTwMode
003f17af   _DRV8301_setOcOffTimeMode
003f17c3   _DRV8301_setOcMode
003f17d7   _DRV8301_setOcLevel
003f17eb   _DRV8301_setGpioNumber
003f17ed   _DRV8301_setGpioHandle
003f17ef   _DRV8301_setDcCalMode
003f180e   _DRV8301_reset
003f181d   _DRV8301_readData
003f1888   _DRV8301_isReset
003f188f   _DRV8301_isFault
003f1895   _DRV8301_init
003f189e   _DRV8301_getShuntAmpGain
003f18a5   _DRV8301_getPwmMode
003f18ac   _DRV8301_getPeakCurrent
003f18b3   _DRV8301_getOcTwMode
003f18ba   _DRV8301_getOcOffTimeMode
003f18c1   _DRV8301_getOcMode
003f18c8   _DRV8301_getOcLevel
003f18cf   _DRV8301_getId
003f18d5   _DRV8301_getFaultType
003f18f0   _DRV8301_getDcCalMode
003f1902   _DRV8301_enable
003f1924   _updateGlobalVariables_motor
003f1997   _main
003f1b8d   _ADC_setupSocTrigSrc
003f1bb8   _ADC_setVoltRefSrc
003f1bca   _ADC_setTempSensorSrc
003f1bdc   _ADC_setSocTrigSrc
003f1bef   _ADC_setSocSampleDelay
003f1c02   _ADC_setSocFrcWord
003f1c09   _ADC_setSocFrc
003f1c13   _ADC_setSocChanNumber
003f1c26   _ADC_setSampleOverlapMode
003f1c3b   _ADC_setSampleMode
003f1c53   _ADC_setOffTrim
003f1c5a   _ADC_setIntSrc
003f1c77   _ADC_setIntPulseGenMode
003f1c89   _ADC_setIntMode
003f1ca6   _ADC_setDivideSelect
003f1cb8   _ADC_reset
003f1cc3   _ADC_powerUp
003f1cce   _ADC_powerDown
003f1cd9   _ADC_init
003f1ce0   _ADC_getDivideSelect
003f1ce8   _ADC_enableVoltRefLoConv
003f1cf3   _ADC_enableRefBuffers
003f1cfe   _ADC_enableNoOverlapMode
003f1d09   _ADC_enableInt
003f1d20   _ADC_enableBandGap
003f1d2b   _ADC_enable
003f1d36   _ADC_disableVoltRefLoConv
003f1d41   _ADC_disableRefBuffers
003f1d4c   _ADC_disableNoOverlapMode
003f1d57   _ADC_disableInt
003f1d72   _ADC_disableBandGap
003f1d7d   _ADC_disable
003f1d88   _GPIO_toggle
003f1d9b   _GPIO_setQualificationPeriod
003f1de2   _GPIO_setQualification
003f1e22   _GPIO_setPullup
003f1e3d   _GPIO_setPortData
003f1e48   _GPIO_setMode
003f1e82   _GPIO_setLow
003f1e95   _GPIO_setHigh
003f1ea8   _GPIO_setExtInt
003f1eb3   _GPIO_setDirection
003f1ece   _GPIO_read
003f1ef4   _GPIO_lpmSelect
003f1efe   _GPIO_init
003f1f04   _GPIO_getPortData
003f1f0b   _GPIO_getData
003f1f1b   _CLK_setXClkInSrc
003f1f22   _CLK_setWatchDogSrc
003f1f29   _CLK_setTimer2Src
003f1f30   _CLK_setTimer2PreScale
003f1f37   _CLK_setOscSrc
003f1f3e   _CLK_setOsc2Src
003f1f45   _CLK_setLowSpdPreScaler
003f1f4b   _CLK_setClkOutPreScaler
003f1f52   _CLK_init
003f1f58   _CLK_enableWatchDogHaltMode
003f1f5e   _CLK_enableTbClockSync
003f1f65   _CLK_enableSpibClock
003f1f6c   _CLK_enableSpiaClock
003f1f73   _CLK_enableScibClock
003f1f7a   _CLK_enableSciaClock
003f1f81   _CLK_enablePwmClock
003f1f8a   _CLK_enableOsc2HaltMode
003f1f90   _CLK_enableOsc2
003f1f96   _CLK_enableOsc1HaltMode
003f1f9c   _CLK_enableOsc1
003f1fa2   _CLK_enableLinAClock
003f1fa9   _CLK_enableI2cClock
003f1fb0   _CLK_enableHrPwmClock
003f1fb7   _CLK_enableGpioInputClock
003f1fbe   _CLK_enableEqep2Clock
003f1fc5   _CLK_enableEqep1Clock
003f1fcc   _CLK_enableEcap1Clock
003f1fd3   _CLK_enableEcanaClock
003f1fda   _CLK_enableCrystalOsc
003f1fe0   _CLK_enableCpuTimerClock
003f1fe6   _CLK_enableCompClock
003f1fec   _CLK_enableClkIn
003f1ff2   _CLK_enableClaClock
003f1ff9   _CLK_enableAdcClock
003f2000   _CLK_disableWatchDogHaltMode
003f2006   _CLK_disableTbClockSync
003f200d   _CLK_disableSpibClock
003f2011   _CLK_disableSpiaClock
003f2018   _CLK_disableScibClock
003f201f   _CLK_disableSciaClock
003f2026   _CLK_disablePwmClock
003f2030   _CLK_disableOsc2HaltMode
003f2036   _CLK_disableOsc2
003f203c   _CLK_disableOsc1HaltMode
003f2042   _CLK_disableOsc1
003f2048   _CLK_disableLinAClock
003f204f   _CLK_disableI2cClock
003f2056   _CLK_disableHrPwmClock
003f205d   _CLK_disableGpioInputClock
003f2064   _CLK_disableEqep2Clock
003f206b   _CLK_disableEqep1Clock
003f2072   _CLK_disableEcap1Clock
003f2079   _CLK_disableEcanaClock
003f2080   _CLK_disableCrystalOsc
003f2086   _CLK_disableCpuTimerClock
003f208d   _CLK_disableCompClock
003f2091   _CLK_disableClkIn
003f2097   _CLK_disableClaClock
003f209e   _CLK_disableAdcClock
003f20a5   _PIE_unregisterSystemIntHandler
003f20b2   _PIE_unregisterPieIntHandler
003f20c3   _PIE_setExtIntPolarity
003f20d3   _PIE_setDefaultIntVectorTable
003f20df   _PIE_registerSystemIntHandler
003f20ea   _PIE_registerPieIntHandler
003f20f9   _PIE_init
003f2100   _PIE_getIntFlags
003f2107   _PIE_getIntEnables
003f210e   _PIE_getExtIntCount
003f2116   _PIE_forceInt
003f2120   _PIE_enableTimer0Int
003f2123   _PIE_enablePwmTzInt
003f2128   _PIE_enablePwmInt
003f212d   _PIE_enableInt
003f2137   _PIE_enableExtInt
003f215a   _PIE_enableCaptureInt
003f215e   _PIE_enableAdcInt
003f217a   _PIE_enable
003f217d   _PIE_disableInt
003f2188   _PIE_disableExtInt
003f2195   _PIE_disableCaptureInt
003f2199   _PIE_disableAllInts
003f21a3   _PIE_disable
003f21a6   _PIE_clearAllInts
003f21a9   _PIE_clearAllFlags
003f21b3   _SCI_getTxFifoStatus
003f21b7   _SCI_write_char
003f21c0   _SCI_write_str
003f21c7   _SCI_setTxFifoIntLevel
003f21ce   _SCI_setTxDelay
003f21d5   _SCI_setRxFifoIntLevel
003f21dc   _SCI_setPriority
003f21df   _SCI_setParity
003f21e3   _SCI_setNumStopBits
003f21e7   _SCI_setMode
003f21eb   _SCI_setCharLength
003f21ef   _SCI_setBaudRate
003f21f5   _SCI_resetTxFifo
003f21ff   _SCI_resetRxFifo
003f2209   _SCI_resetChannels
003f2213   _SCI_reset
003f2216   _SCI_putDataNonBlocking
003f221e   _SCI_putDataBlocking
003f2223   _SCI_init
003f2229   _SCI_getRxFifoStatus
003f222d   _SCI_getDataNonBlocking
003f2236   _SCI_getDataBlocking
003f223a   _SCI_enableTxWake
003f223d   _SCI_enableTxInt
003f2240   _SCI_enableTxFifoInt
003f2244   _SCI_enableTxFifoEnh
003f2248   _SCI_enableTxFifo
003f224c   _SCI_enableTx
003f224f   _SCI_enableSleep
003f2252   _SCI_enableRxInt
003f2255   _SCI_enableRxFifoInt
003f2259   _SCI_enableRxFifo
003f225d   _SCI_enableRxErrorInt
003f2260   _SCI_enableRx
003f2263   _SCI_enableParity
003f2266   _SCI_enableLoopBack
003f2269   _SCI_enableChannels
003f226d   _SCI_enableAutoBaudAlign
003f2271   _SCI_enable
003f2274   _SCI_disableTxWake
003f2277   _SCI_disableTxInt
003f227a   _SCI_disableTxFifoInt
003f227e   _SCI_disableTxFifoEnh
003f2282   _SCI_disableTx
003f2285   _SCI_disableSleep
003f2288   _SCI_disableRxInt
003f228b   _SCI_disableRxFifoInt
003f228f   _SCI_disableRxErrorInt
003f2292   _SCI_disableRx
003f2295   _SCI_disableParity
003f2298   _SCI_disableLoopBack
003f229b   _SCI_disableAutoBaudAlign
003f229f   _SCI_disable
003f22a2   _SCI_clearTxFifoInt
003f22a6   _SCI_clearRxFifoOvf
003f22aa   _SCI_clearRxFifoInt
003f22ae   _SCI_clearAutoBaudDetect
003f22b2   _log
003f235c   _SPI_setTxFifoIntLevel
003f2363   _SPI_setTxDelay
003f2366   _SPI_setTriWire
003f236d   _SPI_setSuspend
003f2374   _SPI_setSteInv
003f237b   _SPI_setRxFifoIntLevel
003f2382   _SPI_setPriority
003f2389   _SPI_setMode
003f238b   _SPI_setClkPolarity
003f238f   _SPI_setClkPhase
003f2391   _SPI_setCharLength
003f2395   _SPI_setBaudRate
003f2397   _SPI_resetTxFifo
003f239b   _SPI_resetRxFifo
003f239f   _SPI_resetChannels
003f23a3   _SPI_reset
003f23a6   _SPI_init
003f23ac   _SPI_getTxFifoStatus
003f23b0   _SPI_getTxBufferStatus
003f23b3   _SPI_getRxFifoStatus
003f23b7   _SPI_getIntFlagStatus
003f23ba   _SPI_enableTxFifoInt
003f23be   _SPI_enableTxFifoEnh
003f23c2   _SPI_enableTxFifo
003f23c6   _SPI_enableTx
003f23c9   _SPI_enableRxFifoInt
003f23cd   _SPI_enableRxFifo
003f23d1   _SPI_enableOverRunInt
003f23d4   _SPI_enableLoopBack
003f23d7   _SPI_enableInt
003f23da   _SPI_enableChannels
003f23de   _SPI_enable
003f23e1   _SPI_disableTxFifoInt
003f23e5   _SPI_disableTxFifoEnh
003f23e9   _SPI_disableTx
003f23ec   _SPI_disableRxFifoInt
003f23f0   _SPI_disableOverRunInt
003f23f3   _SPI_disableLoopBack
003f23f6   _SPI_disableInt
003f23f9   _SPI_clearTxFifoInt
003f23fd   _SPI_clearRxFifoOvf
003f2401   _SPI_clearRxFifoInt
003f2405   _exp
003f24a2   __log
003f252f   _pow
003f25b6   FD$$MPY
003f2639   FS$$DIV
003f26bc   FS$$SUB
003f26c1   FS$$ADD
003f2734   _PLL_setLockPeriod
003f2739   _PLL_setDivideSelect
003f2740   _PLL_setClkFreq
003f2746   _PLL_resetClkDetect
003f274c   _PLL_init
003f2752   _PLL_getLockStatus
003f2755   _PLL_getDivideSelect
003f2758   _PLL_getClkStatus
003f275b   _PLL_getClkFreq
003f275f   _PLL_enableOsc
003f2765   _PLL_enableNormRdy
003f276b   _PLL_enableClkDetect
003f2771   _PLL_enable
003f2777   _PLL_disableOsc
003f277d   _PLL_disableNormRdy
003f2783   _PLL_disableClkDetect
003f2789   _PLL_disable
003f278f   FS$$MPY
003f27e9   _sqrt
003f2839   _PWR_setNumStandByClocks
003f284b   _PWR_setLowPowerMode
003f285d   _PWR_init
003f2864   _PWR_enableWatchDogInt
003f286f   _PWR_enableBrownOutReset
003f2872   _PWR_disableWatchDogInt
003f287d   _PWR_disableBrownOutReset
003f2880   _WDOG_setPreScaler
003f288a   _WDOG_setCount
003f288c   _WDOG_init
003f2892   _WDOG_getIntStatus
003f2895   _WDOG_enableOverRide
003f289b   _WDOG_enableInt
003f28a1   _WDOG_enable
003f28aa   _WDOG_disableOverRide
003f28b0   _WDOG_disableInt
003f28b6   _WDOG_disable
003f28be   _WDOG_clearCounter
003f28c6   _OFFSET_setOffset
003f28c8   _OFFSET_setInitCond
003f28d7   _OFFSET_setBeta
003f28ed   _OFFSET_init
003f28fe   _OFFSET_getBeta
003f290b   _SCI_RX_ISR
003f2950   _c_int00
003f2994   _ldexp
003f29d3   _TIMER_setPreScaler
003f29e1   _TIMER_setEmulationMode
003f29e5   _TIMER_setDecimationFactor
003f29f3   _TIMER_init
003f29f9   _TIMER_getStatus
003f29fc   _TIMER_enableInt
003f29ff   _TIMER_disableInt
003f2a02   _TIMER_clearFlag
003f2a05   _modf
003f2a36   _OSC_setTrim
003f2a3f   _OSC_setFineTrim
003f2a50   _OSC_setCoarseTrim
003f2a5d   _OSC_init
003f2a63   FS$$TOL
003f2a8c   _CPU_init
003f2a92   _CPU_enableProtectedRegisterWrite
003f2a95   _CPU_enableInt
003f2a99   _CPU_enableGlobalInts
003f2a9c   _CPU_enableDebugInt
003f2a9f   _CPU_disableProtectedRegisterWrite
003f2aa2   _CPU_disableInts
003f2aa5   _CPU_disableInt
003f2aaa   _CPU_disableGlobalInts
003f2aad   _CPU_disableDebugInt
003f2ab0   _CPU_clearIntFlags
003f2ab3   FS$$TOI
003f2ad8   I$$DIV
003f2ae9   I$$MOD
003f2afa   _FILTER_FO_setNumCoeffs
003f2afe   _FILTER_FO_setInitialConditions
003f2b03   _FILTER_FO_setDenCoeffs
003f2b05   _FILTER_FO_init
003f2b0b   _FILTER_FO_getNumCoeffs
003f2b11   _FILTER_FO_getInitialConditions
003f2b18   _FILTER_FO_getDenCoeffs
003f2b1b   FS$$TOUL
003f2b3c   _FLASH_init
003f2b42   _FLASH_getStandbyWaitStatus
003f2b46   _FLASH_getStandbyWaitCount
003f2b49   _FLASH_getPowerMode
003f2b4c   _FLASH_getActiveWaitStatus
003f2b50   _FLASH_getActiveWaitCount
003f2b53   _FLASH_get3VStatus
003f2b56   _FLASH_clear3VStatus
003f2b5c   FD$$TOL
003f2b7b   FS$$TOU
003f2b98   FS$$TOFD
003f2bb4   I$$TOFS
003f2bce   L$$TOFS
003f2be8   __args_main
003f2c01   C$$EXIT
003f2c01   _abort
003f2c03   _exit
003f2c1a   FS$$CMP
003f2c31   _frexp
003f2c45   UL$$TOFS
003f2c58   _memCopy
003f2c68   U$$TOFS
003f2c78   __register_unlock
003f2c7c   __register_lock
003f2c80   __nop
003f2c89   _PIE_illegalIsr
003f2c8e   FS$$NEG
003f2c93   ___cinit__
003f2c93   ___etext__
003f2c93   cinit
003f2c93   etext
003f2d4e   __IQ24sqrt
003f2d90   __IQ24sinPU
003f2db9   __IQ24cosPU
003f2de0   __IQ30toF
003f7ff6   code_start
003f861b   _EST_getState
003f861d   _EST_useZeroIq_ref
003f8679   _EST_isMotorIdentified
003f8713   _EST_updateState
003f89f5   _EST_updateId_ref_pu
003f8a18   _EST_setRs_pu
003f8adb   _EST_setMaxCurrentSlope_pu
003f8ae7   _EST_setLs_q_pu
003f8af1   _EST_setLs_qFmt
003f8b45   _EST_setLs_d_pu
003f8b63   _EST_setIq_ref_pu
003f8b67   _EST_setIdle_all
003f8b7a   _EST_setIdle
003f8b80   _EST_setId_ref_pu
003f8bdb   _EST_setFlag_enableForceAngle
003f8c0d   _EST_getAngle_pu
003f927b   _EST_run
003f9378   _EST_isOnLine
003f937f   _EST_isLockRotor
003f9386   _EST_isIdle
003f938d   _EST_isError
003f9453   _EST_get_pu_to_krpm_sf
003f9458   _EST_get_krpm_to_pu_sf
003f94c6   _EST_getSpeed_krpm
003f9513   _EST_getRs_Ohm
003f95ad   _EST_getRr_Ohm
003f95b3   _EST_getOneOverDcBus_pu
003f95bd   _EST_getMaxCurrentSlope_pu
003f95c9   _EST_getLs_q_pu
003f95ce   _EST_getLs_q_H
003f95f0   _EST_getLs_d_pu
003f95f5   _EST_getLs_d_H
003f95ff   _EST_getLs_coarse_max_pu
003f9632   _EST_getIdRated
003f968e   _EST_getFm_pu
003f96ab   _EST_getFlux_pu
003f96be   _EST_getFlux_VpHz
003f9758   _EST_doSpeedCtrl
003f9760   _EST_doCurrentCtrl
003f9806   _CTRL_setupTraj
003f996a   _CTRL_setupEstOnLineState
003f99a5   _CTRL_setupEstIdleState
003f9b43   _CTRL_setupCtrl
003f9d31   _CTRL_setUserMotorParams
003f9e64   _CTRL_setEstParams
003fa5d1   _CTRL_runTraj
003fa6fb   _CTRL_initCtrl
003fa721   _CTRL_getVersion
003fdc30   _IQsinTable
003fdd30   _IQcosTable
003fe030   _IQsinTableEnd
003fe132   _IQcosTableEnd
003fe132   _IQdivRoundSatTable
003fe140   _IQdivTable
003fe342   _IQdivTableEnd
003fe342   _IQisqrtRoundSatTable
003fe342   _IQsqrtRoundSatTable
003fe352   _IQisqrtTable
003fe352   _IQsqrtTable
003fe454   _IQatan2HalfPITable
003fe454   _IQisqrtTableEnd
003fe454   _IQsqrtTableEnd
003fe492   _IQatan2Table
003fe618   _IQ30mpyRndSatTable
003fe618   _IQatan2TableEnd
003fe618   _IQmpyRndSatTable
003fe624   _IQ29mpyRndSatTable
003fe630   _IQ28mpyRndSatTable
003fe63c   _IQ27mpyRndSatTable
003fe648   _IQ26mpyRndSatTable
003fe654   _IQ25mpyRndSatTable
003fe660   _IQ24mpyRndSatTable
003fe66c   _IQ23mpyRndSatTable
003fe678   _IQ22mpyRndSatTable
003fe684   _IQ21mpyRndSatTable
003fe690   _IQ20mpyRndSatTable
003fe69c   _IQ19mpyRndSatTable
003fe6a8   _IQ18mpyRndSatTable
003fe6b4   _IQ17mpyRndSatTable
003fe6c0   _IQ16mpyRndSatTable
003fe6cc   _IQ15mpyRndSatTable
003fe6d8   _IQ14mpyRndSatTable
003fe6e4   _IQ13mpyRndSatTable
003fe6f0   _IQ12mpyRndSatTable
003fe6fc   _IQ11mpyRndSatTable
003fe708   _IQ10mpyRndSatTable
003fe714   _IQ9mpyRndSatTable
003fe720   _IQ8mpyRndSatTable
003fe72c   _IQ7mpyRndSatTable
003fe738   _IQ6mpyRndSatTable
003fe744   _IQ5mpyRndSatTable
003fe750   _IQ4mpyRndSatTable
003fe75c   _IQ3mpyRndSatTable
003fe768   _IQ2mpyRndSatTable
003fe774   _IQ1mpyRndSatTable
003fe780   _IQmpyRndSatTableEnd
ffffffff   ___binit__
ffffffff   ___c_args__
ffffffff   ___pinit__
ffffffff   binit
ffffffff   pinit

[717 symbols]
