******************************************************************************
             TMS320C2000 Linker PC v6.2.7                      
******************************************************************************
>> Linked Fri Jul 29 15:01:50 2016

OUTPUT FILE NAME:   <proj_lab05a.out>
ENTRY POINT SYMBOL: "_c_int00"  address: 0000afce


MEMORY CONFIGURATION

         name            origin    length      used     unused   attr    fill
----------------------  --------  ---------  --------  --------  ----  --------
PAGE 0:
  BEGIN                 00000000   00000002  00000002  00000000  RWIX
  RAMM0                 00000050   000003b0  000000d9  000002d7  RWIX
  RAML0_L8              00008000   0000b800  00003637  000081c9  RWIX
  FPUTABLES             003fd590   000006a0  00000000  000006a0  RWIX
  IQTABLES              003fdc30   00000b50  00000b50  00000000  RWIX
  IQTABLES2             003fe780   0000008c  00000000  0000008c  RWIX
  IQTABLES3             003fe80c   000000aa  00000000  000000aa  RWIX
  BOOTROM               003ff3b0   00000c10  00000000  00000c10  RWIX
  RESET                 003fffc0   00000002  00000000  00000002  RWIX

PAGE 1:
  BOOT_RSVD             00000002   0000004e  00000000  0000004e  RWIX
  RAMM1                 00000400   00000400  000003b0  00000050  RWIX
  USB_RAM               00040000   00000800  00000000  00000800  RWIX


SECTION ALLOCATION MAP

 output                                  attributes/
section   page    origin      length       input sections
--------  ----  ----------  ----------   ----------------
codestart 
*          0    00000000    00000002     
                  00000000    00000002     CodeStartBranch.obj (codestart)

.pinit     0    00000050    00000000     UNINITIALIZED

.cinit     0    00000050    000000a3     
                  00000050    00000085     proj_lab05a.obj (.cinit)
                  000000d5    0000000a     rts2800_ml.lib : _lock.obj (.cinit)
                  000000df    0000000a                    : exit.obj (.cinit)
                  000000e9    00000004     drv8301.obj (.cinit)
                  000000ed    00000004     rts2800_ml.lib : errno.obj (.cinit)
                  000000f1    00000002     --HOLE-- [fill = 0]

ramfuncs   0    000000f3    00000036     
                  000000f3    00000032     flash.obj (ramfuncs)
                  00000125    00000004     usDelay.obj (ramfuncs)

.text      0    00008000    00003301     
                  00008000    00000adb     hal.obj (.text)
                  00008adb    0000095d     ctrl.obj (.text)
                  00009438    0000048a     user.obj (.text)
                  000098c2    00000320     proj_lab05a.obj (.text)
                  00009be2    000002f0     pwm.obj (.text)
                  00009ed2    000002b8     drv8301.obj (.text)
                  0000a18a    000001fb     adc.obj (.text)
                  0000a385    00000193     gpio.obj (.text)
                  0000a518    0000018a     clk.obj (.text)
                  0000a6a2    0000010e     pie.obj (.text)
                  0000a7b0    000000ff     sci.obj (.text)
                  0000a8af    000000c6     proj_lab05a.obj (.text:retain)
                  0000a975    000000aa     rts2800_ml.lib : log.obj (.text)
                  0000aa1f    000000a9     spi.obj (.text)
                  0000aac8    0000009d     rts2800_ml.lib : exp.obj (.text)
                  0000ab65    0000008d                    : _log.obj (.text)
                  0000abf2    00000087                    : pow.obj (.text)
                  0000ac79    00000083                    : fd_mpy.obj (.text)
                  0000acfc    00000083                    : fs_div.obj (.text)
                  0000ad7f    00000078                    : fs_add.obj (.text)
                  0000adf7    0000005b     pll.obj (.text)
                  0000ae52    0000005a     rts2800_ml.lib : fs_mpy.obj (.text)
                  0000aeac    00000050                    : sqrt.obj (.text)
                  0000aefc    00000047     pwr.obj (.text)
                  0000af43    00000046     wdog.obj (.text)
                  0000af89    00000045     offset.obj (.text)
                  0000afce    00000044     rts2800_ml.lib : boot.obj (.text)
                  0000b012    0000003f                    : ldexp.obj (.text)
                  0000b051    00000032     timer.obj (.text)
                  0000b083    00000031     rts2800_ml.lib : modf.obj (.text)
                  0000b0b4    0000002d     osc.obj (.text)
                  0000b0e1    00000029     rts2800_ml.lib : fs_tol.obj (.text)
                  0000b10a    00000027     cpu.obj (.text)
                  0000b131    00000025     rts2800_ml.lib : fs_toi.obj (.text)
                  0000b156    00000022                    : i_div.obj (.text)
                  0000b178    00000021     filter_fo.obj (.text)
                  0000b199    00000021     rts2800_ml.lib : fs_toul.obj (.text)
                  0000b1ba    00000020     flash.obj (.text)
                  0000b1da    0000001f     rts2800_ml.lib : fd_tol.obj (.text)
                  0000b1f9    0000001d                    : fs_tou.obj (.text)
                  0000b216    0000001c                    : fs_tofd.obj (.text)
                  0000b232    0000001a                    : i_tofs.obj (.text)
                  0000b24c    0000001a                    : l_tofs.obj (.text)
                  0000b266    00000019                    : args_main.obj (.text)
                  0000b27f    00000019                    : exit.obj (.text)
                  0000b298    00000017                    : fs_cmp.obj (.text)
                  0000b2af    00000014                    : frexp.obj (.text)
                  0000b2c3    00000013                    : ul_tofs.obj (.text)
                  0000b2d6    00000010                    : u_tofs.obj (.text)
                  0000b2e6    00000009                    : _lock.obj (.text)
                  0000b2ef    00000008     CodeStartBranch.obj (.text)
                  0000b2f7    00000005     pie.obj (.text:retain)
                  0000b2fc    00000005     rts2800_ml.lib : fs_neg.obj (.text)

.ebss      0    0000b302    00000268     UNINITIALIZED
                  0000b302    00000004     rts2800_ml.lib : _lock.obj (.ebss)
                  0000b306    00000004                    : exit.obj (.ebss)
                  0000b30a    00000002     drv8301.obj (.ebss)
                  0000b30c    00000001     cpu.obj (.ebss)
                  0000b30d    00000001     rts2800_ml.lib : errno.obj (.ebss)
                  0000b30e    00000032     --HOLE--
                  0000b340    0000016c     proj_lab05a.obj (.ebss)
                  0000b4ac    00000014     --HOLE--
                  0000b4c0    000000aa     hal.obj (.ebss)

IQmath     0    0000b56a    000000a6     
                  0000b56a    00000042     IQmath.lib : IQ24sqrt.obj (IQmath)
                  0000b5ac    00000029                : IQ24sinPU.obj (IQmath)
                  0000b5d5    00000027                : IQ24cosPU.obj (IQmath)
                  0000b5fc    00000014                : IQ30toF.obj (IQmath)

.econst    0    0000b610    00000028     
                  0000b610    0000001c     ctrl.obj (.econst)
                  0000b62c    00000008     user.obj (.econst)
                  0000b634    00000004     hal.obj (.econst)

IQmathTables 
*          0    003fdc30    00000b50     NOLOAD SECTION
                  003fdc30    00000b50     IQmath.lib : IQmathTables.obj (IQmathTables)

.reset     0    003fffc0    00000002     DSECT
                  003fffc0    00000002     rts2800_ml.lib : boot.obj (.reset)

.stack     1    00000400    000003b0     UNINITIALIZED
                  00000400    000003b0     --HOLE--


GLOBAL DATA SYMBOLS: SORTED BY DATA PAGE

address     data page           name
--------    ----------------    ----
00000400      10 (00000400)     __stack

0000b302     2cc (0000b300)     __unlock
0000b304     2cc (0000b300)     __lock
0000b306     2cc (0000b300)     ___TI_cleanup_ptr
0000b308     2cc (0000b300)     ___TI_dtors_ptr
0000b30c     2cc (0000b300)     _cpu
0000b30d     2cc (0000b300)     _errno

0000b340     2cd (0000b340)     _gCounter_updateGlobals
0000b341     2cd (0000b340)     _gLEDcnt
0000b342     2cd (0000b340)     _Flag_Latch_softwareUpdate
0000b344     2cd (0000b340)     _controller_obj
0000b346     2cd (0000b340)     _gMaxCurrentSlope
0000b348     2cd (0000b340)     _gFlux_pu_to_Wb_sf
0000b34a     2cd (0000b340)     _gTorque_Ls_Id_Iq_pu_to_Nm_sf
0000b34c     2cd (0000b340)     _gFlux_pu_to_VpHz_sf
0000b34e     2cd (0000b340)     _halHandle
0000b350     2cd (0000b340)     _ctrlHandle
0000b352     2cd (0000b340)     _gTorque_Flux_Iq_pu_to_Nm_sf
0000b354     2cd (0000b340)     _gPwmData
0000b35a     2cd (0000b340)     _gAdcData
0000b368     2cd (0000b340)     _gDrvSpi8301Vars

0000b380     2ce (0000b380)     _gMotorVars

0000b400     2d0 (0000b400)     _gUserParams

0000b4c0     2d3 (0000b4c0)     _hal

0000b56a     2d5 (0000b540)     __IQ24sqrt

0000b5ac     2d6 (0000b580)     __IQ24sinPU

0000b5d5     2d7 (0000b5c0)     __IQ24cosPU
0000b5fc     2d7 (0000b5c0)     __IQ30toF

003fdc30    ff70 (003fdc00)     _IQsinTable

003fdd30    ff74 (003fdd00)     _IQcosTable

003fe030    ff80 (003fe000)     _IQsinTableEnd

003fe132    ff84 (003fe100)     _IQcosTableEnd
003fe132    ff84 (003fe100)     _IQdivRoundSatTable

003fe140    ff85 (003fe140)     _IQdivTable

003fe342    ff8d (003fe340)     _IQdivTableEnd
003fe342    ff8d (003fe340)     _IQisqrtRoundSatTable
003fe342    ff8d (003fe340)     _IQsqrtRoundSatTable
003fe352    ff8d (003fe340)     _IQisqrtTable
003fe352    ff8d (003fe340)     _IQsqrtTable

003fe454    ff91 (003fe440)     _IQatan2HalfPITable
003fe454    ff91 (003fe440)     _IQisqrtTableEnd
003fe454    ff91 (003fe440)     _IQsqrtTableEnd

003fe492    ff92 (003fe480)     _IQatan2Table

003fe618    ff98 (003fe600)     _IQ30mpyRndSatTable
003fe618    ff98 (003fe600)     _IQatan2TableEnd
003fe618    ff98 (003fe600)     _IQmpyRndSatTable
003fe624    ff98 (003fe600)     _IQ29mpyRndSatTable
003fe630    ff98 (003fe600)     _IQ28mpyRndSatTable
003fe63c    ff98 (003fe600)     _IQ27mpyRndSatTable

003fe648    ff99 (003fe640)     _IQ26mpyRndSatTable
003fe654    ff99 (003fe640)     _IQ25mpyRndSatTable
003fe660    ff99 (003fe640)     _IQ24mpyRndSatTable
003fe66c    ff99 (003fe640)     _IQ23mpyRndSatTable
003fe678    ff99 (003fe640)     _IQ22mpyRndSatTable

003fe684    ff9a (003fe680)     _IQ21mpyRndSatTable
003fe690    ff9a (003fe680)     _IQ20mpyRndSatTable
003fe69c    ff9a (003fe680)     _IQ19mpyRndSatTable
003fe6a8    ff9a (003fe680)     _IQ18mpyRndSatTable
003fe6b4    ff9a (003fe680)     _IQ17mpyRndSatTable

003fe6c0    ff9b (003fe6c0)     _IQ16mpyRndSatTable
003fe6cc    ff9b (003fe6c0)     _IQ15mpyRndSatTable
003fe6d8    ff9b (003fe6c0)     _IQ14mpyRndSatTable
003fe6e4    ff9b (003fe6c0)     _IQ13mpyRndSatTable
003fe6f0    ff9b (003fe6c0)     _IQ12mpyRndSatTable
003fe6fc    ff9b (003fe6c0)     _IQ11mpyRndSatTable

003fe708    ff9c (003fe700)     _IQ10mpyRndSatTable
003fe714    ff9c (003fe700)     _IQ9mpyRndSatTable
003fe720    ff9c (003fe700)     _IQ8mpyRndSatTable
003fe72c    ff9c (003fe700)     _IQ7mpyRndSatTable
003fe738    ff9c (003fe700)     _IQ6mpyRndSatTable

003fe744    ff9d (003fe740)     _IQ5mpyRndSatTable
003fe750    ff9d (003fe740)     _IQ4mpyRndSatTable
003fe75c    ff9d (003fe740)     _IQ3mpyRndSatTable
003fe768    ff9d (003fe740)     _IQ2mpyRndSatTable
003fe774    ff9d (003fe740)     _IQ1mpyRndSatTable

003fe780    ff9e (003fe780)     _IQmpyRndSatTableEnd


GLOBAL SYMBOLS: SORTED ALPHABETICALLY BY Name 

address    name
--------   ----
00008000   .text
0000b27f   C$$EXIT
0000ac79   FD$$MPY
0000b1da   FD$$TOL
0000ad84   FS$$ADD
0000b298   FS$$CMP
0000acfc   FS$$DIV
0000ae52   FS$$MPY
0000b2fc   FS$$NEG
0000ad7f   FS$$SUB
0000b216   FS$$TOFD
0000b131   FS$$TOI
0000b0e1   FS$$TOL
0000b1f9   FS$$TOU
0000b199   FS$$TOUL
0000b156   I$$DIV
0000b167   I$$MOD
0000b232   I$$TOFS
0000b24c   L$$TOFS
0000b2d6   U$$TOFS
0000b2c3   UL$$TOFS
0000a37a   _ADC_disable
0000a36f   _ADC_disableBandGap
0000a354   _ADC_disableInt
0000a349   _ADC_disableNoOverlapMode
0000a33e   _ADC_disableRefBuffers
0000a333   _ADC_disableVoltRefLoConv
0000a328   _ADC_enable
0000a31d   _ADC_enableBandGap
0000a306   _ADC_enableInt
0000a2fb   _ADC_enableNoOverlapMode
0000a2f0   _ADC_enableRefBuffers
0000a2e5   _ADC_enableVoltRefLoConv
0000a2dd   _ADC_getDivideSelect
0000a2d6   _ADC_init
0000a2cb   _ADC_powerDown
0000a2c0   _ADC_powerUp
0000a2b5   _ADC_reset
0000a2a3   _ADC_setDivideSelect
0000a286   _ADC_setIntMode
0000a274   _ADC_setIntPulseGenMode
0000a257   _ADC_setIntSrc
0000a250   _ADC_setOffTrim
0000a238   _ADC_setSampleMode
0000a223   _ADC_setSampleOverlapMode
0000a210   _ADC_setSocChanNumber
0000a206   _ADC_setSocFrc
0000a1ff   _ADC_setSocFrcWord
0000a1ec   _ADC_setSocSampleDelay
0000a1d9   _ADC_setSocTrigSrc
0000a1c7   _ADC_setTempSensorSrc
0000a1b5   _ADC_setVoltRefSrc
0000a18a   _ADC_setupSocTrigSrc
0000a69b   _CLK_disableAdcClock
0000a694   _CLK_disableClaClock
0000a68e   _CLK_disableClkIn
0000a68a   _CLK_disableCompClock
0000a683   _CLK_disableCpuTimerClock
0000a67d   _CLK_disableCrystalOsc
0000a676   _CLK_disableEcanaClock
0000a66f   _CLK_disableEcap1Clock
0000a668   _CLK_disableEqep1Clock
0000a661   _CLK_disableEqep2Clock
0000a65a   _CLK_disableGpioInputClock
0000a653   _CLK_disableHrPwmClock
0000a64c   _CLK_disableI2cClock
0000a645   _CLK_disableLinAClock
0000a63f   _CLK_disableOsc1
0000a639   _CLK_disableOsc1HaltMode
0000a633   _CLK_disableOsc2
0000a62d   _CLK_disableOsc2HaltMode
0000a623   _CLK_disablePwmClock
0000a61c   _CLK_disableSciaClock
0000a615   _CLK_disableScibClock
0000a60e   _CLK_disableSpiaClock
0000a60a   _CLK_disableSpibClock
0000a603   _CLK_disableTbClockSync
0000a5fd   _CLK_disableWatchDogHaltMode
0000a5f6   _CLK_enableAdcClock
0000a5ef   _CLK_enableClaClock
0000a5e9   _CLK_enableClkIn
0000a5e3   _CLK_enableCompClock
0000a5dd   _CLK_enableCpuTimerClock
0000a5d7   _CLK_enableCrystalOsc
0000a5d0   _CLK_enableEcanaClock
0000a5c9   _CLK_enableEcap1Clock
0000a5c2   _CLK_enableEqep1Clock
0000a5bb   _CLK_enableEqep2Clock
0000a5b4   _CLK_enableGpioInputClock
0000a5ad   _CLK_enableHrPwmClock
0000a5a6   _CLK_enableI2cClock
0000a59f   _CLK_enableLinAClock
0000a599   _CLK_enableOsc1
0000a593   _CLK_enableOsc1HaltMode
0000a58d   _CLK_enableOsc2
0000a587   _CLK_enableOsc2HaltMode
0000a57e   _CLK_enablePwmClock
0000a577   _CLK_enableSciaClock
0000a570   _CLK_enableScibClock
0000a569   _CLK_enableSpiaClock
0000a562   _CLK_enableSpibClock
0000a55b   _CLK_enableTbClockSync
0000a555   _CLK_enableWatchDogHaltMode
0000a54f   _CLK_init
0000a548   _CLK_setClkOutPreScaler
0000a542   _CLK_setLowSpdPreScaler
0000a53b   _CLK_setOsc2Src
0000a534   _CLK_setOscSrc
0000a52d   _CLK_setTimer2PreScale
0000a526   _CLK_setTimer2Src
0000a51f   _CLK_setWatchDogSrc
0000a518   _CLK_setXClkInSrc
0000b12e   _CPU_clearIntFlags
0000b12b   _CPU_disableDebugInt
0000b128   _CPU_disableGlobalInts
0000b123   _CPU_disableInt
0000b120   _CPU_disableInts
0000b11d   _CPU_disableProtectedRegisterWrite
0000b11a   _CPU_enableDebugInt
0000b117   _CPU_enableGlobalInts
0000b113   _CPU_enableInt
0000b110   _CPU_enableProtectedRegisterWrite
0000b10a   _CPU_init
000093fc   _CTRL_getGains
000093f4   _CTRL_getIab_filt_pu
000093ec   _CTRL_getIab_in_pu
000093e4   _CTRL_getIdq_in_pu
000093dc   _CTRL_getIdq_ref_pu
00009435   _CTRL_getMagCurrent_pu
00009432   _CTRL_getMaximumSpeed_pu
000093d4   _CTRL_getVab_in_pu
000093cc   _CTRL_getVab_out_pu
000093c4   _CTRL_getVdq_out_pu
003fa721   _CTRL_getVersion
000093bb   _CTRL_getWaitTimes
003fa6fb   _CTRL_initCtrl
00008ea9   _CTRL_run
003fa5d1   _CTRL_runTraj
003f9e64   _CTRL_setEstParams
00008c45   _CTRL_setGains
0000942c   _CTRL_setMagCurrent_pu
0000942f   _CTRL_setMaximumSpeed_pu
00008c6d   _CTRL_setParams
00008c32   _CTRL_setSpd_ref_krpm
00008c2f   _CTRL_setSpd_ref_pu
003f9d31   _CTRL_setUserMotorParams
00008c26   _CTRL_setWaitTimes
00008c1c   _CTRL_setup
00008c00   _CTRL_setupClarke_I
00008bea   _CTRL_setupClarke_V
003f9b43   _CTRL_setupCtrl
003f99a5   _CTRL_setupEstIdleState
003f996a   _CTRL_setupEstOnLineState
003f9806   _CTRL_setupTraj
00008b8d   _CTRL_setup_user
00008adb   _CTRL_updateState
0000a168   _DRV8301_enable
0000a156   _DRV8301_getDcCalMode
0000a13b   _DRV8301_getFaultType
0000a135   _DRV8301_getId
0000a12e   _DRV8301_getOcLevel
0000a127   _DRV8301_getOcMode
0000a120   _DRV8301_getOcOffTimeMode
0000a119   _DRV8301_getOcTwMode
0000a112   _DRV8301_getPeakCurrent
0000a10b   _DRV8301_getPwmMode
0000a104   _DRV8301_getShuntAmpGain
0000a0fb   _DRV8301_init
0000a0f5   _DRV8301_isFault
0000a0ee   _DRV8301_isReset
0000a083   _DRV8301_readData
00009f11   _DRV8301_readSpi
0000a074   _DRV8301_reset
0000a055   _DRV8301_setDcCalMode
0000a053   _DRV8301_setGpioHandle
0000a051   _DRV8301_setGpioNumber
0000a03d   _DRV8301_setOcLevel
0000a029   _DRV8301_setOcMode
0000a015   _DRV8301_setOcOffTimeMode
0000a001   _DRV8301_setOcTwMode
00009fed   _DRV8301_setPeakCurrent
00009fd9   _DRV8301_setPwmMode
00009fc5   _DRV8301_setShuntAmpGain
00009fc3   _DRV8301_setSpiHandle
00009f47   _DRV8301_setupSpi
00009ee8   _DRV8301_writeData
00009ed2   _DRV8301_writeSpi
003f9760   _EST_doCurrentCtrl
003f9758   _EST_doSpeedCtrl
003f8c0d   _EST_getAngle_pu
003f96be   _EST_getFlux_VpHz
003f96ab   _EST_getFlux_pu
003f968e   _EST_getFm_pu
003f9632   _EST_getIdRated
003f95ff   _EST_getLs_coarse_max_pu
003f95f5   _EST_getLs_d_H
003f95f0   _EST_getLs_d_pu
003f95ce   _EST_getLs_q_H
003f95c9   _EST_getLs_q_pu
003f95bd   _EST_getMaxCurrentSlope_pu
003f95b3   _EST_getOneOverDcBus_pu
003f95ad   _EST_getRr_Ohm
003f9513   _EST_getRs_Ohm
003f94c6   _EST_getSpeed_krpm
003f861b   _EST_getState
003f9458   _EST_get_krpm_to_pu_sf
003f9453   _EST_get_pu_to_krpm_sf
003f938d   _EST_isError
003f9386   _EST_isIdle
003f937f   _EST_isLockRotor
003f8679   _EST_isMotorIdentified
003f9378   _EST_isOnLine
003f927b   _EST_run
003f8bdb   _EST_setFlag_enableForceAngle
003f8bd3   _EST_setFlag_enableRsRecalc
003f8b80   _EST_setId_ref_pu
003f8b7a   _EST_setIdle
003f8b67   _EST_setIdle_all
003f8b63   _EST_setIq_ref_pu
003f8b45   _EST_setLs_d_pu
003f8af1   _EST_setLs_qFmt
003f8ae7   _EST_setLs_q_pu
003f8adb   _EST_setMaxCurrentSlope_pu
003f8a18   _EST_setRs_pu
003f89f5   _EST_updateId_ref_pu
003f8713   _EST_updateState
003f861d   _EST_useZeroIq_ref
0000b196   _FILTER_FO_getDenCoeffs
0000b18f   _FILTER_FO_getInitialConditions
0000b189   _FILTER_FO_getNumCoeffs
0000b183   _FILTER_FO_init
0000b181   _FILTER_FO_setDenCoeffs
0000b17c   _FILTER_FO_setInitialConditions
0000b178   _FILTER_FO_setNumCoeffs
0000b1d4   _FLASH_clear3VStatus
0000011f   _FLASH_disablePipelineMode
00000119   _FLASH_enablePipelineMode
0000b1d1   _FLASH_get3VStatus
0000b1ce   _FLASH_getActiveWaitCount
0000b1ca   _FLASH_getActiveWaitStatus
0000b1c7   _FLASH_getPowerMode
0000b1c4   _FLASH_getStandbyWaitCount
0000b1c0   _FLASH_getStandbyWaitStatus
0000b1ba   _FLASH_init
00000114   _FLASH_setActiveWaitCount
0000010d   _FLASH_setNumPagedReadWaitStates
00000106   _FLASH_setNumRandomReadWaitStates
000000ff   _FLASH_setOtpWaitStates
000000f8   _FLASH_setPowerMode
000000f3   _FLASH_setStandbyWaitCount
0000b342   _Flag_Latch_softwareUpdate
0000a508   _GPIO_getData
0000a501   _GPIO_getPortData
0000a4fb   _GPIO_init
0000a4f1   _GPIO_lpmSelect
0000a4cb   _GPIO_read
0000a4b0   _GPIO_setDirection
0000a4a5   _GPIO_setExtInt
0000a492   _GPIO_setHigh
0000a47f   _GPIO_setLow
0000a445   _GPIO_setMode
0000a43a   _GPIO_setPortData
0000a41f   _GPIO_setPullup
0000a3df   _GPIO_setQualification
0000a398   _GPIO_setQualificationPeriod
0000a385   _GPIO_toggle
000085d3   _HAL_AdcCalChanSelect
0000862a   _HAL_AdcCalConversion
00008781   _HAL_AdcOffsetSelfCal
00008846   _HAL_OscTempComp
00008899   _HAL_cal
00008ad7   _HAL_disableGlobalInts
000089be   _HAL_disableWdog
00008ac5   _HAL_enableAdcInts
00008ac1   _HAL_enableDebugInt
00008abc   _HAL_enableDrv
00008ab8   _HAL_enableGlobalInts
00008aa7   _HAL_enablePwmInt
00008a97   _HAL_enableTimer0Int
000087b4   _HAL_getOscTrimValue
000089c3   _HAL_init
000087c8   _HAL_osc1Comp
00008807   _HAL_osc2Comp
000089b9   _HAL_readDrvData
000088b0   _HAL_setParams
0000851b   _HAL_setupAdcs
000084ff   _HAL_setupClks
000084fa   _HAL_setupDrvSpi
000084db   _HAL_setupFaults
000084b7   _HAL_setupFlash
000084a2   _HAL_setupGate
000082fd   _HAL_setupGpios
000082b0   _HAL_setupPeripheralClks
00008294   _HAL_setupPie
00008256   _HAL_setupPll
000081cb   _HAL_setupPwmDacs
00008103   _HAL_setupPwms
000080b8   _HAL_setupSCI
00008072   _HAL_setupSpiA
0000803c   _HAL_setupSpiB
00008005   _HAL_setupTimers
00008000   _HAL_writeDrvData
003fe708   _IQ10mpyRndSatTable
003fe6fc   _IQ11mpyRndSatTable
003fe6f0   _IQ12mpyRndSatTable
003fe6e4   _IQ13mpyRndSatTable
003fe6d8   _IQ14mpyRndSatTable
003fe6cc   _IQ15mpyRndSatTable
003fe6c0   _IQ16mpyRndSatTable
003fe6b4   _IQ17mpyRndSatTable
003fe6a8   _IQ18mpyRndSatTable
003fe69c   _IQ19mpyRndSatTable
003fe774   _IQ1mpyRndSatTable
003fe690   _IQ20mpyRndSatTable
003fe684   _IQ21mpyRndSatTable
003fe678   _IQ22mpyRndSatTable
003fe66c   _IQ23mpyRndSatTable
003fe660   _IQ24mpyRndSatTable
003fe654   _IQ25mpyRndSatTable
003fe648   _IQ26mpyRndSatTable
003fe63c   _IQ27mpyRndSatTable
003fe630   _IQ28mpyRndSatTable
003fe624   _IQ29mpyRndSatTable
003fe768   _IQ2mpyRndSatTable
003fe618   _IQ30mpyRndSatTable
003fe75c   _IQ3mpyRndSatTable
003fe750   _IQ4mpyRndSatTable
003fe744   _IQ5mpyRndSatTable
003fe738   _IQ6mpyRndSatTable
003fe72c   _IQ7mpyRndSatTable
003fe720   _IQ8mpyRndSatTable
003fe714   _IQ9mpyRndSatTable
003fe454   _IQatan2HalfPITable
003fe492   _IQatan2Table
003fe618   _IQatan2TableEnd
003fdd30   _IQcosTable
003fe132   _IQcosTableEnd
003fe132   _IQdivRoundSatTable
003fe140   _IQdivTable
003fe342   _IQdivTableEnd
003fe342   _IQisqrtRoundSatTable
003fe352   _IQisqrtTable
003fe454   _IQisqrtTableEnd
003fe618   _IQmpyRndSatTable
003fe780   _IQmpyRndSatTableEnd
003fdc30   _IQsinTable
003fe030   _IQsinTableEnd
003fe342   _IQsqrtRoundSatTable
003fe352   _IQsqrtTable
003fe454   _IQsqrtTableEnd
0000afc1   _OFFSET_getBeta
0000afb0   _OFFSET_init
0000af9a   _OFFSET_setBeta
0000af8b   _OFFSET_setInitCond
0000af89   _OFFSET_setOffset
0000b0db   _OSC_init
0000b0ce   _OSC_setCoarseTrim
0000b0bd   _OSC_setFineTrim
0000b0b4   _OSC_setTrim
0000a7a6   _PIE_clearAllFlags
0000a7a3   _PIE_clearAllInts
0000a7a0   _PIE_disable
0000a796   _PIE_disableAllInts
0000a792   _PIE_disableCaptureInt
0000a785   _PIE_disableExtInt
0000a77a   _PIE_disableInt
0000a777   _PIE_enable
0000a75b   _PIE_enableAdcInt
0000a757   _PIE_enableCaptureInt
0000a734   _PIE_enableExtInt
0000a72a   _PIE_enableInt
0000a725   _PIE_enablePwmInt
0000a720   _PIE_enablePwmTzInt
0000a71d   _PIE_enableTimer0Int
0000a713   _PIE_forceInt
0000a70b   _PIE_getExtIntCount
0000a704   _PIE_getIntEnables
0000a6fd   _PIE_getIntFlags
0000b2f7   _PIE_illegalIsr
0000a6f6   _PIE_init
0000a6e7   _PIE_registerPieIntHandler
0000a6dc   _PIE_registerSystemIntHandler
0000a6d0   _PIE_setDefaultIntVectorTable
0000a6c0   _PIE_setExtIntPolarity
0000a6af   _PIE_unregisterPieIntHandler
0000a6a2   _PIE_unregisterSystemIntHandler
0000ae4c   _PLL_disable
0000ae46   _PLL_disableClkDetect
0000ae40   _PLL_disableNormRdy
0000ae3a   _PLL_disableOsc
0000ae34   _PLL_enable
0000ae2e   _PLL_enableClkDetect
0000ae28   _PLL_enableNormRdy
0000ae22   _PLL_enableOsc
0000ae1e   _PLL_getClkFreq
0000ae1b   _PLL_getClkStatus
0000ae18   _PLL_getDivideSelect
0000ae15   _PLL_getLockStatus
0000ae0f   _PLL_init
0000ae09   _PLL_resetClkDetect
0000ae03   _PLL_setClkFreq
0000adfc   _PLL_setDivideSelect
0000adf7   _PLL_setLockPeriod
00009ecc   _PWM_clearTripZone
00009ec9   _PWM_decrementDeadBandFallingEdgeDelay
00009ec6   _PWM_decrementDeadBandRisingEdgeDelay
00009ebf   _PWM_disableAutoConvert
00009ebb   _PWM_disableChopping
00009eb8   _PWM_disableCounterLoad
00009eb5   _PWM_disableDeadBand
00009eb1   _PWM_disableDeadBandHalfCycle
00009eaa   _PWM_disableDigitalCompareBlankingWindow
00009ea3   _PWM_disableDigitalCompareBlankingWindowInversion
00009e9c   _PWM_disableHrPeriod
00009e95   _PWM_disableHrPhaseSync
00009e91   _PWM_disableInt
00009e8d   _PWM_disableSocAPulse
00009e89   _PWM_disableSocBPulse
00009e82   _PWM_disableTripZoneInt
00009e7b   _PWM_disableTripZoneSrc
00009e75   _PWM_disableTripZones
00009e6e   _PWM_enableAutoConvert
00009e6a   _PWM_enableChopping
00009e67   _PWM_enableCounterLoad
00009e63   _PWM_enableDeadBandHalfCycle
00009e5c   _PWM_enableDigitalCompareBlankingWindow
00009e55   _PWM_enableDigitalCompareBlankingWindowInversion
00009e4e   _PWM_enableHrPeriod
00009e47   _PWM_enableHrPhaseSync
00009e43   _PWM_enableInt
00009e3f   _PWM_enableSocAPulse
00009e3b   _PWM_enableSocBPulse
00009e35   _PWM_enableTripZoneInt
00009e2f   _PWM_enableTripZoneSrc
00009e2c   _PWM_getDeadBandFallingEdgeDelay
00009e29   _PWM_getDeadBandRisingEdgeDelay
00009e25   _PWM_getIntCount
00009e21   _PWM_getShadowStatus_CmpA
00009e1d   _PWM_getShadowStatus_CmpB
00009e18   _PWM_getSocACount
00009e13   _PWM_getSocBCount
00009e10   _PWM_incrementDeadBandFallingEdgeDelay
00009e0d   _PWM_incrementDeadBandRisingEdgeDelay
00009e07   _PWM_init
00009e00   _PWM_setActionQualContSWForce_PwmA
00009df7   _PWM_setActionQualContSWForce_PwmB
00009dee   _PWM_setActionQual_CntDown_CmpA_PwmA
00009de5   _PWM_setActionQual_CntDown_CmpA_PwmB
00009ddc   _PWM_setActionQual_CntDown_CmpB_PwmA
00009dd3   _PWM_setActionQual_CntDown_CmpB_PwmB
00009dca   _PWM_setActionQual_CntUp_CmpA_PwmA
00009dc1   _PWM_setActionQual_CntUp_CmpA_PwmB
00009db8   _PWM_setActionQual_CntUp_CmpB_PwmA
00009daf   _PWM_setActionQual_CntUp_CmpB_PwmB
00009da6   _PWM_setActionQual_Period_PwmA
00009d9d   _PWM_setActionQual_Period_PwmB
00009d96   _PWM_setActionQual_Zero_PwmA
00009d8f   _PWM_setActionQual_Zero_PwmB
00009d88   _PWM_setChoppingClkFreq
00009d81   _PWM_setChoppingDutyCycle
00009d7a   _PWM_setChoppingPulseWidth
00009d76   _PWM_setClkDiv
00009d74   _PWM_setCount
00009d70   _PWM_setCounterMode
00009d6d   _PWM_setDeadBandFallingEdgeDelay
00009d66   _PWM_setDeadBandInputMode
00009d5f   _PWM_setDeadBandOutputMode
00009d58   _PWM_setDeadBandPolarity
00009d55   _PWM_setDeadBandRisingEdgeDelay
00009d3e   _PWM_setDigitalCompareAEvent1
00009d2e   _PWM_setDigitalCompareAEvent2
00009d17   _PWM_setDigitalCompareBEvent1
00009d07   _PWM_setDigitalCompareBEvent2
00009cfb   _PWM_setDigitalCompareBlankingPulse
00009cf8   _PWM_setDigitalCompareFilterOffset
00009cee   _PWM_setDigitalCompareFilterSource
00009ceb   _PWM_setDigitalCompareFilterWindow
00009cdc   _PWM_setDigitalCompareInput
00009cd8   _PWM_setHighSpeedClkDiv
00009cce   _PWM_setHrControlMode
00009cc4   _PWM_setHrEdgeMode
00009cba   _PWM_setHrShadowMode
00009cb3   _PWM_setIntMode
00009cac   _PWM_setIntPeriod
00009ca8   _PWM_setLoadMode_CmpA
00009ca2   _PWM_setLoadMode_CmpB
00009ca0   _PWM_setPeriod
00009c9b   _PWM_setPeriodHr
00009c97   _PWM_setPeriodLoad
00009c95   _PWM_setPhase
00009c91   _PWM_setPhaseDir
00009c8d   _PWM_setRunMode
00009c87   _PWM_setShadowMode_CmpA
00009c81   _PWM_setShadowMode_CmpB
00009c78   _PWM_setSocAPeriod
00009c6f   _PWM_setSocAPulseSrc
00009c66   _PWM_setSocBPeriod
00009c5d   _PWM_setSocBPulseSrc
00009c5a   _PWM_setSwSync
00009c56   _PWM_setSyncMode
00009c4c   _PWM_setTripZoneDCEventSelect_DCAEVT1
00009c40   _PWM_setTripZoneDCEventSelect_DCAEVT2
00009c34   _PWM_setTripZoneDCEventSelect_DCBEVT1
00009c28   _PWM_setTripZoneDCEventSelect_DCBEVT2
00009c1c   _PWM_setTripZoneState_DCAEVT1
00009c10   _PWM_setTripZoneState_DCAEVT2
00009c04   _PWM_setTripZoneState_DCBEVT1
00009bf8   _PWM_setTripZoneState_DCBEVT2
00009bee   _PWM_setTripZoneState_TZA
00009be2   _PWM_setTripZoneState_TZB
0000af40   _PWR_disableBrownOutReset
0000af35   _PWR_disableWatchDogInt
0000af32   _PWR_enableBrownOutReset
0000af27   _PWR_enableWatchDogInt
0000af20   _PWR_init
0000af0e   _PWR_setLowPowerMode
0000aefc   _PWR_setNumStandByClocks
00000129   _RamfuncsLoadEnd
00000036   _RamfuncsLoadSize
000000f3   _RamfuncsLoadStart
000000f3   _RamfuncsRunStart
0000a970   _SCI_RX_ISR
0000a8ab   _SCI_clearAutoBaudDetect
0000a8a7   _SCI_clearRxFifoInt
0000a8a3   _SCI_clearRxFifoOvf
0000a89f   _SCI_clearTxFifoInt
0000a89c   _SCI_disable
0000a898   _SCI_disableAutoBaudAlign
0000a895   _SCI_disableLoopBack
0000a892   _SCI_disableParity
0000a88f   _SCI_disableRx
0000a88c   _SCI_disableRxErrorInt
0000a888   _SCI_disableRxFifoInt
0000a885   _SCI_disableRxInt
0000a882   _SCI_disableSleep
0000a87f   _SCI_disableTx
0000a87b   _SCI_disableTxFifoEnh
0000a877   _SCI_disableTxFifoInt
0000a874   _SCI_disableTxInt
0000a871   _SCI_disableTxWake
0000a86e   _SCI_enable
0000a86a   _SCI_enableAutoBaudAlign
0000a866   _SCI_enableChannels
0000a863   _SCI_enableLoopBack
0000a860   _SCI_enableParity
0000a85d   _SCI_enableRx
0000a85a   _SCI_enableRxErrorInt
0000a856   _SCI_enableRxFifo
0000a852   _SCI_enableRxFifoInt
0000a84f   _SCI_enableRxInt
0000a84c   _SCI_enableSleep
0000a849   _SCI_enableTx
0000a845   _SCI_enableTxFifo
0000a841   _SCI_enableTxFifoEnh
0000a83d   _SCI_enableTxFifoInt
0000a83a   _SCI_enableTxInt
0000a837   _SCI_enableTxWake
0000a833   _SCI_getDataBlocking
0000a82a   _SCI_getDataNonBlocking
0000a826   _SCI_getRxFifoStatus
0000a7b0   _SCI_getTxFifoStatus
0000a820   _SCI_init
0000a81b   _SCI_putDataBlocking
0000a813   _SCI_putDataNonBlocking
0000a810   _SCI_reset
0000a806   _SCI_resetChannels
0000a7fc   _SCI_resetRxFifo
0000a7f2   _SCI_resetTxFifo
0000a7ec   _SCI_setBaudRate
0000a7e8   _SCI_setCharLength
0000a7e4   _SCI_setMode
0000a7e0   _SCI_setNumStopBits
0000a7dc   _SCI_setParity
0000a7d9   _SCI_setPriority
0000a7d2   _SCI_setRxFifoIntLevel
0000a7cb   _SCI_setTxDelay
0000a7c4   _SCI_setTxFifoIntLevel
0000a7b4   _SCI_write_char
0000a7bd   _SCI_write_str
0000aac4   _SPI_clearRxFifoInt
0000aac0   _SPI_clearRxFifoOvf
0000aabc   _SPI_clearTxFifoInt
0000aab9   _SPI_disableInt
0000aab6   _SPI_disableLoopBack
0000aab3   _SPI_disableOverRunInt
0000aaaf   _SPI_disableRxFifoInt
0000aaac   _SPI_disableTx
0000aaa8   _SPI_disableTxFifoEnh
0000aaa4   _SPI_disableTxFifoInt
0000aaa1   _SPI_enable
0000aa9d   _SPI_enableChannels
0000aa9a   _SPI_enableInt
0000aa97   _SPI_enableLoopBack
0000aa94   _SPI_enableOverRunInt
0000aa90   _SPI_enableRxFifo
0000aa8c   _SPI_enableRxFifoInt
0000aa89   _SPI_enableTx
0000aa85   _SPI_enableTxFifo
0000aa81   _SPI_enableTxFifoEnh
0000aa7d   _SPI_enableTxFifoInt
0000aa7a   _SPI_getIntFlagStatus
0000aa76   _SPI_getRxFifoStatus
0000aa73   _SPI_getTxBufferStatus
0000aa6f   _SPI_getTxFifoStatus
0000aa69   _SPI_init
0000aa66   _SPI_reset
0000aa62   _SPI_resetChannels
0000aa5e   _SPI_resetRxFifo
0000aa5a   _SPI_resetTxFifo
0000aa58   _SPI_setBaudRate
0000aa54   _SPI_setCharLength
0000aa52   _SPI_setClkPhase
0000aa4e   _SPI_setClkPolarity
0000aa4c   _SPI_setMode
0000aa45   _SPI_setPriority
0000aa3e   _SPI_setRxFifoIntLevel
0000aa37   _SPI_setSteInv
0000aa30   _SPI_setSuspend
0000aa29   _SPI_setTriWire
0000aa26   _SPI_setTxDelay
0000aa1f   _SPI_setTxFifoIntLevel
0000b080   _TIMER_clearFlag
0000b07d   _TIMER_disableInt
0000b07a   _TIMER_enableInt
0000b077   _TIMER_getStatus
0000b071   _TIMER_init
0000b063   _TIMER_setDecimationFactor
0000b05f   _TIMER_setEmulationMode
0000b051   _TIMER_setPreScaler
00009811   _USER_calcPIgains
0000980d   _USER_checkForErrors
000097ff   _USER_computeFlux
000097b4   _USER_computeFlux_pu_to_VpHz_sf
00009769   _USER_computeFlux_pu_to_Wb_sf
0000971e   _USER_computeTorque_Flux_Iq_pu_to_Nm_sf
000096d5   _USER_computeTorque_Ls_Id_Iq_pu_to_Nm_sf
00009689   _USER_computeTorque_Nm
00009632   _USER_computeTorque_lbin
0000962f   _USER_getErrorCode
0000962c   _USER_setErrorCode
000094c6   _USER_setParams
00009438   _USER_softwareUpdate1p6
0000af81   _WDOG_clearCounter
0000af79   _WDOG_disable
0000af73   _WDOG_disableInt
0000af6d   _WDOG_disableOverRide
0000af64   _WDOG_enable
0000af5e   _WDOG_enableInt
0000af58   _WDOG_enableOverRide
0000af55   _WDOG_getIntStatus
0000af4f   _WDOG_init
0000af4d   _WDOG_setCount
0000af43   _WDOG_setPreScaler
0000b5d5   __IQ24cosPU
0000b5ac   __IQ24sinPU
0000b56a   __IQ24sqrt
0000b5fc   __IQ30toF
000007b0   __STACK_END
000003b0   __STACK_SIZE
00000001   __TI_args_main
0000b306   ___TI_cleanup_ptr
0000b308   ___TI_dtors_ptr
ffffffff   ___binit__
ffffffff   ___c_args__
00000050   ___cinit__
0000b301   ___etext__
ffffffff   ___pinit__
00008000   ___text__
0000b266   __args_main
0000b304   __lock
0000ab65   __log
0000b2ee   __nop
0000b2ea   __register_lock
0000b2e6   __register_unlock
00000400   __stack
0000b302   __unlock
0000b27f   _abort
0000afce   _c_int00
0000b344   _controller_obj
0000b30c   _cpu
0000b350   _ctrlHandle
0000b30d   _errno
0000b281   _exit
0000aac8   _exp
0000b2af   _frexp
0000b35a   _gAdcData
0000b340   _gCounter_updateGlobals
0000b368   _gDrvSpi8301Vars
0000b34c   _gFlux_pu_to_VpHz_sf
0000b348   _gFlux_pu_to_Wb_sf
0000b341   _gLEDcnt
0000b346   _gMaxCurrentSlope
0000b380   _gMotorVars
0000b354   _gPwmData
0000b352   _gTorque_Flux_Iq_pu_to_Nm_sf
0000b34a   _gTorque_Ls_Id_Iq_pu_to_Nm_sf
0000b400   _gUserParams
0000b4c0   _hal
0000b34e   _halHandle
0000b012   _ldexp
0000a975   _log
000099c4   _main
0000a8af   _mainISR
0000b083   _modf
0000abf2   _pow
0000aeac   _sqrt
00009905   _updateGlobalVariables_motor
000098dd   _updateIqRef
000098c2   _updateKpKiGains
00000125   _usDelay
ffffffff   binit
00000050   cinit
00000000   code_start
0000b301   etext
ffffffff   pinit


GLOBAL SYMBOLS: SORTED BY Symbol Address 

address    name
--------   ----
00000000   code_start
00000001   __TI_args_main
00000036   _RamfuncsLoadSize
00000050   ___cinit__
00000050   cinit
000000f3   _FLASH_setStandbyWaitCount
000000f3   _RamfuncsLoadStart
000000f3   _RamfuncsRunStart
000000f8   _FLASH_setPowerMode
000000ff   _FLASH_setOtpWaitStates
00000106   _FLASH_setNumRandomReadWaitStates
0000010d   _FLASH_setNumPagedReadWaitStates
00000114   _FLASH_setActiveWaitCount
00000119   _FLASH_enablePipelineMode
0000011f   _FLASH_disablePipelineMode
00000125   _usDelay
00000129   _RamfuncsLoadEnd
000003b0   __STACK_SIZE
00000400   __stack
000007b0   __STACK_END
00008000   .text
00008000   _HAL_writeDrvData
00008000   ___text__
00008005   _HAL_setupTimers
0000803c   _HAL_setupSpiB
00008072   _HAL_setupSpiA
000080b8   _HAL_setupSCI
00008103   _HAL_setupPwms
000081cb   _HAL_setupPwmDacs
00008256   _HAL_setupPll
00008294   _HAL_setupPie
000082b0   _HAL_setupPeripheralClks
000082fd   _HAL_setupGpios
000084a2   _HAL_setupGate
000084b7   _HAL_setupFlash
000084db   _HAL_setupFaults
000084fa   _HAL_setupDrvSpi
000084ff   _HAL_setupClks
0000851b   _HAL_setupAdcs
000085d3   _HAL_AdcCalChanSelect
0000862a   _HAL_AdcCalConversion
00008781   _HAL_AdcOffsetSelfCal
000087b4   _HAL_getOscTrimValue
000087c8   _HAL_osc1Comp
00008807   _HAL_osc2Comp
00008846   _HAL_OscTempComp
00008899   _HAL_cal
000088b0   _HAL_setParams
000089b9   _HAL_readDrvData
000089be   _HAL_disableWdog
000089c3   _HAL_init
00008a97   _HAL_enableTimer0Int
00008aa7   _HAL_enablePwmInt
00008ab8   _HAL_enableGlobalInts
00008abc   _HAL_enableDrv
00008ac1   _HAL_enableDebugInt
00008ac5   _HAL_enableAdcInts
00008ad7   _HAL_disableGlobalInts
00008adb   _CTRL_updateState
00008b8d   _CTRL_setup_user
00008bea   _CTRL_setupClarke_V
00008c00   _CTRL_setupClarke_I
00008c1c   _CTRL_setup
00008c26   _CTRL_setWaitTimes
00008c2f   _CTRL_setSpd_ref_pu
00008c32   _CTRL_setSpd_ref_krpm
00008c45   _CTRL_setGains
00008c6d   _CTRL_setParams
00008ea9   _CTRL_run
000093bb   _CTRL_getWaitTimes
000093c4   _CTRL_getVdq_out_pu
000093cc   _CTRL_getVab_out_pu
000093d4   _CTRL_getVab_in_pu
000093dc   _CTRL_getIdq_ref_pu
000093e4   _CTRL_getIdq_in_pu
000093ec   _CTRL_getIab_in_pu
000093f4   _CTRL_getIab_filt_pu
000093fc   _CTRL_getGains
0000942c   _CTRL_setMagCurrent_pu
0000942f   _CTRL_setMaximumSpeed_pu
00009432   _CTRL_getMaximumSpeed_pu
00009435   _CTRL_getMagCurrent_pu
00009438   _USER_softwareUpdate1p6
000094c6   _USER_setParams
0000962c   _USER_setErrorCode
0000962f   _USER_getErrorCode
00009632   _USER_computeTorque_lbin
00009689   _USER_computeTorque_Nm
000096d5   _USER_computeTorque_Ls_Id_Iq_pu_to_Nm_sf
0000971e   _USER_computeTorque_Flux_Iq_pu_to_Nm_sf
00009769   _USER_computeFlux_pu_to_Wb_sf
000097b4   _USER_computeFlux_pu_to_VpHz_sf
000097ff   _USER_computeFlux
0000980d   _USER_checkForErrors
00009811   _USER_calcPIgains
000098c2   _updateKpKiGains
000098dd   _updateIqRef
00009905   _updateGlobalVariables_motor
000099c4   _main
00009be2   _PWM_setTripZoneState_TZB
00009bee   _PWM_setTripZoneState_TZA
00009bf8   _PWM_setTripZoneState_DCBEVT2
00009c04   _PWM_setTripZoneState_DCBEVT1
00009c10   _PWM_setTripZoneState_DCAEVT2
00009c1c   _PWM_setTripZoneState_DCAEVT1
00009c28   _PWM_setTripZoneDCEventSelect_DCBEVT2
00009c34   _PWM_setTripZoneDCEventSelect_DCBEVT1
00009c40   _PWM_setTripZoneDCEventSelect_DCAEVT2
00009c4c   _PWM_setTripZoneDCEventSelect_DCAEVT1
00009c56   _PWM_setSyncMode
00009c5a   _PWM_setSwSync
00009c5d   _PWM_setSocBPulseSrc
00009c66   _PWM_setSocBPeriod
00009c6f   _PWM_setSocAPulseSrc
00009c78   _PWM_setSocAPeriod
00009c81   _PWM_setShadowMode_CmpB
00009c87   _PWM_setShadowMode_CmpA
00009c8d   _PWM_setRunMode
00009c91   _PWM_setPhaseDir
00009c95   _PWM_setPhase
00009c97   _PWM_setPeriodLoad
00009c9b   _PWM_setPeriodHr
00009ca0   _PWM_setPeriod
00009ca2   _PWM_setLoadMode_CmpB
00009ca8   _PWM_setLoadMode_CmpA
00009cac   _PWM_setIntPeriod
00009cb3   _PWM_setIntMode
00009cba   _PWM_setHrShadowMode
00009cc4   _PWM_setHrEdgeMode
00009cce   _PWM_setHrControlMode
00009cd8   _PWM_setHighSpeedClkDiv
00009cdc   _PWM_setDigitalCompareInput
00009ceb   _PWM_setDigitalCompareFilterWindow
00009cee   _PWM_setDigitalCompareFilterSource
00009cf8   _PWM_setDigitalCompareFilterOffset
00009cfb   _PWM_setDigitalCompareBlankingPulse
00009d07   _PWM_setDigitalCompareBEvent2
00009d17   _PWM_setDigitalCompareBEvent1
00009d2e   _PWM_setDigitalCompareAEvent2
00009d3e   _PWM_setDigitalCompareAEvent1
00009d55   _PWM_setDeadBandRisingEdgeDelay
00009d58   _PWM_setDeadBandPolarity
00009d5f   _PWM_setDeadBandOutputMode
00009d66   _PWM_setDeadBandInputMode
00009d6d   _PWM_setDeadBandFallingEdgeDelay
00009d70   _PWM_setCounterMode
00009d74   _PWM_setCount
00009d76   _PWM_setClkDiv
00009d7a   _PWM_setChoppingPulseWidth
00009d81   _PWM_setChoppingDutyCycle
00009d88   _PWM_setChoppingClkFreq
00009d8f   _PWM_setActionQual_Zero_PwmB
00009d96   _PWM_setActionQual_Zero_PwmA
00009d9d   _PWM_setActionQual_Period_PwmB
00009da6   _PWM_setActionQual_Period_PwmA
00009daf   _PWM_setActionQual_CntUp_CmpB_PwmB
00009db8   _PWM_setActionQual_CntUp_CmpB_PwmA
00009dc1   _PWM_setActionQual_CntUp_CmpA_PwmB
00009dca   _PWM_setActionQual_CntUp_CmpA_PwmA
00009dd3   _PWM_setActionQual_CntDown_CmpB_PwmB
00009ddc   _PWM_setActionQual_CntDown_CmpB_PwmA
00009de5   _PWM_setActionQual_CntDown_CmpA_PwmB
00009dee   _PWM_setActionQual_CntDown_CmpA_PwmA
00009df7   _PWM_setActionQualContSWForce_PwmB
00009e00   _PWM_setActionQualContSWForce_PwmA
00009e07   _PWM_init
00009e0d   _PWM_incrementDeadBandRisingEdgeDelay
00009e10   _PWM_incrementDeadBandFallingEdgeDelay
00009e13   _PWM_getSocBCount
00009e18   _PWM_getSocACount
00009e1d   _PWM_getShadowStatus_CmpB
00009e21   _PWM_getShadowStatus_CmpA
00009e25   _PWM_getIntCount
00009e29   _PWM_getDeadBandRisingEdgeDelay
00009e2c   _PWM_getDeadBandFallingEdgeDelay
00009e2f   _PWM_enableTripZoneSrc
00009e35   _PWM_enableTripZoneInt
00009e3b   _PWM_enableSocBPulse
00009e3f   _PWM_enableSocAPulse
00009e43   _PWM_enableInt
00009e47   _PWM_enableHrPhaseSync
00009e4e   _PWM_enableHrPeriod
00009e55   _PWM_enableDigitalCompareBlankingWindowInversion
00009e5c   _PWM_enableDigitalCompareBlankingWindow
00009e63   _PWM_enableDeadBandHalfCycle
00009e67   _PWM_enableCounterLoad
00009e6a   _PWM_enableChopping
00009e6e   _PWM_enableAutoConvert
00009e75   _PWM_disableTripZones
00009e7b   _PWM_disableTripZoneSrc
00009e82   _PWM_disableTripZoneInt
00009e89   _PWM_disableSocBPulse
00009e8d   _PWM_disableSocAPulse
00009e91   _PWM_disableInt
00009e95   _PWM_disableHrPhaseSync
00009e9c   _PWM_disableHrPeriod
00009ea3   _PWM_disableDigitalCompareBlankingWindowInversion
00009eaa   _PWM_disableDigitalCompareBlankingWindow
00009eb1   _PWM_disableDeadBandHalfCycle
00009eb5   _PWM_disableDeadBand
00009eb8   _PWM_disableCounterLoad
00009ebb   _PWM_disableChopping
00009ebf   _PWM_disableAutoConvert
00009ec6   _PWM_decrementDeadBandRisingEdgeDelay
00009ec9   _PWM_decrementDeadBandFallingEdgeDelay
00009ecc   _PWM_clearTripZone
00009ed2   _DRV8301_writeSpi
00009ee8   _DRV8301_writeData
00009f11   _DRV8301_readSpi
00009f47   _DRV8301_setupSpi
00009fc3   _DRV8301_setSpiHandle
00009fc5   _DRV8301_setShuntAmpGain
00009fd9   _DRV8301_setPwmMode
00009fed   _DRV8301_setPeakCurrent
0000a001   _DRV8301_setOcTwMode
0000a015   _DRV8301_setOcOffTimeMode
0000a029   _DRV8301_setOcMode
0000a03d   _DRV8301_setOcLevel
0000a051   _DRV8301_setGpioNumber
0000a053   _DRV8301_setGpioHandle
0000a055   _DRV8301_setDcCalMode
0000a074   _DRV8301_reset
0000a083   _DRV8301_readData
0000a0ee   _DRV8301_isReset
0000a0f5   _DRV8301_isFault
0000a0fb   _DRV8301_init
0000a104   _DRV8301_getShuntAmpGain
0000a10b   _DRV8301_getPwmMode
0000a112   _DRV8301_getPeakCurrent
0000a119   _DRV8301_getOcTwMode
0000a120   _DRV8301_getOcOffTimeMode
0000a127   _DRV8301_getOcMode
0000a12e   _DRV8301_getOcLevel
0000a135   _DRV8301_getId
0000a13b   _DRV8301_getFaultType
0000a156   _DRV8301_getDcCalMode
0000a168   _DRV8301_enable
0000a18a   _ADC_setupSocTrigSrc
0000a1b5   _ADC_setVoltRefSrc
0000a1c7   _ADC_setTempSensorSrc
0000a1d9   _ADC_setSocTrigSrc
0000a1ec   _ADC_setSocSampleDelay
0000a1ff   _ADC_setSocFrcWord
0000a206   _ADC_setSocFrc
0000a210   _ADC_setSocChanNumber
0000a223   _ADC_setSampleOverlapMode
0000a238   _ADC_setSampleMode
0000a250   _ADC_setOffTrim
0000a257   _ADC_setIntSrc
0000a274   _ADC_setIntPulseGenMode
0000a286   _ADC_setIntMode
0000a2a3   _ADC_setDivideSelect
0000a2b5   _ADC_reset
0000a2c0   _ADC_powerUp
0000a2cb   _ADC_powerDown
0000a2d6   _ADC_init
0000a2dd   _ADC_getDivideSelect
0000a2e5   _ADC_enableVoltRefLoConv
0000a2f0   _ADC_enableRefBuffers
0000a2fb   _ADC_enableNoOverlapMode
0000a306   _ADC_enableInt
0000a31d   _ADC_enableBandGap
0000a328   _ADC_enable
0000a333   _ADC_disableVoltRefLoConv
0000a33e   _ADC_disableRefBuffers
0000a349   _ADC_disableNoOverlapMode
0000a354   _ADC_disableInt
0000a36f   _ADC_disableBandGap
0000a37a   _ADC_disable
0000a385   _GPIO_toggle
0000a398   _GPIO_setQualificationPeriod
0000a3df   _GPIO_setQualification
0000a41f   _GPIO_setPullup
0000a43a   _GPIO_setPortData
0000a445   _GPIO_setMode
0000a47f   _GPIO_setLow
0000a492   _GPIO_setHigh
0000a4a5   _GPIO_setExtInt
0000a4b0   _GPIO_setDirection
0000a4cb   _GPIO_read
0000a4f1   _GPIO_lpmSelect
0000a4fb   _GPIO_init
0000a501   _GPIO_getPortData
0000a508   _GPIO_getData
0000a518   _CLK_setXClkInSrc
0000a51f   _CLK_setWatchDogSrc
0000a526   _CLK_setTimer2Src
0000a52d   _CLK_setTimer2PreScale
0000a534   _CLK_setOscSrc
0000a53b   _CLK_setOsc2Src
0000a542   _CLK_setLowSpdPreScaler
0000a548   _CLK_setClkOutPreScaler
0000a54f   _CLK_init
0000a555   _CLK_enableWatchDogHaltMode
0000a55b   _CLK_enableTbClockSync
0000a562   _CLK_enableSpibClock
0000a569   _CLK_enableSpiaClock
0000a570   _CLK_enableScibClock
0000a577   _CLK_enableSciaClock
0000a57e   _CLK_enablePwmClock
0000a587   _CLK_enableOsc2HaltMode
0000a58d   _CLK_enableOsc2
0000a593   _CLK_enableOsc1HaltMode
0000a599   _CLK_enableOsc1
0000a59f   _CLK_enableLinAClock
0000a5a6   _CLK_enableI2cClock
0000a5ad   _CLK_enableHrPwmClock
0000a5b4   _CLK_enableGpioInputClock
0000a5bb   _CLK_enableEqep2Clock
0000a5c2   _CLK_enableEqep1Clock
0000a5c9   _CLK_enableEcap1Clock
0000a5d0   _CLK_enableEcanaClock
0000a5d7   _CLK_enableCrystalOsc
0000a5dd   _CLK_enableCpuTimerClock
0000a5e3   _CLK_enableCompClock
0000a5e9   _CLK_enableClkIn
0000a5ef   _CLK_enableClaClock
0000a5f6   _CLK_enableAdcClock
0000a5fd   _CLK_disableWatchDogHaltMode
0000a603   _CLK_disableTbClockSync
0000a60a   _CLK_disableSpibClock
0000a60e   _CLK_disableSpiaClock
0000a615   _CLK_disableScibClock
0000a61c   _CLK_disableSciaClock
0000a623   _CLK_disablePwmClock
0000a62d   _CLK_disableOsc2HaltMode
0000a633   _CLK_disableOsc2
0000a639   _CLK_disableOsc1HaltMode
0000a63f   _CLK_disableOsc1
0000a645   _CLK_disableLinAClock
0000a64c   _CLK_disableI2cClock
0000a653   _CLK_disableHrPwmClock
0000a65a   _CLK_disableGpioInputClock
0000a661   _CLK_disableEqep2Clock
0000a668   _CLK_disableEqep1Clock
0000a66f   _CLK_disableEcap1Clock
0000a676   _CLK_disableEcanaClock
0000a67d   _CLK_disableCrystalOsc
0000a683   _CLK_disableCpuTimerClock
0000a68a   _CLK_disableCompClock
0000a68e   _CLK_disableClkIn
0000a694   _CLK_disableClaClock
0000a69b   _CLK_disableAdcClock
0000a6a2   _PIE_unregisterSystemIntHandler
0000a6af   _PIE_unregisterPieIntHandler
0000a6c0   _PIE_setExtIntPolarity
0000a6d0   _PIE_setDefaultIntVectorTable
0000a6dc   _PIE_registerSystemIntHandler
0000a6e7   _PIE_registerPieIntHandler
0000a6f6   _PIE_init
0000a6fd   _PIE_getIntFlags
0000a704   _PIE_getIntEnables
0000a70b   _PIE_getExtIntCount
0000a713   _PIE_forceInt
0000a71d   _PIE_enableTimer0Int
0000a720   _PIE_enablePwmTzInt
0000a725   _PIE_enablePwmInt
0000a72a   _PIE_enableInt
0000a734   _PIE_enableExtInt
0000a757   _PIE_enableCaptureInt
0000a75b   _PIE_enableAdcInt
0000a777   _PIE_enable
0000a77a   _PIE_disableInt
0000a785   _PIE_disableExtInt
0000a792   _PIE_disableCaptureInt
0000a796   _PIE_disableAllInts
0000a7a0   _PIE_disable
0000a7a3   _PIE_clearAllInts
0000a7a6   _PIE_clearAllFlags
0000a7b0   _SCI_getTxFifoStatus
0000a7b4   _SCI_write_char
0000a7bd   _SCI_write_str
0000a7c4   _SCI_setTxFifoIntLevel
0000a7cb   _SCI_setTxDelay
0000a7d2   _SCI_setRxFifoIntLevel
0000a7d9   _SCI_setPriority
0000a7dc   _SCI_setParity
0000a7e0   _SCI_setNumStopBits
0000a7e4   _SCI_setMode
0000a7e8   _SCI_setCharLength
0000a7ec   _SCI_setBaudRate
0000a7f2   _SCI_resetTxFifo
0000a7fc   _SCI_resetRxFifo
0000a806   _SCI_resetChannels
0000a810   _SCI_reset
0000a813   _SCI_putDataNonBlocking
0000a81b   _SCI_putDataBlocking
0000a820   _SCI_init
0000a826   _SCI_getRxFifoStatus
0000a82a   _SCI_getDataNonBlocking
0000a833   _SCI_getDataBlocking
0000a837   _SCI_enableTxWake
0000a83a   _SCI_enableTxInt
0000a83d   _SCI_enableTxFifoInt
0000a841   _SCI_enableTxFifoEnh
0000a845   _SCI_enableTxFifo
0000a849   _SCI_enableTx
0000a84c   _SCI_enableSleep
0000a84f   _SCI_enableRxInt
0000a852   _SCI_enableRxFifoInt
0000a856   _SCI_enableRxFifo
0000a85a   _SCI_enableRxErrorInt
0000a85d   _SCI_enableRx
0000a860   _SCI_enableParity
0000a863   _SCI_enableLoopBack
0000a866   _SCI_enableChannels
0000a86a   _SCI_enableAutoBaudAlign
0000a86e   _SCI_enable
0000a871   _SCI_disableTxWake
0000a874   _SCI_disableTxInt
0000a877   _SCI_disableTxFifoInt
0000a87b   _SCI_disableTxFifoEnh
0000a87f   _SCI_disableTx
0000a882   _SCI_disableSleep
0000a885   _SCI_disableRxInt
0000a888   _SCI_disableRxFifoInt
0000a88c   _SCI_disableRxErrorInt
0000a88f   _SCI_disableRx
0000a892   _SCI_disableParity
0000a895   _SCI_disableLoopBack
0000a898   _SCI_disableAutoBaudAlign
0000a89c   _SCI_disable
0000a89f   _SCI_clearTxFifoInt
0000a8a3   _SCI_clearRxFifoOvf
0000a8a7   _SCI_clearRxFifoInt
0000a8ab   _SCI_clearAutoBaudDetect
0000a8af   _mainISR
0000a970   _SCI_RX_ISR
0000a975   _log
0000aa1f   _SPI_setTxFifoIntLevel
0000aa26   _SPI_setTxDelay
0000aa29   _SPI_setTriWire
0000aa30   _SPI_setSuspend
0000aa37   _SPI_setSteInv
0000aa3e   _SPI_setRxFifoIntLevel
0000aa45   _SPI_setPriority
0000aa4c   _SPI_setMode
0000aa4e   _SPI_setClkPolarity
0000aa52   _SPI_setClkPhase
0000aa54   _SPI_setCharLength
0000aa58   _SPI_setBaudRate
0000aa5a   _SPI_resetTxFifo
0000aa5e   _SPI_resetRxFifo
0000aa62   _SPI_resetChannels
0000aa66   _SPI_reset
0000aa69   _SPI_init
0000aa6f   _SPI_getTxFifoStatus
0000aa73   _SPI_getTxBufferStatus
0000aa76   _SPI_getRxFifoStatus
0000aa7a   _SPI_getIntFlagStatus
0000aa7d   _SPI_enableTxFifoInt
0000aa81   _SPI_enableTxFifoEnh
0000aa85   _SPI_enableTxFifo
0000aa89   _SPI_enableTx
0000aa8c   _SPI_enableRxFifoInt
0000aa90   _SPI_enableRxFifo
0000aa94   _SPI_enableOverRunInt
0000aa97   _SPI_enableLoopBack
0000aa9a   _SPI_enableInt
0000aa9d   _SPI_enableChannels
0000aaa1   _SPI_enable
0000aaa4   _SPI_disableTxFifoInt
0000aaa8   _SPI_disableTxFifoEnh
0000aaac   _SPI_disableTx
0000aaaf   _SPI_disableRxFifoInt
0000aab3   _SPI_disableOverRunInt
0000aab6   _SPI_disableLoopBack
0000aab9   _SPI_disableInt
0000aabc   _SPI_clearTxFifoInt
0000aac0   _SPI_clearRxFifoOvf
0000aac4   _SPI_clearRxFifoInt
0000aac8   _exp
0000ab65   __log
0000abf2   _pow
0000ac79   FD$$MPY
0000acfc   FS$$DIV
0000ad7f   FS$$SUB
0000ad84   FS$$ADD
0000adf7   _PLL_setLockPeriod
0000adfc   _PLL_setDivideSelect
0000ae03   _PLL_setClkFreq
0000ae09   _PLL_resetClkDetect
0000ae0f   _PLL_init
0000ae15   _PLL_getLockStatus
0000ae18   _PLL_getDivideSelect
0000ae1b   _PLL_getClkStatus
0000ae1e   _PLL_getClkFreq
0000ae22   _PLL_enableOsc
0000ae28   _PLL_enableNormRdy
0000ae2e   _PLL_enableClkDetect
0000ae34   _PLL_enable
0000ae3a   _PLL_disableOsc
0000ae40   _PLL_disableNormRdy
0000ae46   _PLL_disableClkDetect
0000ae4c   _PLL_disable
0000ae52   FS$$MPY
0000aeac   _sqrt
0000aefc   _PWR_setNumStandByClocks
0000af0e   _PWR_setLowPowerMode
0000af20   _PWR_init
0000af27   _PWR_enableWatchDogInt
0000af32   _PWR_enableBrownOutReset
0000af35   _PWR_disableWatchDogInt
0000af40   _PWR_disableBrownOutReset
0000af43   _WDOG_setPreScaler
0000af4d   _WDOG_setCount
0000af4f   _WDOG_init
0000af55   _WDOG_getIntStatus
0000af58   _WDOG_enableOverRide
0000af5e   _WDOG_enableInt
0000af64   _WDOG_enable
0000af6d   _WDOG_disableOverRide
0000af73   _WDOG_disableInt
0000af79   _WDOG_disable
0000af81   _WDOG_clearCounter
0000af89   _OFFSET_setOffset
0000af8b   _OFFSET_setInitCond
0000af9a   _OFFSET_setBeta
0000afb0   _OFFSET_init
0000afc1   _OFFSET_getBeta
0000afce   _c_int00
0000b012   _ldexp
0000b051   _TIMER_setPreScaler
0000b05f   _TIMER_setEmulationMode
0000b063   _TIMER_setDecimationFactor
0000b071   _TIMER_init
0000b077   _TIMER_getStatus
0000b07a   _TIMER_enableInt
0000b07d   _TIMER_disableInt
0000b080   _TIMER_clearFlag
0000b083   _modf
0000b0b4   _OSC_setTrim
0000b0bd   _OSC_setFineTrim
0000b0ce   _OSC_setCoarseTrim
0000b0db   _OSC_init
0000b0e1   FS$$TOL
0000b10a   _CPU_init
0000b110   _CPU_enableProtectedRegisterWrite
0000b113   _CPU_enableInt
0000b117   _CPU_enableGlobalInts
0000b11a   _CPU_enableDebugInt
0000b11d   _CPU_disableProtectedRegisterWrite
0000b120   _CPU_disableInts
0000b123   _CPU_disableInt
0000b128   _CPU_disableGlobalInts
0000b12b   _CPU_disableDebugInt
0000b12e   _CPU_clearIntFlags
0000b131   FS$$TOI
0000b156   I$$DIV
0000b167   I$$MOD
0000b178   _FILTER_FO_setNumCoeffs
0000b17c   _FILTER_FO_setInitialConditions
0000b181   _FILTER_FO_setDenCoeffs
0000b183   _FILTER_FO_init
0000b189   _FILTER_FO_getNumCoeffs
0000b18f   _FILTER_FO_getInitialConditions
0000b196   _FILTER_FO_getDenCoeffs
0000b199   FS$$TOUL
0000b1ba   _FLASH_init
0000b1c0   _FLASH_getStandbyWaitStatus
0000b1c4   _FLASH_getStandbyWaitCount
0000b1c7   _FLASH_getPowerMode
0000b1ca   _FLASH_getActiveWaitStatus
0000b1ce   _FLASH_getActiveWaitCount
0000b1d1   _FLASH_get3VStatus
0000b1d4   _FLASH_clear3VStatus
0000b1da   FD$$TOL
0000b1f9   FS$$TOU
0000b216   FS$$TOFD
0000b232   I$$TOFS
0000b24c   L$$TOFS
0000b266   __args_main
0000b27f   C$$EXIT
0000b27f   _abort
0000b281   _exit
0000b298   FS$$CMP
0000b2af   _frexp
0000b2c3   UL$$TOFS
0000b2d6   U$$TOFS
0000b2e6   __register_unlock
0000b2ea   __register_lock
0000b2ee   __nop
0000b2f7   _PIE_illegalIsr
0000b2fc   FS$$NEG
0000b301   ___etext__
0000b301   etext
0000b302   __unlock
0000b304   __lock
0000b306   ___TI_cleanup_ptr
0000b308   ___TI_dtors_ptr
0000b30c   _cpu
0000b30d   _errno
0000b340   _gCounter_updateGlobals
0000b341   _gLEDcnt
0000b342   _Flag_Latch_softwareUpdate
0000b344   _controller_obj
0000b346   _gMaxCurrentSlope
0000b348   _gFlux_pu_to_Wb_sf
0000b34a   _gTorque_Ls_Id_Iq_pu_to_Nm_sf
0000b34c   _gFlux_pu_to_VpHz_sf
0000b34e   _halHandle
0000b350   _ctrlHandle
0000b352   _gTorque_Flux_Iq_pu_to_Nm_sf
0000b354   _gPwmData
0000b35a   _gAdcData
0000b368   _gDrvSpi8301Vars
0000b380   _gMotorVars
0000b400   _gUserParams
0000b4c0   _hal
0000b56a   __IQ24sqrt
0000b5ac   __IQ24sinPU
0000b5d5   __IQ24cosPU
0000b5fc   __IQ30toF
003f861b   _EST_getState
003f861d   _EST_useZeroIq_ref
003f8679   _EST_isMotorIdentified
003f8713   _EST_updateState
003f89f5   _EST_updateId_ref_pu
003f8a18   _EST_setRs_pu
003f8adb   _EST_setMaxCurrentSlope_pu
003f8ae7   _EST_setLs_q_pu
003f8af1   _EST_setLs_qFmt
003f8b45   _EST_setLs_d_pu
003f8b63   _EST_setIq_ref_pu
003f8b67   _EST_setIdle_all
003f8b7a   _EST_setIdle
003f8b80   _EST_setId_ref_pu
003f8bd3   _EST_setFlag_enableRsRecalc
003f8bdb   _EST_setFlag_enableForceAngle
003f8c0d   _EST_getAngle_pu
003f927b   _EST_run
003f9378   _EST_isOnLine
003f937f   _EST_isLockRotor
003f9386   _EST_isIdle
003f938d   _EST_isError
003f9453   _EST_get_pu_to_krpm_sf
003f9458   _EST_get_krpm_to_pu_sf
003f94c6   _EST_getSpeed_krpm
003f9513   _EST_getRs_Ohm
003f95ad   _EST_getRr_Ohm
003f95b3   _EST_getOneOverDcBus_pu
003f95bd   _EST_getMaxCurrentSlope_pu
003f95c9   _EST_getLs_q_pu
003f95ce   _EST_getLs_q_H
003f95f0   _EST_getLs_d_pu
003f95f5   _EST_getLs_d_H
003f95ff   _EST_getLs_coarse_max_pu
003f9632   _EST_getIdRated
003f968e   _EST_getFm_pu
003f96ab   _EST_getFlux_pu
003f96be   _EST_getFlux_VpHz
003f9758   _EST_doSpeedCtrl
003f9760   _EST_doCurrentCtrl
003f9806   _CTRL_setupTraj
003f996a   _CTRL_setupEstOnLineState
003f99a5   _CTRL_setupEstIdleState
003f9b43   _CTRL_setupCtrl
003f9d31   _CTRL_setUserMotorParams
003f9e64   _CTRL_setEstParams
003fa5d1   _CTRL_runTraj
003fa6fb   _CTRL_initCtrl
003fa721   _CTRL_getVersion
003fdc30   _IQsinTable
003fdd30   _IQcosTable
003fe030   _IQsinTableEnd
003fe132   _IQcosTableEnd
003fe132   _IQdivRoundSatTable
003fe140   _IQdivTable
003fe342   _IQdivTableEnd
003fe342   _IQisqrtRoundSatTable
003fe342   _IQsqrtRoundSatTable
003fe352   _IQisqrtTable
003fe352   _IQsqrtTable
003fe454   _IQatan2HalfPITable
003fe454   _IQisqrtTableEnd
003fe454   _IQsqrtTableEnd
003fe492   _IQatan2Table
003fe618   _IQ30mpyRndSatTable
003fe618   _IQatan2TableEnd
003fe618   _IQmpyRndSatTable
003fe624   _IQ29mpyRndSatTable
003fe630   _IQ28mpyRndSatTable
003fe63c   _IQ27mpyRndSatTable
003fe648   _IQ26mpyRndSatTable
003fe654   _IQ25mpyRndSatTable
003fe660   _IQ24mpyRndSatTable
003fe66c   _IQ23mpyRndSatTable
003fe678   _IQ22mpyRndSatTable
003fe684   _IQ21mpyRndSatTable
003fe690   _IQ20mpyRndSatTable
003fe69c   _IQ19mpyRndSatTable
003fe6a8   _IQ18mpyRndSatTable
003fe6b4   _IQ17mpyRndSatTable
003fe6c0   _IQ16mpyRndSatTable
003fe6cc   _IQ15mpyRndSatTable
003fe6d8   _IQ14mpyRndSatTable
003fe6e4   _IQ13mpyRndSatTable
003fe6f0   _IQ12mpyRndSatTable
003fe6fc   _IQ11mpyRndSatTable
003fe708   _IQ10mpyRndSatTable
003fe714   _IQ9mpyRndSatTable
003fe720   _IQ8mpyRndSatTable
003fe72c   _IQ7mpyRndSatTable
003fe738   _IQ6mpyRndSatTable
003fe744   _IQ5mpyRndSatTable
003fe750   _IQ4mpyRndSatTable
003fe75c   _IQ3mpyRndSatTable
003fe768   _IQ2mpyRndSatTable
003fe774   _IQ1mpyRndSatTable
003fe780   _IQmpyRndSatTableEnd
ffffffff   ___binit__
ffffffff   ___c_args__
ffffffff   ___pinit__
ffffffff   binit
ffffffff   pinit

[715 symbols]
