<?xml version="1.0"?>
<link_info>
   <banner>TMS320C2000 Linker PC v6.2.7</banner>
   <copyright>Copyright (c) 1996-2014 Texas Instruments Incorporated</copyright>
   <link_time>0x57a2fab7</link_time>
   <link_errors>0x0</link_errors>
   <output_file>proj_lab05d.out</output_file>
   <entry_point>
      <name>_c_int00</name>
      <address>0xb304</address>
   </entry_point>
   <input_file_list>
      <input_file id="fl-6">
         <path>.\</path>
         <kind>object</kind>
         <file>CodeStartBranch.obj</file>
         <name>CodeStartBranch.obj</name>
      </input_file>
      <input_file id="fl-7">
         <path>.\</path>
         <kind>object</kind>
         <file>adc.obj</file>
         <name>adc.obj</name>
      </input_file>
      <input_file id="fl-8">
         <path>.\</path>
         <kind>object</kind>
         <file>clarke.obj</file>
         <name>clarke.obj</name>
      </input_file>
      <input_file id="fl-9">
         <path>.\</path>
         <kind>object</kind>
         <file>clk.obj</file>
         <name>clk.obj</name>
      </input_file>
      <input_file id="fl-a">
         <path>.\</path>
         <kind>object</kind>
         <file>cpu.obj</file>
         <name>cpu.obj</name>
      </input_file>
      <input_file id="fl-b">
         <path>.\</path>
         <kind>object</kind>
         <file>ctrl.obj</file>
         <name>ctrl.obj</name>
      </input_file>
      <input_file id="fl-c">
         <path>.\</path>
         <kind>object</kind>
         <file>drv8301.obj</file>
         <name>drv8301.obj</name>
      </input_file>
      <input_file id="fl-d">
         <path>.\</path>
         <kind>object</kind>
         <file>filter_fo.obj</file>
         <name>filter_fo.obj</name>
      </input_file>
      <input_file id="fl-e">
         <path>.\</path>
         <kind>object</kind>
         <file>flash.obj</file>
         <name>flash.obj</name>
      </input_file>
      <input_file id="fl-f">
         <path>.\</path>
         <kind>object</kind>
         <file>gpio.obj</file>
         <name>gpio.obj</name>
      </input_file>
      <input_file id="fl-10">
         <path>.\</path>
         <kind>object</kind>
         <file>hal.obj</file>
         <name>hal.obj</name>
      </input_file>
      <input_file id="fl-11">
         <path>.\</path>
         <kind>object</kind>
         <file>ipark.obj</file>
         <name>ipark.obj</name>
      </input_file>
      <input_file id="fl-12">
         <path>.\</path>
         <kind>object</kind>
         <file>offset.obj</file>
         <name>offset.obj</name>
      </input_file>
      <input_file id="fl-13">
         <path>.\</path>
         <kind>object</kind>
         <file>osc.obj</file>
         <name>osc.obj</name>
      </input_file>
      <input_file id="fl-14">
         <path>.\</path>
         <kind>object</kind>
         <file>park.obj</file>
         <name>park.obj</name>
      </input_file>
      <input_file id="fl-15">
         <path>.\</path>
         <kind>object</kind>
         <file>pid.obj</file>
         <name>pid.obj</name>
      </input_file>
      <input_file id="fl-16">
         <path>.\</path>
         <kind>object</kind>
         <file>pie.obj</file>
         <name>pie.obj</name>
      </input_file>
      <input_file id="fl-17">
         <path>.\</path>
         <kind>object</kind>
         <file>pll.obj</file>
         <name>pll.obj</name>
      </input_file>
      <input_file id="fl-18">
         <path>.\</path>
         <kind>object</kind>
         <file>proj_lab05d.obj</file>
         <name>proj_lab05d.obj</name>
      </input_file>
      <input_file id="fl-19">
         <path>.\</path>
         <kind>object</kind>
         <file>pwm.obj</file>
         <name>pwm.obj</name>
      </input_file>
      <input_file id="fl-1a">
         <path>.\</path>
         <kind>object</kind>
         <file>pwr.obj</file>
         <name>pwr.obj</name>
      </input_file>
      <input_file id="fl-1b">
         <path>.\</path>
         <kind>object</kind>
         <file>sci.obj</file>
         <name>sci.obj</name>
      </input_file>
      <input_file id="fl-1c">
         <path>.\</path>
         <kind>object</kind>
         <file>spi.obj</file>
         <name>spi.obj</name>
      </input_file>
      <input_file id="fl-1d">
         <path>.\</path>
         <kind>object</kind>
         <file>svgen.obj</file>
         <name>svgen.obj</name>
      </input_file>
      <input_file id="fl-1e">
         <path>.\</path>
         <kind>object</kind>
         <file>timer.obj</file>
         <name>timer.obj</name>
      </input_file>
      <input_file id="fl-1f">
         <path>.\</path>
         <kind>object</kind>
         <file>traj.obj</file>
         <name>traj.obj</name>
      </input_file>
      <input_file id="fl-20">
         <path>.\</path>
         <kind>object</kind>
         <file>usDelay.obj</file>
         <name>usDelay.obj</name>
      </input_file>
      <input_file id="fl-21">
         <path>.\</path>
         <kind>object</kind>
         <file>user.obj</file>
         <name>user.obj</name>
      </input_file>
      <input_file id="fl-22">
         <path>.\</path>
         <kind>object</kind>
         <file>wdog.obj</file>
         <name>wdog.obj</name>
      </input_file>
      <input_file id="fl-25">
         <path>c:\ti\ccsv6\tools\compiler\c2000_6.2.7\lib\</path>
         <kind>archive</kind>
         <file>rts2800_ml.lib</file>
         <name>fd_mpy.obj</name>
      </input_file>
      <input_file id="fl-26">
         <path>c:\ti\ccsv6\tools\compiler\c2000_6.2.7\lib\</path>
         <kind>archive</kind>
         <file>rts2800_ml.lib</file>
         <name>fd_tol.obj</name>
      </input_file>
      <input_file id="fl-27">
         <path>c:\ti\ccsv6\tools\compiler\c2000_6.2.7\lib\</path>
         <kind>archive</kind>
         <file>rts2800_ml.lib</file>
         <name>fs_add.obj</name>
      </input_file>
      <input_file id="fl-28">
         <path>c:\ti\ccsv6\tools\compiler\c2000_6.2.7\lib\</path>
         <kind>archive</kind>
         <file>rts2800_ml.lib</file>
         <name>fs_cmp.obj</name>
      </input_file>
      <input_file id="fl-29">
         <path>c:\ti\ccsv6\tools\compiler\c2000_6.2.7\lib\</path>
         <kind>archive</kind>
         <file>rts2800_ml.lib</file>
         <name>fs_div.obj</name>
      </input_file>
      <input_file id="fl-2a">
         <path>c:\ti\ccsv6\tools\compiler\c2000_6.2.7\lib\</path>
         <kind>archive</kind>
         <file>rts2800_ml.lib</file>
         <name>fs_mpy.obj</name>
      </input_file>
      <input_file id="fl-2b">
         <path>c:\ti\ccsv6\tools\compiler\c2000_6.2.7\lib\</path>
         <kind>archive</kind>
         <file>rts2800_ml.lib</file>
         <name>fs_neg.obj</name>
      </input_file>
      <input_file id="fl-2c">
         <path>c:\ti\ccsv6\tools\compiler\c2000_6.2.7\lib\</path>
         <kind>archive</kind>
         <file>rts2800_ml.lib</file>
         <name>fs_tofd.obj</name>
      </input_file>
      <input_file id="fl-2d">
         <path>c:\ti\ccsv6\tools\compiler\c2000_6.2.7\lib\</path>
         <kind>archive</kind>
         <file>rts2800_ml.lib</file>
         <name>fs_toi.obj</name>
      </input_file>
      <input_file id="fl-2e">
         <path>c:\ti\ccsv6\tools\compiler\c2000_6.2.7\lib\</path>
         <kind>archive</kind>
         <file>rts2800_ml.lib</file>
         <name>fs_tou.obj</name>
      </input_file>
      <input_file id="fl-2f">
         <path>c:\ti\ccsv6\tools\compiler\c2000_6.2.7\lib\</path>
         <kind>archive</kind>
         <file>rts2800_ml.lib</file>
         <name>fs_toul.obj</name>
      </input_file>
      <input_file id="fl-30">
         <path>c:\ti\ccsv6\tools\compiler\c2000_6.2.7\lib\</path>
         <kind>archive</kind>
         <file>rts2800_ml.lib</file>
         <name>i_tofs.obj</name>
      </input_file>
      <input_file id="fl-31">
         <path>c:\ti\ccsv6\tools\compiler\c2000_6.2.7\lib\</path>
         <kind>archive</kind>
         <file>rts2800_ml.lib</file>
         <name>u_tofs.obj</name>
      </input_file>
      <input_file id="fl-32">
         <path>c:\ti\ccsv6\tools\compiler\c2000_6.2.7\lib\</path>
         <kind>archive</kind>
         <file>rts2800_ml.lib</file>
         <name>ul_tofs.obj</name>
      </input_file>
      <input_file id="fl-33">
         <path>D:\Ti\motorware_1_01_00_16\sw\modules\fast\lib\32b\f28x\f2806x\</path>
         <kind>archive</kind>
         <file>2806xRevB_FastSpinROMSymbols.lib</file>
         <name>TMS320x2806x_REVB_boot_rom_out__CTRL_getVersion_tmp.obj</name>
      </input_file>
      <input_file id="fl-34">
         <path>D:\Ti\motorware_1_01_00_16\sw\modules\fast\lib\32b\f28x\f2806x\</path>
         <kind>archive</kind>
         <file>2806xRevB_FastSpinROMSymbols.lib</file>
         <name>TMS320x2806x_REVB_boot_rom_out__CTRL_initCtrl_tmp.obj</name>
      </input_file>
      <input_file id="fl-35">
         <path>D:\Ti\motorware_1_01_00_16\sw\modules\fast\lib\32b\f28x\f2806x\</path>
         <kind>archive</kind>
         <file>2806xRevB_FastSpinROMSymbols.lib</file>
         <name>TMS320x2806x_REVB_boot_rom_out__CTRL_runTraj_tmp.obj</name>
      </input_file>
      <input_file id="fl-36">
         <path>D:\Ti\motorware_1_01_00_16\sw\modules\fast\lib\32b\f28x\f2806x\</path>
         <kind>archive</kind>
         <file>2806xRevB_FastSpinROMSymbols.lib</file>
         <name>TMS320x2806x_REVB_boot_rom_out__CTRL_setEstParams_tmp.obj</name>
      </input_file>
      <input_file id="fl-37">
         <path>D:\Ti\motorware_1_01_00_16\sw\modules\fast\lib\32b\f28x\f2806x\</path>
         <kind>archive</kind>
         <file>2806xRevB_FastSpinROMSymbols.lib</file>
         <name>TMS320x2806x_REVB_boot_rom_out__CTRL_setUserMotorParams_tmp.obj</name>
      </input_file>
      <input_file id="fl-38">
         <path>D:\Ti\motorware_1_01_00_16\sw\modules\fast\lib\32b\f28x\f2806x\</path>
         <kind>archive</kind>
         <file>2806xRevB_FastSpinROMSymbols.lib</file>
         <name>TMS320x2806x_REVB_boot_rom_out__CTRL_setupCtrl_tmp.obj</name>
      </input_file>
      <input_file id="fl-39">
         <path>D:\Ti\motorware_1_01_00_16\sw\modules\fast\lib\32b\f28x\f2806x\</path>
         <kind>archive</kind>
         <file>2806xRevB_FastSpinROMSymbols.lib</file>
         <name>TMS320x2806x_REVB_boot_rom_out__CTRL_setupEstIdleState_tmp.obj</name>
      </input_file>
      <input_file id="fl-3a">
         <path>D:\Ti\motorware_1_01_00_16\sw\modules\fast\lib\32b\f28x\f2806x\</path>
         <kind>archive</kind>
         <file>2806xRevB_FastSpinROMSymbols.lib</file>
         <name>TMS320x2806x_REVB_boot_rom_out__CTRL_setupEstOnLineState_tmp.obj</name>
      </input_file>
      <input_file id="fl-3b">
         <path>D:\Ti\motorware_1_01_00_16\sw\modules\fast\lib\32b\f28x\f2806x\</path>
         <kind>archive</kind>
         <file>2806xRevB_FastSpinROMSymbols.lib</file>
         <name>TMS320x2806x_REVB_boot_rom_out__CTRL_setupTraj_tmp.obj</name>
      </input_file>
      <input_file id="fl-3c">
         <path>D:\Ti\motorware_1_01_00_16\sw\modules\fast\lib\32b\f28x\f2806x\</path>
         <kind>archive</kind>
         <file>2806xRevB_FastSpinROMSymbols.lib</file>
         <name>TMS320x2806x_REVB_boot_rom_out__EST_doCurrentCtrl_tmp.obj</name>
      </input_file>
      <input_file id="fl-3d">
         <path>D:\Ti\motorware_1_01_00_16\sw\modules\fast\lib\32b\f28x\f2806x\</path>
         <kind>archive</kind>
         <file>2806xRevB_FastSpinROMSymbols.lib</file>
         <name>TMS320x2806x_REVB_boot_rom_out__EST_doSpeedCtrl_tmp.obj</name>
      </input_file>
      <input_file id="fl-3e">
         <path>D:\Ti\motorware_1_01_00_16\sw\modules\fast\lib\32b\f28x\f2806x\</path>
         <kind>archive</kind>
         <file>2806xRevB_FastSpinROMSymbols.lib</file>
         <name>TMS320x2806x_REVB_boot_rom_out__EST_getAngle_pu_tmp.obj</name>
      </input_file>
      <input_file id="fl-3f">
         <path>D:\Ti\motorware_1_01_00_16\sw\modules\fast\lib\32b\f28x\f2806x\</path>
         <kind>archive</kind>
         <file>2806xRevB_FastSpinROMSymbols.lib</file>
         <name>TMS320x2806x_REVB_boot_rom_out__EST_getFlux_VpHz_tmp.obj</name>
      </input_file>
      <input_file id="fl-40">
         <path>D:\Ti\motorware_1_01_00_16\sw\modules\fast\lib\32b\f28x\f2806x\</path>
         <kind>archive</kind>
         <file>2806xRevB_FastSpinROMSymbols.lib</file>
         <name>TMS320x2806x_REVB_boot_rom_out__EST_getFlux_pu_tmp.obj</name>
      </input_file>
      <input_file id="fl-41">
         <path>D:\Ti\motorware_1_01_00_16\sw\modules\fast\lib\32b\f28x\f2806x\</path>
         <kind>archive</kind>
         <file>2806xRevB_FastSpinROMSymbols.lib</file>
         <name>TMS320x2806x_REVB_boot_rom_out__EST_getFm_pu_tmp.obj</name>
      </input_file>
      <input_file id="fl-42">
         <path>D:\Ti\motorware_1_01_00_16\sw\modules\fast\lib\32b\f28x\f2806x\</path>
         <kind>archive</kind>
         <file>2806xRevB_FastSpinROMSymbols.lib</file>
         <name>TMS320x2806x_REVB_boot_rom_out__EST_getIdRated_tmp.obj</name>
      </input_file>
      <input_file id="fl-43">
         <path>D:\Ti\motorware_1_01_00_16\sw\modules\fast\lib\32b\f28x\f2806x\</path>
         <kind>archive</kind>
         <file>2806xRevB_FastSpinROMSymbols.lib</file>
         <name>TMS320x2806x_REVB_boot_rom_out__EST_getLs_coarse_max_pu_tmp.obj</name>
      </input_file>
      <input_file id="fl-44">
         <path>D:\Ti\motorware_1_01_00_16\sw\modules\fast\lib\32b\f28x\f2806x\</path>
         <kind>archive</kind>
         <file>2806xRevB_FastSpinROMSymbols.lib</file>
         <name>TMS320x2806x_REVB_boot_rom_out__EST_getLs_d_H_tmp.obj</name>
      </input_file>
      <input_file id="fl-45">
         <path>D:\Ti\motorware_1_01_00_16\sw\modules\fast\lib\32b\f28x\f2806x\</path>
         <kind>archive</kind>
         <file>2806xRevB_FastSpinROMSymbols.lib</file>
         <name>TMS320x2806x_REVB_boot_rom_out__EST_getLs_d_pu_tmp.obj</name>
      </input_file>
      <input_file id="fl-46">
         <path>D:\Ti\motorware_1_01_00_16\sw\modules\fast\lib\32b\f28x\f2806x\</path>
         <kind>archive</kind>
         <file>2806xRevB_FastSpinROMSymbols.lib</file>
         <name>TMS320x2806x_REVB_boot_rom_out__EST_getLs_q_H_tmp.obj</name>
      </input_file>
      <input_file id="fl-47">
         <path>D:\Ti\motorware_1_01_00_16\sw\modules\fast\lib\32b\f28x\f2806x\</path>
         <kind>archive</kind>
         <file>2806xRevB_FastSpinROMSymbols.lib</file>
         <name>TMS320x2806x_REVB_boot_rom_out__EST_getLs_q_pu_tmp.obj</name>
      </input_file>
      <input_file id="fl-48">
         <path>D:\Ti\motorware_1_01_00_16\sw\modules\fast\lib\32b\f28x\f2806x\</path>
         <kind>archive</kind>
         <file>2806xRevB_FastSpinROMSymbols.lib</file>
         <name>TMS320x2806x_REVB_boot_rom_out__EST_getMaxCurrentSlope_pu_tmp.obj</name>
      </input_file>
      <input_file id="fl-49">
         <path>D:\Ti\motorware_1_01_00_16\sw\modules\fast\lib\32b\f28x\f2806x\</path>
         <kind>archive</kind>
         <file>2806xRevB_FastSpinROMSymbols.lib</file>
         <name>TMS320x2806x_REVB_boot_rom_out__EST_getOneOverDcBus_pu_tmp.obj</name>
      </input_file>
      <input_file id="fl-4a">
         <path>D:\Ti\motorware_1_01_00_16\sw\modules\fast\lib\32b\f28x\f2806x\</path>
         <kind>archive</kind>
         <file>2806xRevB_FastSpinROMSymbols.lib</file>
         <name>TMS320x2806x_REVB_boot_rom_out__EST_getRr_Ohm_tmp.obj</name>
      </input_file>
      <input_file id="fl-4b">
         <path>D:\Ti\motorware_1_01_00_16\sw\modules\fast\lib\32b\f28x\f2806x\</path>
         <kind>archive</kind>
         <file>2806xRevB_FastSpinROMSymbols.lib</file>
         <name>TMS320x2806x_REVB_boot_rom_out__EST_getRs_Ohm_tmp.obj</name>
      </input_file>
      <input_file id="fl-4c">
         <path>D:\Ti\motorware_1_01_00_16\sw\modules\fast\lib\32b\f28x\f2806x\</path>
         <kind>archive</kind>
         <file>2806xRevB_FastSpinROMSymbols.lib</file>
         <name>TMS320x2806x_REVB_boot_rom_out__EST_getSpeed_krpm_tmp.obj</name>
      </input_file>
      <input_file id="fl-4d">
         <path>D:\Ti\motorware_1_01_00_16\sw\modules\fast\lib\32b\f28x\f2806x\</path>
         <kind>archive</kind>
         <file>2806xRevB_FastSpinROMSymbols.lib</file>
         <name>TMS320x2806x_REVB_boot_rom_out__EST_getState_tmp.obj</name>
      </input_file>
      <input_file id="fl-4e">
         <path>D:\Ti\motorware_1_01_00_16\sw\modules\fast\lib\32b\f28x\f2806x\</path>
         <kind>archive</kind>
         <file>2806xRevB_FastSpinROMSymbols.lib</file>
         <name>TMS320x2806x_REVB_boot_rom_out__EST_get_krpm_to_pu_sf_tmp.obj</name>
      </input_file>
      <input_file id="fl-4f">
         <path>D:\Ti\motorware_1_01_00_16\sw\modules\fast\lib\32b\f28x\f2806x\</path>
         <kind>archive</kind>
         <file>2806xRevB_FastSpinROMSymbols.lib</file>
         <name>TMS320x2806x_REVB_boot_rom_out__EST_get_pu_to_krpm_sf_tmp.obj</name>
      </input_file>
      <input_file id="fl-50">
         <path>D:\Ti\motorware_1_01_00_16\sw\modules\fast\lib\32b\f28x\f2806x\</path>
         <kind>archive</kind>
         <file>2806xRevB_FastSpinROMSymbols.lib</file>
         <name>TMS320x2806x_REVB_boot_rom_out__EST_isError_tmp.obj</name>
      </input_file>
      <input_file id="fl-51">
         <path>D:\Ti\motorware_1_01_00_16\sw\modules\fast\lib\32b\f28x\f2806x\</path>
         <kind>archive</kind>
         <file>2806xRevB_FastSpinROMSymbols.lib</file>
         <name>TMS320x2806x_REVB_boot_rom_out__EST_isIdle_tmp.obj</name>
      </input_file>
      <input_file id="fl-52">
         <path>D:\Ti\motorware_1_01_00_16\sw\modules\fast\lib\32b\f28x\f2806x\</path>
         <kind>archive</kind>
         <file>2806xRevB_FastSpinROMSymbols.lib</file>
         <name>TMS320x2806x_REVB_boot_rom_out__EST_isLockRotor_tmp.obj</name>
      </input_file>
      <input_file id="fl-53">
         <path>D:\Ti\motorware_1_01_00_16\sw\modules\fast\lib\32b\f28x\f2806x\</path>
         <kind>archive</kind>
         <file>2806xRevB_FastSpinROMSymbols.lib</file>
         <name>TMS320x2806x_REVB_boot_rom_out__EST_isMotorIdentified_tmp.obj</name>
      </input_file>
      <input_file id="fl-54">
         <path>D:\Ti\motorware_1_01_00_16\sw\modules\fast\lib\32b\f28x\f2806x\</path>
         <kind>archive</kind>
         <file>2806xRevB_FastSpinROMSymbols.lib</file>
         <name>TMS320x2806x_REVB_boot_rom_out__EST_isOnLine_tmp.obj</name>
      </input_file>
      <input_file id="fl-55">
         <path>D:\Ti\motorware_1_01_00_16\sw\modules\fast\lib\32b\f28x\f2806x\</path>
         <kind>archive</kind>
         <file>2806xRevB_FastSpinROMSymbols.lib</file>
         <name>TMS320x2806x_REVB_boot_rom_out__EST_run_tmp.obj</name>
      </input_file>
      <input_file id="fl-56">
         <path>D:\Ti\motorware_1_01_00_16\sw\modules\fast\lib\32b\f28x\f2806x\</path>
         <kind>archive</kind>
         <file>2806xRevB_FastSpinROMSymbols.lib</file>
         <name>TMS320x2806x_REVB_boot_rom_out__EST_setFlag_enableForceAngle_tmp.obj</name>
      </input_file>
      <input_file id="fl-57">
         <path>D:\Ti\motorware_1_01_00_16\sw\modules\fast\lib\32b\f28x\f2806x\</path>
         <kind>archive</kind>
         <file>2806xRevB_FastSpinROMSymbols.lib</file>
         <name>TMS320x2806x_REVB_boot_rom_out__EST_setFlag_enableRsRecalc_tmp.obj</name>
      </input_file>
      <input_file id="fl-58">
         <path>D:\Ti\motorware_1_01_00_16\sw\modules\fast\lib\32b\f28x\f2806x\</path>
         <kind>archive</kind>
         <file>2806xRevB_FastSpinROMSymbols.lib</file>
         <name>TMS320x2806x_REVB_boot_rom_out__EST_setId_ref_pu_tmp.obj</name>
      </input_file>
      <input_file id="fl-59">
         <path>D:\Ti\motorware_1_01_00_16\sw\modules\fast\lib\32b\f28x\f2806x\</path>
         <kind>archive</kind>
         <file>2806xRevB_FastSpinROMSymbols.lib</file>
         <name>TMS320x2806x_REVB_boot_rom_out__EST_setIdle_tmp.obj</name>
      </input_file>
      <input_file id="fl-5a">
         <path>D:\Ti\motorware_1_01_00_16\sw\modules\fast\lib\32b\f28x\f2806x\</path>
         <kind>archive</kind>
         <file>2806xRevB_FastSpinROMSymbols.lib</file>
         <name>TMS320x2806x_REVB_boot_rom_out__EST_setIdle_all_tmp.obj</name>
      </input_file>
      <input_file id="fl-5b">
         <path>D:\Ti\motorware_1_01_00_16\sw\modules\fast\lib\32b\f28x\f2806x\</path>
         <kind>archive</kind>
         <file>2806xRevB_FastSpinROMSymbols.lib</file>
         <name>TMS320x2806x_REVB_boot_rom_out__EST_setIq_ref_pu_tmp.obj</name>
      </input_file>
      <input_file id="fl-5c">
         <path>D:\Ti\motorware_1_01_00_16\sw\modules\fast\lib\32b\f28x\f2806x\</path>
         <kind>archive</kind>
         <file>2806xRevB_FastSpinROMSymbols.lib</file>
         <name>TMS320x2806x_REVB_boot_rom_out__EST_setLs_d_pu_tmp.obj</name>
      </input_file>
      <input_file id="fl-5d">
         <path>D:\Ti\motorware_1_01_00_16\sw\modules\fast\lib\32b\f28x\f2806x\</path>
         <kind>archive</kind>
         <file>2806xRevB_FastSpinROMSymbols.lib</file>
         <name>TMS320x2806x_REVB_boot_rom_out__EST_setLs_qFmt_tmp.obj</name>
      </input_file>
      <input_file id="fl-5e">
         <path>D:\Ti\motorware_1_01_00_16\sw\modules\fast\lib\32b\f28x\f2806x\</path>
         <kind>archive</kind>
         <file>2806xRevB_FastSpinROMSymbols.lib</file>
         <name>TMS320x2806x_REVB_boot_rom_out__EST_setLs_q_pu_tmp.obj</name>
      </input_file>
      <input_file id="fl-5f">
         <path>D:\Ti\motorware_1_01_00_16\sw\modules\fast\lib\32b\f28x\f2806x\</path>
         <kind>archive</kind>
         <file>2806xRevB_FastSpinROMSymbols.lib</file>
         <name>TMS320x2806x_REVB_boot_rom_out__EST_setMaxCurrentSlope_pu_tmp.obj</name>
      </input_file>
      <input_file id="fl-60">
         <path>D:\Ti\motorware_1_01_00_16\sw\modules\fast\lib\32b\f28x\f2806x\</path>
         <kind>archive</kind>
         <file>2806xRevB_FastSpinROMSymbols.lib</file>
         <name>TMS320x2806x_REVB_boot_rom_out__EST_setRs_pu_tmp.obj</name>
      </input_file>
      <input_file id="fl-61">
         <path>D:\Ti\motorware_1_01_00_16\sw\modules\fast\lib\32b\f28x\f2806x\</path>
         <kind>archive</kind>
         <file>2806xRevB_FastSpinROMSymbols.lib</file>
         <name>TMS320x2806x_REVB_boot_rom_out__EST_updateId_ref_pu_tmp.obj</name>
      </input_file>
      <input_file id="fl-62">
         <path>D:\Ti\motorware_1_01_00_16\sw\modules\fast\lib\32b\f28x\f2806x\</path>
         <kind>archive</kind>
         <file>2806xRevB_FastSpinROMSymbols.lib</file>
         <name>TMS320x2806x_REVB_boot_rom_out__EST_updateState_tmp.obj</name>
      </input_file>
      <input_file id="fl-63">
         <path>D:\Ti\motorware_1_01_00_16\sw\modules\fast\lib\32b\f28x\f2806x\</path>
         <kind>archive</kind>
         <file>2806xRevB_FastSpinROMSymbols.lib</file>
         <name>TMS320x2806x_REVB_boot_rom_out__EST_useZeroIq_ref_tmp.obj</name>
      </input_file>
      <input_file id="fl-64">
         <path>D:\Ti\motorware_1_01_00_16\sw\modules\spintac\lib\32b\</path>
         <kind>archive</kind>
         <file>SpinTAC.lib</file>
         <name>spintac_pos_conv.obj</name>
      </input_file>
      <input_file id="fl-65">
         <path>D:\Ti\motorware_1_01_00_16\sw\modules\spintac\lib\32b\</path>
         <kind>archive</kind>
         <file>SpinTAC.lib</file>
         <name>spintac_vel_ctl.obj</name>
      </input_file>
      <input_file id="fl-66">
         <path>D:\Ti\motorware_1_01_00_16\sw\modules\spintac\lib\32b\</path>
         <kind>archive</kind>
         <file>SpinTAC.lib</file>
         <name>spintac_vel_id.obj</name>
      </input_file>
      <input_file id="fl-67">
         <path>D:\Ti\motorware_1_01_00_16\sw\modules\spintac\lib\32b\</path>
         <kind>archive</kind>
         <file>SpinTAC.lib</file>
         <name>spintac_vel_move.obj</name>
      </input_file>
      <input_file id="fl-68">
         <path>c:\ti\ccsv6\tools\compiler\c2000_6.2.7\lib\</path>
         <kind>archive</kind>
         <file>rts2800_ml.lib</file>
         <name>l_div.obj</name>
      </input_file>
      <input_file id="fl-69">
         <path>D:\Ti\motorware_1_01_00_16\sw\modules\spintac\lib\32b\</path>
         <kind>archive</kind>
         <file>SpinTAC.lib</file>
         <name>spintac_vel_plan.obj</name>
      </input_file>
      <input_file id="fl-6a">
         <path>D:\Ti\motorware_1_01_00_16\sw\modules\spintac\lib\32b\</path>
         <kind>archive</kind>
         <file>SpinTAC.lib</file>
         <name>spintac_pos_roadd.obj</name>
      </input_file>
      <input_file id="fl-6b">
         <path>D:\Ti\motorware_1_01_00_16\sw\modules\spintac\lib\32b\</path>
         <kind>archive</kind>
         <file>SpinTAC.lib</file>
         <name>spintac_version.obj</name>
      </input_file>
      <input_file id="fl-6c">
         <path>D:\Ti\motorware_1_01_00_16\sw\modules\iqmath\lib\f28x\32b\</path>
         <kind>archive</kind>
         <file>IQmath.lib</file>
         <name>IQ20div.obj</name>
      </input_file>
      <input_file id="fl-6d">
         <path>D:\Ti\motorware_1_01_00_16\sw\modules\iqmath\lib\f28x\32b\</path>
         <kind>archive</kind>
         <file>IQmath.lib</file>
         <name>IQmathTables.obj</name>
      </input_file>
      <input_file id="fl-6e">
         <path>D:\Ti\motorware_1_01_00_16\sw\modules\iqmath\lib\f28x\32b\</path>
         <kind>archive</kind>
         <file>IQmath.lib</file>
         <name>IQ24cosPU.obj</name>
      </input_file>
      <input_file id="fl-6f">
         <path>D:\Ti\motorware_1_01_00_16\sw\modules\iqmath\lib\f28x\32b\</path>
         <kind>archive</kind>
         <file>IQmath.lib</file>
         <name>IQ24div.obj</name>
      </input_file>
      <input_file id="fl-70">
         <path>D:\Ti\motorware_1_01_00_16\sw\modules\iqmath\lib\f28x\32b\</path>
         <kind>archive</kind>
         <file>IQmath.lib</file>
         <name>IQ24sinPU.obj</name>
      </input_file>
      <input_file id="fl-71">
         <path>D:\Ti\motorware_1_01_00_16\sw\modules\iqmath\lib\f28x\32b\</path>
         <kind>archive</kind>
         <file>IQmath.lib</file>
         <name>IQ24sqrt.obj</name>
      </input_file>
      <input_file id="fl-72">
         <path>D:\Ti\motorware_1_01_00_16\sw\modules\iqmath\lib\f28x\32b\</path>
         <kind>archive</kind>
         <file>IQmath.lib</file>
         <name>IQ30toF.obj</name>
      </input_file>
      <input_file id="fl-73">
         <path>c:\ti\ccsv6\tools\compiler\c2000_6.2.7\lib\</path>
         <kind>archive</kind>
         <file>rts2800_ml.lib</file>
         <name>boot.obj</name>
      </input_file>
      <input_file id="fl-74">
         <path>c:\ti\ccsv6\tools\compiler\c2000_6.2.7\lib\</path>
         <kind>archive</kind>
         <file>rts2800_ml.lib</file>
         <name>args_main.obj</name>
      </input_file>
      <input_file id="fl-75">
         <path>c:\ti\ccsv6\tools\compiler\c2000_6.2.7\lib\</path>
         <kind>archive</kind>
         <file>rts2800_ml.lib</file>
         <name>exit.obj</name>
      </input_file>
      <input_file id="fl-76">
         <path>c:\ti\ccsv6\tools\compiler\c2000_6.2.7\lib\</path>
         <kind>archive</kind>
         <file>rts2800_ml.lib</file>
         <name>_lock.obj</name>
      </input_file>
      <input_file id="fl-77">
         <path>c:\ti\ccsv6\tools\compiler\c2000_6.2.7\lib\</path>
         <kind>archive</kind>
         <file>rts2800_ml.lib</file>
         <name>log.obj</name>
      </input_file>
      <input_file id="fl-78">
         <path>c:\ti\ccsv6\tools\compiler\c2000_6.2.7\lib\</path>
         <kind>archive</kind>
         <file>rts2800_ml.lib</file>
         <name>errno.obj</name>
      </input_file>
      <input_file id="fl-79">
         <path>c:\ti\ccsv6\tools\compiler\c2000_6.2.7\lib\</path>
         <kind>archive</kind>
         <file>rts2800_ml.lib</file>
         <name>frexp.obj</name>
      </input_file>
      <input_file id="fl-7a">
         <path>c:\ti\ccsv6\tools\compiler\c2000_6.2.7\lib\</path>
         <kind>archive</kind>
         <file>rts2800_ml.lib</file>
         <name>modf.obj</name>
      </input_file>
      <input_file id="fl-7b">
         <path>c:\ti\ccsv6\tools\compiler\c2000_6.2.7\lib\</path>
         <kind>archive</kind>
         <file>rts2800_ml.lib</file>
         <name>fs_tol.obj</name>
      </input_file>
      <input_file id="fl-7c">
         <path>c:\ti\ccsv6\tools\compiler\c2000_6.2.7\lib\</path>
         <kind>archive</kind>
         <file>rts2800_ml.lib</file>
         <name>l_tofs.obj</name>
      </input_file>
      <input_file id="fl-7d">
         <path>c:\ti\ccsv6\tools\compiler\c2000_6.2.7\lib\</path>
         <kind>archive</kind>
         <file>rts2800_ml.lib</file>
         <name>pow.obj</name>
      </input_file>
      <input_file id="fl-7e">
         <path>c:\ti\ccsv6\tools\compiler\c2000_6.2.7\lib\</path>
         <kind>archive</kind>
         <file>rts2800_ml.lib</file>
         <name>i_div.obj</name>
      </input_file>
      <input_file id="fl-7f">
         <path>c:\ti\ccsv6\tools\compiler\c2000_6.2.7\lib\</path>
         <kind>archive</kind>
         <file>rts2800_ml.lib</file>
         <name>_log.obj</name>
      </input_file>
      <input_file id="fl-80">
         <path>c:\ti\ccsv6\tools\compiler\c2000_6.2.7\lib\</path>
         <kind>archive</kind>
         <file>rts2800_ml.lib</file>
         <name>exp.obj</name>
      </input_file>
      <input_file id="fl-81">
         <path>c:\ti\ccsv6\tools\compiler\c2000_6.2.7\lib\</path>
         <kind>archive</kind>
         <file>rts2800_ml.lib</file>
         <name>ldexp.obj</name>
      </input_file>
      <input_file id="fl-82">
         <path>D:\Ti\motorware_1_01_00_16\sw\modules\fast\lib\32b\f28x\f2806x\</path>
         <kind>archive</kind>
         <file>2806xRevB_FastSpinROMSymbols.lib</file>
         <name>TMS320x2806x_REVB_boot_rom_out__s0_calc_tmp.obj</name>
      </input_file>
      <input_file id="fl-83">
         <path>D:\Ti\motorware_1_01_00_16\sw\modules\fast\lib\32b\f28x\f2806x\</path>
         <kind>archive</kind>
         <file>2806xRevB_FastSpinROMSymbols.lib</file>
         <name>TMS320x2806x_REVB_boot_rom_out__s0_conf_tmp.obj</name>
      </input_file>
      <input_file id="fl-84">
         <path>D:\Ti\motorware_1_01_00_16\sw\modules\fast\lib\32b\f28x\f2806x\</path>
         <kind>archive</kind>
         <file>2806xRevB_FastSpinROMSymbols.lib</file>
         <name>TMS320x2806x_REVB_boot_rom_out__s2_calc_tmp.obj</name>
      </input_file>
      <input_file id="fl-85">
         <path>D:\Ti\motorware_1_01_00_16\sw\modules\fast\lib\32b\f28x\f2806x\</path>
         <kind>archive</kind>
         <file>2806xRevB_FastSpinROMSymbols.lib</file>
         <name>TMS320x2806x_REVB_boot_rom_out__s4_calc_tmp.obj</name>
      </input_file>
      <input_file id="fl-86">
         <path>D:\Ti\motorware_1_01_00_16\sw\modules\fast\lib\32b\f28x\f2806x\</path>
         <kind>archive</kind>
         <file>2806xRevB_FastSpinROMSymbols.lib</file>
         <name>TMS320x2806x_REVB_boot_rom_out__s4_conf_tmp.obj</name>
      </input_file>
      <input_file id="fl-87">
         <path>D:\Ti\motorware_1_01_00_16\sw\modules\fast\lib\32b\f28x\f2806x\</path>
         <kind>archive</kind>
         <file>2806xRevB_FastSpinROMSymbols.lib</file>
         <name>TMS320x2806x_REVB_boot_rom_out__s4_reset_tmp.obj</name>
      </input_file>
      <input_file id="fl-88">
         <path>D:\Ti\motorware_1_01_00_16\sw\modules\fast\lib\32b\f28x\f2806x\</path>
         <kind>archive</kind>
         <file>2806xRevB_FastSpinROMSymbols.lib</file>
         <name>TMS320x2806x_REVB_boot_rom_out__s8_calc_tmp.obj</name>
      </input_file>
      <input_file id="fl-89">
         <path>D:\Ti\motorware_1_01_00_16\sw\modules\fast\lib\32b\f28x\f2806x\</path>
         <kind>archive</kind>
         <file>2806xRevB_FastSpinROMSymbols.lib</file>
         <name>TMS320x2806x_REVB_boot_rom_out__s8_cfg_tmp.obj</name>
      </input_file>
      <input_file id="fl-8a">
         <path>D:\Ti\motorware_1_01_00_16\sw\modules\fast\lib\32b\f28x\f2806x\</path>
         <kind>archive</kind>
         <file>2806xRevB_FastSpinROMSymbols.lib</file>
         <name>TMS320x2806x_REVB_boot_rom_out__s8_get_tmp.obj</name>
      </input_file>
      <input_file id="fl-8b">
         <path>D:\Ti\motorware_1_01_00_16\sw\modules\fast\lib\32b\f28x\f2806x\</path>
         <kind>archive</kind>
         <file>2806xRevB_FastSpinROMSymbols.lib</file>
         <name>TMS320x2806x_REVB_boot_rom_out__s8_reset_tmp.obj</name>
      </input_file>
      <input_file id="fl-8c">
         <path>D:\Ti\motorware_1_01_00_16\sw\modules\fast\lib\32b\f28x\f2806x\</path>
         <kind>archive</kind>
         <file>2806xRevB_FastSpinROMSymbols.lib</file>
         <name>TMS320x2806x_REVB_boot_rom_out__spintac_rom_ver_tmp.obj</name>
      </input_file>
      <input_file id="fl-8d">
         <path>c:\ti\ccsv6\tools\compiler\c2000_6.2.7\lib\</path>
         <kind>archive</kind>
         <file>rts2800_ml.lib</file>
         <name>sqrt.obj</name>
      </input_file>
   </input_file_list>
   <object_component_list>
      <object_component id="oc-14">
         <name>codestart</name>
         <load_address>0x0</load_address>
         <run_address>0x0</run_address>
         <size>0x2</size>
         <input_file_ref idref="fl-6"/>
      </object_component>
      <object_component id="oc-137">
         <name>ramfuncs</name>
         <load_address>0x10e</load_address>
         <run_address>0x10e</run_address>
         <size>0x32</size>
         <input_file_ref idref="fl-e"/>
      </object_component>
      <object_component id="oc-86">
         <name>ramfuncs</name>
         <load_address>0x140</load_address>
         <run_address>0x140</run_address>
         <size>0x4</size>
         <input_file_ref idref="fl-20"/>
      </object_component>
      <object_component id="oc-123">
         <name>.text</name>
         <load_address>0x8000</load_address>
         <run_address>0x8000</run_address>
         <size>0xadb</size>
         <input_file_ref idref="fl-10"/>
      </object_component>
      <object_component id="oc-11f">
         <name>.text</name>
         <load_address>0x8adb</load_address>
         <run_address>0x8adb</run_address>
         <size>0x95d</size>
         <input_file_ref idref="fl-b"/>
      </object_component>
      <object_component id="oc-121">
         <name>.text</name>
         <load_address>0x9438</load_address>
         <run_address>0x9438</run_address>
         <size>0x48a</size>
         <input_file_ref idref="fl-21"/>
      </object_component>
      <object_component id="oc-11e">
         <name>.text</name>
         <load_address>0x98c2</load_address>
         <run_address>0x98c2</run_address>
         <size>0x410</size>
         <input_file_ref idref="fl-18"/>
      </object_component>
      <object_component id="oc-134">
         <name>.text</name>
         <load_address>0x9cd2</load_address>
         <run_address>0x9cd2</run_address>
         <size>0x2f0</size>
         <input_file_ref idref="fl-19"/>
      </object_component>
      <object_component id="oc-12e">
         <name>.text</name>
         <load_address>0x9fc2</load_address>
         <run_address>0x9fc2</run_address>
         <size>0x2b8</size>
         <input_file_ref idref="fl-c"/>
      </object_component>
      <object_component id="oc-122">
         <name>.text:_STVELCTL_run</name>
         <load_address>0xa27a</load_address>
         <run_address>0xa27a</run_address>
         <size>0x238</size>
         <input_file_ref idref="fl-65"/>
      </object_component>
      <object_component id="oc-138">
         <name>.text</name>
         <load_address>0xa4b2</load_address>
         <run_address>0xa4b2</run_address>
         <size>0x1fb</size>
         <input_file_ref idref="fl-7"/>
      </object_component>
      <object_component id="oc-11d">
         <name>.text</name>
         <load_address>0xa6ad</load_address>
         <run_address>0xa6ad</run_address>
         <size>0x193</size>
         <input_file_ref idref="fl-f"/>
      </object_component>
      <object_component id="oc-135">
         <name>.text</name>
         <load_address>0xa840</load_address>
         <run_address>0xa840</run_address>
         <size>0x18a</size>
         <input_file_ref idref="fl-9"/>
      </object_component>
      <object_component id="oc-132">
         <name>.text</name>
         <load_address>0xa9ca</load_address>
         <run_address>0xa9ca</run_address>
         <size>0x10e</size>
         <input_file_ref idref="fl-16"/>
      </object_component>
      <object_component id="oc-131">
         <name>.text</name>
         <load_address>0xaad8</load_address>
         <run_address>0xaad8</run_address>
         <size>0xff</size>
         <input_file_ref idref="fl-1b"/>
      </object_component>
      <object_component id="oc-66">
         <name>.text:retain</name>
         <load_address>0xabd7</load_address>
         <run_address>0xabd7</run_address>
         <size>0xd4</size>
         <input_file_ref idref="fl-18"/>
      </object_component>
      <object_component id="oc-12a">
         <name>.text</name>
         <load_address>0xacab</load_address>
         <run_address>0xacab</run_address>
         <size>0xaa</size>
         <input_file_ref idref="fl-77"/>
      </object_component>
      <object_component id="oc-130">
         <name>.text</name>
         <load_address>0xad55</load_address>
         <run_address>0xad55</run_address>
         <size>0xa9</size>
         <input_file_ref idref="fl-1c"/>
      </object_component>
      <object_component id="oc-140">
         <name>.text</name>
         <load_address>0xadfe</load_address>
         <run_address>0xadfe</run_address>
         <size>0x9d</size>
         <input_file_ref idref="fl-80"/>
      </object_component>
      <object_component id="oc-13f">
         <name>.text</name>
         <load_address>0xae9b</load_address>
         <run_address>0xae9b</run_address>
         <size>0x8d</size>
         <input_file_ref idref="fl-7f"/>
      </object_component>
      <object_component id="oc-12c">
         <name>.text</name>
         <load_address>0xaf28</load_address>
         <run_address>0xaf28</run_address>
         <size>0x87</size>
         <input_file_ref idref="fl-7d"/>
      </object_component>
      <object_component id="oc-93">
         <name>.text</name>
         <load_address>0xafaf</load_address>
         <run_address>0xafaf</run_address>
         <size>0x83</size>
         <input_file_ref idref="fl-25"/>
      </object_component>
      <object_component id="oc-a3">
         <name>.text</name>
         <load_address>0xb032</load_address>
         <run_address>0xb032</run_address>
         <size>0x83</size>
         <input_file_ref idref="fl-29"/>
      </object_component>
      <object_component id="oc-9b">
         <name>.text</name>
         <load_address>0xb0b5</load_address>
         <run_address>0xb0b5</run_address>
         <size>0x78</size>
         <input_file_ref idref="fl-27"/>
      </object_component>
      <object_component id="oc-136">
         <name>.text</name>
         <load_address>0xb12d</load_address>
         <run_address>0xb12d</run_address>
         <size>0x5b</size>
         <input_file_ref idref="fl-17"/>
      </object_component>
      <object_component id="oc-a7">
         <name>.text</name>
         <load_address>0xb188</load_address>
         <run_address>0xb188</run_address>
         <size>0x5a</size>
         <input_file_ref idref="fl-2a"/>
      </object_component>
      <object_component id="oc-12d">
         <name>.text</name>
         <load_address>0xb1e2</load_address>
         <run_address>0xb1e2</run_address>
         <size>0x50</size>
         <input_file_ref idref="fl-8d"/>
      </object_component>
      <object_component id="oc-13d">
         <name>.text</name>
         <load_address>0xb232</load_address>
         <run_address>0xb232</run_address>
         <size>0x47</size>
         <input_file_ref idref="fl-1a"/>
      </object_component>
      <object_component id="oc-13b">
         <name>.text</name>
         <load_address>0xb279</load_address>
         <run_address>0xb279</run_address>
         <size>0x46</size>
         <input_file_ref idref="fl-22"/>
      </object_component>
      <object_component id="oc-13a">
         <name>.text</name>
         <load_address>0xb2bf</load_address>
         <run_address>0xb2bf</run_address>
         <size>0x45</size>
         <input_file_ref idref="fl-12"/>
      </object_component>
      <object_component id="oc-12">
         <name>.text</name>
         <load_address>0xb304</load_address>
         <run_address>0xb304</run_address>
         <size>0x44</size>
         <input_file_ref idref="fl-73"/>
      </object_component>
      <object_component id="oc-141">
         <name>.text</name>
         <load_address>0xb348</load_address>
         <run_address>0xb348</run_address>
         <size>0x3f</size>
         <input_file_ref idref="fl-81"/>
      </object_component>
      <object_component id="oc-128">
         <name>.text:_STPOSCONV_init</name>
         <load_address>0xb387</load_address>
         <run_address>0xb387</run_address>
         <size>0x35</size>
         <input_file_ref idref="fl-64"/>
      </object_component>
      <object_component id="oc-12f">
         <name>.text</name>
         <load_address>0xb3bc</load_address>
         <run_address>0xb3bc</run_address>
         <size>0x32</size>
         <input_file_ref idref="fl-1e"/>
      </object_component>
      <object_component id="oc-129">
         <name>.text:_ST_initVersion</name>
         <load_address>0xb3ee</load_address>
         <run_address>0xb3ee</run_address>
         <size>0x31</size>
         <input_file_ref idref="fl-6b"/>
      </object_component>
      <object_component id="oc-12b">
         <name>.text</name>
         <load_address>0xb41f</load_address>
         <run_address>0xb41f</run_address>
         <size>0x31</size>
         <input_file_ref idref="fl-7a"/>
      </object_component>
      <object_component id="oc-139">
         <name>.text</name>
         <load_address>0xb450</load_address>
         <run_address>0xb450</run_address>
         <size>0x2d</size>
         <input_file_ref idref="fl-13"/>
      </object_component>
      <object_component id="oc-124">
         <name>.text:_STVELID_init</name>
         <load_address>0xb47d</load_address>
         <run_address>0xb47d</run_address>
         <size>0x2b</size>
         <input_file_ref idref="fl-66"/>
      </object_component>
      <object_component id="oc-126">
         <name>.text:_STVELMOVE_init</name>
         <load_address>0xb4a8</load_address>
         <run_address>0xb4a8</run_address>
         <size>0x2b</size>
         <input_file_ref idref="fl-67"/>
      </object_component>
      <object_component id="oc-125">
         <name>.text:_STVELCTL_init</name>
         <load_address>0xb4d3</load_address>
         <run_address>0xb4d3</run_address>
         <size>0x2a</size>
         <input_file_ref idref="fl-65"/>
      </object_component>
      <object_component id="oc-cb">
         <name>.text</name>
         <load_address>0xb4fd</load_address>
         <run_address>0xb4fd</run_address>
         <size>0x2a</size>
         <input_file_ref idref="fl-68"/>
      </object_component>
      <object_component id="oc-fb">
         <name>.text</name>
         <load_address>0xb527</load_address>
         <run_address>0xb527</run_address>
         <size>0x29</size>
         <input_file_ref idref="fl-7b"/>
      </object_component>
      <object_component id="oc-133">
         <name>.text</name>
         <load_address>0xb550</load_address>
         <run_address>0xb550</run_address>
         <size>0x27</size>
         <input_file_ref idref="fl-a"/>
      </object_component>
      <object_component id="oc-127">
         <name>.text:_STVELPLAN_init</name>
         <load_address>0xb577</load_address>
         <run_address>0xb577</run_address>
         <size>0x26</size>
         <input_file_ref idref="fl-69"/>
      </object_component>
      <object_component id="oc-b3">
         <name>.text</name>
         <load_address>0xb59d</load_address>
         <run_address>0xb59d</run_address>
         <size>0x25</size>
         <input_file_ref idref="fl-2d"/>
      </object_component>
      <object_component id="oc-107">
         <name>.text</name>
         <load_address>0xb5c2</load_address>
         <run_address>0xb5c2</run_address>
         <size>0x22</size>
         <input_file_ref idref="fl-7e"/>
      </object_component>
      <object_component id="oc-142">
         <name>.text</name>
         <load_address>0xb5e4</load_address>
         <run_address>0xb5e4</run_address>
         <size>0x21</size>
         <input_file_ref idref="fl-d"/>
      </object_component>
      <object_component id="oc-bb">
         <name>.text</name>
         <load_address>0xb605</load_address>
         <run_address>0xb605</run_address>
         <size>0x21</size>
         <input_file_ref idref="fl-2f"/>
      </object_component>
      <object_component id="oc-13c">
         <name>.text</name>
         <load_address>0xb626</load_address>
         <run_address>0xb626</run_address>
         <size>0x20</size>
         <input_file_ref idref="fl-e"/>
      </object_component>
      <object_component id="oc-97">
         <name>.text</name>
         <load_address>0xb646</load_address>
         <run_address>0xb646</run_address>
         <size>0x1f</size>
         <input_file_ref idref="fl-26"/>
      </object_component>
      <object_component id="oc-b7">
         <name>.text</name>
         <load_address>0xb665</load_address>
         <run_address>0xb665</run_address>
         <size>0x1d</size>
         <input_file_ref idref="fl-2e"/>
      </object_component>
      <object_component id="oc-af">
         <name>.text</name>
         <load_address>0xb682</load_address>
         <run_address>0xb682</run_address>
         <size>0x1c</size>
         <input_file_ref idref="fl-2c"/>
      </object_component>
      <object_component id="oc-bf">
         <name>.text</name>
         <load_address>0xb69e</load_address>
         <run_address>0xb69e</run_address>
         <size>0x1a</size>
         <input_file_ref idref="fl-30"/>
      </object_component>
      <object_component id="oc-ff">
         <name>.text</name>
         <load_address>0xb6b8</load_address>
         <run_address>0xb6b8</run_address>
         <size>0x1a</size>
         <input_file_ref idref="fl-7c"/>
      </object_component>
      <object_component id="oc-11b">
         <name>.text</name>
         <load_address>0xb6d2</load_address>
         <run_address>0xb6d2</run_address>
         <size>0x19</size>
         <input_file_ref idref="fl-74"/>
      </object_component>
      <object_component id="oc-11c">
         <name>.text</name>
         <load_address>0xb6eb</load_address>
         <run_address>0xb6eb</run_address>
         <size>0x19</size>
         <input_file_ref idref="fl-75"/>
      </object_component>
      <object_component id="oc-9f">
         <name>.text</name>
         <load_address>0xb704</load_address>
         <run_address>0xb704</run_address>
         <size>0x17</size>
         <input_file_ref idref="fl-28"/>
      </object_component>
      <object_component id="oc-13e">
         <name>.text</name>
         <load_address>0xb71b</load_address>
         <run_address>0xb71b</run_address>
         <size>0x14</size>
         <input_file_ref idref="fl-79"/>
      </object_component>
      <object_component id="oc-c7">
         <name>.text</name>
         <load_address>0xb72f</load_address>
         <run_address>0xb72f</run_address>
         <size>0x13</size>
         <input_file_ref idref="fl-32"/>
      </object_component>
      <object_component id="oc-c3">
         <name>.text</name>
         <load_address>0xb742</load_address>
         <run_address>0xb742</run_address>
         <size>0x10</size>
         <input_file_ref idref="fl-31"/>
      </object_component>
      <object_component id="oc-120">
         <name>.text</name>
         <load_address>0xb752</load_address>
         <run_address>0xb752</run_address>
         <size>0x9</size>
         <input_file_ref idref="fl-76"/>
      </object_component>
      <object_component id="oc-13">
         <name>.text</name>
         <load_address>0xb75b</load_address>
         <run_address>0xb75b</run_address>
         <size>0x8</size>
         <input_file_ref idref="fl-6"/>
      </object_component>
      <object_component id="oc-5b">
         <name>.text:retain</name>
         <load_address>0xb763</load_address>
         <run_address>0xb763</run_address>
         <size>0x5</size>
         <input_file_ref idref="fl-16"/>
      </object_component>
      <object_component id="oc-ab">
         <name>.text</name>
         <load_address>0xb768</load_address>
         <run_address>0xb768</run_address>
         <size>0x5</size>
         <input_file_ref idref="fl-2b"/>
      </object_component>
      <object_component id="oc-64">
         <name>.cinit</name>
         <load_address>0x50</load_address>
         <run_address>0x50</run_address>
         <size>0xa0</size>
         <input_file_ref idref="fl-18"/>
      </object_component>
      <object_component id="oc-e6">
         <name>.cinit</name>
         <load_address>0xf0</load_address>
         <run_address>0xf0</run_address>
         <size>0xa</size>
         <input_file_ref idref="fl-76"/>
      </object_component>
      <object_component id="oc-e0">
         <name>.cinit</name>
         <load_address>0xfa</load_address>
         <run_address>0xfa</run_address>
         <size>0xa</size>
         <input_file_ref idref="fl-75"/>
      </object_component>
      <object_component id="oc-2f">
         <name>.cinit</name>
         <load_address>0x104</load_address>
         <run_address>0x104</run_address>
         <size>0x4</size>
         <input_file_ref idref="fl-c"/>
      </object_component>
      <object_component id="oc-f0">
         <name>.cinit</name>
         <load_address>0x108</load_address>
         <run_address>0x108</run_address>
         <size>0x4</size>
         <input_file_ref idref="fl-78"/>
      </object_component>
      <object_component id="oc-d7">
         <name>.reset</name>
         <load_address>0x3fffc0</load_address>
         <run_address>0x3fffc0</run_address>
         <size>0x2</size>
         <input_file_ref idref="fl-73"/>
      </object_component>
      <object_component id="oc-d6">
         <name>.stack</name>
         <uninitialized>true</uninitialized>
         <run_address>0x400</run_address>
         <size>0x0</size>
         <input_file_ref idref="fl-73"/>
      </object_component>
      <object_component id="oc-15c">
         <name>.stack</name>
         <uninitialized>true</uninitialized>
         <run_address>0x400</run_address>
         <size>0x0</size>
      </object_component>
      <object_component id="oc-25">
         <name>.ebss</name>
         <uninitialized>true</uninitialized>
         <run_address>0xb778</run_address>
         <size>0x1</size>
         <input_file_ref idref="fl-a"/>
      </object_component>
      <object_component id="oc-30">
         <name>.ebss</name>
         <uninitialized>true</uninitialized>
         <run_address>0xb776</run_address>
         <size>0x2</size>
         <input_file_ref idref="fl-c"/>
      </object_component>
      <object_component id="oc-41">
         <name>.ebss</name>
         <uninitialized>true</uninitialized>
         <run_address>0xbac0</run_address>
         <size>0xaa</size>
         <input_file_ref idref="fl-10"/>
      </object_component>
      <object_component id="oc-65">
         <name>.ebss</name>
         <uninitialized>true</uninitialized>
         <run_address>0xb780</run_address>
         <size>0x31a</size>
         <input_file_ref idref="fl-18"/>
      </object_component>
      <object_component id="oc-e1">
         <name>.ebss</name>
         <uninitialized>true</uninitialized>
         <run_address>0xb772</run_address>
         <size>0x4</size>
         <input_file_ref idref="fl-75"/>
      </object_component>
      <object_component id="oc-e7">
         <name>.ebss</name>
         <uninitialized>true</uninitialized>
         <run_address>0xb76e</run_address>
         <size>0x4</size>
         <input_file_ref idref="fl-76"/>
      </object_component>
      <object_component id="oc-f1">
         <name>.ebss</name>
         <uninitialized>true</uninitialized>
         <run_address>0xb779</run_address>
         <size>0x1</size>
         <input_file_ref idref="fl-78"/>
      </object_component>
      <object_component id="oc-2a">
         <name>.econst</name>
         <load_address>0xbc9e</load_address>
         <run_address>0xbc9e</run_address>
         <size>0x1c</size>
         <input_file_ref idref="fl-b"/>
      </object_component>
      <object_component id="oc-8b">
         <name>.econst</name>
         <load_address>0xbcba</load_address>
         <run_address>0xbcba</run_address>
         <size>0x8</size>
         <input_file_ref idref="fl-21"/>
      </object_component>
      <object_component id="oc-42">
         <name>.econst</name>
         <load_address>0xbcc2</load_address>
         <run_address>0xbcc2</run_address>
         <size>0x4</size>
         <input_file_ref idref="fl-10"/>
      </object_component>
      <object_component id="oc-cf">
         <name>IQmath</name>
         <load_address>0xbb6a</load_address>
         <run_address>0xbb6a</run_address>
         <size>0x47</size>
         <input_file_ref idref="fl-6c"/>
      </object_component>
      <object_component id="oc-d2">
         <name>IQmath</name>
         <load_address>0xbbb1</load_address>
         <run_address>0xbbb1</run_address>
         <size>0x47</size>
         <input_file_ref idref="fl-6f"/>
      </object_component>
      <object_component id="oc-d4">
         <name>IQmath</name>
         <load_address>0xbbf8</load_address>
         <run_address>0xbbf8</run_address>
         <size>0x42</size>
         <input_file_ref idref="fl-71"/>
      </object_component>
      <object_component id="oc-d3">
         <name>IQmath</name>
         <load_address>0xbc3a</load_address>
         <run_address>0xbc3a</run_address>
         <size>0x29</size>
         <input_file_ref idref="fl-70"/>
      </object_component>
      <object_component id="oc-d1">
         <name>IQmath</name>
         <load_address>0xbc63</load_address>
         <run_address>0xbc63</run_address>
         <size>0x27</size>
         <input_file_ref idref="fl-6e"/>
      </object_component>
      <object_component id="oc-d5">
         <name>IQmath</name>
         <load_address>0xbc8a</load_address>
         <run_address>0xbc8a</run_address>
         <size>0x14</size>
         <input_file_ref idref="fl-72"/>
      </object_component>
      <object_component id="oc-d0">
         <name>IQmathTables</name>
         <load_address>0x3fdc30</load_address>
         <run_address>0x3fdc30</run_address>
         <size>0xb50</size>
         <input_file_ref idref="fl-6d"/>
      </object_component>
      <object_component id="oc-15">
         <name>.debug_info</name>
         <load_address>0x0</load_address>
         <run_address>0x0</run_address>
         <size>0x207</size>
         <input_file_ref idref="fl-6"/>
      </object_component>
      <object_component id="oc-18">
         <name>.debug_info</name>
         <load_address>0x207</load_address>
         <run_address>0x207</run_address>
         <size>0x4125</size>
         <input_file_ref idref="fl-7"/>
      </object_component>
      <object_component id="oc-1c">
         <name>.debug_info</name>
         <load_address>0x432c</load_address>
         <run_address>0x432c</run_address>
         <size>0x3ef</size>
         <input_file_ref idref="fl-8"/>
      </object_component>
      <object_component id="oc-20">
         <name>.debug_info</name>
         <load_address>0x471b</load_address>
         <run_address>0x471b</run_address>
         <size>0x48be</size>
         <input_file_ref idref="fl-9"/>
      </object_component>
      <object_component id="oc-24">
         <name>.debug_info</name>
         <load_address>0x8fd9</load_address>
         <run_address>0x8fd9</run_address>
         <size>0xf6d</size>
         <input_file_ref idref="fl-a"/>
      </object_component>
      <object_component id="oc-29">
         <name>.debug_info</name>
         <load_address>0x9f46</load_address>
         <run_address>0x9f46</run_address>
         <size>0x995a</size>
         <input_file_ref idref="fl-b"/>
      </object_component>
      <object_component id="oc-2e">
         <name>.debug_info</name>
         <load_address>0x138a0</load_address>
         <run_address>0x138a0</run_address>
         <size>0x4b10</size>
         <input_file_ref idref="fl-c"/>
      </object_component>
      <object_component id="oc-34">
         <name>.debug_info</name>
         <load_address>0x183b0</load_address>
         <run_address>0x183b0</run_address>
         <size>0xc36</size>
         <input_file_ref idref="fl-d"/>
      </object_component>
      <object_component id="oc-38">
         <name>.debug_info</name>
         <load_address>0x18fe6</load_address>
         <run_address>0x18fe6</run_address>
         <size>0x1ee0</size>
         <input_file_ref idref="fl-e"/>
      </object_component>
      <object_component id="oc-3c">
         <name>.debug_info</name>
         <load_address>0x1aec6</load_address>
         <run_address>0x1aec6</run_address>
         <size>0x35b1</size>
         <input_file_ref idref="fl-f"/>
      </object_component>
      <object_component id="oc-40">
         <name>.debug_info</name>
         <load_address>0x1e477</load_address>
         <run_address>0x1e477</run_address>
         <size>0x12b3f</size>
         <input_file_ref idref="fl-10"/>
      </object_component>
      <object_component id="oc-46">
         <name>.debug_info</name>
         <load_address>0x30fb6</load_address>
         <run_address>0x30fb6</run_address>
         <size>0x39e</size>
         <input_file_ref idref="fl-11"/>
      </object_component>
      <object_component id="oc-4a">
         <name>.debug_info</name>
         <load_address>0x31354</load_address>
         <run_address>0x31354</run_address>
         <size>0xbc7</size>
         <input_file_ref idref="fl-12"/>
      </object_component>
      <object_component id="oc-4e">
         <name>.debug_info</name>
         <load_address>0x31f1b</load_address>
         <run_address>0x31f1b</run_address>
         <size>0x9a9</size>
         <input_file_ref idref="fl-13"/>
      </object_component>
      <object_component id="oc-52">
         <name>.debug_info</name>
         <load_address>0x328c4</load_address>
         <run_address>0x328c4</run_address>
         <size>0x39a</size>
         <input_file_ref idref="fl-14"/>
      </object_component>
      <object_component id="oc-56">
         <name>.debug_info</name>
         <load_address>0x32c5e</load_address>
         <run_address>0x32c5e</run_address>
         <size>0x424</size>
         <input_file_ref idref="fl-15"/>
      </object_component>
      <object_component id="oc-5a">
         <name>.debug_info</name>
         <load_address>0x33082</load_address>
         <run_address>0x33082</run_address>
         <size>0x448e</size>
         <input_file_ref idref="fl-16"/>
      </object_component>
      <object_component id="oc-5f">
         <name>.debug_info</name>
         <load_address>0x37510</load_address>
         <run_address>0x37510</run_address>
         <size>0x18a0</size>
         <input_file_ref idref="fl-17"/>
      </object_component>
      <object_component id="oc-63">
         <name>.debug_info</name>
         <load_address>0x38db0</load_address>
         <run_address>0x38db0</run_address>
         <size>0xab0f</size>
         <input_file_ref idref="fl-18"/>
      </object_component>
      <object_component id="oc-6a">
         <name>.debug_info</name>
         <load_address>0x438bf</load_address>
         <run_address>0x438bf</run_address>
         <size>0xa746</size>
         <input_file_ref idref="fl-19"/>
      </object_component>
      <object_component id="oc-6e">
         <name>.debug_info</name>
         <load_address>0x4e005</load_address>
         <run_address>0x4e005</run_address>
         <size>0x12c6</size>
         <input_file_ref idref="fl-1a"/>
      </object_component>
      <object_component id="oc-72">
         <name>.debug_info</name>
         <load_address>0x4f2cb</load_address>
         <run_address>0x4f2cb</run_address>
         <size>0x449c</size>
         <input_file_ref idref="fl-1b"/>
      </object_component>
      <object_component id="oc-76">
         <name>.debug_info</name>
         <load_address>0x53767</load_address>
         <run_address>0x53767</run_address>
         <size>0x37cb</size>
         <input_file_ref idref="fl-1c"/>
      </object_component>
      <object_component id="oc-7a">
         <name>.debug_info</name>
         <load_address>0x56f32</load_address>
         <run_address>0x56f32</run_address>
         <size>0x398</size>
         <input_file_ref idref="fl-1d"/>
      </object_component>
      <object_component id="oc-7e">
         <name>.debug_info</name>
         <load_address>0x572ca</load_address>
         <run_address>0x572ca</run_address>
         <size>0xe40</size>
         <input_file_ref idref="fl-1e"/>
      </object_component>
      <object_component id="oc-82">
         <name>.debug_info</name>
         <load_address>0x5810a</load_address>
         <run_address>0x5810a</run_address>
         <size>0x400</size>
         <input_file_ref idref="fl-1f"/>
      </object_component>
      <object_component id="oc-87">
         <name>.debug_info</name>
         <load_address>0x5850a</load_address>
         <run_address>0x5850a</run_address>
         <size>0x191</size>
         <input_file_ref idref="fl-20"/>
      </object_component>
      <object_component id="oc-8a">
         <name>.debug_info</name>
         <load_address>0x5869b</load_address>
         <run_address>0x5869b</run_address>
         <size>0x48ab</size>
         <input_file_ref idref="fl-21"/>
      </object_component>
      <object_component id="oc-8f">
         <name>.debug_info</name>
         <load_address>0x5cf46</load_address>
         <run_address>0x5cf46</run_address>
         <size>0x11a6</size>
         <input_file_ref idref="fl-22"/>
      </object_component>
      <object_component id="oc-94">
         <name>.debug_info</name>
         <load_address>0x5e0ec</load_address>
         <run_address>0x5e0ec</run_address>
         <size>0xc0</size>
         <input_file_ref idref="fl-25"/>
      </object_component>
      <object_component id="oc-98">
         <name>.debug_info</name>
         <load_address>0x5e1ac</load_address>
         <run_address>0x5e1ac</run_address>
         <size>0xc0</size>
         <input_file_ref idref="fl-26"/>
      </object_component>
      <object_component id="oc-9c">
         <name>.debug_info</name>
         <load_address>0x5e26c</load_address>
         <run_address>0x5e26c</run_address>
         <size>0xc0</size>
         <input_file_ref idref="fl-27"/>
      </object_component>
      <object_component id="oc-a0">
         <name>.debug_info</name>
         <load_address>0x5e32c</load_address>
         <run_address>0x5e32c</run_address>
         <size>0xc0</size>
         <input_file_ref idref="fl-28"/>
      </object_component>
      <object_component id="oc-a4">
         <name>.debug_info</name>
         <load_address>0x5e3ec</load_address>
         <run_address>0x5e3ec</run_address>
         <size>0xc0</size>
         <input_file_ref idref="fl-29"/>
      </object_component>
      <object_component id="oc-a8">
         <name>.debug_info</name>
         <load_address>0x5e4ac</load_address>
         <run_address>0x5e4ac</run_address>
         <size>0xc0</size>
         <input_file_ref idref="fl-2a"/>
      </object_component>
      <object_component id="oc-ac">
         <name>.debug_info</name>
         <load_address>0x5e56c</load_address>
         <run_address>0x5e56c</run_address>
         <size>0xc0</size>
         <input_file_ref idref="fl-2b"/>
      </object_component>
      <object_component id="oc-b0">
         <name>.debug_info</name>
         <load_address>0x5e62c</load_address>
         <run_address>0x5e62c</run_address>
         <size>0xc3</size>
         <input_file_ref idref="fl-2c"/>
      </object_component>
      <object_component id="oc-b4">
         <name>.debug_info</name>
         <load_address>0x5e6ef</load_address>
         <run_address>0x5e6ef</run_address>
         <size>0xcc</size>
         <input_file_ref idref="fl-2d"/>
      </object_component>
      <object_component id="oc-b8">
         <name>.debug_info</name>
         <load_address>0x5e7bb</load_address>
         <run_address>0x5e7bb</run_address>
         <size>0xcc</size>
         <input_file_ref idref="fl-2e"/>
      </object_component>
      <object_component id="oc-bc">
         <name>.debug_info</name>
         <load_address>0x5e887</load_address>
         <run_address>0x5e887</run_address>
         <size>0xcf</size>
         <input_file_ref idref="fl-2f"/>
      </object_component>
      <object_component id="oc-c0">
         <name>.debug_info</name>
         <load_address>0x5e956</load_address>
         <run_address>0x5e956</run_address>
         <size>0xc6</size>
         <input_file_ref idref="fl-30"/>
      </object_component>
      <object_component id="oc-c4">
         <name>.debug_info</name>
         <load_address>0x5ea1c</load_address>
         <run_address>0x5ea1c</run_address>
         <size>0xc0</size>
         <input_file_ref idref="fl-31"/>
      </object_component>
      <object_component id="oc-c8">
         <name>.debug_info</name>
         <load_address>0x5eadc</load_address>
         <run_address>0x5eadc</run_address>
         <size>0xc3</size>
         <input_file_ref idref="fl-32"/>
      </object_component>
      <object_component id="oc-cc">
         <name>.debug_info</name>
         <load_address>0x5eb9f</load_address>
         <run_address>0x5eb9f</run_address>
         <size>0x14b</size>
         <input_file_ref idref="fl-68"/>
      </object_component>
      <object_component id="oc-d8">
         <name>.debug_info</name>
         <load_address>0x5ecea</load_address>
         <run_address>0x5ecea</run_address>
         <size>0xde</size>
         <input_file_ref idref="fl-73"/>
      </object_component>
      <object_component id="oc-db">
         <name>.debug_info</name>
         <load_address>0x5edc8</load_address>
         <run_address>0x5edc8</run_address>
         <size>0x3bd</size>
         <input_file_ref idref="fl-74"/>
      </object_component>
      <object_component id="oc-df">
         <name>.debug_info</name>
         <load_address>0x5f185</load_address>
         <run_address>0x5f185</run_address>
         <size>0x3d6</size>
         <input_file_ref idref="fl-75"/>
      </object_component>
      <object_component id="oc-e5">
         <name>.debug_info</name>
         <load_address>0x5f55b</load_address>
         <run_address>0x5f55b</run_address>
         <size>0x3fc</size>
         <input_file_ref idref="fl-76"/>
      </object_component>
      <object_component id="oc-eb">
         <name>.debug_info</name>
         <load_address>0x5f957</load_address>
         <run_address>0x5f957</run_address>
         <size>0x47d</size>
         <input_file_ref idref="fl-77"/>
      </object_component>
      <object_component id="oc-ef">
         <name>.debug_info</name>
         <load_address>0x5fdd4</load_address>
         <run_address>0x5fdd4</run_address>
         <size>0x2a3</size>
         <input_file_ref idref="fl-78"/>
      </object_component>
      <object_component id="oc-f3">
         <name>.debug_info</name>
         <load_address>0x60077</load_address>
         <run_address>0x60077</run_address>
         <size>0x31f</size>
         <input_file_ref idref="fl-79"/>
      </object_component>
      <object_component id="oc-f7">
         <name>.debug_info</name>
         <load_address>0x60396</load_address>
         <run_address>0x60396</run_address>
         <size>0x37b</size>
         <input_file_ref idref="fl-7a"/>
      </object_component>
      <object_component id="oc-fc">
         <name>.debug_info</name>
         <load_address>0x60711</load_address>
         <run_address>0x60711</run_address>
         <size>0xcc</size>
         <input_file_ref idref="fl-7b"/>
      </object_component>
      <object_component id="oc-100">
         <name>.debug_info</name>
         <load_address>0x607dd</load_address>
         <run_address>0x607dd</run_address>
         <size>0xc6</size>
         <input_file_ref idref="fl-7c"/>
      </object_component>
      <object_component id="oc-103">
         <name>.debug_info</name>
         <load_address>0x608a3</load_address>
         <run_address>0x608a3</run_address>
         <size>0x44d</size>
         <input_file_ref idref="fl-7d"/>
      </object_component>
      <object_component id="oc-108">
         <name>.debug_info</name>
         <load_address>0x60cf0</load_address>
         <run_address>0x60cf0</run_address>
         <size>0xeb</size>
         <input_file_ref idref="fl-7e"/>
      </object_component>
      <object_component id="oc-10b">
         <name>.debug_info</name>
         <load_address>0x60ddb</load_address>
         <run_address>0x60ddb</run_address>
         <size>0x452</size>
         <input_file_ref idref="fl-7f"/>
      </object_component>
      <object_component id="oc-10f">
         <name>.debug_info</name>
         <load_address>0x6122d</load_address>
         <run_address>0x6122d</run_address>
         <size>0x450</size>
         <input_file_ref idref="fl-80"/>
      </object_component>
      <object_component id="oc-113">
         <name>.debug_info</name>
         <load_address>0x6167d</load_address>
         <run_address>0x6167d</run_address>
         <size>0x34b</size>
         <input_file_ref idref="fl-81"/>
      </object_component>
      <object_component id="oc-117">
         <name>.debug_info</name>
         <load_address>0x619c8</load_address>
         <run_address>0x619c8</run_address>
         <size>0x398</size>
         <input_file_ref idref="fl-8d"/>
      </object_component>
      <object_component id="oc-15d">
         <name>.debug_info</name>
         <load_address>0x61d60</load_address>
         <run_address>0x61d60</run_address>
         <size>0x6f</size>
      </object_component>
      <object_component id="oc-16">
         <name>.debug_line</name>
         <load_address>0x0</load_address>
         <run_address>0x0</run_address>
         <size>0x93</size>
         <input_file_ref idref="fl-6"/>
      </object_component>
      <object_component id="oc-1a">
         <name>.debug_line</name>
         <load_address>0x93</load_address>
         <run_address>0x93</run_address>
         <size>0x352</size>
         <input_file_ref idref="fl-7"/>
      </object_component>
      <object_component id="oc-1e">
         <name>.debug_line</name>
         <load_address>0x3e5</load_address>
         <run_address>0x3e5</run_address>
         <size>0x5b</size>
         <input_file_ref idref="fl-8"/>
      </object_component>
      <object_component id="oc-22">
         <name>.debug_line</name>
         <load_address>0x440</load_address>
         <run_address>0x440</run_address>
         <size>0x579</size>
         <input_file_ref idref="fl-9"/>
      </object_component>
      <object_component id="oc-27">
         <name>.debug_line</name>
         <load_address>0x9b9</load_address>
         <run_address>0x9b9</run_address>
         <size>0x140</size>
         <input_file_ref idref="fl-a"/>
      </object_component>
      <object_component id="oc-2c">
         <name>.debug_line</name>
         <load_address>0xaf9</load_address>
         <run_address>0xaf9</run_address>
         <size>0x14e0</size>
         <input_file_ref idref="fl-b"/>
      </object_component>
      <object_component id="oc-32">
         <name>.debug_line</name>
         <load_address>0x1fd9</load_address>
         <run_address>0x1fd9</run_address>
         <size>0x569</size>
         <input_file_ref idref="fl-c"/>
      </object_component>
      <object_component id="oc-36">
         <name>.debug_line</name>
         <load_address>0x2542</load_address>
         <run_address>0x2542</run_address>
         <size>0xfe</size>
         <input_file_ref idref="fl-d"/>
      </object_component>
      <object_component id="oc-3a">
         <name>.debug_line</name>
         <load_address>0x2640</load_address>
         <run_address>0x2640</run_address>
         <size>0x1c8</size>
         <input_file_ref idref="fl-e"/>
      </object_component>
      <object_component id="oc-3e">
         <name>.debug_line</name>
         <load_address>0x2808</load_address>
         <run_address>0x2808</run_address>
         <size>0x29b</size>
         <input_file_ref idref="fl-f"/>
      </object_component>
      <object_component id="oc-44">
         <name>.debug_line</name>
         <load_address>0x2aa3</load_address>
         <run_address>0x2aa3</run_address>
         <size>0xdbc</size>
         <input_file_ref idref="fl-10"/>
      </object_component>
      <object_component id="oc-48">
         <name>.debug_line</name>
         <load_address>0x385f</load_address>
         <run_address>0x385f</run_address>
         <size>0x59</size>
         <input_file_ref idref="fl-11"/>
      </object_component>
      <object_component id="oc-4c">
         <name>.debug_line</name>
         <load_address>0x38b8</load_address>
         <run_address>0x38b8</run_address>
         <size>0xe4</size>
         <input_file_ref idref="fl-12"/>
      </object_component>
      <object_component id="oc-50">
         <name>.debug_line</name>
         <load_address>0x399c</load_address>
         <run_address>0x399c</run_address>
         <size>0xc8</size>
         <input_file_ref idref="fl-13"/>
      </object_component>
      <object_component id="oc-54">
         <name>.debug_line</name>
         <load_address>0x3a64</load_address>
         <run_address>0x3a64</run_address>
         <size>0x57</size>
         <input_file_ref idref="fl-14"/>
      </object_component>
      <object_component id="oc-58">
         <name>.debug_line</name>
         <load_address>0x3abb</load_address>
         <run_address>0x3abb</run_address>
         <size>0x90</size>
         <input_file_ref idref="fl-15"/>
      </object_component>
      <object_component id="oc-5d">
         <name>.debug_line</name>
         <load_address>0x3b4b</load_address>
         <run_address>0x3b4b</run_address>
         <size>0x323</size>
         <input_file_ref idref="fl-16"/>
      </object_component>
      <object_component id="oc-61">
         <name>.debug_line</name>
         <load_address>0x3e6e</load_address>
         <run_address>0x3e6e</run_address>
         <size>0x1d7</size>
         <input_file_ref idref="fl-17"/>
      </object_component>
      <object_component id="oc-68">
         <name>.debug_line</name>
         <load_address>0x4045</load_address>
         <run_address>0x4045</run_address>
         <size>0xad0</size>
         <input_file_ref idref="fl-18"/>
      </object_component>
      <object_component id="oc-6c">
         <name>.debug_line</name>
         <load_address>0x4b15</load_address>
         <run_address>0x4b15</run_address>
         <size>0xa2b</size>
         <input_file_ref idref="fl-19"/>
      </object_component>
      <object_component id="oc-70">
         <name>.debug_line</name>
         <load_address>0x5540</load_address>
         <run_address>0x5540</run_address>
         <size>0xfc</size>
         <input_file_ref idref="fl-1a"/>
      </object_component>
      <object_component id="oc-74">
         <name>.debug_line</name>
         <load_address>0x563c</load_address>
         <run_address>0x563c</run_address>
         <size>0x5e6</size>
         <input_file_ref idref="fl-1b"/>
      </object_component>
      <object_component id="oc-78">
         <name>.debug_line</name>
         <load_address>0x5c22</load_address>
         <run_address>0x5c22</run_address>
         <size>0x404</size>
         <input_file_ref idref="fl-1c"/>
      </object_component>
      <object_component id="oc-7c">
         <name>.debug_line</name>
         <load_address>0x6026</load_address>
         <run_address>0x6026</run_address>
         <size>0x59</size>
         <input_file_ref idref="fl-1d"/>
      </object_component>
      <object_component id="oc-80">
         <name>.debug_line</name>
         <load_address>0x607f</load_address>
         <run_address>0x607f</run_address>
         <size>0x115</size>
         <input_file_ref idref="fl-1e"/>
      </object_component>
      <object_component id="oc-84">
         <name>.debug_line</name>
         <load_address>0x6194</load_address>
         <run_address>0x6194</run_address>
         <size>0x57</size>
         <input_file_ref idref="fl-1f"/>
      </object_component>
      <object_component id="oc-88">
         <name>.debug_line</name>
         <load_address>0x61eb</load_address>
         <run_address>0x61eb</run_address>
         <size>0x74</size>
         <input_file_ref idref="fl-20"/>
      </object_component>
      <object_component id="oc-8d">
         <name>.debug_line</name>
         <load_address>0x625f</load_address>
         <run_address>0x625f</run_address>
         <size>0x44c</size>
         <input_file_ref idref="fl-21"/>
      </object_component>
      <object_component id="oc-91">
         <name>.debug_line</name>
         <load_address>0x66ab</load_address>
         <run_address>0x66ab</run_address>
         <size>0x15f</size>
         <input_file_ref idref="fl-22"/>
      </object_component>
      <object_component id="oc-95">
         <name>.debug_line</name>
         <load_address>0x680a</load_address>
         <run_address>0x680a</run_address>
         <size>0x9f</size>
         <input_file_ref idref="fl-25"/>
      </object_component>
      <object_component id="oc-99">
         <name>.debug_line</name>
         <load_address>0x68a9</load_address>
         <run_address>0x68a9</run_address>
         <size>0x55</size>
         <input_file_ref idref="fl-26"/>
      </object_component>
      <object_component id="oc-9d">
         <name>.debug_line</name>
         <load_address>0x68fe</load_address>
         <run_address>0x68fe</run_address>
         <size>0xa6</size>
         <input_file_ref idref="fl-27"/>
      </object_component>
      <object_component id="oc-a1">
         <name>.debug_line</name>
         <load_address>0x69a4</load_address>
         <run_address>0x69a4</run_address>
         <size>0x4f</size>
         <input_file_ref idref="fl-28"/>
      </object_component>
      <object_component id="oc-a5">
         <name>.debug_line</name>
         <load_address>0x69f3</load_address>
         <run_address>0x69f3</run_address>
         <size>0xa8</size>
         <input_file_ref idref="fl-29"/>
      </object_component>
      <object_component id="oc-a9">
         <name>.debug_line</name>
         <load_address>0x6a9b</load_address>
         <run_address>0x6a9b</run_address>
         <size>0x8a</size>
         <input_file_ref idref="fl-2a"/>
      </object_component>
      <object_component id="oc-ad">
         <name>.debug_line</name>
         <load_address>0x6b25</load_address>
         <run_address>0x6b25</run_address>
         <size>0x3e</size>
         <input_file_ref idref="fl-2b"/>
      </object_component>
      <object_component id="oc-b1">
         <name>.debug_line</name>
         <load_address>0x6b63</load_address>
         <run_address>0x6b63</run_address>
         <size>0x53</size>
         <input_file_ref idref="fl-2c"/>
      </object_component>
      <object_component id="oc-b5">
[...]
      </symbol>
      <symbol id="sm-563">
         <name>_EST_getFlux_pu</name>
         <value>0x3f96ab</value>
      </symbol>
      <symbol id="sm-565">
         <name>_EST_getFm_pu</name>
         <value>0x3f968e</value>
      </symbol>
      <symbol id="sm-567">
         <name>_EST_getIdRated</name>
         <value>0x3f9632</value>
      </symbol>
      <symbol id="sm-569">
         <name>_EST_getLs_coarse_max_pu</name>
         <value>0x3f95ff</value>
      </symbol>
      <symbol id="sm-56b">
         <name>_EST_getLs_d_H</name>
         <value>0x3f95f5</value>
      </symbol>
      <symbol id="sm-56d">
         <name>_EST_getLs_d_pu</name>
         <value>0x3f95f0</value>
      </symbol>
      <symbol id="sm-56f">
         <name>_EST_getLs_q_H</name>
         <value>0x3f95ce</value>
      </symbol>
      <symbol id="sm-571">
         <name>_EST_getLs_q_pu</name>
         <value>0x3f95c9</value>
      </symbol>
      <symbol id="sm-573">
         <name>_EST_getMaxCurrentSlope_pu</name>
         <value>0x3f95bd</value>
      </symbol>
      <symbol id="sm-575">
         <name>_EST_getOneOverDcBus_pu</name>
         <value>0x3f95b3</value>
      </symbol>
      <symbol id="sm-577">
         <name>_EST_getRr_Ohm</name>
         <value>0x3f95ad</value>
      </symbol>
      <symbol id="sm-579">
         <name>_EST_getRs_Ohm</name>
         <value>0x3f9513</value>
      </symbol>
      <symbol id="sm-57b">
         <name>_EST_getSpeed_krpm</name>
         <value>0x3f94c6</value>
      </symbol>
      <symbol id="sm-57d">
         <name>_EST_getState</name>
         <value>0x3f861b</value>
      </symbol>
      <symbol id="sm-57f">
         <name>_EST_get_krpm_to_pu_sf</name>
         <value>0x3f9458</value>
      </symbol>
      <symbol id="sm-581">
         <name>_EST_get_pu_to_krpm_sf</name>
         <value>0x3f9453</value>
      </symbol>
      <symbol id="sm-583">
         <name>_EST_isError</name>
         <value>0x3f938d</value>
      </symbol>
      <symbol id="sm-585">
         <name>_EST_isIdle</name>
         <value>0x3f9386</value>
      </symbol>
      <symbol id="sm-587">
         <name>_EST_isLockRotor</name>
         <value>0x3f937f</value>
      </symbol>
      <symbol id="sm-589">
         <name>_EST_isMotorIdentified</name>
         <value>0x3f8679</value>
      </symbol>
      <symbol id="sm-58b">
         <name>_EST_isOnLine</name>
         <value>0x3f9378</value>
      </symbol>
      <symbol id="sm-58d">
         <name>_EST_run</name>
         <value>0x3f927b</value>
      </symbol>
      <symbol id="sm-58f">
         <name>_EST_setFlag_enableForceAngle</name>
         <value>0x3f8bdb</value>
      </symbol>
      <symbol id="sm-591">
         <name>_EST_setFlag_enableRsRecalc</name>
         <value>0x3f8bd3</value>
      </symbol>
      <symbol id="sm-593">
         <name>_EST_setId_ref_pu</name>
         <value>0x3f8b80</value>
      </symbol>
      <symbol id="sm-595">
         <name>_EST_setIdle</name>
         <value>0x3f8b7a</value>
      </symbol>
      <symbol id="sm-597">
         <name>_EST_setIdle_all</name>
         <value>0x3f8b67</value>
      </symbol>
      <symbol id="sm-599">
         <name>_EST_setIq_ref_pu</name>
         <value>0x3f8b63</value>
      </symbol>
      <symbol id="sm-59b">
         <name>_EST_setLs_d_pu</name>
         <value>0x3f8b45</value>
      </symbol>
      <symbol id="sm-59d">
         <name>_EST_setLs_qFmt</name>
         <value>0x3f8af1</value>
      </symbol>
      <symbol id="sm-59f">
         <name>_EST_setLs_q_pu</name>
         <value>0x3f8ae7</value>
      </symbol>
      <symbol id="sm-5a1">
         <name>_EST_setMaxCurrentSlope_pu</name>
         <value>0x3f8adb</value>
      </symbol>
      <symbol id="sm-5a3">
         <name>_EST_setRs_pu</name>
         <value>0x3f8a18</value>
      </symbol>
      <symbol id="sm-5a5">
         <name>_EST_updateId_ref_pu</name>
         <value>0x3f89f5</value>
      </symbol>
      <symbol id="sm-5a7">
         <name>_EST_updateState</name>
         <value>0x3f8713</value>
      </symbol>
      <symbol id="sm-5a9">
         <name>_EST_useZeroIq_ref</name>
         <value>0x3f861d</value>
      </symbol>
      <symbol id="sm-5ad">
         <name>_STPOSCONV_init</name>
         <value>0xb387</value>
         <object_component_ref idref="oc-128"/>
      </symbol>
      <symbol id="sm-5b3">
         <name>_STVELCTL_init</name>
         <value>0xb4d3</value>
         <object_component_ref idref="oc-125"/>
      </symbol>
      <symbol id="sm-5b4">
         <name>_STVELCTL_run</name>
         <value>0xa27a</value>
         <object_component_ref idref="oc-122"/>
      </symbol>
      <symbol id="sm-5b8">
         <name>_STVELID_init</name>
         <value>0xb47d</value>
         <object_component_ref idref="oc-124"/>
      </symbol>
      <symbol id="sm-5bc">
         <name>_STVELMOVE_init</name>
         <value>0xb4a8</value>
         <object_component_ref idref="oc-126"/>
      </symbol>
      <symbol id="sm-5c4">
         <name>UL$$MOD</name>
         <value>0xb521</value>
         <object_component_ref idref="oc-cb"/>
      </symbol>
      <symbol id="sm-5c5">
         <name>L$$MOD</name>
         <value>0xb50c</value>
         <object_component_ref idref="oc-cb"/>
      </symbol>
      <symbol id="sm-5c6">
         <name>L$$DIV</name>
         <value>0xb4fd</value>
         <object_component_ref idref="oc-cb"/>
      </symbol>
      <symbol id="sm-5c7">
         <name>UL$$DIV</name>
         <value>0xb51a</value>
         <object_component_ref idref="oc-cb"/>
      </symbol>
      <symbol id="sm-5cb">
         <name>_STVELPLAN_init</name>
         <value>0xb577</value>
         <object_component_ref idref="oc-127"/>
      </symbol>
      <symbol id="sm-5d0">
         <name>_ST_initVersion</name>
         <value>0xb3ee</value>
         <object_component_ref idref="oc-129"/>
      </symbol>
      <symbol id="sm-5db">
         <name>__IQ20div</name>
         <value>0xbb6a</value>
         <object_component_ref idref="oc-cf"/>
      </symbol>
      <symbol id="sm-5df">
         <name>_IQ16mpyRndSatTable</name>
         <value>0x3fe6c0</value>
         <object_component_ref idref="oc-d0"/>
      </symbol>
      <symbol id="sm-5e0">
         <name>_IQ24mpyRndSatTable</name>
         <value>0x3fe660</value>
         <object_component_ref idref="oc-d0"/>
      </symbol>
      <symbol id="sm-5e1">
         <name>_IQ13mpyRndSatTable</name>
         <value>0x3fe6e4</value>
         <object_component_ref idref="oc-d0"/>
      </symbol>
      <symbol id="sm-5e2">
         <name>_IQ21mpyRndSatTable</name>
         <value>0x3fe684</value>
         <object_component_ref idref="oc-d0"/>
      </symbol>
      <symbol id="sm-5e3">
         <name>_IQ10mpyRndSatTable</name>
         <value>0x3fe708</value>
         <object_component_ref idref="oc-d0"/>
      </symbol>
      <symbol id="sm-5e4">
         <name>_IQdivTable</name>
         <value>0x3fe140</value>
         <object_component_ref idref="oc-d0"/>
      </symbol>
      <symbol id="sm-5e5">
         <name>_IQ9mpyRndSatTable</name>
         <value>0x3fe714</value>
         <object_component_ref idref="oc-d0"/>
      </symbol>
      <symbol id="sm-5e6">
         <name>_IQ6mpyRndSatTable</name>
         <value>0x3fe738</value>
         <object_component_ref idref="oc-d0"/>
      </symbol>
      <symbol id="sm-5e7">
         <name>_IQatan2TableEnd</name>
         <value>0x3fe618</value>
         <object_component_ref idref="oc-d0"/>
      </symbol>
      <symbol id="sm-5e8">
         <name>_IQdivTableEnd</name>
         <value>0x3fe342</value>
         <object_component_ref idref="oc-d0"/>
      </symbol>
      <symbol id="sm-5e9">
         <name>_IQ29mpyRndSatTable</name>
         <value>0x3fe624</value>
         <object_component_ref idref="oc-d0"/>
      </symbol>
      <symbol id="sm-5ea">
         <name>_IQ3mpyRndSatTable</name>
         <value>0x3fe75c</value>
         <object_component_ref idref="oc-d0"/>
      </symbol>
      <symbol id="sm-5eb">
         <name>_IQ18mpyRndSatTable</name>
         <value>0x3fe6a8</value>
         <object_component_ref idref="oc-d0"/>
      </symbol>
      <symbol id="sm-5ec">
         <name>_IQ26mpyRndSatTable</name>
         <value>0x3fe648</value>
         <object_component_ref idref="oc-d0"/>
      </symbol>
      <symbol id="sm-5ed">
         <name>_IQcosTableEnd</name>
         <value>0x3fe132</value>
         <object_component_ref idref="oc-d0"/>
      </symbol>
      <symbol id="sm-5ee">
         <name>_IQsinTableEnd</name>
         <value>0x3fe030</value>
         <object_component_ref idref="oc-d0"/>
      </symbol>
      <symbol id="sm-5ef">
         <name>_IQ15mpyRndSatTable</name>
         <value>0x3fe6cc</value>
         <object_component_ref idref="oc-d0"/>
      </symbol>
      <symbol id="sm-5f0">
         <name>_IQ23mpyRndSatTable</name>
         <value>0x3fe66c</value>
         <object_component_ref idref="oc-d0"/>
      </symbol>
      <symbol id="sm-5f1">
         <name>_IQ12mpyRndSatTable</name>
         <value>0x3fe6f0</value>
         <object_component_ref idref="oc-d0"/>
      </symbol>
      <symbol id="sm-5f2">
         <name>_IQ20mpyRndSatTable</name>
         <value>0x3fe690</value>
         <object_component_ref idref="oc-d0"/>
      </symbol>
      <symbol id="sm-5f3">
         <name>_IQisqrtTableEnd</name>
         <value>0x3fe454</value>
         <object_component_ref idref="oc-d0"/>
      </symbol>
      <symbol id="sm-5f4">
         <name>_IQ8mpyRndSatTable</name>
         <value>0x3fe720</value>
         <object_component_ref idref="oc-d0"/>
      </symbol>
      <symbol id="sm-5f5">
         <name>_IQisqrtRoundSatTable</name>
         <value>0x3fe342</value>
         <object_component_ref idref="oc-d0"/>
      </symbol>
      <symbol id="sm-5f6">
         <name>_IQ5mpyRndSatTable</name>
         <value>0x3fe744</value>
         <object_component_ref idref="oc-d0"/>
      </symbol>
      <symbol id="sm-5f7">
         <name>_IQmpyRndSatTable</name>
         <value>0x3fe618</value>
         <object_component_ref idref="oc-d0"/>
      </symbol>
      <symbol id="sm-5f8">
         <name>_IQ28mpyRndSatTable</name>
         <value>0x3fe630</value>
         <object_component_ref idref="oc-d0"/>
      </symbol>
      <symbol id="sm-5f9">
         <name>_IQatan2Table</name>
         <value>0x3fe492</value>
         <object_component_ref idref="oc-d0"/>
      </symbol>
      <symbol id="sm-5fa">
         <name>_IQ2mpyRndSatTable</name>
         <value>0x3fe768</value>
         <object_component_ref idref="oc-d0"/>
      </symbol>
      <symbol id="sm-5fb">
         <name>_IQatan2HalfPITable</name>
         <value>0x3fe454</value>
         <object_component_ref idref="oc-d0"/>
      </symbol>
      <symbol id="sm-5fc">
         <name>_IQ17mpyRndSatTable</name>
         <value>0x3fe6b4</value>
         <object_component_ref idref="oc-d0"/>
      </symbol>
      <symbol id="sm-5fd">
         <name>_IQ25mpyRndSatTable</name>
         <value>0x3fe654</value>
         <object_component_ref idref="oc-d0"/>
      </symbol>
      <symbol id="sm-5fe">
         <name>_IQsqrtTable</name>
         <value>0x3fe352</value>
         <object_component_ref idref="oc-d0"/>
      </symbol>
      <symbol id="sm-5ff">
         <name>_IQsqrtTableEnd</name>
         <value>0x3fe454</value>
         <object_component_ref idref="oc-d0"/>
      </symbol>
      <symbol id="sm-600">
         <name>_IQ14mpyRndSatTable</name>
         <value>0x3fe6d8</value>
         <object_component_ref idref="oc-d0"/>
      </symbol>
      <symbol id="sm-601">
         <name>_IQ22mpyRndSatTable</name>
         <value>0x3fe678</value>
         <object_component_ref idref="oc-d0"/>
      </symbol>
      <symbol id="sm-602">
         <name>_IQ30mpyRndSatTable</name>
         <value>0x3fe618</value>
         <object_component_ref idref="oc-d0"/>
      </symbol>
      <symbol id="sm-603">
         <name>_IQsqrtRoundSatTable</name>
         <value>0x3fe342</value>
         <object_component_ref idref="oc-d0"/>
      </symbol>
      <symbol id="sm-604">
         <name>_IQ11mpyRndSatTable</name>
         <value>0x3fe6fc</value>
         <object_component_ref idref="oc-d0"/>
      </symbol>
      <symbol id="sm-605">
         <name>_IQdivRoundSatTable</name>
         <value>0x3fe132</value>
         <object_component_ref idref="oc-d0"/>
      </symbol>
      <symbol id="sm-606">
         <name>_IQ7mpyRndSatTable</name>
         <value>0x3fe72c</value>
         <object_component_ref idref="oc-d0"/>
      </symbol>
      <symbol id="sm-607">
         <name>_IQcosTable</name>
         <value>0x3fdd30</value>
         <object_component_ref idref="oc-d0"/>
      </symbol>
      <symbol id="sm-608">
         <name>_IQisqrtTable</name>
         <value>0x3fe352</value>
         <object_component_ref idref="oc-d0"/>
      </symbol>
      <symbol id="sm-609">
         <name>_IQ4mpyRndSatTable</name>
         <value>0x3fe750</value>
         <object_component_ref idref="oc-d0"/>
      </symbol>
      <symbol id="sm-60a">
         <name>_IQ19mpyRndSatTable</name>
         <value>0x3fe69c</value>
         <object_component_ref idref="oc-d0"/>
      </symbol>
      <symbol id="sm-60b">
         <name>_IQ27mpyRndSatTable</name>
         <value>0x3fe63c</value>
         <object_component_ref idref="oc-d0"/>
      </symbol>
      <symbol id="sm-60c">
         <name>_IQmpyRndSatTableEnd</name>
         <value>0x3fe780</value>
         <object_component_ref idref="oc-d0"/>
      </symbol>
      <symbol id="sm-60d">
         <name>_IQ1mpyRndSatTable</name>
         <value>0x3fe774</value>
         <object_component_ref idref="oc-d0"/>
      </symbol>
      <symbol id="sm-60e">
         <name>_IQsinTable</name>
         <value>0x3fdc30</value>
         <object_component_ref idref="oc-d0"/>
      </symbol>
      <symbol id="sm-618">
         <name>__IQ24cosPU</name>
         <value>0xbc63</value>
         <object_component_ref idref="oc-d1"/>
      </symbol>
      <symbol id="sm-623">
         <name>__IQ24div</name>
         <value>0xbbb1</value>
         <object_component_ref idref="oc-d2"/>
      </symbol>
      <symbol id="sm-62d">
         <name>__IQ24sinPU</name>
         <value>0xbc3a</value>
         <object_component_ref idref="oc-d3"/>
      </symbol>
      <symbol id="sm-637">
         <name>__IQ24sqrt</name>
         <value>0xbbf8</value>
         <object_component_ref idref="oc-d4"/>
      </symbol>
      <symbol id="sm-641">
         <name>__IQ30toF</name>
         <value>0xbc8a</value>
         <object_component_ref idref="oc-d5"/>
      </symbol>
      <symbol id="sm-655">
         <name>_c_int00</name>
         <value>0xb304</value>
         <object_component_ref idref="oc-12"/>
      </symbol>
      <symbol id="sm-656">
         <name>__stack</name>
         <value>0x400</value>
         <object_component_ref idref="oc-d6"/>
      </symbol>
      <symbol id="sm-662">
         <name>__args_main</name>
         <value>0xb6d2</value>
         <object_component_ref idref="oc-11b"/>
      </symbol>
      <symbol id="sm-663">
         <name>__TI_args_main</name>
         <value>0x1</value>
      </symbol>
      <symbol id="sm-674">
         <name>C$$EXIT</name>
         <value>0xb6eb</value>
         <object_component_ref idref="oc-11c"/>
      </symbol>
      <symbol id="sm-675">
         <name>_exit</name>
         <value>0xb6ed</value>
         <object_component_ref idref="oc-11c"/>
      </symbol>
      <symbol id="sm-676">
         <name>___TI_cleanup_ptr</name>
         <value>0xb772</value>
         <object_component_ref idref="oc-e1"/>
      </symbol>
      <symbol id="sm-677">
         <name>_abort</name>
         <value>0xb6eb</value>
         <object_component_ref idref="oc-11c"/>
      </symbol>
      <symbol id="sm-678">
         <name>___TI_dtors_ptr</name>
         <value>0xb774</value>
         <object_component_ref idref="oc-e1"/>
      </symbol>
      <symbol id="sm-686">
         <name>__unlock</name>
         <value>0xb76e</value>
         <object_component_ref idref="oc-e7"/>
      </symbol>
      <symbol id="sm-687">
         <name>__lock</name>
         <value>0xb770</value>
         <object_component_ref idref="oc-e7"/>
      </symbol>
      <symbol id="sm-688">
         <name>__register_lock</name>
         <value>0xb756</value>
         <object_component_ref idref="oc-120"/>
      </symbol>
      <symbol id="sm-689">
         <name>__nop</name>
         <value>0xb75a</value>
         <object_component_ref idref="oc-120"/>
      </symbol>
      <symbol id="sm-68a">
         <name>__register_unlock</name>
         <value>0xb752</value>
         <object_component_ref idref="oc-120"/>
      </symbol>
      <symbol id="sm-69a">
         <name>_log</name>
         <value>0xacab</value>
         <object_component_ref idref="oc-12a"/>
      </symbol>
      <symbol id="sm-6a4">
         <name>_errno</name>
         <value>0xb779</value>
         <object_component_ref idref="oc-f1"/>
      </symbol>
      <symbol id="sm-6b1">
         <name>_frexp</name>
         <value>0xb71b</value>
         <object_component_ref idref="oc-13e"/>
      </symbol>
      <symbol id="sm-6be">
         <name>_modf</name>
         <value>0xb41f</value>
         <object_component_ref idref="oc-12b"/>
      </symbol>
      <symbol id="sm-6cd">
         <name>FS$$TOL</name>
         <value>0xb527</value>
         <object_component_ref idref="oc-fb"/>
      </symbol>
      <symbol id="sm-6d8">
         <name>L$$TOFS</name>
         <value>0xb6b8</value>
         <object_component_ref idref="oc-ff"/>
      </symbol>
      <symbol id="sm-6eb">
         <name>_pow</name>
         <value>0xaf28</value>
         <object_component_ref idref="oc-12c"/>
      </symbol>
      <symbol id="sm-6f5">
         <name>I$$MOD</name>
         <value>0xb5d3</value>
         <object_component_ref idref="oc-107"/>
      </symbol>
      <symbol id="sm-6f6">
         <name>I$$DIV</name>
         <value>0xb5c2</value>
         <object_component_ref idref="oc-107"/>
      </symbol>
      <symbol id="sm-702">
         <name>__log</name>
         <value>0xae9b</value>
         <object_component_ref idref="oc-13f"/>
      </symbol>
      <symbol id="sm-710">
         <name>_exp</name>
         <value>0xadfe</value>
         <object_component_ref idref="oc-140"/>
      </symbol>
      <symbol id="sm-71f">
         <name>_ldexp</name>
         <value>0xb348</value>
         <object_component_ref idref="oc-141"/>
      </symbol>
      <symbol id="sm-721">
         <name>_s0_calc</name>
         <value>0x3fb9dd</value>
      </symbol>
      <symbol id="sm-723">
         <name>_s0_conf</name>
         <value>0x3fb9ad</value>
      </symbol>
      <symbol id="sm-725">
         <name>_s2_calc</name>
         <value>0x3fbae7</value>
      </symbol>
      <symbol id="sm-727">
         <name>_s4_calc</name>
         <value>0x3fbb85</value>
      </symbol>
      <symbol id="sm-729">
         <name>_s4_conf</name>
         <value>0x3fbc34</value>
      </symbol>
      <symbol id="sm-72b">
         <name>_s4_reset</name>
         <value>0x3fbc58</value>
      </symbol>
      <symbol id="sm-72d">
         <name>_s8_calc</name>
         <value>0x3fbc9b</value>
      </symbol>
      <symbol id="sm-72f">
         <name>_s8_cfg</name>
         <value>0x3fbc7d</value>
      </symbol>
      <symbol id="sm-731">
         <name>_s8_get</name>
         <value>0x3fbd37</value>
      </symbol>
      <symbol id="sm-733">
         <name>_s8_reset</name>
         <value>0x3fbc72</value>
      </symbol>
      <symbol id="sm-735">
         <name>_spintac_rom_ver</name>
         <value>0x3fbc6d</value>
      </symbol>
      <symbol id="sm-742">
         <name>_sqrt</name>
         <value>0xb1e2</value>
         <object_component_ref idref="oc-12d"/>
      </symbol>
   </symbol_table>
   <title>Link successful</title>
</link_info>
